==========================================
Full Training: Simplified Walker2d
==========================================
Seed: 123
Start time: Thu Nov 27 16:46:29 EST 2025
Node: v033.ib.bridges2.psc.edu
Thu Nov 27 16:46:30 2025       
+-----------------------------------------------------------------------------------------+
| NVIDIA-SMI 560.35.03              Driver Version: 560.35.03      CUDA Version: 12.6     |
|-----------------------------------------+------------------------+----------------------+
| GPU  Name                 Persistence-M | Bus-Id          Disp.A | Volatile Uncorr. ECC |
| Fan  Temp   Perf          Pwr:Usage/Cap |           Memory-Usage | GPU-Util  Compute M. |
|                                         |                        |               MIG M. |
|=========================================+========================+======================|
|   0  Tesla V100-SXM2-16GB           On  |   00000000:16:00.0 Off |                    0 |
| N/A   33C    P0             38W /  300W |       1MiB /  16384MiB |      0%      Default |
|                                         |                        |                  N/A |
+-----------------------------------------+------------------------+----------------------+
                                                                                         
+-----------------------------------------------------------------------------------------+
| Processes:                                                                              |
|  GPU   GI   CI        PID   Type   Process name                              GPU Memory |
|        ID   ID                                                               Usage      |
|=========================================================================================|
|  No running processes found                                                             |
+-----------------------------------------------------------------------------------------+

Running main_lax_simple.py with GCL method...
Parameters:
  - Method: GCL (default)
  - Seed: 123
  - Iterations: 1000
  - N_steps: 1000
  - N_steps_expert: 1000
  - Reward updates: 15
  - Horizon: 50
  - Num trajectories: 2000
  - Lambda: 0.01
  - Learning rate: 1e-4
  - Q: 1e-4
  - P: 0.01
  - Hidden dim: 64
  - Sigma: 1.0

