srun: job 36211916 queued and waiting for resources
srun: job 36211916 has been allocated resources
========================================
Walker2d H100 GPU Experiment
========================================
Running on node: w006.ib.bridges2.psc.edu
SLURM Node: w006

GPU Information:
name, memory.total [MiB], compute_cap
NVIDIA H100 80GB HBM3, 81559 MiB, 9.0

Starting experiment at: Tue Nov 25 15:49:34 EST 2025

2025-11-25 15:49:41.368673: E external/local_xla/xla/stream_executor/cuda/cuda_fft.cc:477] Unable to register cuFFT factory: Attempting to register factory for plugin cuFFT when one has already been registered
WARNING: All log messages before absl::InitializeLog() is called are written to STDERR
E0000 00:00:1764103781.559972   19295 cuda_dnn.cc:8310] Unable to register cuDNN factory: Attempting to register factory for plugin cuDNN when one has already been registered
E0000 00:00:1764103781.634150   19295 cuda_blas.cc:1418] Unable to register cuBLAS factory: Attempting to register factory for plugin cuBLAS when one has already been registered
/jet/home/pghanem/.conda/envs/rirl/lib/python3.10/site-packages/gymnasium/envs/registration.py:521: UserWarning: [33mWARN: Using the latest versioned environment `Walker2d-v4` instead of the unversioned environment `Walker2d`.[0m
  logger.warn(
[CudaDevice(id=0)]
Using AIRL:  False
Using GAIL:  False
Using RGCL:  False
Experiment State @  2025-11-25 15:50:00.905829-05:00
Experiment Saved @  results/experiment_123
Experiment Settings Saved @  results/experiment_123
123
Using cuda device
Wrapping the env with a `Monitor` wrapper
Wrapping the env in a DummyVecEnv.
Wrapping the env with a `Monitor` wrapper
Wrapping the env in a DummyVecEnv.
t: 0, State: [[ 2.43287921e-03  1.24374263e+00  9.18627106e-04  9.19286683e-03
  -2.29847643e-02  6.78097604e-02  4.45510982e-03  5.51255647e-03
   5.52918340e-02  9.72293262e-02 -4.48728131e-01  2.81540835e-01
   1.59859856e+00 -3.40580860e+00  1.00000000e+01 -1.26365837e-01
   8.43569882e-01  1.00000000e+01]], Action: [[ 1.        -0.3297654  1.         1.         1.         1.       ]], Reward: [1.0710614],Reward_sum: 1.071061372756958, Done: [False]
==========
t: 1, State: [[ 0.00383762  1.24108974  0.00602095  0.01449936 -0.02476193  0.12573433
   0.00630887  0.01169824  0.12408657  0.25181842 -0.21600045  0.93960408
  -0.33505321  2.90431017 -0.91498319  0.50045433  0.70031553  3.71879839]], Action: [[ 1.         1.        -1.         1.         1.        -0.6817089]], Reward: [1.1701274],Reward_sum: 2.2411887645721436, Done: [False]
==========
t: 2, State: [[ 5.43206105e-03  1.23805718e+00  8.54273369e-03  4.63011670e-03
   3.13922821e-03  1.69824632e-01  9.91600378e-03  3.67765360e-03
   1.83691641e-01  1.38459543e-01 -5.41468932e-01 -3.10458480e-01
  -2.03183443e+00  3.92413664e+00  1.00000000e+01  4.05837650e-01
  -2.67926908e+00  1.00000000e+01]], Action: [[ 1.          0.9641557   1.         -0.33637777 -1.          0.38790756]], Reward: [1.1951123],Reward_sum: 3.4363012313842773, Done: [False]
==========
t: 3, State: [[ 7.16831408e-03  1.23482135e+00  1.38646491e-02  2.18318986e-03
   2.43460558e-02  2.12586032e-01  1.19834589e-02  4.84624022e-03
   2.06909094e-01  2.73273255e-01 -2.68121639e-01  1.50210482e+00
   1.14639114e+00  1.61282815e+00 -1.30173348e+00  2.08580219e-01
   2.38917622e+00 -5.02661715e+00]], Action: [[ 1.          0.07305595 -1.          0.7300931   1.         -1.        ]], Reward: [1.2124933],Reward_sum: 4.648794651031494, Done: [False]
==========
t: 4, State: [[ 8.37660802e-03  1.23138984e+00  1.97112133e-02  8.19937485e-03
   3.18225921e-02  2.57953670e-01  1.31482947e-02  8.86909226e-03
   1.99138371e-01  4.01504485e-02 -5.87999954e-01  2.10402203e-02
   3.90484880e-01  3.89674997e-01  1.00000000e+01  1.05281217e-01
  -1.30757908e+00  3.03902070e+00]], Action: [[ 0.98767865  1.          1.         -0.70645994 -1.          0.4406147 ]], Reward: [1.146368],Reward_sum: 5.795162677764893, Done: [False]
==========
t: 5, State: [[ 8.95415121e-03  1.22573767e+00  2.00731753e-02  1.24086356e-02
   3.33094002e-02  3.99912827e-01  1.29242361e-02  2.01715852e-03
   2.32878252e-01  9.33807477e-02 -8.20657831e-01  2.34539811e-02
   6.32190855e-01  3.75436298e-02  1.00000000e+01 -1.59146536e-01
  -4.93685967e-01  5.41404694e+00]], Action: [[1.         1.         0.78462106 0.85390407 1.         0.1618901 ]], Reward: [1.0678219],Reward_sum: 6.862984657287598, Done: [False]
==========
t: 6, State: [[ 9.31236838e-03  1.22032602e+00  2.06681654e-02  1.76059861e-02
   3.34000182e-02  5.25623709e-01  1.17338040e-02  5.90813914e-04
   2.19205594e-01  2.05370655e-03 -5.36816948e-01  1.37023507e-01
   6.27475189e-01 -2.43577570e-02  8.52313831e+00 -1.20484282e-01
   1.15177406e-01 -8.77156116e+00]], Action: [[ 1.          1.         -1.          0.94256544  1.         -1.        ]], Reward: [1.0388887],Reward_sum: 7.901873588562012, Done: [False]
==========
t: 7, State: [[ 9.50705882e-03  1.21446245e+00  2.04752599e-02  2.25867438e-02
   3.18710820e-02  6.49590937e-01  9.67035534e-03  1.59460029e-03
   2.01290628e-01  3.99153186e-02 -9.22409345e-01 -2.19478211e-01
   6.08184099e-01 -3.04879423e-01  1.00000000e+01 -4.33391403e-01
   1.25341762e-01  4.23762956e+00]], Action: [[1.         0.34035346 1.         0.8271898  1.         0.93751323]], Reward: [1.0196573],Reward_sum: 8.921529769897461, Done: [False]
==========
t: 8, State: [[ 9.50905372e-03  1.20794303e+00  1.88254497e-02  2.70034280e-02
   2.99269283e-02  8.05496126e-01  6.96760500e-03  3.44725035e-03
   1.81342434e-01 -5.47120010e-02 -6.26927963e-01 -2.25652796e-01
   4.04932887e-01 -2.27348551e-01  1.00000000e+01 -1.56583952e-01
   3.64592141e-01 -8.97019803e+00]], Action: [[ 1.         1.        -0.3159563  0.773304   1.        -1.       ]], Reward: [0.9955515],Reward_sum: 9.917080879211426, Done: [False]
==========
t: 9, State: [[ 9.33240469e-03  1.20459145e+00  1.77014545e-02  2.97362999e-02
   2.77013121e-02  8.86052021e-01  5.67398287e-03  5.39637196e-03
   1.44288461e-01  1.15992331e-02 -2.49287331e-01 -7.23110651e-02
   2.96843206e-01 -3.05428253e-01  6.11355765e+00 -2.20531311e-01
   1.38270039e-01 -2.00265099e-01]], Action: [[1.         0.21182522 0.7632701  0.6291648  1.         0.99451375]], Reward: [0.9739065],Reward_sum: 10.890987396240234, Done: [False]
==========
t: 10, State: [[ 9.51779459e-03  1.20347575e+00  1.71525516e-02  3.13379716e-02
   2.58879559e-02  9.14898982e-01  5.27649098e-03  4.67362075e-04
   1.83158976e-01  3.63272137e-02 -5.13140345e-02 -7.38634064e-02
   1.17693027e-01 -1.64735208e-01  1.60388279e+00  8.48197537e-02
  -1.33481354e+00  9.91019450e+00]], Action: [[1.         1.         1.         1.         0.46454078 1.        ]], Reward: [1.0179579],Reward_sum: 11.908945083618164, Done: [False]
==========
t: 11, State: [[ 9.84394844e-03  1.20396520e+00  1.70954219e-02  3.29935011e-02
   2.54001162e-02  8.94944221e-01  8.97648699e-04  4.11795904e-03
   2.21040415e-01 -1.56057327e-02  1.75804561e-01 -2.36001357e-02
   2.77515467e-01  1.55169404e-02 -6.62266909e+00 -6.04200420e-01
   9.85411899e-01  2.59996805e-01]], Action: [[ 1.          0.77100706 -0.8214752   1.          1.         -0.6130073 ]], Reward: [1.0361242],Reward_sum: 12.945069313049316, Done: [False]
==========
t: 12, State: [[ 8.76373777e-03  1.20519623e+00  1.36724801e-02  3.28297206e-02
   2.37219084e-02  8.54571715e-01  3.66473802e-03 -1.13641109e-02
   2.65726182e-01 -2.46627012e-01  1.34295498e-01 -9.42957438e-01
  -4.37936820e-01 -4.63605791e-01 -3.71669909e+00  8.68862817e-01
  -4.30712871e+00  1.00000000e+01]], Action: [[ 1.          0.56572974  1.          1.         -1.          0.676941  ]], Reward: [0.86019534],Reward_sum: 13.805264472961426, Done: [False]
==========
t: 13, State: [[ 7.24872352e-03  1.20613181e+00  6.88824799e-03  2.98950297e-02
   2.00963529e-02  8.22811968e-01  9.00811207e-03 -4.44264059e-02
   3.81955674e-01 -1.32576259e-01  1.01191417e-01 -7.49760593e-01
  -2.97433535e-01 -4.32832028e-01 -4.23090440e+00  4.93051688e-01
  -4.00152684e+00  1.00000000e+01]], Action: [[ 0.7173973   0.03985578 -0.08214967  1.          0.69868994  0.8720261 ]], Reward: [0.8078516],Reward_sum: 14.613116264343262, Done: [False]
==========
t: 14, State: [[ 6.62422869e-03  1.20684025e+00  1.54208554e-03  2.78328257e-02
   1.67459591e-02  7.88997214e-01  1.21250484e-02 -7.69326437e-02
   5.60357804e-01 -2.31162942e-02  7.75399345e-02 -5.84492996e-01
  -2.19885633e-01 -3.98180664e-01 -4.22980531e+00  3.00015593e-01
  -4.13656097e+00  1.00000000e+01]], Action: [[ 0.7360257   0.02260557 -0.01161589  1.          0.6102061   0.92720914]], Reward: [0.9191637],Reward_sum: 15.532279968261719, Done: [False]
==========
t: 15, State: [[ 6.85600951e-03  1.20739545e+00 -2.55529144e-03  2.62879133e-02
   1.37572850e-02  7.54674463e-01  1.40485852e-02 -1.11054046e-01
   7.97478888e-01  8.33645908e-02  7.60282672e-02 -4.17506805e-01
  -1.55070259e-01 -3.43524821e-01 -4.43415549e+00  1.30589126e-01
  -4.14939647e+00  1.00000000e+01]], Action: [[ 0.7299937   0.00350246 -0.02252533  1.          0.58525455  0.92776203]], Reward: [1.0262359],Reward_sum: 16.558517456054688, Done: [False]
==========
t: 16, State: [[ 7.94478406e-03  1.20876997e+00 -3.78681261e-03  2.62467329e-02
   1.14945103e-02  7.15029158e-01  1.16228035e-02 -1.33118783e-01
   9.69438862e-01  1.77408777e-01  2.30456175e-01  5.47614664e-02
   1.14314810e-01 -2.23786190e-01 -5.24971504e+00 -6.01010320e-01
  -2.00516651e+00  1.00000000e+01]], Action: [[ 0.71914804 -0.01366648  0.00705291  1.          0.53047806  0.94854903]], Reward: [1.1333983],Reward_sum: 17.69191551208496, Done: [False]
==========
t: 17, State: [[ 9.71967789e-03  1.21065821e+00 -2.53863811e-03  2.74908715e-02
   9.82181841e-03  6.79033112e-01  3.19194979e-03 -1.42836699e-01
   1.02837561e+00  2.63766944e-01  2.28432369e-01  2.44819345e-01
   1.84226108e-01 -1.92258288e-01 -3.70483043e+00 -1.45976359e+00
  -4.62964123e-01  2.79308128e+00]], Action: [[ 1.         -0.00155607  0.15080722  0.58694696  0.43131867 -0.05506204]], Reward: [1.2203054],Reward_sum: 18.912220001220703, Done: [False]
==========
t: 18, State: [[ 1.21159053e-02  1.21188871e+00  4.89700688e-05  2.95843112e-02
   9.45911092e-03  6.91340420e-01 -8.90566935e-03 -1.45219659e-01
   1.02909992e+00  3.29834085e-01  7.48457893e-02  3.66803045e-01
   3.17528544e-01  7.07434908e-02  6.78957926e+00 -1.57491475e+00
  -1.26525072e-01 -1.98085906e+00]], Action: [[1.         0.86285985 0.8134978  0.93882096 0.43049437 0.2474991 ]], Reward: [1.2959942],Reward_sum: 20.208213806152344, Done: [False]
==========
t: 19, State: [[ 1.46973306e-02  1.21171550e+00  2.30533697e-03  3.25004069e-02
   1.03038635e-02  7.98227503e-01 -2.05629599e-02 -1.49316352e-01
   1.00588630e+00  3.06515064e-01 -1.02410543e-01  1.83398155e-01
   3.95040207e-01  1.41844343e-01  1.00000000e+01 -1.32888921e+00
  -9.00876052e-01 -3.54191299e+00]], Action: [[1.        0.59602   1.        1.        0.3087064 1.       ]], Reward: [1.3182276],Reward_sum: 21.52644157409668, Done: [False]
==========
t: 20, State: [[ 1.67962911e-02  1.21107398e+00  5.45721780e-03  3.55754668e-02
   1.21786015e-02  9.00362676e-01 -2.30580887e-02 -1.67992504e-01
   9.75591673e-01  2.20485886e-01 -7.48131977e-02  5.76348492e-01
   3.67281254e-01  2.92227846e-01  7.85835835e+00  6.62669371e-01
  -3.74384544e+00 -3.88438541e+00]], Action: [[1.         0.97098434 1.         0.9666421  0.04672596 1.        ]], Reward: [1.2574906],Reward_sum: 22.783931732177734, Done: [False]
==========
t: 21, State: [[ 0.01915834  1.21045168  0.01141943  0.0380962   0.01347768  0.9375915
  -0.02259025 -0.18212654  0.94534885  0.37178036 -0.08747286  0.90885193
   0.26759089  0.05661385  2.0898398  -0.54894259  0.19811944 -3.61103601]], Action: [[ 1.         -0.04228002  1.          1.          0.93106306  1.        ]], Reward: [1.2903869],Reward_sum: 24.074317932128906, Done: [False]
==========
t: 22, State: [[ 0.02249836  1.20955208  0.01907789  0.03935666  0.01375891  0.94162571
  -0.03066279 -0.17046083  0.91841071  0.45629998 -0.13499429  0.9873573
   0.07478063  0.02605963 -0.71084478 -1.47715019  2.703811   -3.10345608]], Action: [[1.         0.43022338 1.         0.5558217  0.55902714 1.        ]], Reward: [1.4136968],Reward_sum: 25.488014221191406, Done: [False]
==========
t: 23, State: [[ 0.0241835   1.20874061  0.02528403  0.04099431  0.01523878  0.93093149
  -0.02429324 -0.18881349  0.89488587 -0.03072862 -0.07319717  0.54761598
   0.29684646  0.29360155 -1.79774038  3.02045749 -7.23269721 -2.74977238]], Action: [[ 1.          1.          1.          1.         -0.8639536   0.57425094]], Reward: [1.2055659],Reward_sum: 26.693584442138672, Done: [False]
==========
t: 24, State: [[ 0.02349371  1.20838078  0.02591424  0.0402586   0.01740196  0.91498128
  -0.00669878 -0.23865156  0.87559011 -0.12714998 -0.02214647 -0.2906851
  -0.3939704   0.23436658 -2.10744121  1.4902964  -5.24669897 -2.09460891]], Action: [[-1.          0.41272035  1.          1.          0.64552855  1.        ]], Reward: [0.909189],Reward_sum: 27.602773666381836, Done: [False]
==========
t: 25, State: [[ 2.25185383e-02  1.20831746e+00  2.26347216e-02  3.63541444e-02
   1.91501976e-02  8.98164024e-01  5.39149844e-04 -2.70342144e-01
   8.61045739e-01 -1.10690453e-01  3.45582990e-03 -4.91239922e-01
  -5.51416589e-01  1.95920444e-01 -2.05383395e+00  3.66299030e-01
  -2.69677121e+00 -1.56196993e+00]], Action: [[-0.5490022   0.65269446  1.          1.          0.74432826  1.        ]], Reward: [0.87382245],Reward_sum: 28.47659683227539, Done: [False]
==========
t: 26, State: [[ 0.02176322  1.20838374  0.01966219  0.03344311  0.02010799  0.88254663
   0.00284201 -0.28636233  0.85025592 -0.0789781   0.01185909 -0.26461476
  -0.20632097  0.05949195 -1.83116401  0.21318516 -1.3491582  -1.15318254]], Action: [[0.8002329  0.51153517 1.         1.         0.50010365 1.        ]], Reward: [0.90143365],Reward_sum: 29.37803077697754, Done: [False]
==========
t: 27, State: [[ 0.02123714  1.20849049  0.01825778  0.03265588  0.02041987  0.86902812
   0.00421458 -0.2930604   0.84232573 -0.05420837  0.01416435 -0.09813266
  -0.00881421  0.02391947 -1.54284493  0.13145743 -0.35582868 -0.84381537]], Action: [[0.892792   0.67323923 1.         1.         0.4374864  1.        ]], Reward: [0.9297982],Reward_sum: 30.307828903198242, Done: [False]
==========
t: 28, State: [[ 0.02084855  1.20860217  0.0178897   0.03308877  0.02047349  0.85786868
   0.00513613 -0.29310532  0.83653864 -0.04415944  0.0134431  -0.00260062
   0.10386672 -0.00545578 -1.24929387  0.09744042  0.32724459 -0.61418008]], Action: [[1.        0.6551795 1.        1.        0.3735257 1.       ]], Reward: [0.9468568],Reward_sum: 31.25468635559082, Done: [False]
==========
t: 29, State: [[ 0.02043679  1.20870225  0.017813    0.0339994   0.02018998  0.84896288
   0.00596008 -0.28938165  0.8323278  -0.05828659  0.0114282  -0.01729911
   0.11804597 -0.0578987  -0.98335271  0.10507559  0.6068155  -0.44683805]], Action: [[1.         0.53787947 1.         1.         0.2736932  1.        ]], Reward: [0.94416624],Reward_sum: 32.1988525390625, Done: [False]
==========
t: 30, State: [[ 0.01987932  1.20878339  0.0174455   0.0348326   0.01951399  0.84202402
   0.0068831  -0.28407787  0.82926608 -0.07989592  0.00879141 -0.07155161
   0.08884169 -0.10386272 -0.75861178  0.12204061  0.73061602 -0.32474134]], Action: [[1.         0.4615842  1.         1.         0.21925348 1.        ]], Reward: [0.9260547],Reward_sum: 33.124908447265625, Done: [False]
==========
t: 31, State: [[ 0.01911337  1.20884259  0.01648178  0.03530604  0.01842222  0.83670978
   0.00800722 -0.27852663  0.82703735 -0.10946326  0.00601343 -0.1624372
   0.03104659 -0.16006824 -0.57706875  0.15421211  0.67881226 -0.23685085]], Action: [[1.         0.33447337 1.         1.         0.14572936 1.        ]], Reward: [0.90012366],Reward_sum: 34.025028228759766, Done: [False]
==========
t: 32, State: [[ 0.01811349  1.20888036  0.01478391  0.03531542  0.01687728  0.83268923
   0.00935774 -0.27350818  0.82541043 -0.13805762  0.00346738 -0.25351204
  -0.02619682 -0.21597996 -0.43441879  0.17919071  0.59962031 -0.17309634]], Action: [[1.         0.19240631 1.         1.         0.1060935  1.        ]], Reward: [0.87096673],Reward_sum: 34.89599609375, Done: [False]
==========
t: 33, State: [[ 0.01692625  1.20889919  0.01250577  0.0349471   0.01499925  0.82967395
   0.01080973 -0.26865322  0.82422326 -0.15681805  0.00129067 -0.30892304
  -0.06355915 -0.24525595 -0.32457893  0.18140682  0.6318787  -0.12613362]], Action: [[1.         0.11010486 1.         1.         0.10727564 1.        ]], Reward: [0.8475711],Reward_sum: 35.743568420410156, Done: [False]
==========
t: 34, State: [[ 1.56391055e-02  1.20890230e+00  9.97697583e-03  3.43889332e-02
   1.30259032e-02  8.27429236e-01  1.21732012e-02 -2.62872407e-01
   8.23361632e-01 -1.63910054e-01 -4.64171652e-04 -3.19036297e-01
  -7.46094871e-02 -2.42832251e-01 -2.40625973e-01  1.59230907e-01
   8.21511685e-01 -9.11738508e-02]], Action: [[1.         0.07098061 1.         1.         0.13319096 1.        ]], Reward: [0.835084],Reward_sum: 36.578651428222656, Done: [False]
==========
t: 35, State: [[ 0.01433339  1.20889306  0.00752391  0.03384178  0.01116861  0.82577374
   0.01328054 -0.25498987  0.82274247 -0.16229741 -0.00180913 -0.29288046
  -0.06214179 -0.21867319 -0.17637071  0.11927142  1.14809587 -0.0651254 ]], Action: [[1.         0.04414645 1.         1.         0.16887206 1.        ]], Reward: [0.83275455],Reward_sum: 37.411407470703125, Done: [False]
==========
t: 36, State: [[ 0.01307467  1.2088746   0.00542771  0.03348799  0.00959686  0.82457
   0.01399701 -0.24387593  0.82230479 -0.15309516 -0.00279108 -0.23310082
  -0.02781315 -0.17415998 -0.1269406   0.06347679  1.61923519 -0.04554781]], Action: [[1.         0.04753834 1.         1.         0.22188237 1.        ]], Reward: [0.83860856],Reward_sum: 38.25001525878906, Done: [False]
==========
t: 37, State: [[ 0.01187919  1.20884893  0.00378944  0.03340434  0.00836842  0.82371199
   0.01431128 -0.2290643   0.82199859 -0.14663265 -0.00361201 -0.17916113
   0.00490406 -0.13337481 -0.08946344  0.01849628  2.07135425 -0.03192873]], Action: [[1.         0.03053519 1.         1.         0.23796599 1.        ]], Reward: [0.8465076],Reward_sum: 39.09652328491211, Done: [False]
==========
t: 38, State: [[ 0.01065598  1.20881632  0.00228484  0.03341442  0.00727766  0.82310838
   0.01448996 -0.21195727  0.82177475 -0.15861282 -0.00447991 -0.19528415
  -0.00262125 -0.1359342  -0.06314783  0.0254924   2.20917273 -0.02442224]], Action: [[ 1.         -0.07456845  1.          1.          0.16009036  1.        ]], Reward: [0.8430682],Reward_sum: 39.93959045410156, Done: [False]
==========
t: 39, State: [[ 9.32749251e-03  1.20877771e+00  6.03309723e-04  3.33127279e-02
   6.17995208e-03  8.22677441e-01  1.47702843e-02 -1.94066301e-01
   8.21599831e-01 -1.72688066e-01 -5.12190705e-03 -2.22463259e-01
  -2.18774515e-02 -1.35788362e-01 -4.57384899e-02  4.28156544e-02
   2.27127432e+00 -1.95126225e-02]], Action: [[ 1.         -0.10030511  1.          1.          0.12964025  1.        ]], Reward: [0.82991195],Reward_sum: 40.769500732421875, Done: [False]
==========
t: 40, State: [[ 7.89310250e-03  1.20873477e+00 -1.28274146e-03  3.30509500e-02
   5.11422240e-03  8.22360406e-01  1.51861516e-02 -1.75734254e-01
   8.21458157e-01 -1.85096869e-01 -5.58167511e-03 -2.46383455e-01
  -4.20801441e-02 -1.28963448e-01 -3.42404562e-02  5.91670366e-02
   2.31995344e+00 -1.60298503e-02]], Action: [[ 1.         -0.10776612  1.          1.          0.11238983  1.        ]], Reward: [0.81667703],Reward_sum: 41.586177825927734, Done: [False]
==========
t: 41, State: [[ 0.00636466  1.20868851 -0.00335258  0.0326265   0.00411459  0.82211845
   0.01573229 -0.15709538  0.82133995 -0.19635214 -0.00596509 -0.26892084
  -0.06193683 -0.12128843 -0.02660429  0.07500853  2.34780526 -0.01357382]], Action: [[ 1.         -0.11109802  1.          1.          0.09206659  1.        ]], Reward: [0.8049237],Reward_sum: 42.3911018371582, Done: [False]
==========
t: 42, State: [[ 0.00473187  1.20863909 -0.00566213  0.03208137  0.00300192  0.82193552
   0.01637722 -0.13836665  0.8212398  -0.21190029 -0.00639844 -0.30891218
  -0.07206597 -0.16192505 -0.01931133  0.08381407  2.33765367 -0.01146367]], Action: [[ 1.         -0.11096761  1.          1.          0.07625657  1.        ]], Reward: [0.7918836],Reward_sum: 43.182987213134766, Done: [False]
==========
t: 43, State: [[ 3.02668335e-03  1.20858665e+00 -8.10301240e-03  3.15265418e-02
   1.75193994e-03  8.21797015e-01  1.69936080e-02 -1.19054572e-01
   8.21156958e-01 -2.14463827e-01 -6.73176356e-03 -3.01582606e-01
  -6.58780388e-02 -1.52492602e-01 -1.53313920e-02  7.03460290e-02
   2.48898482e+00 -9.33068326e-03]], Action: [[ 1.         -0.10527298  1.          1.          0.11029109  1.        ]], Reward: [0.78282815],Reward_sum: 43.965816497802734, Done: [False]
==========
t: 44, State: [[ 1.20708532e-03  1.20852945e+00 -1.08395466e-02  3.09817055e-02
   4.53004135e-05  8.21703313e-01  1.76024284e-02 -9.96578182e-02
   8.21088505e-01 -2.41459385e-01 -7.22598355e-03 -3.93697804e-01
  -7.25855886e-02 -2.92524307e-01 -7.84358454e-03  8.39983819e-02
   2.25848828e+00 -1.69310825e-02]], Action: [[ 1.         -0.11079767  1.          1.          0.04731819  1.        ]], Reward: [0.76853573],Reward_sum: 44.734352111816406, Done: [False]
==========
t: 45, State: [[-5.90961137e-04  1.20850123e+00 -1.40551721e-02  3.02833883e-02
  -2.46596742e-03  8.21654026e-01  1.83036403e-02 -8.76276449e-02
   8.20362488e-01 -2.06465037e-01 -1.05432076e-03 -3.93140215e-01
  -9.22884130e-02 -3.18503619e-01 -5.32240103e-03  8.29890254e-02
   9.15125719e-01 -1.32347527e-01]], Action: [[ 1.         -0.06886968  1.          1.          0.24623804  1.        ]], Reward: [0.77117884],Reward_sum: 45.505531311035156, Done: [False]
==========
t: 46, State: [[-0.00181136  1.20850908 -0.01599733  0.02937736 -0.0028388   0.82151915
   0.01895577 -0.08162304  0.81925859 -0.09769872  0.00256962 -0.08109657
  -0.12440288  0.22923288 -0.0257267   0.07565363  0.68854414 -0.13140862]], Action: [[1.         0.10955736 1.         1.         0.27358216 1.        ]], Reward: [0.84336287],Reward_sum: 46.34889602661133, Done: [False]
==========
t: 47, State: [[-2.09612038e-03  1.20854016e+00 -1.50537472e-02  2.84926255e-02
   1.36561298e-03  8.21281784e-01  1.93631329e-02 -7.48783801e-02
   8.18342065e-01 -3.16031466e-04  4.10145938e-03  2.29175115e-01
  -6.05849404e-02  6.08244708e-01 -2.00841968e-02  9.20721638e-03
   9.24196974e-01 -9.14771388e-02]], Action: [[1.         0.11514997 1.         1.         0.33668268 1.        ]], Reward: [0.9602788],Reward_sum: 47.30916976928711, Done: [False]
==========
t: 48, State: [[-0.00194875  1.20858404 -0.01275386  0.02900347  0.00503644  0.82128926
   0.01854824 -0.06590472  0.81773701  0.03466827  0.00643925  0.33846059
   0.16791573  0.33787279  0.01711647 -0.19358393  1.2897495  -0.05835236]], Action: [[1.         0.00190923 1.         1.         0.59523994 1.        ]], Reward: [1.0140673],Reward_sum: 48.323238372802734, Done: [False]
==========
t: 49, State: [[-1.78292619e-03  1.20861356e+00 -1.04533358e-02  3.04313062e-02
   6.91615342e-03  8.21399420e-01  1.70920916e-02 -5.70327211e-02
   8.17523219e-01  7.96494731e-03  1.24767190e-03  2.40781007e-01
   1.82723715e-01  1.50410497e-01  1.00311287e-02 -1.70060310e-01
   9.49683505e-01 -1.22952049e-04]], Action: [[1.         0.00261933 0.96545136 1.         0.2784249  1.        ]], Reward: [1.016718],Reward_sum: 49.33995819091797, Done: [False]
==========
t: 50, State: [[-0.00174309  1.20861209 -0.00863202  0.03196047  0.00781194  0.82152816
   0.015698   -0.04981617  0.81763466  0.00168505 -0.00138744  0.21383031
   0.19512546  0.08063906  0.02016826 -0.17529903  0.85432829  0.02537269]], Action: [[1.         0.08798224 1.         1.         0.35753775 1.        ]], Reward: [1.0008439],Reward_sum: 50.34080123901367, Done: [False]
==========
t: 51, State: [[-0.00176116  1.20859477 -0.00704602  0.0334896   0.00830256  0.82169898
   0.01433661 -0.04339514  0.81789535 -0.00641629 -0.00275964  0.18210455
   0.18477483  0.04552819  0.02167186 -0.1633385   0.7505579   0.03790849]], Action: [[1.         0.10067353 1.         1.         0.35317507 1.        ]], Reward: [0.9936067],Reward_sum: 51.334407806396484, Done: [False]
==========
t: 52, State: [[-0.00184978  1.20857022 -0.00573012  0.03488713  0.00857659  0.82186581
   0.01310731 -0.03782727  0.81821738 -0.01580836 -0.00326698  0.14673561
   0.16341769  0.02500659  0.01967542 -0.143168    0.64147487  0.04138056]], Action: [[1.         0.09670281 1.         1.         0.351599   1.        ]], Reward: [0.98478913],Reward_sum: 52.31919860839844, Done: [False]
==========
t: 53, State: [[-0.00202011  1.20854371 -0.00471772  0.03608583  0.00870526  0.82201067
   0.01206296 -0.03317638  0.81854508 -0.02663076 -0.00329897  0.10691414
   0.13588256  0.00881314  0.01640011 -0.11785446  0.52295006  0.0397823 ]], Action: [[1.         0.08078277 1.         1.         0.34590197 1.        ]], Reward: [0.9745833],Reward_sum: 53.29378128051758, Done: [False]
==========
t: 54, State: [[-0.00228372  1.20851791 -0.00404578  0.03704656  0.00870202  0.82212748
   0.01123817 -0.02952677  0.81885011 -0.03888211 -0.00312527  0.06245457
   0.10456222 -0.00776794  0.0127484  -0.08897212  0.39343306  0.03594706]], Action: [[1.         0.05545697 1.         1.         0.33454365 1.        ]], Reward: [0.9629332],Reward_sum: 54.2567138671875, Done: [False]
==========
t: 55, State: [[-0.00264988  1.20849373 -0.00374436  0.03774781  0.00855922  0.82221487
   0.01065346 -0.02694837  0.81912123 -0.05203218 -0.00291214  0.01508875
   0.07152609 -0.02570102  0.00908049 -0.05842173  0.25738973  0.03140951]], Action: [[1.         0.02432093 1.         1.         0.31929675 1.        ]], Reward: [0.9501273],Reward_sum: 55.20684051513672, Done: [False]
==========
t: 56, State: [[-0.0031188   1.20847114 -0.00381264  0.03819081  0.00827808  0.82227369
   0.01030528 -0.02542497  0.81935403 -0.06445244 -0.00273679 -0.02954197
   0.04031349 -0.04222027  0.00563849 -0.0300942   0.13076654  0.02648519]], Action: [[ 1.         -0.00461376  1.          1.          0.30678183  1.        ]], Reward: [0.93729043],Reward_sum: 56.14413070678711, Done: [False]
==========
t: 57, State: [[-0.00367425  1.2084498  -0.00419228  0.03841053  0.00789243  0.82230689
   0.0101531  -0.02477828  0.81954373 -0.07374488 -0.00260851 -0.06300208
   0.01571967 -0.05226871  0.00271978 -0.00918726  0.03722203  0.02086897]], Action: [[ 1.         -0.02153859  1.          1.          0.30455762  1.        ]], Reward: [0.9264764],Reward_sum: 57.07060623168945, Done: [False]
==========
t: 58, State: [[-4.28587233e-03  1.20842935e+00 -4.77475033e-03  3.84713398e-02
   7.46451574e-03  8.22319720e-01  1.01275207e-02 -2.46937543e-02
   8.19685695e-01 -7.87210231e-02 -2.51138351e-03 -8.09899016e-02
   3.57714266e-04 -5.35848289e-02  5.86279622e-04  2.08823209e-03
  -1.21101794e-02  1.48119916e-02]], Action: [[ 1.         -0.02594686  1.          1.          0.31145453  1.        ]], Reward: [0.91944915],Reward_sum: 57.990055084228516, Done: [False]
==========
t: 59, State: [[-4.92288447e-03  1.20840959e+00 -5.44873142e-03  3.84420174e-02
   7.05296063e-03  8.22318853e-01  1.01614471e-02 -2.48588913e-02
   8.19780868e-01 -8.03007950e-02 -2.43869302e-03 -8.66013743e-02
  -7.11468731e-03 -4.88274309e-02 -7.03352551e-04  6.13071634e-03
  -2.72753313e-02  9.30738490e-03]], Action: [[ 1.         -0.02622318  1.          1.          0.31952226  1.        ]], Reward: [0.9162707],Reward_sum: 58.90632629394531, Done: [False]
==========
t: 60, State: [[-0.00556461  1.20839029 -0.00613788  0.03837387  0.00669055  0.82231054
   0.010212   -0.02506755  0.8198372  -0.08003183 -0.00239098 -0.08526218
  -0.00959614 -0.0416459  -0.0012999   0.00647172 -0.02420925  0.00510041]], Action: [[ 1.         -0.02702099  1.          1.          0.32469365  1.        ]], Reward: [0.915678],Reward_sum: 59.82200622558594, Done: [False]
==========
t: 61, State: [[-0.00620076  1.20837128 -0.00680276  0.03829724  0.00638748  0.82229943
   0.01025916 -0.02521903  0.81986574 -0.07897965 -0.00236618 -0.08081284
  -0.00940479 -0.03415372 -0.00143084  0.00536782 -0.01358277  0.00229086]], Action: [[ 1.         -0.02828449  1.          1.          0.32737255  1.        ]], Reward: [0.9163731],Reward_sum: 60.738380432128906, Done: [False]
==========
t: 62, State: [[-6.82742551e-03  1.20835239e+00 -7.42725413e-03  3.82276068e-02
   6.14244892e-03  8.22288432e-01  1.02957897e-02 -2.52754639e-02
   8.19876641e-01 -7.76989849e-02 -2.35920082e-03 -7.53245014e-02
  -7.95313813e-03 -2.72107294e-02 -1.29556597e-03  3.86367443e-03
  -7.31069648e-04  6.15170565e-04]], Action: [[ 1.         -0.02931505  1.          1.          0.32873005  1.        ]], Reward: [0.91755825],Reward_sum: 61.65593719482422, Done: [False]
==========
t: 63, State: [[-7.44390671e-03  1.20833351e+00 -8.00746027e-03  3.81717131e-02
   5.94979534e-03  8.22279078e-01  1.03204532e-02 -2.52293056e-02
   8.19877561e-01 -7.64557331e-02 -2.36466126e-03 -6.98307787e-02
  -6.03144416e-03 -2.10996717e-02 -1.03463577e-03  2.37779019e-03
   1.19294470e-02 -2.66771575e-04]], Action: [[ 1.         -0.02985963  1.          1.          0.32948387  1.        ]], Reward: [0.9188304],Reward_sum: 62.574764251708984, Done: [False]
==========
t: 64, State: [[-8.05104569e-03  1.20831454e+00 -8.54552033e-03  3.81314903e-02
   5.80253928e-03  8.22271997e-01  1.03339448e-02 -2.50866334e-02
   8.19873623e-01 -7.53744793e-02 -2.37841594e-03 -6.48352862e-02
  -4.06905814e-03 -1.58806060e-02 -7.36160122e-04  1.06628562e-03
   2.33385791e-02 -6.44937259e-04]], Action: [[ 1.         -0.02994099  1.          1.          0.3299644   1.        ]], Reward: [0.9199979],Reward_sum: 63.4947624206543, Done: [False]
==========
t: 65, State: [[-8.65038661e-03  1.20829544e+00 -9.04645884e-03  3.81062863e-02
   5.69358758e-03  8.22267270e-01  1.03378884e-02 -2.48594056e-02
   8.19867956e-01 -7.45106670e-02 -2.39786770e-03 -6.05704048e-02
  -2.29211623e-03 -1.15295784e-02 -4.50665817e-04 -1.57252517e-05
   3.30547875e-02 -7.29604577e-04]], Action: [[ 1.         -0.029672    1.          1.          0.33030415  1.        ]], Reward: [0.9209724],Reward_sum: 64.41573333740234, Done: [False]
==========
t: 66, State: [[-9.24376627e-03  1.20827616e+00 -9.51654366e-03  3.80941293e-02
   5.61618676e-03  8.22264678e-01  1.03341910e-02 -2.45618672e-02
   8.19862310e-01 -7.38841152e-02 -2.42168934e-03 -5.71234637e-02
  -8.11002999e-04 -7.98897391e-03 -2.04174665e-04 -8.51855457e-04
   4.09332892e-02 -6.59743274e-04]], Action: [[ 1.         -0.02917752  1.          1.          0.33054757  1.        ]], Reward: [0.9217174],Reward_sum: 65.33744812011719, Done: [False]
==========
t: 67, State: [[-9.83309458e-03  1.20825668e+00 -9.96238670e-03  3.80924521e-02
   5.56411867e-03  8.22263859e-01  1.03248210e-02 -2.42087514e-02
   8.19857548e-01 -7.34946571e-02 -2.44942823e-03 -5.44990320e-02
   3.31748793e-04 -5.18505577e-03 -7.57979679e-06 -1.44322292e-03
   4.69881826e-02 -5.21149857e-04]], Action: [[ 1.         -0.02856442  1.          1.          0.33070475  1.        ]], Reward: [0.9222238],Reward_sum: 66.25967407226562, Done: [False]
==========
t: 68, State: [[-1.04202279e-02  1.20823696e+00 -1.03904208e-02  3.80985216e-02
   5.53180136e-03  8.22264403e-01  1.03116949e-02 -2.38142717e-02
   8.19854003e-01 -7.33300819e-02 -2.48108102e-03 -5.26520596e-02
   1.13434208e-03 -3.03478706e-03  1.37182464e-04 -1.80164415e-03
   5.13287444e-02 -3.63489184e-04]], Action: [[ 1.         -0.02791229  1.          1.          0.3307747   1.        ]], Reward: [0.92249817],Reward_sum: 67.18217468261719, Done: [False]
==========
t: 69, State: [[-1.10068907e-02  1.20821697e+00 -1.08065813e-02  3.81096991e-02
   5.51434795e-03  8.22265906e-01  1.02965978e-02 -2.33914903e-02
   8.19851708e-01 -7.33704919e-02 -2.51677692e-03 -5.15066033e-02
   1.62022877e-03 -1.44960660e-03  2.33291032e-04 -1.94778019e-03
   5.41276392e-02 -2.13460025e-04]], Action: [[ 1.         -0.02727336  1.          1.          0.33075675  1.        ]], Reward: [0.922557],Reward_sum: 68.10472869873047, Done: [False]
==========
t: 70, State: [[-1.15946267e-02  1.20819668e+00 -1.12161119e-02  3.81236003e-02
   5.50759708e-03  8.22268001e-01  1.02811187e-02 -2.29519015e-02
   8.19850545e-01 -7.35912760e-02 -2.55659271e-03 -5.09683643e-02
   1.82816419e-03 -3.38678729e-04  2.86660393e-04 -1.90951907e-03
   5.55987870e-02 -8.38209131e-05]], Action: [[ 1.         -0.0266754   1.          1.          0.33065373  1.        ]], Reward: [0.92242295],Reward_sum: 69.02715301513672, Done: [False]
==========
t: 71, State: [[-1.21847707e-02  1.20817606e+00 -1.16234562e-02  3.81381895e-02
   5.50811695e-03  8.22270376e-01  1.02665997e-02 -2.25051760e-02
   8.19850326e-01 -7.39653748e-02 -2.60047170e-03 -5.09338753e-02
   1.80544299e-03  3.87875478e-04  3.04482087e-04 -1.72003071e-03
   5.59795280e-02  2.07520314e-05]], Action: [[ 1.         -0.02612633  1.          1.          0.3304726   1.        ]], Reward: [0.9221221],Reward_sum: 69.94927978515625, Done: [False]
==========
t: 72, State: [[-1.27784377e-02  1.20815506e+00 -1.20322201e-02  3.81518248e-02
   5.51318141e-03  8.22272775e-01  1.02541060e-02 -2.20590514e-02
   8.19850848e-01 -7.44654103e-02 -2.64822059e-03 -5.12986716e-02
   1.60240768e-03  8.15318827e-04  2.94289870e-04 -1.41480259e-03
   5.55120920e-02  1.00178052e-04]], Action: [[ 1.        -0.0256204  1.         1.         0.3302222  1.       ]], Reward: [0.92168194],Reward_sum: 70.87096405029297, Done: [False]
==========
t: 73, State: [[-1.33765275e-02  1.20813367e+00 -1.24451871e-02  3.81632674e-02
   5.52071939e-03  8.22275005e-01  1.02444159e-02 -2.16193473e-02
   8.19851917e-01 -7.50651582e-02 -2.69953759e-03 -5.19628552e-02
   1.26898370e-03  1.02134384e-03  2.63407508e-04 -1.02962698e-03
   5.44310456e-02  1.56700354e-04]], Action: [[ 1.         -0.02514404  1.          1.          0.32991385  1.        ]], Reward: [0.9211293],Reward_sum: 71.7920913696289, Done: [False]
==========
t: 74, State: [[-1.39797405e-02  1.20811186e+00 -1.28643828e-02  3.81716612e-02
   5.52924156e-03  8.22276926e-01  1.02380337e-02 -2.11901005e-02
   8.19853362e-01 -7.57412764e-02 -2.75407457e-03 -5.28373544e-02
   8.50563257e-04  1.07331138e-03  2.18483132e-04 -5.96946032e-04
   5.29461684e-02  1.93916741e-04]], Action: [[ 1.         -0.02468005  1.          1.          0.3295561   1.        ]], Reward: [0.92048913],Reward_sum: 72.71257781982422, Done: [False]
==========
t: 75, State: [[-1.45886047e-02  1.20808960e+00 -1.32911720e-02  3.81764898e-02
   5.53775177e-03  8.22278451e-01  1.02352215e-02 -2.07737895e-02
   8.19855044e-01 -7.64739541e-02 -2.81148085e-03 -5.38463166e-02
   3.86482013e-04  1.02712555e-03  1.65276978e-04 -1.44833947e-04
   5.12368406e-02  2.15823746e-04]], Action: [[ 1.         -0.02421108  1.          1.          0.3291573   1.        ]], Reward: [0.91978306],Reward_sum: 73.63236236572266, Done: [False]
==========
t: 76, State: [[-1.52035062e-02  1.20806687e+00 -1.37263753e-02  3.81775208e-02
   5.54565118e-03  8.22279531e-01  1.02360407e-02 -2.03716070e-02
   8.19856857e-01 -7.72475523e-02 -2.87144877e-03 -5.49293714e-02
  -9.15525709e-05  9.26479944e-04  1.08509222e-04  3.04531424e-04
   4.94454935e-02  2.26464476e-04]], Action: [[ 1.         -0.02372274  1.          1.          0.3287229   1.        ]], Reward: [0.9190287],Reward_sum: 74.5513916015625, Done: [False]
==========
t: 77, State: [[-1.58247231e-02  1.20804365e+00 -1.41703934e-02  3.81747435e-02
   5.55264331e-03  8.22280155e-01  1.02403998e-02 -1.99837580e-02
   8.19858724e-01 -7.80505711e-02 -2.93373871e-03 -5.60414943e-02
  -5.59734827e-04  8.03695299e-04  5.18132773e-05  7.35043987e-04
   4.76776300e-02  2.29570756e-04]], Action: [[ 1.         -0.02320334  1.          1.          0.32825658  1.        ]], Reward: [0.9182396],Reward_sum: 75.46963500976562, Done: [False]
==========
t: 78, State: [[-1.64524574e-02  1.20801992e+00 -1.46233257e-02  3.81683071e-02
   5.55864671e-03  8.22280334e-01  1.02481024e-02 -1.96097452e-02
   8.19860600e-01 -7.88753564e-02 -2.99819147e-03 -5.71519079e-02
  -1.00166630e-03  6.80735793e-04 -2.20134927e-06  1.13622858e-03
   4.60045612e-02  2.28349841e-04]], Action: [[ 1.         -0.02264577  1.          1.          0.32776052  1.        ]], Reward: [0.9174253],Reward_sum: 76.3870620727539, Done: [False]
==========
t: 79, State: [[-1.70868638e-02  1.20799567e+00 -1.50850765e-02  3.81584647e-02
   5.56372013e-03  8.22280096e-01  1.02588887e-02 -1.92486250e-02
   8.19862460e-01 -7.97175704e-02 -3.06472961e-03 -5.82421248e-02
  -1.40760413e-03  5.71183688e-04 -5.18672906e-05  1.50261492e-03
   4.44678744e-02  2.25396105e-04]], Action: [[ 1.         -0.02204537  1.          1.          0.32723546  1.        ]], Reward: [0.91659164],Reward_sum: 77.30364227294922, Done: [False]
==========
t: 80, State: [[-1.77280728e-02  1.20797088e+00 -1.55554424e-02  3.81455257e-02
   5.56800397e-03  8.22279480e-01  1.02724709e-02 -1.88992159e-02
   8.19864298e-01 -8.05754138e-02 -3.13334608e-03 -5.93031037e-02
  -1.77297965e-03  4.82311519e-04 -9.62917735e-05  1.83239590e-03
   4.30867407e-02  2.22584547e-04]], Action: [[ 1.         -0.02139959  1.          1.          0.32668215  1.        ]], Reward: [0.9157417],Reward_sum: 78.2193832397461, Done: [False]
==========
t: 81, State: [[-1.83762094e-02  1.20794553e+00 -1.60341793e-02  3.81298185e-02
   5.57167545e-03  8.22278530e-01  1.02885592e-02 -1.85602585e-02
   8.19866121e-01 -8.14491064e-02 -3.20409608e-03 -6.03332946e-02
  -2.09733587e-03  4.16450159e-04 -1.35191419e-04  2.12669625e-03
   4.18625052e-02  2.21193139e-04]], Action: [[ 1.         -0.02070865  1.          1.          0.3261004   1.        ]], Reward: [0.91487616],Reward_sum: 79.13426208496094, Done: [False]
==========
t: 82, State: [[-1.90314055e-02  1.20791960e+00 -1.65210507e-02  3.81116643e-02
   5.57491756e-03  8.22277288e-01  1.03068796e-02 -1.82305290e-02
   8.19867943e-01 -8.23401172e-02 -3.27707889e-03 -6.13358251e-02
  -2.38284734e-03  3.72984972e-04 -1.68723348e-04  2.38827022e-03
   4.07858386e-02  2.21896571e-04]], Action: [[ 1.         -0.01997322  1.          1.          0.3254907   1.        ]], Reward: [0.91399413],Reward_sum: 80.04825592041016, Done: [False]
==========
t: 83, State: [[-1.96938084e-02  1.20789308e+00 -1.70158586e-02  3.80913592e-02
   5.57790041e-03  8.22275798e-01  1.03271850e-02 -1.79089082e-02
   8.19869782e-01 -8.32507238e-02 -3.35242655e-03 -6.23168390e-02
  -2.63342537e-03  3.49515252e-04 -1.97340120e-04  2.62092714e-03
   3.98405312e-02  2.24938827e-04]], Action: [[ 1.         -0.01919454  1.          1.          0.32485327  1.        ]], Reward: [0.91309375],Reward_sum: 80.96134948730469, Done: [False]
==========
t: 84, State: [[-2.03635852e-02  1.20786595e+00 -1.75184603e-02  3.80691644e-02
   5.58077117e-03  8.22274095e-01  1.03492602e-02 -1.75944193e-02
   8.19871657e-01 -8.41835674e-02 -3.43029106e-03 -6.32838478e-02
  -2.85375267e-03  3.42836447e-04 -2.21653426e-04  2.82878134e-03
   3.90076303e-02  2.30222505e-04]], Action: [[ 1.         -0.01837409  1.          1.          0.3241887   1.        ]], Reward: [0.91217244],Reward_sum: 81.87351989746094, Done: [False]
==========
t: 85, State: [[-2.10409249e-02  1.20783819e+00 -1.80287751e-02  3.80453026e-02
   5.58365017e-03  8.22272212e-01  1.03729230e-02 -1.72862407e-02
   8.19873585e-01 -8.51414003e-02 -3.51083630e-03 -6.42447701e-02
  -3.04872137e-03  3.49519595e-04 -2.42337363e-04  3.01591299e-03
   3.82676373e-02  2.37447616e-04]], Action: [[ 1.         -0.01751342  1.          1.          0.32349765  1.        ]], Reward: [0.9112276],Reward_sum: 82.78474426269531, Done: [False]
==========
t: 86, State: [[-2.17260380e-02  1.20780977e+00 -1.85467849e-02  3.80199580e-02
   5.58663116e-03  8.22270175e-01  1.03980224e-02 -1.69837021e-02
   8.19875578e-01 -8.61268788e-02 -3.59423119e-03 -6.52071574e-02
  -3.22298614e-03  3.66382149e-04 -2.60058214e-04  3.18606477e-03
   3.76023468e-02  2.46199200e-04]], Action: [[ 1.         -0.01661384  1.          1.          0.3227809   1.        ]], Reward: [0.9102564],Reward_sum: 83.69499969482422, Done: [False]
==========
t: 87, State: [[-2.24191557e-02  1.20778067e+00 -1.90725294e-02  3.79932790e-02
   5.58978418e-03  8.22268004e-01  1.04244364e-02 -1.66862726e-02
   8.19877649e-01 -8.71424991e-02 -3.68064708e-03 -6.61779320e-02
  -3.38083467e-03  3.90689859e-04 -2.75437629e-04  3.34264306e-03
   3.69952463e-02  2.56052861e-04]], Action: [[ 1.        -0.0156762  1.         1.         0.322039   1.       ]], Reward: [0.90925634],Reward_sum: 84.60426330566406, Done: [False]
==========
t: 88, State: [[-2.31205283e-02  1.20775086e+00 -1.96060997e-02  3.79653825e-02
   5.59315945e-03  8.22265717e-01  1.04520676e-02 -1.63935421e-02
   8.19879803e-01 -8.81904918e-02 -3.77025362e-03 -6.71630012e-02
  -3.52587340e-03  4.20209057e-04 -2.89009903e-04  3.48844175e-03
   3.64326844e-02  2.66580122e-04]], Action: [[ 1.         -0.01470143  1.          1.          0.32127288  1.        ]], Reward: [0.908225],Reward_sum: 85.51248931884766, Done: [False]
==========
