==========================================
Main LAX with Simplified Walker2d on GPU
==========================================
Start time: Thu Nov 27 15:55:13 EST 2025
Node: v025.ib.bridges2.psc.edu
Thu Nov 27 15:55:14 2025       
+-----------------------------------------------------------------------------------------+
| NVIDIA-SMI 560.35.03              Driver Version: 560.35.03      CUDA Version: 12.6     |
|-----------------------------------------+------------------------+----------------------+
| GPU  Name                 Persistence-M | Bus-Id          Disp.A | Volatile Uncorr. ECC |
| Fan  Temp   Perf          Pwr:Usage/Cap |           Memory-Usage | GPU-Util  Compute M. |
|                                         |                        |               MIG M. |
|=========================================+========================+======================|
|   0  Tesla V100-SXM2-16GB           On  |   00000000:3B:00.0 Off |                    0 |
| N/A   35C    P0             40W /  300W |       1MiB /  16384MiB |      0%      Default |
|                                         |                        |                  N/A |
+-----------------------------------------+------------------------+----------------------+
                                                                                         
+-----------------------------------------------------------------------------------------+
| Processes:                                                                              |
|  GPU   GI   CI        PID   Type   Process name                              GPU Memory |
|        ID   ID                                                               Usage      |
|=========================================================================================|
|  No running processes found                                                             |
+-----------------------------------------------------------------------------------------+

Running main_lax_simple.py with GCL method...
Parameters:
  - Method: GCL (default)
  - Seed: 123
  - Iterations: 10
  - N_steps: 100
  - Horizon: 50
  - Num trajectories: 500
  - Lambda: 0.01
  - Hidden dim: 16

JAX Devices: [CudaDevice(id=0)]
======================================================================
IRL WITH SIMPLIFIED WALKER2D
======================================================================
Using AIRL: False
Using GAIL: False
Using RGCL: False
Using SQIL: False
Using UB: False
======================================================================
Experiment Started: 2025-11-27 15:55:25.655750-05:00
Results Saved To: results/gcl_simple_walker2d_123

Simplified Walker2d Parameters:
  State dim: 18
  Action dim: 6
  dt: 0.002
  frame_skip: 5
======================================================================

======================================================================
RUN 1/1 - Seed: 123
======================================================================

======================================================================
RIRL ITERATION 1 / 10
======================================================================

Generating expert demonstrations...

End time: Thu Nov 27 15:55:27 EST 2025
==========================================
