==========================================
Main LAX with Simplified Walker2d on GPU
==========================================
Start time: Thu Nov 27 16:10:53 EST 2025
Node: v003.ib.bridges2.psc.edu
Thu Nov 27 16:10:54 2025       
+-----------------------------------------------------------------------------------------+
| NVIDIA-SMI 560.35.03              Driver Version: 560.35.03      CUDA Version: 12.6     |
|-----------------------------------------+------------------------+----------------------+
| GPU  Name                 Persistence-M | Bus-Id          Disp.A | Volatile Uncorr. ECC |
| Fan  Temp   Perf          Pwr:Usage/Cap |           Memory-Usage | GPU-Util  Compute M. |
|                                         |                        |               MIG M. |
|=========================================+========================+======================|
|   0  Tesla V100-SXM2-32GB           On  |   00000000:B3:00.0 Off |                    0 |
| N/A   24C    P0             38W /  300W |       1MiB /  32768MiB |      0%      Default |
|                                         |                        |                  N/A |
+-----------------------------------------+------------------------+----------------------+
                                                                                         
+-----------------------------------------------------------------------------------------+
| Processes:                                                                              |
|  GPU   GI   CI        PID   Type   Process name                              GPU Memory |
|        ID   ID                                                               Usage      |
|=========================================================================================|
|  No running processes found                                                             |
+-----------------------------------------------------------------------------------------+

Running main_lax_simple.py with GCL method...
Parameters:
  - Method: GCL (default)
  - Seed: 123
  - Iterations: 10
  - N_steps: 100
  - Horizon: 50
  - Num trajectories: 500
  - Lambda: 0.01
  - Hidden dim: 16

JAX Devices: [CudaDevice(id=0)]
======================================================================
IRL WITH SIMPLIFIED WALKER2D
======================================================================
Using AIRL: False
Using GAIL: False
Using RGCL: False
Using SQIL: False
Using UB: False
======================================================================
Experiment Started: 2025-11-27 16:11:16.084133-05:00
Results Saved To: results/gcl_simple_walker2d_123

Simplified Walker2d Parameters:
  State dim: 18
  Action dim: 6
  dt: 0.002
  frame_skip: 5
======================================================================

======================================================================
RUN 1/1 - Seed: 123
======================================================================

======================================================================
RIRL ITERATION 1 / 10
======================================================================

Generating expert demonstrations from Walker2d PPO...
Using cuda device
Wrapping the env with a `Monitor` wrapper
Wrapping the env in a DummyVecEnv.
Wrapping the env with a `Monitor` wrapper
Wrapping the env in a DummyVecEnv.
t: 0, State: [[ 3.70194893e-03  1.24380818e+00  3.95881527e-03  8.22767195e-04
   2.16255918e-03  5.06817363e-02  5.39089297e-03  7.29566182e-03
   5.52006661e-02  3.46430073e-01 -4.30395169e-01  1.10730016e+00
   5.65256655e-01  1.01477344e+00  1.00000000e+01  2.67385497e-01
   1.16955480e+00  1.00000000e+01]], Action: [[1.         1.         0.88420826 0.50967014 1.         1.        ]], Reward: [1.2297622],Reward_sum: 1.2297621965408325, Done: [False]
==========
t: 1, State: [[ 6.10771157e-03  1.24008655e+00  1.16086333e-02  5.29495243e-03
   9.18996543e-03  9.74375727e-02  8.17205487e-03  1.36566538e-02
   2.11936431e-01  2.51959848e-01 -4.97577513e-01  7.86168644e-01
   5.19456830e-01  7.43880241e-01 -2.84890687e-01  4.22111403e-01
   5.05981357e-01  1.00000000e+01]], Action: [[ 1.         1.        -1.         1.         0.7586708  1.       ]], Reward: [1.2951448],Reward_sum: 2.524907112121582, Done: [False]
==========
t: 2, State: [[ 6.93216030e-03  1.23684940e+00  1.35292552e-02  8.27798481e-03
   1.00315378e-02  7.60089562e-02  8.93110784e-03  1.43370574e-02
   3.63162107e-01 -4.34510575e-02 -3.13454834e-01 -2.88575804e-01
   2.51308851e-01 -5.38235432e-01 -5.05503143e+00 -2.05395863e-01
  -5.08776965e-01  1.00000000e+01]], Action: [[ 1.         -0.01016106 -0.32756227 -1.         -1.         -1.        ]], Reward: [1.0989487],Reward_sum: 3.6238558292388916, Done: [False]
==========
t: 3, State: [[ 5.95844205e-03  1.23494577e+00  9.83193060e-03  9.34728733e-03
   7.31527035e-03  1.85896673e-02  8.01347427e-03  3.38584682e-03
   4.08694425e-01 -2.01473318e-01 -1.64170954e-01 -6.42075098e-01
   3.62970127e-02 -1.80009343e-01 -9.28351764e+00 -3.74028257e-02
  -2.25752453e+00 -8.58873877e-01]], Action: [[ 1.          0.9852604  -0.23361365 -0.5241897  -1.         -1.        ]], Reward: [0.8739851],Reward_sum: 4.497840881347656, Done: [False]
==========
t: 4, State: [[ 5.53139760e-03  1.23258735e+00  6.27004547e-03  9.98667439e-03
   5.51956570e-03 -1.88947082e-03 -6.10835632e-04  5.12037499e-03
   3.93800899e-01  5.83712042e-02 -4.22391000e-01 -2.77121387e-01
   1.27409267e-01 -2.83815669e-01  4.11070818e+00 -1.70026413e+00
   1.76991956e+00 -2.59520451e+00]], Action: [[ 1.          0.4918031   1.         -0.04154786  1.         -0.11080709]], Reward: [0.94336355],Reward_sum: 5.44120454788208, Done: [False]
==========
t: 5, State: [[ 6.70144892e-03  1.22745408e+00  7.31527272e-03  1.27177387e-02
   4.73373008e-03  8.62128884e-02 -7.34280886e-03  1.46504489e-02
   4.31065680e-01  2.21723444e-01 -8.58020113e-01  4.45099490e-01
   5.04182107e-01  5.67693954e-02  1.00000000e+01 -1.15703172e-01
   7.23123430e-01  1.00000000e+01]], Action: [[1. 1. 1. 1. 1. 1.]], Reward: [1.1402564],Reward_sum: 6.581460952758789, Done: [False]
==========
t: 6, State: [[ 8.30693501e-03  1.22038205e+00  1.21234872e-02  1.76422972e-02
   6.95050193e-03  1.77992771e-01 -3.17675967e-03  1.79649861e-02
   5.76830319e-01  1.75149098e-01 -9.05217710e-01  7.30448210e-01
   6.87674554e-01  4.35019053e-01  5.12285783e+00  1.15722021e+00
   1.77255586e-01  1.00000000e+01]], Action: [[ 1.  1. -1.  1.  1.  1.]], Reward: [1.1946858],Reward_sum: 7.77614688873291, Done: [False]
==========
t: 7, State: [[ 9.05238363e-03  1.21321853e+00  1.51692553e-02  2.09975997e-02
   9.82914132e-03  1.68619193e-01  5.84108899e-03  1.92767973e-02
   8.18688388e-01  3.45938713e-04 -8.07261451e-01  2.71650224e-02
   1.73097296e-01  2.81348245e-01 -7.81918416e+00  8.83828564e-01
   1.96086847e-01  1.00000000e+01]], Action: [[ 1.          0.61325544 -0.9979145  -0.11868235  1.          1.        ]], Reward: [1.0887951],Reward_sum: 8.864941596984863, Done: [False]
==========
t: 8, State: [[ 8.50994577e-03  1.20759616e+00  1.32327948e-02  2.10362736e-02
   1.13180843e-02  1.18750501e-01  1.11053661e-02  1.36436284e-02
   9.72896608e-01 -1.24810362e-01 -5.14580081e-01 -4.51283633e-01
  -1.46623886e-01  9.37293949e-02 -5.25085609e+00  4.88892747e-01
  -1.19336320e+00  1.00000000e+01]], Action: [[ 1.          1.          0.37472725 -0.23861393 -1.         -1.        ]], Reward: [0.9279979],Reward_sum: 9.792939186096191, Done: [False]
==========
t: 9, State: [[ 6.94563304e-03  1.20492772e+00  7.94125320e-03  1.92322614e-02
   1.15615202e-02  6.65767765e-02  1.34566211e-02  4.02491035e-03
   1.01540115e+00 -2.62262762e-01 -1.86636595e-01 -8.39585369e-01
  -2.81692804e-01 -2.15448782e-02 -7.68787259e+00  1.38184376e-01
  -1.12850547e+00  5.32530941e-02]], Action: [[ 1.          0.7404216  -0.03165393 -0.65760005 -0.89228123 -1.        ]], Reward: [0.8006831],Reward_sum: 10.593622207641602, Done: [False]
==========
t: 10, State: [[ 5.75460374e-03  1.20415853e+00  3.54449926e-03  1.70817974e-02
   1.08577489e-02  4.24419164e-02  1.33361862e-02  7.07185604e-04
   1.00229778e+00 -7.89105446e-03 -2.22143278e-02 -2.23471094e-01
  -2.55739001e-01 -1.39061750e-01  1.75507238e+00 -3.64590440e-01
   6.99092410e-01 -2.91557322e+00]], Action: [[ 1.          1.          1.         -0.03517744  1.          0.36542   ]], Reward: [0.8469866],Reward_sum: 11.440608978271484, Done: [False]
==========
t: 11, State: [[ 6.19129946e-03  1.20435094e+00  3.77774204e-03  1.55740717e-02
   9.92186511e-03  7.90905481e-02  1.24788577e-02  5.79338061e-03
   9.75554459e-01  1.14571673e-01  6.00267857e-02  2.49484539e-01
  -1.51573197e-01 -1.03818939e-01  7.40131209e+00  1.10903266e-01
   5.77202059e-01 -3.59217542e+00]], Action: [[1.        1.        0.6345517 1.        1.        1.       ]], Reward: [1.0491843],Reward_sum: 12.48979377746582, Done: [False]
==========
t: 12, State: [[ 7.76454908e-03  1.20500529e+00  7.52508031e-03  1.40728142e-02
   8.56104555e-03  1.75387439e-01  1.47745156e-02  1.01359427e-02
   9.46845059e-01  2.73810243e-01  9.84825311e-02  6.57834588e-01
  -2.24862817e-01 -2.77714235e-01  1.00000000e+01  4.30791932e-01
   5.10261511e-01 -3.50175813e+00]], Action: [[1. 1. 1. 1. 1. 1.]], Reward: [1.1906562],Reward_sum: 13.680450439453125, Done: [False]
==========
t: 13, State: [[ 1.04902351e-02  1.20586488e+00  1.38613252e-02  1.20241190e-02
   4.82233742e-03  3.42341707e-01  1.89139305e-02  1.39656236e-02
   9.20397472e-01  4.04071355e-01  1.16947305e-01  9.02789708e-01
  -2.95044264e-01 -6.61404473e-01  1.00000000e+01  5.78575765e-01
   4.46325185e-01 -3.07908653e+00]], Action: [[1. 1. 1. 1. 1. 1.]], Reward: [1.3347107],Reward_sum: 15.015161514282227, Done: [False]
==========
t: 14, State: [[ 1.42153167e-02  1.20700133e+00  2.16785538e-02  8.96174304e-03
  -1.26706524e-03  5.72533820e-01  2.36552970e-02  1.72391827e-02
   8.97812253e-01  5.27704717e-01  1.77414759e-01  1.04075921e+00
  -4.89818115e-01 -8.07461078e-01  1.00000000e+01  5.89395361e-01
   3.70379821e-01 -2.56399590e+00]], Action: [[1. 1. 1. 1. 1. 1.]], Reward: [1.4596353],Reward_sum: 16.474796295166016, Done: [False]
==========
t: 15, State: [[ 1.89921937e-02  1.20888399e+00  3.04679303e-02  2.43614190e-03
  -3.51500075e-03  8.45066177e-01  2.81463594e-02  1.98825152e-02
   8.79316399e-01  6.83542306e-01  3.16907068e-01  1.17093588e+00
  -1.70681523e+00  1.53181173e+00  1.00000000e+01  5.22416550e-01
   2.89845516e-01 -2.07107386e+00]], Action: [[1.       1.       0.807313 1.       1.       1.      ]], Reward: [1.5914578],Reward_sum: 18.066253662109375, Done: [False]
==========
t: 16, State: [[ 0.02461976  1.21196244  0.04021652 -0.01566208  0.01566821  1.00552052
   0.0321682   0.02187324  0.86431545  0.68241815  0.41949972  1.24317334
  -2.16863649  1.73024629 10.          0.487631    0.20908596 -1.68207123]], Action: [[1.         1.         0.09953113 1.         1.         0.91824925]], Reward: [1.6985927],Reward_sum: 19.764846801757812, Done: [False]
==========
t: 17, State: [[ 0.02996927  1.21527953  0.05033051 -0.03199333  0.02473052  1.05400543
   0.03580778  0.02330244  0.85239848  0.65833612  0.39869384  1.2858022
  -1.9156846   0.64571742  1.70756595  0.41764513  0.15180328 -1.30555608]], Action: [[ 1.          1.         -0.01665775  1.          1.          0.9361007 ]], Reward: [1.6638124],Reward_sum: 21.428659439086914, Done: [False]
==========
t: 18, State: [[  0.03524775   1.21847935   0.06086581  -0.04796973   0.02743681
    1.01146431   0.03881155   0.02433413   0.8433696    0.66305417
    0.40440546   1.35131037  -2.08457205   0.09779625 -10.
    0.33381391   0.10818856  -0.96733323]], Action: [[ 1.  1. -1.  1.  1.  1.]], Reward: [1.6538104],Reward_sum: 23.082469940185547, Done: [False]
==========
t: 19, State: [[ 0.04045797  1.2212923   0.07173468 -0.06228063  0.02696039  0.92656644
   0.04100696  0.02509172  0.83677303  0.64201903  0.29770363  1.3739939
  -1.5100173  -0.17982273 -8.98997024  0.22152666  0.08196956 -0.69575542]], Action: [[1.         1.         0.16913547 0.87318575 1.         1.        ]], Reward: [1.6464865],Reward_sum: 24.72895622253418, Done: [False]
==========
t: 20, State: [[ 0.04555636  1.22319683  0.0830564  -0.07207857  0.02499071  0.87056786
   0.0425673   0.02565608  0.83204739  0.634534    0.17996716  1.45973002
  -0.96597657 -0.29146081 -5.31339666  0.16948862  0.05999562 -0.49674216]], Action: [[1.         1.         0.35886306 0.9559033  1.         1.        ]], Reward: [1.632256],Reward_sum: 26.3612117767334, Done: [False]
==========
t: 21, State: [[ 0.05063662  1.22418912  0.09517152 -0.07797243  0.02254092  0.83836732
   0.04377909  0.02606352  0.82867464  0.63665415  0.06960614  1.57090731
  -0.52247107 -0.31012252 -2.94481746  0.13372777  0.04266065 -0.35452504]], Action: [[1.         1.         0.65031034 0.98284304 1.         1.        ]], Reward: [1.6296427],Reward_sum: 27.990854263305664, Done: [False]
==========
t: 22, State: [[ 0.05575883  1.22433088  0.10826178 -0.08052798  0.0201447   0.82145368
   0.0447411   0.02635095  0.82558674  0.64451009 -0.03317204  1.70205715
  -0.12571321 -0.28402802 -1.42873158  0.10692001  0.02976723 -0.40138637]], Action: [[1.        1.        0.9223365 1.        1.        0.6963109]], Reward: [1.6349416],Reward_sum: 29.625795364379883, Done: [False]
==========
t: 23, State: [[ 0.06095886  1.22368173  0.12242283 -0.08011209  0.0180464   0.81274915
   0.04549582  0.02654828  0.82221319  0.65577017 -0.12888044  1.83867915
   0.2268814  -0.23931038 -0.80166044  0.08239256  0.02004768 -0.42760378]], Action: [[1.         1.         0.49202973 1.         1.         0.59944546]], Reward: [1.645402],Reward_sum: 31.271198272705078, Done: [False]
==========
t: 24, State: [[ 0.0662552   1.22227355  0.13768062 -0.07695903  0.01632319  0.80737061
   0.04607077  0.02667763  0.81923445  0.66845906 -0.22317453  1.97676444
   0.56191464 -0.19198837 -0.55746514  0.06202442  0.01273796 -0.3214693 ]], Action: [[1.         1.         0.23487975 1.         1.         0.7481195 ]], Reward: [1.657428],Reward_sum: 32.928627014160156, Done: [False]
==========
t: 25, State: [[ 0.07165657  1.22011239  0.15406221 -0.07113059  0.01496276  0.80322982
   0.04649917  0.02675761  0.8171429   0.68193516 -0.31732136  2.11961357
   0.89680816 -0.14927407 -0.47489384  0.04572302  0.00760395 -0.20948712]], Action: [[1.         1.         0.05384041 1.         1.         0.809898  ]], Reward: [1.6705124],Reward_sum: 34.59914016723633, Done: [False]
==========
t: 26, State: [[ 0.07716878  1.21720097  0.17160909 -0.06262295  0.01391861  0.79886879
   0.04681193  0.02680333  0.81579593  0.69610963 -0.41083047  2.26787635
   1.23162562 -0.11308301 -0.61288184  0.03303896  0.00407205 -0.13307469]], Action: [[ 1.         1.        -0.0470622  1.         1.         0.8184838]], Reward: [1.684354],Reward_sum: 36.28349304199219, Done: [False]
==========
t: 27, State: [[ 8.27965212e-02  1.21354409e+00  1.90363064e-01 -5.14386933e-02
   1.31367231e-02  7.92424776e-01  4.70358532e-02  2.68256888e-02
   8.14852013e-01  7.10748440e-01 -5.03806676e-01  2.42108599e+00
   1.56569791e+00 -8.36682303e-02 -9.95198444e-01  2.34281335e-02
   1.68416363e-03 -1.03811529e-01]], Action: [[ 1.          1.         -0.06564979  1.          1.          0.78028893]], Reward: [1.6988543],Reward_sum: 37.98234558105469, Done: [False]
==========
t: 28, State: [[ 8.85311774e-02  1.20910099e+00  2.10349489e-01 -3.74250506e-02
   1.25496137e-02  7.86376395e-01  4.71936440e-02  2.68341974e-02
   8.14089988e-01  7.22836145e-01 -6.07422927e-01  2.57585564e+00
   1.93795668e+00 -6.37716251e-02 -5.22166023e-01  1.63668199e-02
   4.97642892e-04 -8.66095649e-02]], Action: [[ 1.          1.         -0.00449489  1.          1.          0.7644309 ]], Reward: [1.7122476],Reward_sum: 39.6945915222168, Done: [False]
==========
t: 29, State: [[ 9.43523412e-02  1.20378764e+00  2.31563960e-01 -2.03415011e-02
   1.20972623e-02  7.86724681e-01  4.73032223e-02  2.68346960e-02
   8.13921327e-01  7.33023584e-01 -7.18651086e-01  2.72882974e+00
   2.32296226e+00 -4.84489688e-02  3.24775631e-01  1.12750439e-02
  -4.72255078e-04  2.89310216e-02]], Action: [[1.         1.         0.20156933 1.         1.         0.9668275 ]], Reward: [1.7226701],Reward_sum: 41.41726303100586, Done: [False]
==========
t: 30, State: [[ 1.00231912e-01  1.19762465e+00  2.53998795e-01  4.78791117e-05
   1.09371115e-02  7.89569651e-01  4.73876960e-02  2.68265680e-02
   8.14446321e-01  7.34089722e-01 -8.21788151e-01  2.84710534e+00
   2.71742066e+00 -2.23052188e-01  3.69389086e-01 -1.57411463e-02
  -8.91727126e-03  9.36499468e-02]], Action: [[1.         0.40087718 0.48675865 1.         1.         1.        ]], Reward: [1.7305487],Reward_sum: 43.14781188964844, Done: [False]
==========
t: 31, State: [[ 0.10579691  1.19072114  0.27350925  0.01692497  0.01006778  0.79287105
   0.04452312  0.02592468  0.8154591   0.66362436 -0.90464931  2.10105336
   1.5871397  -0.01660324  0.43584269 -0.62245932 -0.19537934  0.14943397]], Action: [[0.58388627 0.39296675 0.7394236  1.         1.         1.        ]], Reward: [1.6915826],Reward_sum: 44.83939743041992, Done: [False]
==========
t: 32, State: [[ 0.11098822  1.18315144  0.28898649  0.02694558  0.01095591  0.79329444
   0.03883898  0.0236857   0.8166907   0.63710428 -0.98827251  1.80401549
   0.97189926  0.20659741 -0.32803124 -0.76519319 -0.34043962  0.15394549]], Action: [[ 1.          1.         -0.02617835  1.          0.6362192   1.        ]], Reward: [1.6445084],Reward_sum: 46.48390579223633, Done: [False]
==========
t: 33, State: [[ 0.1160658   1.17503495  0.30300879  0.03294238  0.01297831  0.77344899
   0.03285669  0.02070755  0.81779588  0.63359354 -1.04092998  1.72026582
   0.56107754  0.28172678 -4.61235209 -0.71546807 -0.38803822  0.12267649]], Action: [[ 1.          1.         -0.28706366  1.          0.54687124  0.97964644]], Reward: [1.630357],Reward_sum: 48.114261627197266, Done: [False]
==========
t: 34, State: [[ 0.12103693  1.16610834  0.31619474  0.03687714  0.01529591  0.7611029
   0.02701566  0.0179351   0.81798466  0.60971721 -1.19086884  1.58391341
   0.43034991  0.28948791  1.5043364  -0.73242755 -0.30792312 -0.05248429]], Action: [[1.         1.         0.47424275 1.         0.8914755  0.6349783 ]], Reward: [1.616968],Reward_sum: 49.73122787475586, Done: [False]
==========
t: 35, State: [[ 0.12614364  1.15866163  0.32740403  0.03946933  0.01781579  0.76924291
   0.02171569  0.01200421  0.81761525  0.66345914 -0.67743021  1.21807309
   0.23588477  0.3282075   0.56808716 -0.59318504 -1.16371963 -0.03841054]], Action: [[ 1.          1.         -0.29837912  0.7592004   0.25055307  1.        ]], Reward: [1.6346098],Reward_sum: 51.36583709716797, Done: [False]
==========
t: 36, State: [[ 1.32124555e-01  1.15402565e+00  3.37275370e-01  4.04691143e-02
   1.96254399e-02  8.00497040e-01  1.59057731e-02  5.43825060e-03
   8.17474698e-01  7.98360854e-01 -4.70681159e-01  1.19962235e+00
   5.54818225e-02  1.98431439e-01  4.83045677e+00 -8.47348258e-01
  -5.42381633e-01 -1.17683674e-03]], Action: [[1.        1.        0.7243463 0.5324254 0.6175784 1.       ]], Reward: [1.7434254],Reward_sum: 53.10926055908203, Done: [False]
==========
t: 37, State: [[ 1.38450138e-01  1.15114519e+00  3.46349017e-01  4.11063246e-02
   2.14869019e-02  8.27266260e-01  1.07671550e-02 -1.66038568e-03
   8.17620464e-01  7.81052635e-01 -2.71047152e-01  1.06465753e+00
   9.27847264e-02  2.46582949e-01  2.12339454e+00 -4.70303986e-01
  -1.17934261e+00  3.60786635e-02]], Action: [[1.         1.         0.5878977  1.         0.31627032 1.        ]], Reward: [1.7862523],Reward_sum: 54.895511627197266, Done: [False]
==========
t: 38, State: [[ 1.45190851e-01  1.14926180e+00  3.54575890e-01  4.15972101e-02
   2.34049552e-02  8.36268201e-01  1.29943490e-04  4.67137345e-03
   8.17904601e-01  8.57859421e-01 -1.98401414e-01  9.74478975e-01
   5.19052372e-02  2.20657566e-01  3.22905066e-01 -1.59178639e+00
   1.44014628e+00  4.66665554e-02]], Action: [[ 1.          1.         -0.10407017  0.72524166  1.          1.        ]], Reward: [1.8380523],Reward_sum: 56.73356246948242, Done: [False]
==========
t: 39, State: [[ 0.15185994  1.14835263  0.36206601  0.04249223  0.02533706  0.8192609
  -0.01009148  0.01269802  0.81835153  0.81090181 -0.0293444   0.88489185
   0.15474316  0.25202115 -4.58772787 -1.01498564  0.64543496  0.06146079]], Action: [[ 1.          1.         -0.58590966  1.          1.          1.        ]], Reward: [1.8282931],Reward_sum: 58.56186294555664, Done: [False]
==========
t: 40, State: [[ 0.15821084  1.14782527  0.3682501   0.04302939  0.02654355  0.79472938
  -0.01811515  0.01630658  0.81864858  0.78096915 -0.10000142  0.6887033
  -0.00306909  0.07130979 -1.82706818 -0.97448396  0.29097835  0.01673476]], Action: [[1.        1.        1.        0.524157  1.        0.8678998]], Reward: [1.7888339],Reward_sum: 60.3506965637207, Done: [False]
==========
t: 41, State: [[ 0.16437996  1.14681765  0.37268126  0.04197921  0.0264839   0.78654105
  -0.02682279  0.01802276  0.81892083  0.76571091 -0.15043391  0.4556241
  -0.22803999 -0.06766599 -0.38283572 -1.16635387  0.15025523  0.04583452]], Action: [[1.         1.         1.         0.05445954 1.         1.        ]], Reward: [1.7661375],Reward_sum: 62.1168327331543, Done: [False]
==========
t: 42, State: [[ 0.17052089  1.14543943  0.37636556  0.04015775  0.02583961  0.78618018
  -0.03557381  0.01867174  0.81934558  0.77178817 -0.19378437  0.47528085
  -0.22286077 -0.08901213  0.28480161 -1.01762705  0.026111    0.05708972]], Action: [[1.         1.         0.24540503 0.32580748 0.95622295 1.        ]], Reward: [1.7635349],Reward_sum: 63.880367279052734, Done: [False]
==========
t: 43, State: [[ 0.17672651  1.14469743  0.38088732  0.03951282  0.02596922  0.75871131
  -0.04126385  0.01810341  0.81971713  0.77656306  0.01037847  0.61861494
   0.03203064  0.09825619 -7.14086064 -0.45607174 -0.14348878  0.03712002]], Action: [[ 1.         1.        -0.7974693  0.9353024  0.8738008  1.       ]], Reward: [1.7704288],Reward_sum: 65.65079498291016, Done: [False]
==========
t: 44, State: [[ 1.82843859e-01  1.14406868e+00  3.84354785e-01  3.90949887e-02
   2.59181264e-02  7.51907186e-01 -4.68724210e-02  1.73521498e-02
   8.19829787e-01  7.33510026e-01 -1.76370015e-01  1.91692630e-01
  -1.07137888e-01 -6.98823087e-02  5.94057059e+00 -9.94187758e-01
  -5.33128665e-02 -1.35372739e-03]], Action: [[1.         1.         1.         0.22192594 1.         0.8692217 ]], Reward: [1.759864],Reward_sum: 67.41065979003906, Done: [False]
==========
t: 45, State: [[ 0.18872286  1.1421681   0.38663084  0.03906275  0.02554692  0.81822184
  -0.05290386  0.01617931  0.82005316  0.7505474  -0.2638549   0.46053685
   0.07025537 -0.01363908  7.05792438 -0.41751786 -0.21938161  0.04286159]], Action: [[1.        1.        0.6049387 1.        0.5754168 1.       ]], Reward: [1.7301785],Reward_sum: 69.14083862304688, Done: [False]
==========
t: 46, State: [[ 0.19486276  1.14005891  0.39153948  0.03997754  0.02570007  0.85584079
  -0.05396985  0.01449994  0.82042099  0.77986146 -0.25933867  0.72808414
   0.14890658  0.04751     2.79445917  0.10886814 -0.19767959  0.04701925]], Action: [[1.         1.         0.7671334  1.         0.88160056 1.        ]], Reward: [1.7621214],Reward_sum: 70.90296173095703, Done: [False]
==========
t: 47, State: [[ 0.20115285  1.13810003  0.39782728  0.04131978  0.02625166  0.86647226
  -0.05170155  0.01317847  0.82077815  0.79028148 -0.23236147  0.82493852
   0.17939346  0.0832888   0.17526225  0.43760365 -0.13592021  0.04236476]], Action: [[ 1.          1.         -0.09150092  1.          1.          1.        ]], Reward: [1.7812526],Reward_sum: 72.68421173095703, Done: [False]
==========
t: 48, State: [[ 0.20743913  1.1362465   0.4040325   0.04234123  0.02678494  0.86374435
  -0.04809259  0.01243589  0.82108501  0.78169859 -0.23279215  0.73231677
   0.08477651  0.05098701 -0.72941301  0.47406501 -0.05750744  0.03474766]], Action: [[1.         1.         0.52467054 0.7122439  1.         1.        ]], Reward: [1.7810028],Reward_sum: 74.46521759033203, Done: [False]
==========
t: 49, State: [[ 0.21367853  1.13434698  0.40969972  0.04281637  0.02708716  0.85663813
  -0.04389238  0.01214979  0.82134076  0.77887197 -0.24284279  0.68933886
   0.03815778  0.02570663 -0.99014738  0.58262928 -0.01821122  0.02921936]], Action: [[1.         1.         0.6759021  0.73694694 1.         1.        ]], Reward: [1.7749244],Reward_sum: 76.24014282226562, Done: [False]
==========
t: 50, State: [[ 2.19914930e-01  1.13234380e+00  4.15154137e-01  4.30155234e-02
   2.72140681e-02  8.48850927e-01 -3.86541755e-02  1.20894485e-02
   8.21435204e-01  7.80704292e-01 -2.58220859e-01  6.77347941e-01
   1.39098780e-02  7.49356548e-03 -9.38187031e-01  7.31224630e-01
   8.05268155e-04 -1.78591991e-03]], Action: [[1.        1.        0.8119692 0.7462647 1.        0.9464365]], Reward: [1.7744385],Reward_sum: 78.01457977294922, Done: [False]
==========
t: 51, State: [[ 2.26178416e-01  1.13021020e+00  4.20613704e-01  4.30983106e-02
   2.72374031e-02  8.41918210e-01 -3.20703841e-02  1.21233348e-02
   8.21475403e-01  7.85411989e-01 -2.75047542e-01  6.88386494e-01
   7.30528777e-03 -7.00395595e-04 -7.91466894e-01  9.15851123e-01
   6.76585876e-03  1.00817418e-02]], Action: [[1.         1.         0.85788864 0.76765776 1.         0.9981524 ]], Reward: [1.7776142],Reward_sum: 79.79219055175781, Done: [False]
==========
t: 52, State: [[ 2.32488212e-01  1.12794236e+00  4.26247495e-01  4.31996656e-02
   2.72363497e-02  8.36251062e-01 -2.38643813e-02  1.21652468e-02
   8.21583857e-01  7.92016071e-01 -2.91595166e-01  7.18467379e-01
   1.65566535e-02  5.49499551e-04 -6.27939005e-01  1.13363466e+00
   3.95437380e-03  1.58232793e-02]], Action: [[1.        1.        0.8801239 0.8096174 1.        1.       ]], Reward: [1.7832943],Reward_sum: 81.57548522949219, Done: [False]
==========
t: 53, State: [[ 0.23885468  1.12554488  0.43217363  0.04341952  0.02727272  0.8318778
  -0.01380776  0.01216294  0.82171964  0.7993701  -0.3073768   0.75958714
   0.03539148  0.0079423  -0.47119456  1.37608647 -0.00351369  0.01735629]], Action: [[1.        1.        0.9076821 0.8609115 1.        1.       ]], Reward: [1.7902434],Reward_sum: 83.36573028564453, Done: [False]
==========
t: 54, State: [[ 0.24527929  1.12302422  0.4384284   0.04378927  0.0273742   0.82875158
  -0.00177962  0.01209963  0.82185734  0.80647831 -0.32235964  0.80005669
   0.05365607  0.01657191 -0.31950998  1.62579427 -0.01108249  0.0165766 ]], Action: [[1.         1.         0.9656629  0.90238285 1.         1.        ]], Reward: [1.797329],Reward_sum: 85.16305541992188, Done: [False]
==========
t: 55, State: [[ 0.25170191  1.12044042  0.44364552  0.04308198  0.02710742  0.826692
   0.00985904  0.01241942  0.8219058   0.79913317 -0.32165954  0.44736202
  -0.2817539  -0.10409177 -0.20722576  1.16328685  0.1085272  -0.00751799]], Action: [[1.         1.         1.         0.93298924 1.         1.        ]], Reward: [1.7969571],Reward_sum: 86.96002197265625, Done: [False]
==========
t: 56, State: [[ 0.25813429  1.11785458  0.44595163  0.03959295  0.02578325  0.82529672
   0.01704446  0.01370612  0.82176162  0.81380368 -0.32713305  0.17168045
  -0.55299921 -0.21460865 -0.14739771  0.68279088  0.19900991 -0.02590823]], Action: [[1.       1.       1.       0.522527 1.       1.      ]], Reward: [1.7987747],Reward_sum: 88.75879669189453, Done: [False]
==========
t: 57, State: [[ 0.26477434  1.11519921  0.44678297  0.03459957  0.0238181   0.82341622
   0.02117195  0.01547066  0.82151369  0.84975352 -0.33896056  0.06552054
  -0.67070361 -0.268491   -0.29894669  0.38227825  0.23338831 -0.03427825]], Action: [[1.         1.         0.61173385 0.32228103 1.         1.        ]], Reward: [1.8255279],Reward_sum: 90.5843276977539, Done: [False]
==========
t: 58, State: [[ 0.27177187  1.11241411  0.44740052  0.02922125  0.02163187  0.82017365
   0.02366122  0.01731685  0.82123585  0.90167708 -0.35902076  0.10323205
  -0.66323207 -0.27429498 -0.47918012  0.25430087  0.22484188 -0.03435849]], Action: [[1.         1.         0.32483965 0.43518856 1.         1.        ]], Reward: [1.8703967],Reward_sum: 92.45472717285156, Done: [False]
==========
t: 59, State: [[ 0.27924304  1.10941924  0.44862185  0.02409662  0.01946953  0.81648415
   0.02530061  0.01901344  0.8209426   0.98227963 -0.3967209   0.25378193
  -0.58338388 -0.2506875  -0.43728047  0.12833074  0.16479025 -0.06621369]], Action: [[1.        1.        0.4874636 0.365441  1.        1.       ]], Reward: [1.9295254],Reward_sum: 94.3842544555664, Done: [False]
==========
t: 60, State: [[ 0.28765933  1.10598485  0.45205043  0.02028944  0.01779968  0.81328916
   0.02547689  0.01972724  0.82008685  1.11366637 -0.45932531  0.5845514
  -0.37997436 -0.17138183 -0.36116495 -0.05784286  0.03996988 -0.12016256]], Action: [[1.         1.         0.51001906 0.3791496  1.         1.        ]], Reward: [2.0476327],Reward_sum: 96.431884765625, Done: [False]
==========
t: 61, State: [[ 0.2969582   1.10210926  0.45773443  0.01787537  0.01666988  0.81067348
   0.02474437  0.01987579  0.8192827   1.20601379 -0.50770169  0.82174851
  -0.23346991 -0.11481808 -0.29410671 -0.11392184  0.00820802 -0.07358478]], Action: [[1.         1.         0.50471264 0.43550554 0.96754277 1.        ]], Reward: [2.157978],Reward_sum: 98.58985900878906, Done: [False]
==========
t: 62, State: [[ 0.30688144  1.09789474  0.46504753  0.01648568  0.01594549  0.80814273
   0.02402113  0.01962215  0.81894488  1.27218876 -0.54535464  0.99535603
  -0.12308011 -0.0697071  -0.3265137  -0.07014149 -0.05845089 -0.01278421]], Action: [[1.         1.         0.31182867 0.6328454  0.7037772  1.        ]], Reward: [2.2364123],Reward_sum: 100.8262710571289, Done: [False]
==========
t: 63, State: [[ 3.17277973e-01  1.09339312e+00  4.73587543e-01  1.58672473e-02
   1.55448499e-02  8.05305191e-01  2.37749596e-02  1.88791297e-02
   8.19029542e-01  1.32547492e+00 -5.79971451e-01  1.13040574e+00
  -3.98924486e-02 -3.36551674e-02 -3.68232697e-01 -2.31812889e-04
  -1.15644492e-01  3.02283241e-02]], Action: [[1.         1.         0.18267246 0.8116139  0.56088424 1.        ]], Reward: [2.2955596],Reward_sum: 103.121826171875, Done: [False]
==========
t: 64, State: [[ 0.32806823  1.08861592  0.48307268  0.01580043  0.01538946  0.80227906
   0.02406509  0.01774025  0.81937513  1.37124734 -0.61453926  1.23376902
   0.01634642 -0.00784889 -0.37724597  0.06291893 -0.15887178  0.05296968]], Action: [[1.         1.         0.12045534 0.94814897 0.44490558 1.        ]], Reward: [2.3446705],Reward_sum: 105.46649932861328, Done: [False]
==========
t: 65, State: [[ 0.33919252  1.08356346  0.49321646  0.01606648  0.01540097  0.79939552
   0.02473436  0.01630411  0.81976869  1.40639263 -0.6483614   1.29010802
   0.05280944  0.01481884 -0.33439699  0.09156542 -0.19333706  0.04553055]], Action: [[1.         1.         0.11877592 1.         0.32278448 0.966699  ]], Reward: [2.386484],Reward_sum: 107.85298156738281, Done: [False]
==========
t: 66, State: [[ 0.35056045  1.07824893  0.50362761  0.016563    0.01557137  0.79701979
   0.02547468  0.01461874  0.81998526  1.4408758  -0.68169284  1.32516626
   0.05907448  0.01746109 -0.26849026  0.09697264 -0.21663376  0.01170044]], Action: [[1.         1.         0.15316124 1.         0.20006269 0.91133857]], Reward: [2.4170966],Reward_sum: 110.27008056640625, Done: [False]
==========
t: 67, State: [[ 0.36224545  1.07265348  0.51439349  0.01694815  0.01565808  0.79520808
   0.02629373  0.01278589  0.81985868  1.48025502 -0.71791673  1.36648735
   0.0388005   0.006136   -0.18822372  0.10382272 -0.23365441 -0.03686027]], Action: [[1.         1.         0.20989884 1.         0.05510175 0.84228635]], Reward: [2.4568691],Reward_sum: 112.7269515991211, Done: [False]
==========
t: 68, State: [[ 0.37418912  1.06677947  0.52531721  0.01722812  0.01572883  0.79419972
   0.02709683  0.01069983  0.81922509  1.50809852 -0.75178237  1.3715218
   0.02911858  0.00777152 -0.07850029  0.09587591 -0.27572693 -0.11077414]], Action: [[ 1.          1.          0.30164343  1.         -0.13733661  0.7220453 ]], Reward: [2.4893272],Reward_sum: 115.21627807617188, Done: [False]
==========
t: 69, State: [[ 0.38635004  1.06065972  0.53616982  0.01716352  0.01564817  0.79403363
   0.02809328  0.00755357  0.81805871  1.52910738 -0.77795487  1.33438319
  -0.03607457 -0.01960701  0.02929854  0.14482099 -0.50544967 -0.16913956]], Action: [[ 1.          1.          0.41901743  1.         -0.28683466  0.6265749 ]], Reward: [2.516464],Reward_sum: 117.73274230957031, Done: [False]
==========
t: 70, State: [[ 0.39863847  1.05435441  0.54655411  0.01654848  0.01535096  0.79520142
   0.02951646  0.00216981  0.81644893  1.54360189 -0.79972271  1.26648159
  -0.11038726 -0.04962114  0.23419518  0.20287003 -0.81588138 -0.22177639]], Action: [[ 1.          1.          0.7486426   1.         -0.38435507  0.5244888 ]], Reward: [2.5320706],Reward_sum: 120.26481628417969, Done: [False]
==========
t: 71, State: [[ 0.41117631  1.04776224  0.55698513  0.01569864  0.01495228  0.79790779
   0.03096029 -0.00373715  0.81413585  1.58659101 -0.8472007   1.32938219
  -0.09716793 -0.04382498  0.41527412  0.15798851 -0.68205241 -0.33384258]], Action: [[ 1.          1.          0.9806611   1.         -0.22804123  0.3208525 ]], Reward: [2.5631137],Reward_sum: 122.82791900634766, Done: [False]
==========
t: 72, State: [[ 0.42393166  1.04090944  0.56732724  0.01453252  0.01443047  0.80144499
   0.03259626 -0.01085342  0.81105026  1.59932668 -0.86637926  1.25063252
  -0.18179684 -0.07713044  0.45782394  0.23854405 -1.07785971 -0.41665009]], Action: [[ 1.          1.          1.          1.         -0.5057065   0.14407942]], Reward: [2.5901418],Reward_sum: 125.41806030273438, Done: [False]
==========
t: 73, State: [[ 0.43711848  1.03373608  0.57845231  0.01376176  0.01408518  0.80502624
   0.03341318 -0.01505232  0.8008321   1.68682929 -0.92136442  1.49545041
  -0.01174696 -0.00322173  0.43847034 -0.01505752 -0.0708494  -2.08851239]], Action: [[ 1.          1.          1.          0.8711755   0.01124272 -0.15677288]], Reward: [2.6445694],Reward_sum: 128.0626220703125, Done: [False]
==========
t: 74, State: [[ 0.4514417   1.02575325  0.59297585  0.01481235  0.01479359  0.80731127
   0.02976541 -0.00443216  0.7774747   1.89009192 -1.07306742  2.09674735
   0.23975565  0.15832579  0.16169391 -0.94196387  2.71948231 -3.76413815]], Action: [[0.5291544  1.         0.5592695  1.         1.         0.00220442]], Reward: [2.7868094],Reward_sum: 130.84942626953125, Done: [False]
==========
t: 75, State: [[  0.46652607   1.01822067   0.60716512   0.0128113    0.01638502
    0.78925813   0.02330488   0.01267189   0.711952     1.8674031
   -0.79417428   1.34626633  -0.83486978   0.22556809  -4.67275878
   -0.67472771   1.38289618 -10.        ]], Action: [[-1.          1.         -0.23344098  1.         -0.04329091 -1.        ]], Reward: [2.8814898],Reward_sum: 133.7309112548828, Done: [False]
==========
t: 76, State: [[ 4.81616088e-01  1.01286450e+00  6.16332254e-01  2.73003412e-03
   1.82237989e-02  7.01970065e-01  1.91088963e-02  2.06583728e-02
   5.87226067e-01  1.90613486e+00 -5.40568504e-01  9.43813441e-01
  -1.64716215e+00  2.33053953e-01 -1.00000000e+01 -3.97342297e-01
   6.80951627e-01 -1.00000000e+01]], Action: [[-0.6431408  1.        -0.8326575  1.         1.        -0.6587391]], Reward: [2.8817117],Reward_sum: 136.6126251220703, Done: [False]
==========
t: 77, State: [[ 4.97381603e-01  1.00903266e+00  6.26358648e-01 -7.43761250e-03
   1.97154383e-02  5.18487182e-01  1.75815513e-02  2.43181542e-02
   4.72330941e-01  2.02982285e+00 -4.12017929e-01  1.54086080e+00
  -8.48628897e-01  1.59753112e-01 -1.00000000e+01 -2.58579546e-02
   2.75762537e-01 -1.00000000e+01]], Action: [[ 0.20766798  1.         -0.87944067  1.          1.         -0.53566945]], Reward: [2.9665859],Reward_sum: 139.57920837402344, Done: [False]
==========
t: 78, State: [[  0.51391268   1.00645149   0.6400796   -0.01170325   0.02091075
    0.36413842   0.018032     0.02578314   0.41078057   2.10213891
   -0.23779371   1.85947458  -0.29708256   0.12933068 -10.
    0.11805488   0.11264464  -5.7677112 ]], Action: [[ 0.12772873  1.         -0.6995666   0.9314083   1.         -0.8349644 ]], Reward: [3.0623143],Reward_sum: 142.6415252685547, Done: [False]
==========
t: 79, State: [[ 5.31102087e-01  1.00549807e+00  6.55964030e-01 -1.25295488e-02
   2.15621442e-02  2.88614942e-01  1.93857133e-02  2.67280766e-02
   3.71087798e-01  2.19332568e+00  1.63950301e-03  2.07931863e+00
   4.69069431e-02  4.08319503e-02 -6.83211918e+00  2.06724279e-01
   1.23950973e-01 -4.46693718e+00]], Action: [[ 0.5980147   1.         -0.9413915   0.54109514  1.         -1.        ]], Reward: [3.144139],Reward_sum: 145.78567504882812, Done: [False]
==========
t: 80, State: [[ 0.54896715  1.00656847  0.67275252 -0.01170824  0.02192968  0.24356824
   0.02116585  0.02754825  0.33542262  2.27098983  0.26854339  2.09777003
   0.14899773  0.04938356 -4.90937025  0.23149183  0.08669401 -4.62723473]], Action: [[ 0.23664156  1.         -1.          0.8807156   1.         -1.        ]], Reward: [3.2283015],Reward_sum: 149.01397705078125, Done: [False]
==========
t: 81, State: [[ 0.56739495  1.00984204  0.68912394 -0.01042264  0.02244248  0.20455649
   0.02294726  0.02808188  0.29500947  2.33428443  0.55213235  1.98237544
   0.17485455  0.07512364 -5.07734019  0.21253068  0.05210122 -5.57013724]], Action: [[ 0.06883109  1.         -1.          1.          1.         -1.        ]], Reward: [3.2984698],Reward_sum: 152.3124542236328, Done: [False]
==========
t: 82, State: [[ 0.58628232  1.01544322  0.70418225 -0.00901463  0.02312416  0.15974141
   0.02447113  0.02841264  0.24526111  2.386179    0.85012456  1.77333845
   0.18195065  0.09214824 -6.23234451  0.17075765  0.03409867 -6.91213805]], Action: [[ 0.01002833  1.         -1.          1.          1.         -1.        ]], Reward: [3.3559208],Reward_sum: 155.6683807373047, Done: [False]
==========
t: 83, State: [[ 6.05520261e-01  1.02349923e+00  7.17052018e-01 -7.74715628e-03
   2.38030866e-02  1.03783282e-01  2.54574511e-02  2.85722436e-02
   1.83981735e-01  2.42254497e+00  1.16517011e+00  1.44300373e+00
   1.46217190e-01  7.84954197e-02 -7.80235486e+00  8.52372806e-02
   1.01006584e-02 -8.42869400e+00]], Action: [[-0.17054036  0.8373016  -1.          1.          1.         -1.        ]], Reward: [3.4000127],Reward_sum: 159.06838989257812, Done: [False]
==========
t: 84, State: [[ 6.24996131e-01  1.03408950e+00  7.27049842e-01 -6.62365812e-03
   2.41844159e-02  3.47378898e-02  2.57640384e-02  2.86259514e-02
   1.10352686e-01  2.44559977e+00  1.48340187e+00  1.05616394e+00
   1.42979644e-01  2.40165479e-02 -9.48056756e+00  2.61233965e-03
   5.41965291e-03 -9.98851888e+00]], Action: [[-0.18316767  0.67392546 -0.94912255  0.8855516   1.         -1.        ]], Reward: [3.430311],Reward_sum: 162.4987030029297, Done: [False]
==========
t: 85, State: [[ 6.44605996e-01  1.04712902e+00  7.33970283e-01 -5.30582377e-03
   2.41235164e-02 -4.74668749e-02  2.56120045e-02  2.87065356e-02
   2.47055019e-02  2.45591730e+00  1.77736217e+00  6.69065034e-01
   1.81938041e-01 -3.14065456e-02 -1.00000000e+01 -3.40226736e-02
   1.51789685e-02 -1.00000000e+01]], Action: [[-0.08705285  0.6457613  -0.83984     0.79166615  1.         -0.9451548 ]], Reward: [3.4475832],Reward_sum: 165.9462890625, Done: [False]
==========
t: 86, State: [[ 6.64294678e-01  1.06261741e+00  7.37826098e-01 -3.42504717e-03
   2.38734871e-02 -1.43287195e-01  2.54933093e-02  2.89960160e-02
  -7.33929504e-02  2.46372072e+00  2.09649890e+00  2.79196225e-01
   2.75915260e-01 -2.99377366e-02 -1.00000000e+01  2.00614885e-03
   5.38649561e-02 -1.00000000e+01]], Action: [[ 0.07530609  0.7767276  -0.89903194  0.7539997   1.         -1.        ]], Reward: [3.4570994],Reward_sum: 169.40338134765625, Done: [False]
==========
t: 87, State: [[ 6.84026189e-01  1.08073962e+00  7.38660207e-01 -3.02119785e-04
   2.37956034e-02 -2.54555131e-01  2.60351866e-02  2.96541034e-02
  -1.85447401e-01  2.46471453e+00  2.43665955e+00 -9.94408343e-02
   4.81796739e-01  6.75485666e-03 -1.00000000e+01  1.19064210e-01
   1.05322495e-01 -1.00000000e+01]], Action: [[ 0.33597234  0.96525687 -0.9964136   0.7806362   1.         -1.        ]], Reward: [3.4617922],Reward_sum: 172.86517333984375, Done: [False]
==========
t: 88, State: [[ 7.03633269e-01  1.10167553e+00  7.35389723e-01  3.34590306e-03
   2.41500978e-02 -3.90000612e-01  2.69133306e-02  3.04661209e-02
  -3.12868878e-01  2.42824537e+00  2.80523545e+00 -7.80049409e-01
   4.21000449e-01  9.14395981e-02 -1.00000000e+01  6.61242999e-02
   8.59736556e-02 -1.00000000e+01]], Action: [[ 0.5221615  1.        -1.         0.8547193  1.        -1.       ]], Reward: [3.4458818],Reward_sum: 176.31105041503906, Done: [False]
==========
t: 89, State: [[ 7.22710173e-01  1.12563543e+00  7.25949504e-01  7.05873557e-03
   2.52284923e-02 -6.09887604e-01  2.72751165e-02  3.10090686e-02
  -4.57836142e-01  2.33790628e+00  3.17784226e+00 -1.56482095e+00
   4.63221252e-01  1.53673025e-01 -1.00000000e+01  4.88277111e-02
   6.23968325e-02 -1.00000000e+01]], Action: [[ 0.8188187  1.        -1.         1.         1.        -1.       ]], Reward: [3.3789425],Reward_sum: 179.6899871826172, Done: [False]
==========
t: 90, State: [[  0.74072108   1.15193941   0.71009161   0.01090662   0.02552165
   -0.86622339   0.0275908    0.03149121  -0.63619938   2.15783468
    3.30648332  -2.33242281   0.40018904  -0.56700252 -10.
    0.08726705   0.0881438  -10.        ]], Action: [[ 1.          1.         -0.50128424  1.          1.         -1.        ]], Reward: [3.2461123],Reward_sum: 182.93609619140625, Done: [False]
==========
t: 91, State: [[  0.75765702   1.17705619   0.69152109   0.0126675    0.0158331
   -1.01024779   0.02887054   0.03178995  -0.86493928   2.1254163
    2.90790383  -2.08211677   0.06588627  -1.36551801  -9.98263689
    0.18090653  -0.09796693 -10.        ]], Action: [[ 1.          1.          0.16874017  1.          1.         -0.23883635]], Reward: [3.1129062],Reward_sum: 186.0489959716797, Done: [False]
==========
t: 92, State: [[ 7.75234260e-01  1.19833865e+00  6.78510767e-01  1.26323535e-02
   7.83716145e-03 -1.05037170e+00  3.00003531e-02  2.98925781e-02
  -9.88001438e-01  2.26621185e+00  2.45599873e+00 -1.22646051e+00
  -3.77947887e-02 -6.75278899e-01 -1.10297599e+00  1.02320474e-01
  -3.20930352e-01 -8.64333461e+00]], Action: [[ 1.          1.         -0.28045154  1.          1.         -0.5372716 ]], Reward: [3.1927881],Reward_sum: 189.24179077148438, Done: [False]
==========
t: 93, State: [[ 7.93976781e-01  1.21642287e+00  6.71936175e-01  1.29871390e-02
   4.28351832e-03 -1.04181903e+00  2.98036278e-02  2.64930788e-02
  -9.87624614e-01  2.41566128e+00  2.07467287e+00 -4.36396046e-01
   1.43545192e-01 -2.34654212e-01  2.70647537e+00 -1.53690671e-01
  -5.05669769e-01  8.56854112e+00]], Action: [[ 1.         0.6607699 -0.8830504  1.         1.         0.9834845]], Reward: [3.3376315],Reward_sum: 192.5794219970703, Done: [False]
==========
t: 94, State: [[ 8.12735403e-01  1.23294585e+00  6.65548291e-01  1.11022004e-02
   3.26291637e-03 -1.01388373e+00  3.05016391e-02  8.79945347e-03
  -8.99057804e-01  2.26886710e+00  2.05882156e+00 -1.19665303e+00
  -6.27297344e-01 -3.76119758e-02  4.01054553e+00  2.71171098e-01
  -3.85827210e+00  1.00000000e+01]], Action: [[ 1.          1.         -1.          1.         -1.          0.07353362]], Reward: [3.3398223],Reward_sum: 195.91925048828125, Done: [False]
==========
t: 95, State: [[ 8.30199395e-01  1.24888970e+00  6.53178143e-01  4.47116913e-03
   1.39470892e-03 -9.80581194e-01  3.33188073e-02 -3.74274120e-02
  -7.29962577e-01  2.09310756e+00  1.91844999e+00 -1.89143873e+00
  -1.03961903e+00 -3.86588005e-01  4.18141075e+00  4.03983696e-01
  -7.49841653e+00  1.00000000e+01]], Action: [[ 1.          0.39193183 -1.          1.         -0.603404    0.7326517 ]], Reward: [3.1789446],Reward_sum: 199.09820556640625, Done: [False]
==========
t: 96, State: [[ 8.45929844e-01  1.26356453e+00  6.35703974e-01 -2.28722488e-05
  -1.35476959e-02 -9.48027687e-01  3.55484087e-02 -1.03976676e-01
  -4.44905074e-01  1.83964736e+00  1.74071957e+00 -2.41027718e+00
   6.28113390e-03 -3.36951586e+00  3.88839595e+00  1.76966104e-01
  -8.77722856e+00  1.00000000e+01]], Action: [[ 1.         -0.45555705 -1.          1.          0.02112609  1.        ]], Reward: [2.9620981],Reward_sum: 202.060302734375, Done: [False]
==========
t: 97, State: [[ 8.60156332e-01  1.27635052e+00  6.17016047e-01  3.77052600e-03
  -4.64164240e-02 -9.19200221e-01  3.58773033e-02 -1.67501661e-01
  -6.53266143e-02  1.71524906e+00  1.46190401e+00 -2.37892597e+00
   5.69245798e-01 -4.41196097e+00  3.29447093e+00 -1.18883206e-01
  -6.99999198e+00  1.00000000e+01]], Action: [[ 1.         -0.2552994  -1.          1.          0.28810793  1.        ]], Reward: [2.7741628],Reward_sum: 204.83447265625, Done: [False]
==========
t: 98, State: [[ 8.75137417e-01  1.28610954e+00  6.04765601e-01  6.97040851e-03
  -6.50900924e-02 -8.95977918e-01  3.46906254e-02 -1.98372488e-01
   3.92170538e-01  2.04515244e+00  1.00331782e+00 -6.71100606e-01
   2.61893278e-01 -2.84624765e-01  2.53303467e+00 -1.66099845e-01
  -2.31398341e-01  1.00000000e+01]], Action: [[ 1.         1.        -1.         1.         0.5048769  1.       ]], Reward: [2.8673806],Reward_sum: 207.7018585205078, Done: [False]
==========
t: 99, State: [[ 8.91627902e-01  1.29439776e+00  5.96847142e-01  1.07032030e-03
  -5.51888984e-02 -8.78348685e-01  3.48911277e-02 -1.93222871e-01
   9.02688857e-01  2.15521024e+00  1.17041736e+00 -1.16505859e+00
  -1.52848249e+00  2.67446496e+00  1.88054954e+00  1.58227740e-01
   1.23097208e+00  1.00000000e+01]], Action: [[ 1.         1.        -1.         1.        -1.         0.3704488]], Reward: [3.0561736],Reward_sum: 210.75802612304688, Done: [False]
==========
Walker2d - Steps: 100, Return: 210.75802612304688, State: [[ 8.91627902e-01  1.29439776e+00  5.96847142e-01  1.07032030e-03
  -5.51888984e-02 -8.78348685e-01  3.48911277e-02 -1.93222871e-01
   9.02688857e-01  2.15521024e+00  1.17041736e+00 -1.16505859e+00
  -1.52848249e+00  2.67446496e+00  1.88054954e+00  1.58227740e-01
   1.23097208e+00  1.00000000e+01]]
Expert reward: 210.76
Initializing cost network...
Initializing MPPI with simplified Walker2d dynamics...

Iteration 1 Trajectory Generation:
  Execution time (LAX scan): 1.5745 seconds
  Total reward: 144.5557
  Total steps: 100
  Average reward per step: 1.4456
  NaN values: No
  Inf values: No
  Average loss: 0.220355

======================================================================
RIRL ITERATION 2 / 10
======================================================================

Iteration 2 Trajectory Generation:
  Execution time (LAX scan): 1.4482 seconds
  Total reward: 150.7551
  Total steps: 100
  Average reward per step: 1.5076
  NaN values: No
  Inf values: No
  Average loss: 0.177875

======================================================================
RIRL ITERATION 3 / 10
======================================================================

Iteration 3 Trajectory Generation:
  Execution time (LAX scan): 1.3631 seconds
  Total reward: 152.2236
  Total steps: 100
  Average reward per step: 1.5222
  NaN values: No
  Inf values: No
  Average loss: 0.142834

======================================================================
RIRL ITERATION 4 / 10
======================================================================

Iteration 4 Trajectory Generation:
  Execution time (LAX scan): 1.3902 seconds
  Total reward: 157.1482
  Total steps: 100
  Average reward per step: 1.5715
  NaN values: No
  Inf values: No
  Average loss: 0.115221

======================================================================
RIRL ITERATION 5 / 10
======================================================================

Iteration 5 Trajectory Generation:
  Execution time (LAX scan): 1.4035 seconds
  Total reward: 154.0432
  Total steps: 100
  Average reward per step: 1.5404
  NaN values: No
  Inf values: No
  Average loss: 0.092960

======================================================================
RIRL ITERATION 6 / 10
======================================================================

Iteration 6 Trajectory Generation:
  Execution time (LAX scan): 1.3630 seconds
  Total reward: 177.8803
  Total steps: 100
  Average reward per step: 1.7788
  NaN values: No
  Inf values: No
  Average loss: 0.075025

======================================================================
RIRL ITERATION 7 / 10
======================================================================

Iteration 7 Trajectory Generation:
  Execution time (LAX scan): 1.4231 seconds
  Total reward: 185.2763
  Total steps: 100
  Average reward per step: 1.8528
  NaN values: No
  Inf values: No
  Average loss: 0.061131

======================================================================
RIRL ITERATION 8 / 10
======================================================================

Iteration 8 Trajectory Generation:
  Execution time (LAX scan): 1.4238 seconds
  Total reward: 193.4398
  Total steps: 100
  Average reward per step: 1.9344
  NaN values: No
  Inf values: No
  Average loss: 0.050009

======================================================================
RIRL ITERATION 9 / 10
======================================================================

Iteration 9 Trajectory Generation:
  Execution time (LAX scan): 1.3993 seconds
  Total reward: 149.4814
  Total steps: 100
  Average reward per step: 1.4948
  NaN values: No
  Inf values: No
  Average loss: -0.062093

======================================================================
RIRL ITERATION 10 / 10
======================================================================

Iteration 10 Trajectory Generation:
  Execution time (LAX scan): 1.3977 seconds
  Total reward: 182.6376
  Total steps: 100
  Average reward per step: 1.8264
  NaN values: No
  Inf values: No
  Average loss: -0.067331

======================================================================
TRAINING COMPLETE
======================================================================
Final reward: 182.64
Expert reward: 210.76
======================================================================

End time: Thu Nov 27 16:11:52 EST 2025
==========================================
