2025-11-26 16:38:06.387112: E external/local_xla/xla/stream_executor/cuda/cuda_fft.cc:477] Unable to register cuFFT factory: Attempting to register factory for plugin cuFFT when one has already been registered
WARNING: All log messages before absl::InitializeLog() is called are written to STDERR
E0000 00:00:1764193086.408513 3692020 cuda_dnn.cc:8310] Unable to register cuDNN factory: Attempting to register factory for plugin cuDNN when one has already been registered
E0000 00:00:1764193086.415225 3692020 cuda_blas.cc:1418] Unable to register cuBLAS factory: Attempting to register factory for plugin cuBLAS when one has already been registered
ERROR:2025-11-26 16:38:20,334:jax._src.xla_bridge:444: Jax plugin configuration error: Exception when calling jax_plugins.xla_cuda12.initialize()
Traceback (most recent call last):
  File "/jet/home/pghanem/.conda/envs/rirl/lib/python3.10/site-packages/jax/_src/xla_bridge.py", line 442, in discover_pjrt_plugins
    plugin_module.initialize()
  File "/jet/home/pghanem/.conda/envs/rirl/lib/python3.10/site-packages/jax_plugins/xla_cuda12/__init__.py", line 324, in initialize
    _check_cuda_versions(raise_on_first_error=True)
  File "/jet/home/pghanem/.conda/envs/rirl/lib/python3.10/site-packages/jax_plugins/xla_cuda12/__init__.py", line 281, in _check_cuda_versions
    local_device_count = cuda_versions.cuda_device_count()
RuntimeError: jaxlib/cuda/versions_helpers.cc:113: operation cuInit(0) failed: Unknown CUDA error 303; cuGetErrorName failed. This probably means that JAX was unable to load the CUDA libraries.
ERROR:jax._src.xla_bridge:Jax plugin configuration error: Exception when calling jax_plugins.xla_cuda12.initialize()
Traceback (most recent call last):
  File "/jet/home/pghanem/.conda/envs/rirl/lib/python3.10/site-packages/jax/_src/xla_bridge.py", line 442, in discover_pjrt_plugins
    plugin_module.initialize()
  File "/jet/home/pghanem/.conda/envs/rirl/lib/python3.10/site-packages/jax_plugins/xla_cuda12/__init__.py", line 324, in initialize
    _check_cuda_versions(raise_on_first_error=True)
  File "/jet/home/pghanem/.conda/envs/rirl/lib/python3.10/site-packages/jax_plugins/xla_cuda12/__init__.py", line 281, in _check_cuda_versions
    local_device_count = cuda_versions.cuda_device_count()
RuntimeError: jaxlib/cuda/versions_helpers.cc:113: operation cuInit(0) failed: Unknown CUDA error 303; cuGetErrorName failed. This probably means that JAX was unable to load the CUDA libraries.
Traceback (most recent call last):
  File "/ocean/projects/cis250114p/pghanem/IRL_Radar_big/main_lax.py", line 75, in <module>
    print(jax.devices())
  File "/jet/home/pghanem/.conda/envs/rirl/lib/python3.10/site-packages/jax/_src/xla_bridge.py", line 942, in devices
    return get_backend(backend).devices()
  File "/jet/home/pghanem/.conda/envs/rirl/lib/python3.10/site-packages/jax/_src/xla_bridge.py", line 876, in get_backend
    return _get_backend_uncached(platform)
  File "/jet/home/pghanem/.conda/envs/rirl/lib/python3.10/site-packages/jax/_src/xla_bridge.py", line 855, in _get_backend_uncached
    bs = backends()
  File "/jet/home/pghanem/.conda/envs/rirl/lib/python3.10/site-packages/jax/_src/xla_bridge.py", line 760, in backends
    assert _default_backend is not None
AssertionError
