[CudaDevice(id=0)]
Using AIRL:  False
Using GAIL:  False
Using RGCL:  False
Experiment State @  2025-07-28 13:12:09.206783-05:00
Experiment Saved @  results/experiment_134
Experiment Settings Saved @  results/experiment_134
134
Using cuda device
Wrapping the env with a `Monitor` wrapper
Wrapping the env in a DummyVecEnv.
Wrapping the env with a `Monitor` wrapper
Wrapping the env in a DummyVecEnv.
t: 0, State: [[ 0.09023063 -0.0181272   0.02977244  0.2738193  -0.20180317 -0.33269007
  -0.22480353 -0.15423737 -0.13694921 -0.16618167 -0.7056461   0.59368617
   5.445677   -3.20630566 -8.98267898 -8.54640677 -5.46974865 -2.38739979]], Action: [[ 1.         -0.22384433 -0.80214554 -1.         -1.         -0.66802543]], Reward: [-0.48325753],Reward_sum: -0.483257532119751, Done: [False]
==========
t: 1, State: [[  0.03718889  -0.09514391   0.03703932  -0.1257335    0.43558271
   -0.43560296  -0.77254035  -0.11846096  -0.14079831  -1.15920664
   -1.92380766  -0.08913184 -12.03305401  14.75282489   1.072989
   -9.25600885   2.93306881   1.08569813]], Action: [[-1.          1.         -1.         -0.7868433   0.1591881   0.02003659]], Reward: [-1.4253213],Reward_sum: -1.908578872680664, Done: [False]
==========
t: 2, State: [[ 0.04491774 -0.17629679 -0.08258528 -0.55570147  0.79284397  0.32459331
  -0.31950018  0.12901264 -0.41617287  0.93012712 -1.47321283 -2.99725876
  -4.78014063  1.07413261 17.45252361 16.66504195  6.51693356 -7.49689448]], Action: [[-1.         1.         1.         0.7954823  1.        -1.       ]], Reward: [-0.40870208],Reward_sum: -2.3172810077667236, Done: [False]
==========
t: 3, State: [[ 1.53583052e-01 -1.37158620e-01  1.13209234e-02 -9.89599618e-02
   1.74384259e-01  6.57245786e-01  3.38530430e-01 -1.02689003e-02
  -5.36165014e-01  2.77948024e+00  1.95420022e+00  3.96719755e+00
   1.25124867e+01 -1.57782318e+01  3.25087045e-01  9.55569005e+00
  -5.47039887e+00  3.84608565e+00]], Action: [[ 0.5243453  -1.          1.          0.49244577  0.40457153  0.0352156 ]], Reward: [1.9050702],Reward_sum: -0.4122108221054077, Done: [False]
==========
t: 4, State: [[  0.24957484  -0.0702102    0.12400301   0.43485467  -0.23083195
    0.07852117   0.15478725  -0.15446456   0.03140608   1.23292809
    0.92080114   1.22263935   7.45176173  -1.13470063 -13.20275999
  -10.89167241  -2.29514022  13.460286  ]], Action: [[ 1.          0.27008885 -0.07996187 -1.         -1.          0.24613236]], Reward: [1.6058434],Reward_sum: 1.1936326026916504, Done: [False]
==========
t: 5, State: [[  0.25132167  -0.02294158   0.20343179   0.33017319   0.10576357
   -0.47038081  -0.50146151  -0.36139407   0.33829461  -0.26317397
    0.69081552   2.5385906   -6.45116484   7.6637083   -0.74171591
  -15.60650339  -3.44472262   0.37587415]], Action: [[ 0.12015767  0.25858653 -1.         -1.         -0.95674926 -0.3336392 ]], Reward: [-0.27586234],Reward_sum: 0.917770266532898, Done: [False]
==========
t: 6, State: [[ 2.61922219e-01  3.48228816e-03  2.25291926e-01 -2.32270564e-01
   6.58120486e-01 -3.45780089e-01 -5.60769534e-01 -6.09526193e-02
   4.00353888e-02  7.20488294e-01  4.50744670e-01 -9.55635541e-01
  -1.16990087e+01  8.58691478e+00  2.52292539e+00  8.01724716e+00
   9.43766410e+00 -7.88043173e+00]], Action: [[-1.          1.         -0.753933    0.56105024  1.          0.12354068]], Reward: [-0.17783439],Reward_sum: 0.7399358749389648, Done: [False]
==========
t: 7, State: [[  0.34907618   0.05125004   0.25876195  -0.3252923    0.02713836
    0.35712834  -0.12299303   0.35634176  -0.64030778   1.8986511
    1.10270065   1.01327534   3.23815743 -19.26325731  15.72590396
    7.81521634   3.92074269 -16.45576391]], Action: [[-0.34994197 -0.6544286   1.          0.06750554  1.         -1.        ]], Reward: [1.3875499],Reward_sum: 2.127485990524292, Done: [False]
==========
t: 8, State: [[  0.45389022   0.0667276    0.2823136    0.11422963  -0.6804235
    0.66054654   0.3212624   -0.07695673  -0.04116991   1.95152813
   -0.27159375  -0.43558967   8.33917487  -6.21190076  -0.06109756
    7.27950211 -11.15923231  18.79734655]], Action: [[ 1.         -0.41690838  1.         -0.04602176 -1.          1.        ]], Reward: [1.6786878],Reward_sum: 3.806173801422119, Done: [False]
==========
t: 9, State: [[  0.51320648   0.05030631   0.22580538   0.46153989  -0.66872472
   -0.26218952   0.03162367  -0.3128697    0.53565419   0.65795006
   -0.4778206   -1.19908098   4.96731906   3.38160391 -21.21107337
  -12.30705182  -1.27072472  -0.90989695]], Action: [[ 1.         -1.         -1.         -1.         -1.          0.86390495]], Reward: [0.61169195],Reward_sum: 4.417865753173828, Done: [False]
==========
t: 10, State: [[ 4.98254088e-01 -1.38460659e-02  1.78020147e-01  1.96121312e-02
   4.51801556e-01 -4.32425090e-01 -6.50698735e-01 -1.14970762e-01
   2.90790924e-02 -3.72034855e-01 -1.81599257e+00 -7.06384787e-01
  -1.12154745e+01  2.20359531e+01  1.11911258e+00 -1.13097550e+01
   4.63397073e+00 -1.36003526e+01]], Action: [[-0.65177035  1.         -1.         -0.6101717  -0.11889277 -0.5643523 ]], Reward: [-0.61202216],Reward_sum: 3.8058435916900635, Done: [False]
==========
t: 11, State: [[ 0.54333094 -0.09307484  0.08939993 -0.44676227  0.8394467   0.36129716
  -0.45635131  0.15182798 -0.59696687  1.68998552 -1.28176218 -2.01746246
  -6.12142761 -3.0104848  18.22794077 11.36202898  4.28748028  0.83710803]], Action: [[-1.          1.          1.          0.56284744  1.         -1.        ]], Reward: [0.36985737],Reward_sum: 4.175701141357422, Done: [False]
==========
t: 12, State: [[  0.69615748  -0.12174264   0.06465014   0.23257904  -0.27971406
    0.76972114   0.40223929  -0.24941223  -0.33349357   3.21430557
   -0.88253614  -1.10254493  17.29152449 -25.32816956   1.2348827
   17.6644698   -9.25066946   7.05835942]], Action: [[ 1.         -1.          1.          1.         -0.05390363  0.6570332 ]], Reward: [2.613071],Reward_sum: 6.788772106170654, Done: [False]
==========
t: 13, State: [[  0.82980874  -0.10908814   0.12030189   0.65819337  -0.53739363
    0.23133861   0.31849911  -0.31349132   0.22656013   1.82986631
    0.3898414    1.0707399    4.6052964   -2.62803252 -13.61812884
  -12.0119079    1.57330754  11.6443226 ]], Action: [[ 1.         -1.          0.00561702 -0.92242736 -1.          0.3474884 ]], Reward: [2.27586],Reward_sum: 9.064632415771484, Done: [False]
==========
t: 14, State: [[  0.83998042  -0.04915627   0.09206337   0.30410302   0.30210344
   -0.45007098  -0.12345127  -0.25262325   0.49850796  -0.36355572
    1.01031123  -0.2083952  -10.7337183   18.97460049  -2.33108459
  -13.64217179   3.04877116  -2.308552  ]], Action: [[ 0.31510955  1.         -1.         -1.         -0.78873545 -0.5159198 ]], Reward: [-0.19532344],Reward_sum: 8.869309425354004, Done: [False]
==========
t: 15, State: [[ 8.51145119e-01 -1.50382802e-02  7.12613606e-02 -4.20510195e-01
   8.19463226e-01  2.93314594e-01 -4.02574781e-01  1.86168540e-01
   7.11272548e-02  9.49055346e-01  5.56694167e-01 -7.38625296e-01
  -1.26900457e+01  1.94729363e+00  1.82915849e+01  8.67524638e-01
   9.13181952e+00 -1.01880436e+01]], Action: [[-1.          1.          1.          0.31917512  1.          0.05202936]], Reward: [-0.18716401],Reward_sum: 8.682144165039062, Done: [False]
==========
t: 16, State: [[ 0.94347319  0.02718441  0.09291018 -0.31685885  0.44183792  0.72354841
  -0.2754743   0.52493202 -0.48772431  2.17705269  0.77468391  0.85827305
   7.73702116 -9.54130945  1.7118592   3.28591649  4.28639554 -9.56542623]], Action: [[-0.00482859  0.77396846  1.         -0.40716058  0.80888367 -0.86932856]], Reward: [1.5290759],Reward_sum: 10.211219787597656, Done: [False]
==========
t: 17, State: [[ 1.05986184e+00  5.63773424e-02  2.02806739e-01  3.80045476e-01
  -5.63322393e-01  5.65250583e-01 -1.98522610e-01  1.47993558e-02
  -1.74913751e-01  1.97484266e+00 -5.84341598e-02  1.69532199e+00
   1.25233907e+01 -1.86149282e+01 -4.44710038e+00 -1.02637103e+00
  -1.44950596e+01  1.35940600e+01]], Action: [[ 1.        -1.         1.        -1.        -1.         0.7482395]], Reward: [1.7717869],Reward_sum: 11.983006477355957, Done: [False]
==========
t: 18, State: [[ 1.11214266e+00 -4.44667934e-03  1.98388872e-01  5.68207524e-01
  -2.48080598e-01 -3.71341026e-01 -5.31787389e-01 -5.38614766e-01
   5.55859764e-01  6.99558498e-01 -1.72853786e+00 -6.32344359e-01
   6.53608080e-01  1.55449333e+01 -1.91787295e+01 -9.62860110e+00
  -7.55992400e+00  1.21572009e+01]], Action: [[ 1.          0.36506093 -1.         -1.         -1.          0.82570785]], Reward: [0.56411004],Reward_sum: 12.54711627960205, Done: [False]
==========
t: 19, State: [[  1.10691354  -0.08487487   0.21078044  -0.04451947   0.73468815
   -0.44519177  -1.0265871   -0.33976523   0.04222326  -0.07805332
   -1.59223234   0.27088711 -16.13496307  14.2790629    2.25840984
   -6.319487     7.72314064 -17.0586064 ]], Action: [[-1.          1.         -1.         -1.         -0.06713612 -1.        ]], Reward: [-0.6050332],Reward_sum: 11.942083358764648, Done: [False]
==========
t: 20, State: [[ 1.17927478 -0.14045415  0.11354992 -0.52744935  0.71023718  0.34281778
  -0.45813678  0.17468109 -0.62803548  2.23846861 -1.10421697 -2.56522475
  -4.02549483 -5.86905818 17.50776182 17.29246383 10.97335326  2.0945383 ]], Action: [[-0.8136694   1.          1.          0.43361348  1.         -0.8027321 ]], Reward: [0.9977792],Reward_sum: 12.939862251281738, Done: [False]
==========
t: 21, State: [[  1.34953957  -0.12233317   0.10669335   0.10140769  -0.13566788
    0.69375266   0.23699436  -0.18963621  -0.46199323   4.1940494
    1.16379804   1.56958439  14.18682439 -12.18360124  -0.2167725
   11.85212033  -6.64314981   6.03301512]], Action: [[ 1.         -1.          1.          0.43197036  0.07108994 -0.06416179]], Reward: [3.0857189],Reward_sum: 16.02558135986328, Done: [False]
==========
t: 22, State: [[  1.49787569  -0.07773272   0.1429841    0.60711664  -0.49950876
    0.05281306   0.12608122  -0.32098428   0.15416613   2.06906554
    0.98849294   0.02515205   5.74087235  -2.01422121 -14.63818063
   -7.2930241   -3.1301322   13.44994143]], Action: [[ 1.         -0.64213616 -0.24925297 -1.         -1.          0.4420758 ]], Reward: [2.5997326],Reward_sum: 18.625314712524414, Done: [False]
==========
t: 23, State: [[  1.53928493  -0.05483042   0.17883899   0.2625989    0.2203318
   -0.50444838  -0.56516299  -0.37596967   0.19095793   0.61580082
    0.05291529   1.40677213 -10.49121491  16.05736119   0.24988118
  -14.90316534  -0.60548205  -6.8152137 ]], Action: [[ 0.04903409  0.680554   -1.         -1.         -1.         -1.        ]], Reward: [0.38162908],Reward_sum: 19.006942749023438, Done: [False]
==========
t: 24, State: [[ 1.62188325e+00 -5.30044489e-02  1.30612791e-01 -3.33464119e-01
   8.07308595e-01 -3.98758144e-02 -3.59521909e-01 -4.31188233e-02
  -3.99069370e-01  2.43785680e+00  8.96660719e-03 -2.19430722e+00
  -1.07179744e+01  5.82164550e+00  1.05075227e+01  1.41044716e+01
   9.54354749e+00 -1.16693930e+01]], Action: [[-1.         1.         0.0499602  1.         1.        -0.5245238]], Reward: [1.2242042],Reward_sum: 20.23114776611328, Done: [False]
==========
t: 25, State: [[  1.75508155  -0.02741018   0.10493296  -0.44599697   0.36975698
    0.55733765  -0.0941919    0.45384871  -0.56365957   2.47527789
    0.94673709  -0.52185529   2.44540772 -13.14871336   9.20400544
    0.62218776   3.91916605   1.85801359]], Action: [[-0.54477006  0.31845284  1.         -0.60307294  1.         -1.        ]], Reward: [2.2877777],Reward_sum: 22.518924713134766, Done: [False]
==========
t: 26, State: [[ 1.90536984e+00  1.29515192e-02  1.24429511e-01  2.09486972e-01
  -6.70380968e-01  6.20261445e-01  5.21412651e-02 -8.16966936e-02
   1.54578850e-01  3.00173256e+00  1.35588522e-01 -4.89166280e-01
   1.34498143e+01 -1.71138621e+01 -2.57760964e+00  2.75428744e+00
  -1.43506692e+01  1.85686232e+01]], Action: [[ 1.         -0.92531544  1.         -0.27453613 -0.99511826  1.        ]], Reward: [2.5135818],Reward_sum: 25.032506942749023, Done: [False]
==========
t: 27, State: [[  2.01316561  -0.02388268   0.03463916   0.53859448  -0.62035699
   -0.32337514  -0.27207596  -0.47060086   0.55341951   1.72952489
   -1.21448339  -1.98545217   2.73357991   8.96598136 -20.46747579
  -11.40680634  -3.59669699  -1.73014141]], Action: [[ 1.         -0.56556475 -1.         -1.         -1.          1.        ]], Reward: [1.6239291],Reward_sum: 26.656436920166016, Done: [False]
==========
t: 28, State: [[  2.06186093  -0.12167252  -0.04313645   0.04132655   0.54785881
   -0.44168839  -0.94652265  -0.20796917  -0.11958013   1.05072406
   -2.31917052  -1.41264902 -12.15187278  20.75518445   1.91574557
  -10.81820997   7.46026748 -17.58236559]], Action: [[-0.6740886   1.         -1.         -1.         -0.15416889 -1.        ]], Reward: [0.5260899],Reward_sum: 27.182527542114258, Done: [False]
==========
t: 29, State: [[ 2.17496932 -0.1936587  -0.21928973 -0.44273156  0.79086346  0.37512852
  -0.47876501  0.14307216 -0.60222967  2.948417   -1.04312736 -4.25124242
  -6.27139369 -3.84825131 18.30631485 17.73860176  6.5394398   3.27112121]], Action: [[-1.         1.         1.         0.6734941  1.        -1.       ]], Reward: [1.7168083],Reward_sum: 28.899335861206055, Done: [False]
==========
t: 30, State: [[  2.41911468  -0.13843585  -0.09021571   0.22538324   0.13235671
    0.78869336   0.39338668   0.26861227  -0.08011944   5.39097389
    0.76000037   4.70772367  17.08204703 -21.34214106   2.90526801
   14.9468521    3.11762934  13.15575897]], Action: [[ 1.         -1.          1.          0.4871561   0.10390352  0.16058   ]], Reward: [4.555517],Reward_sum: 33.45485305786133, Done: [False]
==========
t: 31, State: [[ 2.60796119 -0.13441128  0.14415258  0.70746768 -0.71448609  0.58442402
   0.43850819  0.26284648  0.56723644  2.7319233  -0.02783188  4.36290326
   3.61751247 -9.59583649 -6.74660455 -6.37777779 -3.18982516  4.95255893]], Action: [[ 1.        -1.         0.8228259 -1.        -1.         0.5157617]], Reward: [3.282625],Reward_sum: 36.73748016357422, Done: [False]
==========
t: 32, State: [[  2.69887676  -0.09864295   0.26142335   0.27938343   0.15707639
   -0.37144425   0.37803342   0.21262491   0.53161675   1.33179912
    1.10791595   1.90900009 -11.50523771  22.20492867 -18.79451235
   -1.09576266   0.37782619  -0.93537044]], Action: [[ 0.1923037   1.         -1.         -1.         -1.         -0.38757044]], Reward: [1.3995923],Reward_sum: 38.1370735168457, Done: [False]
==========
t: 33, State: [[ 2.75809227e+00 -5.04370349e-03  3.81587804e-01 -4.90167543e-01
   7.87855221e-01 -4.56215010e-01  5.16445761e-03  7.84521602e-01
   2.09365610e-01  1.41809844e+00  2.13480665e+00  3.04346739e+00
  -1.39393976e+01  3.55538396e+00  1.81282649e+00 -8.94993900e+00
   1.35141353e+01 -8.99298748e+00]], Action: [[-1.  1. -1. -1.  1. -1.]], Reward: [0.58431005],Reward_sum: 38.72138214111328, Done: [False]
==========
t: 34, State: [[  2.89479136   0.09152143   0.63332496  -0.52907019   0.2456059
    0.27881129   0.1439471    0.61493866  -0.30196677   3.04467729
    1.50644477   5.40892268   2.40689881 -13.47848747  17.42522439
    7.90432249  -9.52365502  -9.08629405]], Action: [[-1.          0.14898224  1.          0.98978245  1.         -0.40239733]], Reward: [2.3176029],Reward_sum: 41.03898620605469, Done: [False]
==========
t: 35, State: [[  3.06661612   0.13617548   0.91871743   0.09706123  -0.68900549
    0.67562903   0.52971951  -0.2475398   -0.03074891   3.14567599
    0.22477334   4.15779983  13.28464998 -14.01517449   1.64379963
    5.54844849 -15.69569591  12.206517  ]], Action: [[ 1.         -0.6884074   1.          0.30727023 -1.          1.        ]], Reward: [2.9796634],Reward_sum: 44.01865005493164, Done: [False]
==========
t: 36, State: [[  3.18416736   0.14693354   0.98083713   0.52421419  -0.52276847
    0.0319257    0.1811649   -0.53388365   0.5392295    1.85072908
    0.29713278   0.20429055   6.01605674  10.78665176 -15.04853106
  -13.29458209  -0.87315898   8.69083371]], Action: [[ 1.         -0.36205775 -0.31163925 -0.53747857 -1.          0.56767017]], Reward: [2.067091],Reward_sum: 46.08573913574219, Done: [False]
==========
t: 37, State: [[  3.22139891   0.24039492   1.04751918   0.02716629   0.63062269
   -0.46220933  -0.35698225  -0.28170377   0.35875064   0.5495434
    2.61267471   2.35908191 -16.07244079  19.60357156  -0.38151131
   -7.21313017   6.20953901  -7.75929895]], Action: [[-0.99410045  1.         -1.         -1.         -0.5627475  -1.        ]], Reward: [0.21413906],Reward_sum: 46.29987716674805, Done: [False]
==========
t: 38, State: [[  3.29797134   0.33966634   1.19816753  -0.55808758   0.74561872
    0.27274058  -0.63743076   0.34332379  -0.38109877   2.50010142
    1.33698908   3.76540842  -0.54305217  -8.0687084   16.32457574
   -3.09085469  12.37228502 -15.81761402]], Action: [[-1.         1.         1.        -0.6299825  1.        -1.       ]], Reward: [0.9917608],Reward_sum: 47.2916374206543, Done: [False]
==========
t: 39, State: [[  3.47187787   0.33367674   1.41468486   0.164985    -0.30712313
    0.69569023  -0.31239553   0.30375822  -0.3792309    3.0317904
   -1.01519671   3.25310061  16.12610017 -21.01722648   2.65209491
   10.88454508  -5.17868109   8.86743519]], Action: [[ 0.7908454  -0.62807363  1.         -0.00708467  0.2557344   0.66564816]], Reward: [3.2252855],Reward_sum: 50.51692199707031, Done: [False]
==========
t: 40, State: [[ 3.56116426  0.30652296  1.55289931  0.62068423 -0.80818535  0.37154676
  -0.10008653 -0.15319793  0.29913324  1.29229066 -0.03510535  2.56605323
   3.27203266 -0.52207058 -8.74911136 -1.18301009 -9.39705349 13.55889787]], Action: [[ 1.         -1.          0.46929142 -1.         -1.          0.46201617]], Reward: [1.3423586],Reward_sum: 51.85927963256836, Done: [False]
==========
t: 41, State: [[  3.595395     0.34129822   1.64912458   0.32217241   0.28214334
   -0.44637152  -0.46746657  -0.46189961   0.29120705   0.47931223
    0.80116511   1.95571681  -5.77747139  23.72755212 -14.45106111
   -9.9556927   -4.05925708  -8.13840706]], Action: [[ 0.4151305   1.         -1.         -1.         -1.         -0.88171715]], Reward: [0.18963882],Reward_sum: 52.048919677734375, Done: [False]
==========
t: 42, State: [[  3.66036626   0.37399573   1.81616002  -0.2382337    0.814235
   -0.42239171  -1.01706876  -0.12174126  -0.44311684   1.85792094
    0.07812279   3.91506995 -11.52952229  -1.22896228   0.6747706
   -8.01683021   9.75615043 -15.59394343]], Action: [[-1.          1.         -1.         -1.          0.47193867 -1.        ]], Reward: [0.7771526],Reward_sum: 52.826072692871094, Done: [False]
==========
t: 43, State: [[  3.80867614   0.26485663   1.94712898  -0.17566669  -0.16295019
    0.32817333  -0.37574783   0.21355148  -0.37249122   2.74650622
   -3.1937936    2.2236832    6.33806933 -23.32167712  17.67202255
   19.98796973   7.5621378    8.50897744]], Action: [[-0.2508589 -1.         1.         0.9366162  1.         0.2186033]], Reward: [2.5674007],Reward_sum: 55.39347457885742, Done: [False]
==========
t: 44, State: [[ 3.86894399  0.11543819  2.12189339  0.15499429 -0.89797319  0.69652411
   0.38748188  0.1970343   0.29111681  0.4811662  -2.41798569  3.23938055
   1.89476411  0.42239166 -0.22317964 11.53080939 -3.22259567 13.33929244]], Action: [[ 1.         -1.          1.         -0.26303452 -1.          0.25216305]], Reward: [0.79207975],Reward_sum: 56.18555450439453, Done: [False]
==========
t: 45, State: [[ 3.92387654e+00  7.39470590e-03  2.26611947e+00  2.84859592e-01
  -6.87924954e-01  1.53949551e-01  3.42285474e-01  8.06461210e-02
   4.77205703e-01  1.52568931e+00 -2.12862817e+00  2.54296718e+00
   3.48111143e+00  4.84388113e+00 -1.22186772e+01 -7.88572022e+00
  -3.04300273e+00 -2.47171059e+00]], Action: [[ 1.         -1.          0.08427447 -1.         -1.         -0.60284853]], Reward: [0.6615982],Reward_sum: 56.84715270996094, Done: [False]
==========
t: 46, State: [[ 4.01981080e+00  1.16233945e-02  2.41713036e+00  1.13947973e-02
   3.42770879e-01 -4.53669525e-01 -4.22223267e-01 -1.86996955e-01
  -7.23100832e-02  1.72824799e+00  2.14275841e-01  3.63693197e+00
  -4.20117396e+00  2.03850236e+01 -3.29914920e+00 -1.80436894e+01
  -5.25161939e+00 -1.44002966e+01]], Action: [[ 0.00322475  1.         -0.92529327 -1.         -0.8558562  -1.        ]], Reward: [1.4598184],Reward_sum: 58.30697250366211, Done: [False]
==========
t: 47, State: [[ 4.09242068 -0.04861387  2.55229062 -0.1807886   0.83841892  0.17399766
  -0.4938448  -0.22874354 -0.58017315  1.49252857 -2.35205556  2.24421593
  -3.76614947 -0.888645   16.43306709  9.36532422  1.00871638  1.17454215]], Action: [[-1.          1.          0.58283055  1.          0.70112395 -0.48418415]], Reward: [1.0456276],Reward_sum: 59.352596282958984, Done: [False]
==========
t: 48, State: [[  4.14446723  -0.20251395   2.7975869    0.25430917  -0.20165608
    0.71006402   0.14847295  -0.24739188   0.04562309   1.17258395
   -1.83099837   6.67914394   9.23775201 -25.01409886   4.77373126
   10.38639849  -0.26208383  16.73874995]], Action: [[ 1.         -1.          1.          0.6571161  -0.25045878  1.        ]], Reward: [0.5914778],Reward_sum: 59.94407272338867, Done: [False]
==========
t: 49, State: [[  4.24168621  -0.2540632    3.08953345   0.49502994  -0.85759529
    0.34428811   0.01658887  -0.10836032   0.56270483   2.47748589
   -0.66523445   5.03262888  -0.3023437    0.16843201 -11.10041047
   -7.98769439   2.394428    -1.71524407]], Action: [[ 1.         -1.          0.35146216 -1.         -1.          1.        ]], Reward: [1.4320271],Reward_sum: 61.3760986328125, Done: [False]
==========
t: 50, State: [[ 4.38941540e+00 -2.61821465e-01  3.28474542e+00  2.39384028e-01
   2.04024100e-01 -5.16289837e-01 -4.96387211e-01 -1.49994144e-01
  -2.30656199e-02  3.00537161e+00  2.70228671e-02  3.74295102e+00
  -2.19462759e+00  2.32211768e+01 -1.40883353e+01 -1.06269526e+01
  -3.33404433e+00 -1.56478570e+01]], Action: [[ 0.6376778   1.         -1.         -1.         -0.86634576 -1.        ]], Reward: [2.438865],Reward_sum: 63.814964294433594, Done: [False]
==========
t: 51, State: [[ 4.52893677 -0.30815626  3.50487574  0.04441865  0.83337754 -0.03831092
  -0.75975075 -0.22070877 -0.59845493  2.35229969 -1.78752078  4.93783045
  -4.59869912  0.11998346 14.2360169  -0.62988333 -1.41783431  1.5000233 ]], Action: [[-0.59425396  1.          0.20628357 -0.22275558  0.18059643 -1.        ]], Reward: [2.5426347],Reward_sum: 66.35759735107422, Done: [False]
==========
t: 52, State: [[  4.5479575   -0.38865883   3.69902634   0.52517623  -0.09444745
    0.65369179   0.06460507  -0.42764078   0.02647229   0.22168794
    0.67819458   0.27384782  16.77806056 -17.40234479   9.85673268
   24.76010789  -0.19574081  16.90898238]], Action: [[ 1.         -1.          1.          0.9194248  -0.54350746  1.        ]], Reward: [-0.13365963],Reward_sum: 66.22393798828125, Done: [False]
==========
t: 53, State: [[ 4.63530532 -0.36770764  3.76907003  0.86638763 -0.60321184  0.73135843
   0.31505261 -0.05774216  0.57733674  2.40647599  0.08582903  1.75722433
   0.52960315 -3.06179817 -2.894727   -3.94925642  8.1739908  -1.12505122]], Action: [[ 1.         -1.          1.         -1.         -1.          0.24570064]], Reward: [1.2409195],Reward_sum: 67.46485900878906, Done: [False]
==========
t: 54, State: [[  4.78899527  -0.34503956   3.82633757   0.47457245   0.19450941
   -0.02320101  -0.11035741   0.04286782   0.19047513   3.62440316
   -0.12647647   2.10065286 -11.77602562  17.45360267 -15.90578149
  -11.98733127  -3.03651759 -10.56412339]], Action: [[ 0.48416525  0.6490001  -0.36081165 -1.         -1.         -0.5231508 ]], Reward: [2.7678502],Reward_sum: 70.23271179199219, Done: [False]
==========
t: 55, State: [[  4.93168163  -0.26986514   3.88879336  -0.24308734   0.84416168
   -0.2142644   -0.36825378  -0.05848067  -0.52280721   2.54254982
    1.45378339   1.38789794 -16.22697419   5.57137893   1.98480381
   -2.57714102  -1.66982766 -13.84571036]], Action: [[-1.          1.         -0.0235815  -0.0627321   0.18956818 -1.        ]], Reward: [2.5496845],Reward_sum: 72.78239440917969, Done: [False]
==========
t: 56, State: [[ 4.97363257 -0.18132352  3.92618479 -0.23920629  0.57565734  0.32024552
   0.04451312 -0.07119161 -0.45175379  0.22748566  1.93450011  0.49962701
   7.26402934 -7.94769701 11.92802512 12.36563382  2.85628134  3.48776711]], Action: [[ 0.28827667  1.          0.99633664  0.79450107  0.47650778 -0.45196652]], Reward: [0.5251832],Reward_sum: 73.30757904052734, Done: [False]
==========
t: 57, State: [[  4.97995589  -0.11655654   4.03739195   0.41042581  -0.47691562
    0.65833177   0.16186214  -0.06055563   0.08168931   0.62841343
    0.93999903   1.89380853  11.89017507 -20.70150842   2.53104064
   -3.08688728  -1.55874359  12.78551601]], Action: [[ 1.         -1.          1.         -0.7545745  -0.96513003  0.32505864]], Reward: [-0.33418578],Reward_sum: 72.97339630126953, Done: [False]
==========
t: 58, State: [[  5.07251795  -0.1042768    4.08730038   0.5993057   -0.56786942
   -0.22298133  -0.31737031  -0.22358654   0.55298219   2.43877016
   -0.10124237   1.01428638  -0.88306873   7.04810575 -21.5326329
  -12.40071011  -4.34434903   5.46874457]], Action: [[ 1.        -0.4250052 -1.        -1.        -1.         0.3328187]], Reward: [1.4221014],Reward_sum: 74.39550018310547, Done: [False]
==========
t: 59, State: [[  5.22388302  -0.11800626   4.14293188   0.17633682   0.44292343
   -0.46614996  -0.89596464  -0.43868481   0.06146199   2.96718181
   -0.18307308   1.02113958  -7.82744543  18.94204585   2.25014715
   -9.07614664  -4.15757409 -16.05188733]], Action: [[ 0.08382012  1.         -1.         -1.         -1.         -1.        ]], Reward: [2.526599],Reward_sum: 76.9220962524414, Done: [False]
==========
t: 60, State: [[ 5.30638429 -0.14841725  4.08738596 -0.30797522  0.82089311  0.40100172
  -0.47073072 -0.1410131  -0.63045565  0.83790725 -0.72455764 -1.81577709
  -8.72781477 -2.06681015 19.262006   16.24924078 10.32968507  2.03043128]], Action: [[-1.          1.          1.          0.62895733  1.         -1.        ]], Reward: [1.1104666],Reward_sum: 78.03256225585938, Done: [False]
==========
t: 61, State: [[  5.28651235  -0.16556708   4.1549457    0.19958517  -0.30068818
    0.79241814   0.167612     0.34988598  -0.22703738  -0.13989348
   -0.11100203   2.20167738  14.13309339 -26.25096033   0.14878931
    9.86029161   8.58447077  10.41918977]], Action: [[ 1.         -1.          1.          0.07873029  0.18828739 -0.27284324]], Reward: [-0.7090482],Reward_sum: 77.32351684570312, Done: [False]
==========
t: 62, State: [[ 5.34970579 -0.22308893  4.2280753   0.49464253 -0.83285017  0.47659324
   0.23021503  0.29024739  0.55760096  1.84745397 -1.94951642  0.91400871
  -0.33061455  2.23680139 -7.61024533 -3.67107317 -6.61567958 15.5484992 ]], Action: [[ 1.         -1.          0.8605693  -1.         -1.          0.72987384]], Reward: [0.73653924],Reward_sum: 78.06005859375, Done: [False]
==========
t: 63, State: [[  5.43613855  -0.20706978   4.25292313  -0.08473977   0.34677772
   -0.31248222  -0.06442507   0.21645792   0.1719545    2.21340227
    0.22482607   0.15720979 -17.57285563  21.18878915 -13.79581636
   -9.28531919  -0.37767316 -13.44474863]], Action: [[-1.          1.         -1.         -1.         -0.07922612 -1.        ]], Reward: [1.2280275],Reward_sum: 79.28807830810547, Done: [False]
==========
t: 64, State: [[  5.51040383  -0.16774079   4.28726507  -0.56589144   0.72403186
   -0.29470725  -0.41563666   0.37661487  -0.60101779   0.55904692
    1.14499515   1.45164528   1.26550501  -1.55246695   6.01745509
   -4.44829246   3.24404182 -13.89158362]], Action: [[-1.          1.          0.17603233 -0.29069573  1.         -1.        ]], Reward: [1.0737563],Reward_sum: 80.36183166503906, Done: [False]
==========
t: 65, State: [[ 5.52824773 -0.11040179  4.34492149 -0.48501314  0.53594086  0.43652808
  -0.34846232  0.16317778 -0.36591207  0.34978434  1.11515371  0.8113154
   1.6009326  -3.71625963 14.52401344  4.14191661 -5.77493409  7.13182736]], Action: [[-1.          1.          1.         -0.09882995  0.34390265 -0.2041002 ]], Reward: [0.03990882],Reward_sum: 80.40174102783203, Done: [False]
==========
t: 66, State: [[  5.50047037  -0.03957138   4.45555579   0.27235249  -0.44266998
    0.7083747   -0.04681787  -0.35305096   0.32896982  -0.23018121
    1.51503463   1.39809644  16.48201113 -20.70069885  -0.06841164
    5.96067802  -8.89302707  15.22118867]], Action: [[ 1.         -1.          1.         -0.15817872 -0.7998289   1.        ]], Reward: [-1.022022],Reward_sum: 79.37972259521484, Done: [False]
==========
t: 67, State: [[  5.53231687  -0.02253411   4.47401531   0.6225946   -0.75067775
    0.07099897  -0.22715498  -0.47408725   0.55523507   0.67961013
   -0.21367746   0.63365575  -4.12861897   3.07324123 -12.28837762
   -8.43197052   0.37635602  -2.2086246 ]], Action: [[ 1.         -0.9447252  -0.28702617 -1.         -1.          1.        ]], Reward: [0.13944116],Reward_sum: 79.5191650390625, Done: [False]
==========
t: 68, State: [[  5.61791315  -0.08045063   4.48427382  -0.29409041   0.4067756
   -0.46253655  -0.73501355  -0.40929306  -0.08491273   2.14363427
   -1.06495928  -0.43293207 -20.41295895  21.777616    -0.88310488
   -8.18641066   0.80527768 -16.65056333]], Action: [[-1.  1. -1. -1. -1. -1.]], Reward: [1.1119255],Reward_sum: 80.63108825683594, Done: [False]
==========
t: 69, State: [[ 5.64461771 -0.08493945  4.3845112  -0.57072243  0.73201066  0.19495678
  -0.51905012  0.03096939 -0.5785338  -0.39501016  0.21689616 -2.28714703
   3.48523617 -1.13197347 16.72126374  9.12604521 11.59966503  2.43454951]], Action: [[-1.          1.          1.          0.03257954  1.         -1.        ]], Reward: [0.03398511],Reward_sum: 80.66506958007812, Done: [False]
==========
t: 70, State: [[ 5.57760418e+00 -5.18267449e-02  4.40455764e+00  3.10767750e-01
  -3.32671862e-01  7.04771297e-01  1.52237730e-02  6.90162996e-02
  -2.12185570e-01 -8.65007166e-01  7.68935539e-01  3.73072804e-01
   1.80607971e+01 -2.42168593e+01  4.61522597e+00  1.06912063e+01
  -3.32955115e+00  8.76021972e+00]], Action: [[ 0.9552595 -1.         1.        -0.1430744 -0.6403506 -0.3232392]], Reward: [-1.685023],Reward_sum: 78.98004913330078, Done: [False]
==========
t: 71, State: [[ 5.58427045e+00 -8.60076154e-02  4.39822104e+00  6.23743274e-01
  -8.28692220e-01  6.59516187e-01  1.27328220e-02 -1.55854731e-01
   5.09677359e-01  4.06726945e-01 -1.53708595e+00 -6.23655534e-02
  -3.38498271e+00  5.23708929e-01 -2.34800232e+00 -6.44145685e+00
  -4.78159212e+00  1.48835997e+01]], Action: [[ 1.      -1.       1.      -1.      -1.       0.93691]], Reward: [-0.45445466],Reward_sum: 78.52559661865234, Done: [False]
==========
t: 72, State: [[  5.64491462  -0.19657552   4.35650106   0.10932503  -0.11938381
   -0.28143151  -0.52252351  -0.12548743   0.38056868   1.63209545
   -2.19381346  -1.26470694 -10.18764853  13.82656475 -21.03698753
  -10.92051237   2.15514315  -8.43247314]], Action: [[ 0.35559046  0.14207472 -1.         -1.         -0.35802606 -0.0927849 ]], Reward: [0.98454124],Reward_sum: 79.51013946533203, Done: [False]
==========
t: 73, State: [[  5.66789297  -0.15587501   4.29040822  -0.35925949   0.60651934
   -0.43090566  -0.55431403  -0.05833667  -0.38773459   0.35254798
    0.76441756  -1.52439524  -9.90873197  11.11129364   1.27016728
    1.5436559    1.5643358  -16.22017932]], Action: [[-1.          1.         -0.8622957  -0.47379148  0.08818345 -1.        ]], Reward: [0.06198617],Reward_sum: 79.57212829589844, Done: [False]
==========
t: 74, State: [[ 5.64566506 -0.12408531  4.23802589 -0.53406226  0.65544736  0.28346999
  -0.49336138  0.13147312 -0.51743641 -0.92174144  0.52056293 -0.62687966
   1.86550993 -4.18737178 16.32849726  1.1227652   4.74954044  0.88447468]], Action: [[-0.7515198   1.          1.         -0.706912    0.48606932 -1.        ]], Reward: [-0.87463534],Reward_sum: 78.69749450683594, Done: [False]
==========
t: 75, State: [[  5.54029391  -0.07574112   4.27667411   0.29886724  -0.39998215
    0.70921833  -0.06385378  -0.18697475  -0.12220314  -1.81889529
    1.24979204   0.06406608  17.93161595 -22.49702115   2.79580335
   11.16662892  -8.51333535  10.40204018]], Action: [[ 1.         -1.          1.          0.10451221 -0.7236612   0.22397612]], Reward: [-2.4659002],Reward_sum: 76.23159790039062, Done: [False]
==========
t: 76, State: [[  5.50857489  -0.07714542   4.2431148    0.71768517  -0.78763194
    0.27998675  -0.09735908  -0.40255859   0.57686212  -0.13635923
   -0.91060997  -0.64863889   1.64870376   1.98717644 -11.25683998
   -7.65222784  -2.08132864  13.42040568]], Action: [[ 1.         -1.          0.19732556 -0.9812081  -1.          1.        ]], Reward: [-1.134551],Reward_sum: 75.0970458984375, Done: [False]
==========
t: 77, State: [[  5.56097281  -0.18702631   4.2338246   -0.09996673   0.44800049
   -0.46023837  -0.70345268  -0.25338189   0.09599707   1.54654835
   -2.28947587  -0.30330131 -19.97319415  23.81934119 -12.36313669
  -11.39761134   3.96574527 -15.87709729]], Action: [[-1.         1.        -1.        -1.        -0.5289653 -1.       ]], Reward: [0.519978],Reward_sum: 75.61702728271484, Done: [False]
==========
t: 78, State: [[ 5.54176958e+00 -2.22745545e-01  4.14360138e+00 -5.71920163e-01
   8.23264943e-01  5.52306483e-02 -5.67075439e-01  1.35574189e-01
  -6.15747212e-01 -1.86243859e+00  1.50434238e-02 -1.85745673e+00
   1.55164956e+00 -3.28278782e+00  1.59586227e+01  9.08038084e+00
   7.66135234e+00  1.16090022e+00]], Action: [[-1.          1.          0.87749475 -0.06029591  1.         -1.        ]], Reward: [-0.861428],Reward_sum: 74.75559997558594, Done: [False]
==========
t: 79, State: [[ 5.38677471e+00 -2.13784208e-01  4.17796345e+00  2.85570832e-01
  -3.57824699e-01  6.49348315e-01 -1.96484321e-02  1.04778210e-01
  -2.96568635e-01 -2.73942958e+00  4.16589389e-01  4.68668810e-01
   1.82260561e+01 -2.61940221e+01  7.08427627e+00  1.08534518e+01
  -2.84693324e+00  8.26832037e+00]], Action: [[ 1.         -1.          1.         -0.17157307 -0.34183395 -0.37392414]], Reward: [-3.428508],Reward_sum: 71.32707977294922, Done: [False]
==========
t: 80, State: [[ 5.320937   -0.23507654  4.14862901  0.69987136 -0.79423643  0.63227473
   0.04100292 -0.13169107  0.47787795 -0.75014984 -0.05511419 -1.75140663
   3.72897813  4.75154724 -4.04907681 -2.6678743  -4.87541001 16.64436934]], Action: [[ 1.         -1.          0.98596615 -1.         -1.          1.        ]], Reward: [-1.9139671],Reward_sum: 69.41311645507812, Done: [False]
==========
t: 81, State: [[ 5.34026383e+00 -2.55391869e-01  4.06407438e+00 -3.72494712e-04
   2.09017679e-01 -1.99363809e-01 -3.69570330e-01 -2.89432212e-01
   2.62469949e-01  8.40893435e-01 -3.02590704e-01 -1.43342295e+00
  -1.79010338e+01  1.92633329e+01 -1.92169520e+01 -1.04752072e+01
  -2.25815242e+00 -1.33430844e+01]], Action: [[-1.          0.38044327 -1.         -1.         -0.8779387  -1.        ]], Reward: [-0.10501472],Reward_sum: 69.30810546875, Done: [False]
==========
t: 82, State: [[  5.34711342  -0.24781019   3.95725893  -0.55704223   0.59447986
   -0.19782915  -0.84151465   0.14062305  -0.57440749  -1.0120209
    0.41220556  -1.97748385   0.83155711  -0.98950477   7.73539902
   -6.03389488  10.80522001 -15.56231448]], Action: [[-1.          1.          0.60105443 -1.          0.7599819  -1.        ]], Reward: [-0.35689217],Reward_sum: 68.95121002197266, Done: [False]
==========
t: 83, State: [[ 5.25371459 -0.24225878  3.81586023 -0.38518995  0.1982      0.51239161
  -0.55953163  0.38076005 -0.38990028 -2.11768956  0.03541541 -3.35903524
   3.86998189 -8.9594548  13.26624575 10.99697925  2.46478437  6.27086488]], Action: [[-1.         -0.02487729  1.          0.07953119  1.         -0.19509034]], Reward: [-2.172477],Reward_sum: 66.77873229980469, Done: [False]
==========
t: 84, State: [[  5.12917952  -0.2504143    3.72505199   0.26063166  -0.6502383
    0.68735898  -0.11820174   0.03058126   0.22969383  -2.14850255
   -0.14290528  -1.99520986  12.902712   -14.38425327  -1.82068639
    5.94537284  -9.00415261  13.57941704]], Action: [[ 1.         -1.          1.         -0.84201616 -0.7496731   0.53572696]], Reward: [-2.946502],Reward_sum: 63.83222961425781, Done: [False]
==========
t: 85, State: [[  5.07113721  -0.27363055   3.6046075    0.59044111  -0.70437703
   -0.05292106  -0.2166764   -0.34309213   0.58128518  -0.62223497
   -0.7435837   -2.28230446   2.46392946   5.40430517 -16.18651713
   -6.90872221  -5.44594895  -2.57747237]], Action: [[ 1.         -0.92541164 -0.40520054 -1.         -1.          1.        ]], Reward: [-1.6629037],Reward_sum: 62.16932678222656, Done: [False]
==========
t: 86, State: [[  5.08503074  -0.31068028   3.49851262   0.17272885   0.42922398
   -0.47087336  -0.75162084  -0.4529826   -0.08931637   0.29969787
   -0.66835609  -1.9297388   -9.66073143  21.78492051   1.77507089
  -10.72920732  -0.77533879 -17.30794841]], Action: [[-0.09487377  1.         -1.         -1.         -0.98420787 -1.        ]], Reward: [-0.21989588],Reward_sum: 61.949432373046875, Done: [False]
==========
t: 87, State: [[ 5.03738939 -0.38988359  3.29366231 -0.33991882  0.8385856   0.38599442
  -0.36095563 -0.08629793 -0.5948576  -1.80265524 -2.17258276 -4.83494771
  -8.19399574 -2.88366796 19.39441884 16.15541716 10.43009421  2.9807184 ]], Action: [[-1.         1.         1.         0.8590244  1.        -1.       ]], Reward: [-1.5266192],Reward_sum: 60.42280578613281, Done: [False]
==========
t: 88, State: [[  4.88122586  -0.52050576   3.24851786   0.20423875  -0.32734662
    0.79552888   0.47179593   0.28215928  -0.04232091  -2.91191258
   -1.12169654   4.1611682   11.78929736 -28.88031178   0.17829329
   15.97544474   1.97757034  13.06447681]], Action: [[ 1.         -1.          1.          0.77178955  0.3258507   0.3726524 ]], Reward: [-3.5073414],Reward_sum: 56.91546630859375, Done: [False]
==========
t: 89, State: [[ 4.82214798e+00 -5.62941837e-01  3.34159130e+00  4.51501219e-01
  -8.30415044e-01  9.23009480e-03  5.70820337e-01  3.31566596e-01
   4.59446812e-01 -1.86616403e-01 -1.42131689e-01 -2.13876694e+00
   6.76233571e-01  7.66458783e+00 -1.96547211e+01 -4.21493105e+00
  -8.67070558e-01  6.51653449e+00]], Action: [[ 1.         -1.         -0.2948342  -1.         -1.         -0.28246984]], Reward: [-1.5982293],Reward_sum: 55.317237854003906, Done: [False]
==========
t: 90, State: [[ 4.86359145e+00 -5.61314581e-01  3.31642379e+00 -1.03178772e-01
   3.54706341e-01 -4.85675276e-01  6.04961508e-03  1.25639319e-02
   2.14131740e-01  1.10272585e+00  3.08693533e-01  1.29271244e+00
  -1.30163161e+01  2.15230015e+01  2.11388492e+00 -1.52276834e+01
  -8.56704328e+00 -1.10947599e+01]], Action: [[-0.36191523  1.         -1.         -1.         -1.         -1.        ]], Reward: [0.3157711],Reward_sum: 55.63301086425781, Done: [False]
==========
t: 91, State: [[  4.86966259  -0.54132752   3.37417058  -0.56560092   0.85465335
    0.14931124  -0.39764759  -0.05156147  -0.58324438  -0.66563801
    0.20253543   0.57444794  -3.5033758   -0.52672891  14.16920383
   -1.44105409   1.638958   -15.66740589]], Action: [[-1.          1.          0.526857    0.52722657  0.7742851  -1.        ]], Reward: [-0.29408368],Reward_sum: 55.33892822265625, Done: [False]
==========
t: 92, State: [[ 4.79284167e+00 -5.50200645e-01  3.34419753e+00 -8.69295654e-02
   3.59429188e-01  6.52693620e-01 -1.31937814e-01 -8.97857613e-05
  -1.67234645e-01 -1.91566663e+00 -2.92950792e-01 -1.08174551e+00
   1.31161855e+01 -1.26829470e+01  5.54724676e+00  7.83158512e+00
   2.05418515e+00  1.38170847e+01]], Action: [[0.2473447  0.276981   1.         0.26654422 0.36672276 0.8178889 ]], Reward: [-1.7376555],Reward_sum: 53.60127258300781, Done: [False]
==========
t: 93, State: [[  4.72914848  -0.56169082   3.30365885   0.5831721   -0.48532428
    0.38970724  -0.10044345  -0.09799111   0.48438746  -0.49295886
   -0.07226251  -1.16968804   9.86222209 -13.79936773  -8.63440152
   -3.80125448  -3.94454562  10.27164405]], Action: [[ 0.9671848  -1.          0.34847403 -1.         -1.          0.30747873]], Reward: [-1.6890061],Reward_sum: 51.91226577758789, Done: [False]
==========
t: 94, State: [[  4.74609478  -0.54590628   3.27794364   0.60842304  -0.32675356
   -0.41662962  -0.51974239  -0.37246152   0.43457513   0.52564055
    0.52114416   0.13440823  -3.42619874   9.58217805 -14.87319152
  -10.42252334  -5.71289018  -5.23899535]], Action: [[ 1.         -0.03806569 -0.9072811  -1.         -1.          0.3113218 ]], Reward: [-0.05322688],Reward_sum: 51.859039306640625, Done: [False]
==========
t: 95, State: [[  4.79818418  -0.52726424   3.29462039  -0.1582943    0.58938092
   -0.4324982   -1.00839135  -0.46298453  -0.26369017   0.8442461
    0.28427536  -0.33352293 -17.15504474  15.13772128   1.01648822
   -5.94548588  -0.45940304 -16.45010905]], Action: [[-0.9380636  1.        -1.        -1.        -0.7176689 -1.       ]], Reward: [0.50228673],Reward_sum: 52.36132049560547, Done: [False]
==========
t: 96, State: [[ 4.79189108 -0.54409702  3.26120035 -0.55672692  0.69204431  0.2538077
  -0.75488396 -0.17674276 -0.55326269 -0.54617599 -0.35665321  1.63477572
   1.15076969 -6.26574766 15.14411212  6.59762559  7.34575899  1.76895179]], Action: [[-0.83910024  1.          1.         -0.07940263  0.87701386 -1.        ]], Reward: [-0.5738166],Reward_sum: 51.78750228881836, Done: [False]
==========
t: 97, State: [[  4.72070483  -0.55360271   3.28981238   0.2285266   -0.25436094
    0.6870188   -0.14932898  -0.12069417   0.12328092  -1.43146738
    0.72873846  -1.05914699  17.49242338 -19.71481841   3.60025061
   13.05803245  -0.44055365  17.88180508]], Action: [[ 1.         -1.          1.         -0.14862144 -0.7105793   0.9774583 ]], Reward: [-1.8719686],Reward_sum: 49.91553497314453, Done: [False]
==========
t: 98, State: [[ 4.71501302 -0.50514329  3.24527644  0.69007067 -0.74857245  0.49230393
  -0.01156397 -0.13280337  0.58091654  0.77462184  0.85017644 -0.60573045
   2.73446459 -1.52159634 -6.20375469 -2.97891484 -0.81054584 -2.61406244]], Action: [[ 1.        -1.         0.7111583 -1.        -1.         0.7281043]], Reward: [-0.6174244],Reward_sum: 49.29811096191406, Done: [False]
==========
t: 99, State: [[  4.81839056  -0.45231779   3.21831506   0.20224962   0.30093632
   -0.38045527  -0.44517436  -0.2599547   -0.03909812   2.34769253
    1.24657945  -0.33785133 -11.40766392  22.543493   -17.28184568
  -10.81012582  -3.43191181 -16.0915531 ]], Action: [[ 0.09228301  1.         -1.         -1.         -1.         -1.        ]], Reward: [1.5666991],Reward_sum: 50.864810943603516, Done: [False]
==========
t: 100, State: [[  4.90460702  -0.42170106   3.18207273  -0.46548967   0.85359842
   -0.18771033  -0.69708591  -0.13813063  -0.53690072   1.06660307
   -0.09904459  -0.90253849 -11.01179493  -0.84760176  11.34000304
    0.35931937   3.67906313   0.90759672]], Action: [[-1.          1.          0.31237936 -0.27113563  0.45077318 -1.        ]], Reward: [1.3869],Reward_sum: 52.251708984375, Done: [False]
==========
t: 101, State: [[ 4.86499755e+00 -5.04024877e-01  3.21427059e+00  1.09489535e-01
  -3.03056391e-01  4.98420547e-01 -2.28989131e-02 -2.19616960e-01
  -6.17691227e-02 -1.13385914e+00 -8.61681117e-01  2.87448275e+00
   1.51741687e+01 -2.85993812e+01  1.13722543e+01  1.60569356e+01
  -4.10500696e+00  1.25314658e+01]], Action: [[ 1.         -1.          1.          0.74074686 -0.125055    0.6839364 ]], Reward: [-1.1954007],Reward_sum: 51.05630874633789, Done: [False]
==========
t: 102, State: [[ 4.87174134 -0.51150188  3.29489331  0.4732408  -0.85563542  0.60251409
   0.11419959 -0.17468065  0.55849748  0.91805703 -0.05159834  0.88606577
   1.07036333  3.27584859 -3.09615015 -4.21942517  2.40935535  3.89752344]], Action: [[ 1.        -1.         0.8565795 -1.        -1.         0.7856992]], Reward: [-0.40022948],Reward_sum: 50.65607833862305, Done: [False]
==========
t: 103, State: [[  4.99467853  -0.50432982   3.33170531  -0.19038281   0.43604736
   -0.27525618  -0.39784319  -0.09639169   0.10949658   2.87777295
    0.29256377   1.07611711 -15.38185676  24.89993827 -18.79804345
  -11.93009393  -0.02860948 -14.50181828]], Action: [[-1.          1.         -1.         -1.         -0.69040257 -1.        ]], Reward: [1.9110783],Reward_sum: 52.567161560058594, Done: [False]
==========
t: 104, State: [[ 5.06803104 -0.53395931  3.39286985 -0.54714015  0.84067028 -0.31125035
  -0.54120255  0.07448609 -0.56859613  0.51780702 -1.47913521  1.55259083
   0.77042754 -3.35817887  7.50106919  2.78382671  3.2053156  -0.18037998]], Action: [[-1.          1.          0.23376217  0.12291265  0.82769233 -1.        ]], Reward: [1.0915675],Reward_sum: 53.658729553222656, Done: [False]
==========
t: 105, State: [[  5.02645883  -0.55278799   3.32162519   0.23812087  -0.06240594
    0.41832289   0.33588671  -0.18500102   0.03209689  -1.11491166
   -0.02620892  -1.49795591  18.82685161 -24.97259904  14.58836311
   20.40309206  -5.43599928  16.82711766]], Action: [[ 1.        -1.         1.         1.        -0.5084106  1.       ]], Reward: [-1.3572923],Reward_sum: 52.30143737792969, Done: [False]
==========
t: 106, State: [[ 5.04959529 -0.55880435  3.29004793  0.6998178  -0.84427621  0.7363357
   0.45374293 -0.15165144  0.56411796  1.14605327 -0.05659351  1.09400598
   1.52027137 -6.26007413  0.34564116 -6.34662632  1.32965133 -1.24430014]], Action: [[ 1.         -1.          0.98164046 -1.         -1.          0.47307706]], Reward: [-0.05601285],Reward_sum: 52.245426177978516, Done: [False]
==========
t: 107, State: [[  5.18766642  -0.56205255   3.32760745   0.0479801    0.21996506
   -0.17700059  -0.28182552  -0.1511114    0.28329085   3.23421184
    0.27290023   0.87303048 -15.10741232  23.97797507 -21.07972341
  -17.08418771  -1.41161639  -7.70392969]], Action: [[-0.14313693  1.         -0.842858   -1.         -1.         -0.060434  ]], Reward: [2.3879676],Reward_sum: 54.633392333984375, Done: [False]
==========
t: 108, State: [[  5.2974414   -0.5534771    3.35024059  -0.58843032   0.83367443
   -0.46230531  -0.71249445   0.07211207  -0.45014644   1.24419823
   -0.15194925  -0.06593581  -8.23871713   0.50013224   2.21017979
   -1.19348723   5.14052006 -15.77753403]], Action: [[-1.          1.         -0.82582563 -0.11181197  0.7444806  -1.        ]], Reward: [1.7706256],Reward_sum: 56.40401840209961, Done: [False]
==========
t: 109, State: [[ 5.27341651e+00 -5.78284020e-01  3.28060541e+00  1.44314772e-02
   5.14901032e-01  2.28273450e-01 -2.46163319e-01 -1.18786115e-02
  -3.93580742e-01 -1.05399512e+00 -4.67901348e-01 -2.12318487e+00
   1.82745512e+01 -8.85845377e+00  1.64906596e+01  1.24999137e+01
  -2.68341748e+00  7.38147814e+00]], Action: [[ 1.          1.          1.         -0.04553628 -0.06606342  0.01713403]], Reward: [-0.781171],Reward_sum: 55.62284851074219, Done: [False]
==========
t: 110, State: [[  5.27630108  -0.55764972   3.33542404   0.71600025  -0.39767786
    0.58268771  -0.16730302  -0.35445388   0.34607953   0.90185622
    0.4981563    0.80541484   9.54049225 -15.92227938   0.75322784
   -4.50430567  -5.4945151   16.67312637]], Action: [[ 1.         -1.          0.54657114 -1.         -1.          1.        ]], Reward: [-0.47218272],Reward_sum: 55.150665283203125, Done: [False]
==========
t: 111, State: [[  5.36667933  -0.53879052   3.37687462   0.79250932  -0.56548737
   -0.23027519  -0.63031213  -0.3371559    0.51706599   2.1201028
    0.35227368   0.87062316  -2.90170459   2.81537814 -19.42251167
   -9.83711003   2.51821003  -4.21983968]], Action: [[ 1.         -0.84075075 -1.         -1.         -0.5289935   0.51950234]], Reward: [1.3819071],Reward_sum: 56.532569885253906, Done: [False]
==========
t: 112, State: [[  5.5067769   -0.50724656   3.3901352   -0.11466707   0.48953092
   -0.47530528  -0.94984508  -0.27107421  -0.18470206   2.77211401
    0.7871921   -0.62631147 -21.41164901  19.58286683   2.49339629
   -2.34803759  -0.20040591 -17.0718182 ]], Action: [[-1.          1.         -1.         -1.         -0.63626635 -1.        ]], Reward: [2.261468],Reward_sum: 58.794036865234375, Done: [False]
==========
t: 113, State: [[ 5.57449137 -0.50648477  3.28141193 -0.60750482  0.71292735  0.26131701
  -0.6627111  -0.02017455 -0.52847644  0.39079568 -0.81526444 -2.09202773
   2.80839072 -4.57722582 15.73746723  8.53941529  7.66352446  0.95513925]], Action: [[-0.89649487  1.          1.         -0.56993735  0.67280066 -1.        ]], Reward: [0.8961702],Reward_sum: 59.690208435058594, Done: [False]
==========
t: 114, State: [[  5.52530009  -0.56826706   3.31838696   0.27152458  -0.41626928
    0.69143278   0.15153363  -0.12165501  -0.24722297  -1.03543779
   -0.10411611   2.36866191  17.22952215 -25.20063265   3.01901617
   17.42170562  -5.00386149   7.14805586]], Action: [[ 1.         -1.          1.          0.6031432  -0.43491894 -0.17994273]], Reward: [-1.3423572],Reward_sum: 58.34785079956055, Done: [False]
==========
t: 115, State: [[ 5.56693256 -0.55135573  3.34945163  0.63329132 -0.79796823  0.4306958
   0.25071127 -0.13491553  0.29186623  1.7881908  -0.0130814   0.35724108
   0.51833691  3.24751605 -7.48264501 -6.9991659   0.48130353 10.7937405 ]], Action: [[ 1.         -1.          0.61488956 -1.         -1.          0.30466372]], Reward: [0.38555852],Reward_sum: 58.7334098815918, Done: [False]
==========
t: 116, State: [[  5.7292689   -0.52529315   3.33703904  -0.09708425   0.50422251
   -0.37379502  -0.39348651  -0.05451748   0.20071948   3.6894302
    0.82885433   0.10940315 -17.97244827  24.30808045 -15.18234737
  -14.39095797   0.89852814  -8.87526184]], Action: [[-1.         1.        -1.        -1.        -0.5595346 -1.       ]], Reward: [2.7154188],Reward_sum: 61.448829650878906, Done: [False]
==========
t: 117, State: [[  5.82233652  -0.51719161   3.32962809  -0.57189099   0.75932116
   -0.35239107  -0.4384       0.13133973  -0.54252882   0.64442016
   -0.6102807   -0.120358     0.86060845  -5.42777172   4.7317126
    7.07995616   4.27162017 -15.17749831]], Action: [[-1.         1.        -0.2733968  0.5327082  1.        -1.       ]], Reward: [1.4255],Reward_sum: 62.87432861328125, Done: [False]
==========
t: 118, State: [[  5.80265948  -0.56358201   3.31921139   0.19134605  -0.21634235
    0.33368682   0.14062327   0.1859244   -0.09664922  -0.24520187
    0.13235712  -2.69907142  16.76037041 -18.05465312  14.83684115
   12.98657252   2.15721171  15.68826513]], Action: [[ 1.         -0.7486337   1.          0.35607636  0.32786116  1.        ]], Reward: [-0.77301425],Reward_sum: 62.101314544677734, Done: [False]
==========
t: 119, State: [[ 5.84182985 -0.54359709  3.27905069  0.64876122 -0.77861884  0.67155622
   0.26235734  0.03824831  0.60737164  1.45489903  0.40452549  0.39225745
   2.90131708 -3.47013515  0.84562176 -3.49794692 -4.69195693 -0.86298632]], Action: [[ 1.        -1.         0.8605676 -1.        -1.         0.8772842]], Reward: [0.23238687],Reward_sum: 62.333702087402344, Done: [False]
==========
t: 120, State: [[  5.98280153  -0.5260721    3.26857474   0.17589211   0.26243934
    0.08438429  -0.34530324   0.12011181   0.27019307   3.21857129
    0.50902896  -0.09236281 -11.04309452  23.23141836 -13.61038998
  -14.59643346   3.31550997  -9.28494084]], Action: [[ 0.09155269  1.         -0.17074138 -0.95908976  0.0822071  -0.069977  ]], Reward: [2.6225293],Reward_sum: 64.95623016357422, Done: [False]
==========
t: 121, State: [[  6.10301208  -0.51696534   3.27627785  -0.39256816   0.86848418
   -0.2715245   -0.57660533   0.25684494  -0.49925349   1.57514346
   -0.45683358   0.51186325  -9.09807701  -0.87980079  -2.53434111
    2.10526945   1.19422937 -15.92612568]], Action: [[-1.          1.         -0.28170854  0.21456036  1.         -1.        ]], Reward: [1.9916716],Reward_sum: 66.9478988647461, Done: [False]
==========
t: 122, State: [[ 6.12216558 -0.57261231  3.31439701 -0.17952975  0.47274894  0.22428271
  -0.14564089 -0.0199081  -0.53166541 -0.02460623 -1.24724891  0.64828421
   8.84685936 -8.82671794 13.26952379 10.3521796  -5.60704951  2.9774951 ]], Action: [[ 0.3324939   1.          1.         -0.01500857 -0.08788948 -1.        ]], Reward: [0.07121975],Reward_sum: 67.01911926269531, Done: [False]
==========
t: 123, State: [[  6.11903182  -0.57487361   3.30064429   0.49926879  -0.33445675
    0.68218382   0.39247867  -0.3827123    0.1402614    0.24310925
    0.07713126  -0.12380133  12.41597116 -17.5318233    4.6963392
    7.60398694  -5.3834817   16.99143186]], Action: [[ 1.         -1.          1.          0.25705856 -0.7950623   1.        ]], Reward: [-0.5324956],Reward_sum: 66.48662567138672, Done: [False]
==========
t: 124, State: [[  6.18537596  -0.5742502    3.30505234   0.74108808  -0.67160802
    0.17726312   0.10948296  -0.38130395   0.59400585   1.89876954
    0.06164563   0.11174254  -0.07507779   0.65791574 -14.03821953
  -11.4355962    2.52387644  -2.88325897]], Action: [[ 1.         -1.         -0.15538979 -0.8374679  -1.          1.        ]], Reward: [0.85433304],Reward_sum: 67.34095764160156, Done: [False]
==========
t: 125, State: [[  6.34998819  -0.54776455   3.32802887  -0.13689667   0.43494571
   -0.44652201  -0.67013812  -0.2086746   -0.06905889   3.42669012
    0.95896097   0.5695192  -21.94824348  21.20424077  -1.69812487
  -14.67752125   2.44070051 -17.00641966]], Action: [[-1.         1.        -1.        -1.        -0.7623748 -1.       ]], Reward: [2.734123],Reward_sum: 70.07508087158203, Done: [False]
==========
t: 126, State: [[ 6.42026431 -0.5391434   3.25345891 -0.61836749  0.77115182  0.10638172
  -0.60080903  0.09578422 -0.57215942  0.1686154  -0.78772065 -1.98707875
   3.11904588 -2.38307068 13.39257269  9.640613    6.44884711  2.14965862]], Action: [[-1.          1.          0.7599393   0.21057767  1.         -1.        ]], Reward: [0.94333726],Reward_sum: 71.01841735839844, Done: [False]
==========
t: 127, State: [[  6.38412534  -0.56132226   3.3018864    0.25116302  -0.26822739
    0.6127186    0.11466552  -0.10942956  -0.22432314  -0.47572502
    0.95125431  -1.1457203   18.00178642 -20.1576083    6.40924744
   16.48786649  -4.20779629   8.82739373]], Action: [[ 1.         -1.          1.          0.37723505 -0.49906301 -0.16147627]], Reward: [-1.064524],Reward_sum: 69.95388793945312, Done: [False]
==========
t: 128, State: [[ 6.44213898 -0.52196332  3.23360129  0.70402014 -0.74802547  0.50804733
   0.17624659 -0.17776023  0.49589541  2.14400357  0.45282605 -1.26664334
   2.44029978 -0.95091865 -5.44473437 -7.4632816  -0.75670948 14.93665789]], Action: [[ 1.        -1.         0.6585083 -1.        -1.         0.8750408]], Reward: [0.64033985],Reward_sum: 70.59423065185547, Done: [False]
==========
t: 129, State: [[  6.61981043  -0.49836762   3.23978488   0.10161948   0.01739269
   -0.19619107  -0.49751771  -0.253565     0.25440904   3.84108587
    0.71163325   0.77392718 -15.35468758  15.15628491 -14.1358301
  -14.73870543  -2.20467034 -13.66003169]], Action: [[-0.40466118  0.1157276  -0.6514601  -1.         -0.9747554  -1.        ]], Reward: [3.1982598],Reward_sum: 73.79249572753906, Done: [False]
==========
t: 130, State: [[ 6.75672799e+00 -4.67216226e-01  3.15632799e+00 -6.28842575e-01
   6.47996224e-01 -9.61463969e-04 -6.04920230e-01 -2.71865020e-02
  -6.41964459e-01  1.86140962e+00  2.13052876e-01 -2.99040979e+00
  -1.08468537e+01  7.08217222e+00  1.07365460e+01  6.14076836e+00
   6.27964055e+00 -1.67548351e+01]], Action: [[-1.          1.          0.73288894  0.15484944  0.72047776 -1.        ]], Reward: [2.330332],Reward_sum: 76.1228256225586, Done: [False]
==========
t: 131, State: [[ 6.7686513  -0.50003687  3.21485734 -0.17795705  0.27937092  0.48056734
  -0.27858364  0.11747562 -0.41577751 -0.28124175 -0.6358427   1.58357141
  12.82257167 -9.03271844  7.70534774  6.68634619  4.208884    6.98252193]], Action: [[ 0.32038015  0.6534329   1.         -0.2261867   0.55606866 -0.2935804 ]], Reward: [0.04084808],Reward_sum: 76.1636734008789, Done: [False]
==========
t: 132, State: [[  6.76698162  -0.52901327   3.33640849   0.5114034   -0.54812526
    0.6257375   -0.20217836  -0.07262933   0.37695749   0.51738207
   -0.33931877   2.18835674  10.49061224 -14.10149069  -0.13703096
   -1.98813836  -6.92935029  17.87830977]], Action: [[ 0.9202243  -1.          0.97192556 -1.         -1.          1.        ]], Reward: [-0.6125388],Reward_sum: 75.55113220214844, Done: [False]
==========
t: 133, State: [[  6.82487075  -0.52244657   3.39363428   0.76509131  -0.61843826
   -0.04034575  -0.46443318  -0.28910929   0.52161906   1.26015961
    0.7193269    0.07347961   2.82577498   5.74825104 -15.43813293
   -5.99369622  -3.05732407  -0.90366964]], Action: [[ 1.         -1.         -0.4430803  -1.         -0.65339863  1.        ]], Reward: [0.69545776],Reward_sum: 76.24658966064453, Done: [False]
==========
t: 134, State: [[  6.94189592  -0.50263802   3.44315822   0.14719192   0.51136608
   -0.44363033  -0.84932226  -0.46398285  -0.0789868    2.44221643
    0.20793689   1.18518198 -15.82338686  21.06627158   0.85831531
   -6.58793822  -3.53103927 -16.32472742]], Action: [[-0.5309067  1.        -1.        -1.        -1.        -1.       ]], Reward: [1.8123171],Reward_sum: 78.05890655517578, Done: [False]
==========
t: 135, State: [[ 7.01263821 -0.52704543  3.39078223 -0.54154247  0.7856461   0.34239289
  -0.5993048  -0.09645665 -0.57606926  0.68356928 -0.78151709 -2.24212429
  -9.16836809 -3.3898018  17.96186165 10.4262539  11.95424651  2.33799978]], Action: [[-1.          1.          1.         -0.06941423  1.         -1.        ]], Reward: [0.914364],Reward_sum: 78.97327423095703, Done: [False]
==========
t: 136, State: [[  6.97934289  -0.57053564   3.30549348   0.09768582  -0.23247032
    0.75127515   0.13644295   0.18087073  -0.0402788   -0.94684369
   -0.48070787  -1.57873593  18.10593561 -24.45566385   1.33920397
   14.80611361   2.81471028  13.71200175]], Action: [[ 1.         -1.          1.          0.28980267 -0.192302    0.3384667 ]], Reward: [-0.989459],Reward_sum: 77.98381042480469, Done: [False]
==========
t: 137, State: [[ 7.00407498 -0.56182186  3.28102832  0.5484943  -0.84735072  0.52671986
   0.3148083   0.09562404  0.59170085  1.40820245  0.16229321 -0.57429604
   1.74212154  0.72525465 -6.07551701 -3.43213805 -3.72990104  9.83410221]], Action: [[ 1.         -1.          0.93396455 -1.         -1.          0.32608622]], Reward: [-0.00322031],Reward_sum: 77.9805908203125, Done: [False]
==========
t: 138, State: [[  7.14823756  -0.53787151   3.30036342  -0.20877711   0.37608009
   -0.3427665   -0.23768219  -0.07065985   0.13449033   3.39745583
    0.71298009   0.5551031  -18.39189138  24.37771679 -17.48267526
  -14.60628562  -2.72100659 -14.7592817 ]], Action: [[-1.         1.        -1.        -1.        -0.6432638 -1.       ]], Reward: [2.3418727],Reward_sum: 80.32246398925781, Done: [False]
==========
t: 139, State: [[ 7.2311454  -0.53502584  3.32920375 -0.57369406  0.80991391 -0.18147421
  -0.52398171  0.08630959 -0.56484911  0.61299164 -0.75872003  0.63930505
   2.08363551 -0.77595733 11.44498526  0.51182584  3.61595175 -0.37707484]], Action: [[-1.          1.          0.56452334  0.20308214  0.93815845 -1.        ]], Reward: [1.2341499],Reward_sum: 81.5566177368164, Done: [False]
==========
t: 140, State: [[ 7.20002734e+00 -5.64187233e-01  3.28706306e+00  2.85236649e-01
  -7.21884638e-02  5.28841614e-01  2.43102100e-01 -2.53297508e-01
   8.69527754e-03 -6.86698219e-01  3.04446280e-01 -2.64570959e+00
   1.91655375e+01 -2.10156040e+01  1.22596865e+01  2.02976430e+01
  -7.34151667e+00  1.61514573e+01]], Action: [[ 1.         -1.          1.          1.         -0.62194335  0.94956   ]], Reward: [-1.1512092],Reward_sum: 80.40540313720703, Done: [False]
==========
t: 141, State: [[ 7.24111938 -0.54447988  3.2609015   0.73173097 -0.76728145  0.72878008
   0.33822976 -0.30299984  0.56455427  1.79160076  0.06618572  0.0100259
   1.67303593 -4.87452616 -1.21548706 -8.20752088  2.39287927 -0.60626786]], Action: [[ 1.       -1.        1.       -1.       -1.        0.415394]], Reward: [0.30458567],Reward_sum: 80.70999145507812, Done: [False]
==========
t: 142, State: [[  7.39506607  -0.52723849   3.26357552   0.2286273    0.20378679
   -0.15280294  -0.40462247  -0.20610622   0.17888946   3.35455453
    0.72300325   0.260203   -11.13573981  22.28244552 -19.57684514
  -16.08480845   0.64337175 -10.80031257]], Action: [[ 0.37608045  1.         -0.67655855 -1.         -1.         -0.4277308 ]], Reward: [2.7007215],Reward_sum: 83.41071319580078, Done: [False]
==========
t: 143, State: [[  7.53404198  -0.50813267   3.28460823  -0.42837207   0.82219695
   -0.45378734  -0.90467928   0.0507329   -0.55495399   2.01699942
   -0.21433473   0.48096555 -11.09991307   0.41847657   1.64120416
   -3.68708872   4.7740817  -14.17910369]], Action: [[-1.          1.         -1.         -0.52262706  0.531768   -1.        ]], Reward: [2.3239267],Reward_sum: 85.7346420288086, Done: [False]
==========
t: 144, State: [[ 7.54791423 -0.56135959  3.2844412  -0.10322954  0.47011561  0.23763211
  -0.36750606 -0.18011404 -0.39541768 -0.12923356 -0.56942325  1.72963452
  11.19655515 -9.65593904 16.01629451 13.51123818 -7.92619461  5.31294861]], Action: [[ 0.6763991   1.          1.          0.16426748 -0.19721185 -0.23781957]], Reward: [0.01945],Reward_sum: 85.75408935546875, Done: [False]
==========
t: 145, State: [[  7.55564712  -0.55410079   3.32690404   0.59860954  -0.35146929
    0.73862066  -0.03628275  -0.4195161    0.29556667   0.78680147
    0.6794623   -0.34484726  11.84145438 -14.236288     4.5666726
    1.03073567  -2.12218894  16.27926934]], Action: [[ 1.        -1.         1.        -0.8135315 -1.         1.       ]], Reward: [-0.4115256],Reward_sum: 85.34256744384766, Done: [False]
==========
t: 146, State: [[ 7.65330811e+00 -5.39952631e-01  3.34763516e+00  7.78445784e-01
  -6.03687197e-01  1.02195474e-02 -4.00362215e-01 -3.81233063e-01
   5.48666052e-01  2.53418253e+00  5.74243422e-02  1.06651922e+00
  -1.71536148e+00  5.76230233e-02 -1.91528167e+01 -1.05123549e+01
   1.30166457e+00 -2.02767183e+00]], Action: [[ 1.        -1.        -0.6417869 -1.        -0.9419185  1.       ]], Reward: [1.4233096],Reward_sum: 86.76587677001953, Done: [False]
==========
t: 147, State: [[  7.81367246  -0.52906929   3.39034125   0.10283832   0.340374
   -0.48294428  -0.8566449   -0.38744913  -0.0932768    3.04883545
    0.37081829   0.21882752 -14.64292983  19.9354867    2.0017401
   -5.84382894  -1.59988176 -16.77415022]], Action: [[-0.0915315  1.        -1.        -1.        -1.        -1.       ]], Reward: [2.7064493],Reward_sum: 89.47232818603516, Done: [False]
==========
t: 148, State: [[ 7.93607001e+00 -5.45685565e-01  3.31548756e+00 -5.89468030e-01
   8.10993944e-01  3.31322178e-01 -7.81953940e-01  1.60247027e-02
  -5.78991974e-01  1.83265005e+00 -9.16662921e-01 -2.06536487e+00
  -9.56232624e+00  1.13795065e-02  1.81060364e+01  5.53859240e+00
   1.10715096e+01  2.41512313e+00]], Action: [[-1.         1.         1.        -0.5314428  0.9911698 -1.       ]], Reward: [1.921466],Reward_sum: 91.39379119873047, Done: [False]
==========
t: 149, State: [[ 7.93446595e+00 -5.56853585e-01  3.31206526e+00  5.73921787e-02
  -1.14161713e-01  7.52015002e-01 -9.38788996e-03  7.99037855e-02
  -8.02946018e-02 -6.39400165e-01  1.24019190e+00  4.95486107e-01
   1.81341964e+01 -2.27274167e+01  1.72859997e+00  1.82060634e+01
  -8.10235630e-01  1.26540203e+01]], Action: [[ 1.         -1.          1.          0.64197254  0.2513873   0.4810509 ]], Reward: [-0.40275466],Reward_sum: 90.99103546142578, Done: [False]
==========
t: 150, State: [[ 7.97549564 -0.47683601  3.33381291  0.59257759 -0.83536471  0.55800685
   0.26847085  0.0482674   0.43735514  1.82065532  1.45166512  0.12883154
   4.34151373 -4.85909722 -5.34518065 -2.02969182 -1.61658042  7.20255419]], Action: [[ 1.         -1.          0.96048623 -1.         -1.         -0.05779935]], Reward: [0.32800645],Reward_sum: 91.31904602050781, Done: [False]
==========
t: 151, State: [[  8.12786214  -0.41647186   3.33298197   0.29349526  -0.12063857
   -0.08480872  -0.22463419  -0.08280667   0.48951563   3.48534574
    1.1967236    0.30801854  -7.94346959  16.84838724 -12.28998026
  -13.14524698  -3.48845697  -2.92816763]], Action: [[ 0.46096385  0.18683453 -0.2743978  -1.         -0.7854625   0.39655894]], Reward: [2.83764],Reward_sum: 94.15668487548828, Done: [False]
==========
t: 152, State: [[  8.31348905  -0.34795972   3.38992656  -0.37758454   0.69755317
   -0.43636321  -0.90207766  -0.22582936  -0.15275028   3.241275
    1.32518895   1.41091714 -13.21267508  10.48327536   0.51854171
  -11.1663948   -2.97064366 -16.34342503]], Action: [[-1.         1.        -1.        -1.        -0.5421202 -1.       ]], Reward: [3.1831489],Reward_sum: 97.33982849121094, Done: [False]
==========
t: 153, State: [[ 8.39830496 -0.34309069  3.34347459 -0.539154    0.7424492   0.27419751
  -0.61562621 -0.05520247 -0.6042883   1.01831254 -0.5884707  -1.99539096
   2.20635581 -3.64800549 17.08055106 13.50541913  6.83268698  3.31641744]], Action: [[-1.          1.          1.          0.27605647  1.         -1.        ]], Reward: [1.1886973],Reward_sum: 98.52853393554688, Done: [False]
==========
t: 154, State: [[  8.39335966  -0.40534053   3.3792897    0.30059998  -0.37832
    0.72235827   0.05113887  -0.08516376  -0.10057044  -0.07601803
   -0.82689843   0.76096967  17.43529843 -24.56569499   2.91095347
   11.78424024  -2.49107019  12.14175403]], Action: [[ 1.         -1.          1.         -0.18115199 -0.830521    0.02948992]], Reward: [-0.47125116],Reward_sum: 98.05728149414062, Done: [False]
==========
t: 155, State: [[ 8.47037907e+00 -4.45102138e-01  3.38124261e+00  6.52566327e-01
  -7.98647225e-01  5.85217980e-01  3.67970207e-02 -1.65854108e-01
   6.35984628e-01  2.43084567e+00 -1.03897055e+00 -5.19050651e-02
   4.73536956e-03  3.11080022e+00 -4.64633440e+00 -6.98301145e+00
  -1.82039893e+00  1.33040451e+01]], Action: [[ 1.        -1.         1.        -1.        -1.         0.8771989]], Reward: [0.96344054],Reward_sum: 99.02072143554688, Done: [False]
==========
t: 156, State: [[  8.66843294  -0.49566241   3.40192907  -0.12842796   0.41455486
   -0.23071644  -0.553588    -0.22483715   0.11066781   4.25128543
   -0.7545679    0.59284618 -18.24813382  23.07846861 -16.89563266
  -12.63104823  -1.49668758 -16.44099823]], Action: [[-0.9025265  0.9326148 -0.8175004 -1.        -0.7863859 -1.       ]], Reward: [3.463974],Reward_sum: 102.48469543457031, Done: [False]
==========
t: 157, State: [[ 8.79097941e+00 -5.52725930e-01  3.33795084e+00 -5.73971153e-01
   8.32600698e-01  1.17705929e-02 -5.72158881e-01  5.12367791e-02
  -6.19203742e-01  9.61112325e-01 -6.78885753e-01 -4.28336281e+00
   1.58559202e+00  4.00483972e-01  1.35695367e+01  9.54141641e+00
   6.82062724e+00  1.14684411e+00]], Action: [[-1.          1.          1.          0.06010357  0.982535   -1.        ]], Reward: [1.9540306],Reward_sum: 104.438720703125, Done: [False]
==========
t: 158, State: [[  8.78741993  -0.55787353   3.30702594   0.24959406  -0.17709382
    0.60364643   0.05672387   0.02951348  -0.27724301  -0.12110378
    1.17499639   0.29494916  17.76208169 -24.35532885   8.15026252
   12.70747533  -1.65912482   8.93387644]], Action: [[ 1.         -1.          1.          0.3235759   0.20123912 -0.02687795]], Reward: [-0.3857818],Reward_sum: 104.05294036865234, Done: [False]
==========
t: 159, State: [[ 8.86019193 -0.49643145  3.3022131   0.68405417 -0.8142319   0.66257408
   0.08669731 -0.1059269   0.51298033  2.41834232  1.02214771 -0.13335886
   1.81985804 -2.40120485 -2.55378778 -6.49406166 -3.53820745 16.72829961]], Action: [[ 1. -1.  1. -1. -1.  1.]], Reward: [0.85543996],Reward_sum: 104.90838623046875, Done: [False]
==========
t: 160, State: [[  9.0276115   -0.44455362   3.31304787   0.37699698  -0.17274997
   -0.29598334  -0.48206961  -0.27876324   0.46175601   3.53526635
    1.14467062   0.55946379  -7.21686795  14.01374954 -21.01990402
  -12.9438502   -3.80805655  -5.2354803 ]], Action: [[ 0.5962372  -0.07429498 -1.         -1.         -0.9467656   0.4118616 ]], Reward: [3.00569],Reward_sum: 107.91407775878906, Done: [False]
==========
t: 161, State: [[  9.20619894  -0.38476692   3.34430154  -0.34023575   0.6462813
   -0.44213893  -1.00789278  -0.42754068  -0.24242091   3.10847993
    1.06608321   0.143196   -14.13928606  11.67119981   1.3231821
   -6.3439948   -2.97214031 -16.6704682 ]], Action: [[-0.9777694   1.         -1.         -1.         -0.83328635 -1.        ]], Reward: [3.0067089],Reward_sum: 110.92078399658203, Done: [False]
==========
t: 162, State: [[ 9.29803785 -0.39910285  3.24125561 -0.50909872  0.71616057  0.27398434
  -0.58083332 -0.15983825 -0.54528484  1.23854798 -1.00685501 -2.75591276
   2.91423274 -3.60140758 16.81473941 13.8631406  10.52714441  1.6386366 ]], Action: [[-0.7464511   1.          1.          0.0355255   0.81203604 -1.        ]], Reward: [1.4149928],Reward_sum: 112.33577728271484, Done: [False]
==========
t: 163, State: [[  9.29511943  -0.48123336   3.22275294   0.34094816  -0.35583614
    0.72540536   0.24690017   0.02369122  -0.23664851  -0.15547282
   -1.12204877  -0.07022874  17.33918085 -23.52330218   3.0763673
   16.02365712   1.40966712   7.84805779]], Action: [[ 1.         -1.          1.          0.4003911  -0.59192073 -0.3846131 ]], Reward: [-0.42422935],Reward_sum: 111.91154479980469, Done: [False]
==========
t: 164, State: [[ 9.36964131 -0.52903108  3.2440363   0.65370012 -0.83260233  0.59604359
   0.31749013  0.02071822  0.4625112   2.24358642 -0.96274428  1.55098411
  -1.32348865  0.67864032 -4.64112233 -6.1454021  -2.5740607  14.67591689]], Action: [[ 1.        -1.         1.        -1.        -1.         0.7622238]], Reward: [0.93233913],Reward_sum: 112.84388732910156, Done: [False]
==========
t: 165, State: [[ 9.54342720e+00 -5.68444011e-01  3.30658983e+00  1.47803953e-02
   1.55599791e-01 -1.63941207e-01 -3.03383519e-01 -7.97743074e-02
   2.89925951e-01  3.39380000e+00  4.31999112e-01 -5.17944141e-01
  -1.26017822e+01  2.34531488e+01 -1.59829104e+01 -1.20404631e+01
  -1.85019632e+00 -1.14151516e+01]], Action: [[-0.30572248  0.4252544  -0.5715631  -1.         -0.6915921  -0.8288518 ]], Reward: [3.1990888],Reward_sum: 116.04297637939453, Done: [False]
==========
t: 166, State: [[ 9.66890782e+00 -5.56767472e-01  3.27339079e+00 -5.55340518e-01
   8.40974356e-01  1.02851416e-02 -5.05916333e-01 -1.24515673e-01
  -5.26422933e-01  1.75009298e+00 -2.41254014e-01 -7.00405215e-01
  -8.01119499e+00  4.86621875e+00  1.11820516e+01  1.47664312e+00
  -8.72238656e-01 -1.61082480e+01]], Action: [[-1.          1.          0.78400433  0.0606252   0.14858074 -1.        ]], Reward: [2.145571],Reward_sum: 118.18855285644531, Done: [False]
==========
t: 167, State: [[ 9.67816701 -0.57468405  3.29826507  0.05638211  0.58257054  0.5073182
  -0.21864022 -0.16015919 -0.26864822 -0.16544698  0.64405602 -0.82555029
  17.90608971 -5.36327171  7.79830974  7.86244739  1.85427633  9.89988813]], Action: [[ 1.          1.          1.         -0.04030943  0.3134104   0.5384244 ]], Reward: [-0.15379134],Reward_sum: 118.03475189208984, Done: [False]
==========
t: 168, State: [[  9.69509451  -0.56094245   3.33971251   0.75961163  -0.28366918
    0.55446     -0.23953284  -0.23412367   0.49786025   1.00050549
    0.21432436   1.29993861   8.71922978 -17.58893825  -2.85271975
   -5.10396271  -3.07059087  15.63597226]], Action: [[ 0.92246747 -1.          0.61489534 -1.         -1.          1.        ]], Reward: [-0.18435425],Reward_sum: 117.85040283203125, Done: [False]
==========
t: 169, State: [[  9.79097464  -0.53310046   3.37314676   0.75492943  -0.26703574
   -0.2153607   -0.62058652  -0.29224531   0.43884574   2.32873472
    0.40661583   0.97789803  -5.29015459   7.33297185 -16.61873611
   -8.5961481   -0.89201106  -6.79830836]], Action: [[ 1.         -0.00180061 -0.76413935 -1.         -0.6951935   0.25095803]], Reward: [1.6045839],Reward_sum: 119.45498657226562, Done: [False]
==========
t: 170, State: [[  9.92868875  -0.49402126   3.37318666  -0.12296882   0.6291445
   -0.26391798  -0.91218244  -0.24443109  -0.30167634   2.50919898
    1.24582312  -1.48393366 -19.56423406  15.44448128   5.95435847
   -1.78481325   1.07650393 -16.65960102]], Action: [[-1.          1.          0.01735023 -1.         -0.33273304 -1.        ]], Reward: [2.343181],Reward_sum: 121.79816436767578, Done: [False]
==========
t: 171, State: [[ 9.99256163e+00 -4.66762204e-01  3.24220606e+00 -5.38826161e-01
   7.09485730e-01  3.88428083e-01 -6.95778900e-01 -3.25151121e-03
  -5.55050860e-01  5.58171052e-01 -1.49338703e-01 -2.56234909e+00
   2.01871157e+00 -5.65095535e+00  1.23817809e+01  6.38854908e+00
   6.61665669e+00  2.38655983e+00]], Action: [[-0.6465494   1.          1.         -0.7272723   0.54236156 -1.        ]], Reward: [0.853347],Reward_sum: 122.6515121459961, Done: [False]
==========
t: 172, State: [[  9.96017845  -0.51475116   3.2159666    0.29489718  -0.40875175
    0.66945701  -0.08864838  -0.09549381  -0.2263627   -0.52353383
    0.09265311   1.54245116  15.60344574 -24.81175965   1.00458311
   11.85035473  -6.72776897   7.38480543]], Action: [[ 1.         -1.          1.          0.06659725 -0.42087936 -0.21354124]], Reward: [-0.9703811],Reward_sum: 121.6811294555664, Done: [False]
==========
t: 173, State: [[10.00331603 -0.49049352  3.24934716  0.60798003 -0.81199299  0.31198406
  -0.05762436 -0.30922604  0.46009635  1.64889692  0.44290843  0.40019605
  -0.13593157  3.50313105 -8.9021643  -6.09073805 -2.90267144 14.7509199 ]], Action: [[ 1.        -1.         0.4199824 -1.        -1.         1.       ]], Reward: [0.3451131],Reward_sum: 122.0262451171875, Done: [False]
==========
t: 174, State: [[ 10.15498256  -0.45879798   3.26176824  -0.17308617   0.45150397
   -0.42396845  -0.62255623  -0.13289799   0.23627552   3.23680529
    0.84546017   0.13673159 -18.15105167  24.00177757 -13.22914037
  -11.10304269   5.16340238 -13.29999494]], Action: [[-1.          1.         -1.         -1.         -0.21330445 -1.        ]], Reward: [2.5287805],Reward_sum: 124.55502319335938, Done: [False]
==========
t: 175, State: [[ 10.25240704  -0.4642145    3.28495683  -0.60467194   0.80484312
    0.04886757  -0.95261964   0.34848519  -0.58808907   0.99487773
   -1.04563091   1.05231101   2.63363283  -3.32686226  15.49566768
   -2.70704999   8.81809078 -15.16923309]], Action: [[-1.         1.         0.9658585 -1.         1.        -1.       ]], Reward: [1.3552014],Reward_sum: 125.91021728515625, Done: [False]
==========
t: 176, State: [[ 10.20343454  -0.56987742   3.30783674   0.28889231  -0.22216389
    0.6639932   -0.0852524    0.0306069   -0.12197182  -1.59467047
   -1.59734366  -0.31869015  18.94824477 -23.01489671   7.68839725
   24.41027631  -7.48398397  15.5282527 ]], Action: [[ 0.79141754 -0.8719428   1.          1.          0.15716885  1.        ]], Reward: [-1.4205828],Reward_sum: 124.48963165283203, Done: [False]
==========
t: 177, State: [[10.22739767 -0.57583353  3.30399784  0.71649824 -0.72413277  0.66923783
   0.36987011 -0.10980892  0.56479994  1.62654119 -0.19019224  0.11087693
   1.59075428 -1.19545067 -3.36975209 -0.41926364  0.04498889  0.22669022]], Action: [[ 1.        -1.         1.        -1.        -1.         0.7279989]], Reward: [-0.0737358],Reward_sum: 124.4158935546875, Done: [False]
==========
t: 178, State: [[ 10.33331323  -0.56130998   3.32128108   0.56613226  -0.24834753
   -0.04334398  -0.04408816  -0.15406771   0.182437     2.45126714
    0.32597272   0.81775633  -4.26230625  10.3680981  -14.81131881
  -12.78483511  -1.68176355 -11.13296521]], Action: [[ 1.         -0.34684837 -0.3134234  -1.         -1.         -0.62013173]], Reward: [1.7580011],Reward_sum: 126.17389678955078, Done: [False]
==========
t: 179, State: [[ 10.49054792  -0.52051384   3.38778594  -0.20178843   0.64367372
   -0.34439483  -0.82001393  -0.2334369   -0.47850843   2.88389294
    1.12343326   1.3224948  -17.19684561  14.0446545   -0.83681204
  -14.00182613  -2.23206083 -12.26756812]], Action: [[-1.          1.         -0.35309815 -1.         -0.6497884  -1.        ]], Reward: [2.6900034],Reward_sum: 128.8638916015625, Done: [False]
==========
t: 180, State: [[10.5492216  -0.51637355  3.34235852 -0.56833812  0.72095268  0.17772899
  -0.61186403 -0.16345678 -0.53704261  0.21000462 -0.70906447 -1.77324174
   1.55162439 -5.08078696 12.46212878 13.28898497  4.42748577  1.27233296]], Action: [[-1.          1.          0.74966097  0.2897542   0.63140047 -1.        ]], Reward: [0.7690121],Reward_sum: 129.63290405273438, Done: [False]
==========
t: 181, State: [[ 1.05173966e+01 -5.67187030e-01  3.30650130e+00  2.46316803e-01
  -3.18912351e-01  6.13697832e-01  5.84640924e-02 -1.10301641e-01
  -4.62956997e-03 -3.05123582e-01 -1.71798706e-02 -2.57554222e+00
   1.72630977e+01 -1.97841905e+01  5.02696592e+00  1.21326736e+01
   1.11645964e+00  1.43291354e+01]], Action: [[ 1.         -1.          1.         -0.14210212 -0.65883183  0.53419   ]], Reward: [-1.0104616],Reward_sum: 128.62245178222656, Done: [False]
==========
t: 182, State: [[10.55060091 -0.54251082  3.27654947  0.65523212 -0.80761647  0.60743509
   0.08965044 -0.16096156  0.60703666  1.44384099  0.42785662 -0.04469451
   1.52164889 -0.37143649 -2.56964445 -5.6508315  -0.91897715 -1.15790759]], Action: [[ 1.         -1.          1.         -1.         -1.          0.93385655]], Reward: [0.07687794],Reward_sum: 128.6993408203125, Done: [False]
==========
t: 183, State: [[ 1.06868774e+01 -5.09399306e-01  3.27316063e+00  1.18348705e-01
   3.16196338e-01 -2.28033250e-01 -4.72760795e-01 -2.47602806e-01
   8.94650270e-03  2.97010669e+00  9.13448580e-01  1.58552101e-01
  -1.18558893e+01  2.34990206e+01 -1.79426435e+01 -1.28837404e+01
  -2.43461271e+00 -1.63221892e+01]], Action: [[-0.06936376  1.         -0.81865543 -1.         -0.9621958  -1.        ]], Reward: [2.2654464],Reward_sum: 130.96478271484375, Done: [False]
==========
t: 184, State: [[10.78581683 -0.49908052  3.26307286 -0.45911919  0.80999279 -0.05933923
  -0.61142902 -0.24078141 -0.61503232  1.25676372 -0.5512794  -0.42783399
  -8.89370029 -1.53136638 11.94615904  4.25090985  0.03187551  1.71516759]], Action: [[-1.          1.          0.67632174  0.08852065  0.18666197 -1.        ]], Reward: [1.6287801],Reward_sum: 132.59356689453125, Done: [False]
==========
t: 185, State: [[ 1.07543098e+01 -5.87257838e-01  3.32098377e+00  1.42394739e-01
  -3.22089789e-01  5.42018786e-01  2.19611316e-01 -3.55847516e-01
   1.98910778e-02 -9.98096862e-01 -9.54379254e-01  3.15001286e+00
   1.53329334e+01 -2.76201581e+01  8.99172237e+00  1.90641028e+01
  -2.20657888e+00  1.66199926e+01]], Action: [[ 1.         -1.          1.          1.         -0.33685014  1.        ]], Reward: [-1.1414874],Reward_sum: 131.4520721435547, Done: [False]
==========
t: 186, State: [[10.80212268 -0.5565107   3.28231255  0.55619569 -0.81176275  0.64530047
   0.34994061 -0.06582311  0.53453296  1.61754055  0.60021691  0.15890757
   2.66972157 -1.98192118 -1.61438198 -5.57924031  5.40869785 -0.93588585]], Action: [[ 1.        -1.         1.        -1.        -1.         0.6990888]], Reward: [0.40738493],Reward_sum: 131.85946655273438, Done: [False]
==========
t: 187, State: [[ 10.92524888  -0.53673236   3.30396206   0.46325618  -0.43393103
   -0.04006281  -0.2166573   -0.04942193   0.30664548   2.77675055
    0.40169448   1.00519684  -2.80355494   8.67261445 -15.1145976
  -13.35876408  -3.371774    -6.32911633]], Action: [[ 1.         -0.5994692  -0.3514341  -0.9382869  -1.          0.01639491]], Reward: [2.1261718],Reward_sum: 133.98562622070312, Done: [False]
==========
t: 188, State: [[ 1.10800268e+01 -4.96574567e-01  3.37446465e+00  1.21672830e-03
   4.92580558e-01 -4.50632698e-01 -8.97868374e-01 -3.36951216e-01
  -2.99412263e-01  2.73772524e+00  8.34968414e-01  1.53101253e+00
  -8.78950747e+00  1.66055888e+01  1.10642856e+00 -1.18492009e+01
  -6.65712702e+00 -1.35095141e+01]], Action: [[-0.2403761  1.        -0.9498734 -1.        -0.9331626 -1.       ]], Reward: [2.6124754],Reward_sum: 136.59811401367188, Done: [False]
==========
t: 189, State: [[11.17533811 -0.5146067   3.35081094 -0.41283364  0.80587873  0.22467751
  -0.73248495 -0.28402269 -0.54046712  1.37460056 -1.16417505 -1.32852399
  -6.26279994 -1.97893806 15.32830195 11.64594889  5.44756516  1.33834412]], Action: [[-1.          1.          0.66537035  0.08651128  0.61158866 -1.        ]], Reward: [1.5238018],Reward_sum: 138.12191772460938, Done: [False]
==========
t: 190, State: [[ 11.15835561  -0.57764689   3.2861088    0.23272863  -0.14063333
    0.69885423   0.33019483  -0.16795956   0.07819752  -0.60656098
   -0.44951251  -1.52203941  16.66910184 -22.23780872   4.28530454
   21.75116872   3.68686186  16.90069937]], Action: [[ 1.         -1.          1.          0.87262094 -0.5597085   0.9125492 ]], Reward: [-0.8303986],Reward_sum: 137.29150390625, Done: [False]
==========
t: 191, State: [[11.21691434 -0.57507878  3.30094358  0.61080533 -0.81727853  0.58061375
   0.49699877  0.12443796  0.57404387  2.0869256  -0.21004557 -0.38097903
   2.03455896 -3.67744053 -4.81399283 -5.50241867  5.56406565 -1.33702279]], Action: [[ 1.         -1.          0.93362    -1.         -1.          0.01212041]], Reward: [0.68399525],Reward_sum: 137.97549438476562, Done: [False]
==========
t: 192, State: [[ 11.34593109  -0.56435171   3.3131431    0.45385925  -0.40580094
   -0.12772841  -0.01887424   0.04395292   0.36916466   2.91997825
    0.28001447   0.79137378  -4.40669853  10.03117904 -14.08571012
  -13.14926075  -5.57441198  -5.48622022]], Action: [[ 1.         -0.45348567 -0.38368684 -0.9018157  -1.          0.14885665]], Reward: [2.2615054],Reward_sum: 140.23699951171875, Done: [False]
==========
t: 193, State: [[ 11.52085472  -0.52843007   3.39689027  -0.16752322   0.52149109
   -0.43192728  -0.8183378   -0.29838531  -0.24193961   3.14627621
    0.93418138   2.05028816 -12.22063272  15.71999846   0.65166675
  -15.52595192  -6.94144445 -14.15735059]], Action: [[-0.56788534  1.         -0.6303901  -1.         -0.8967134  -1.        ]], Reward: [3.0460746],Reward_sum: 143.2830810546875, Done: [False]
==========
t: 194, State: [[11.60683095 -0.53494595  3.36529563 -0.53681854  0.80177147  0.2181325
  -0.62426677 -0.30356749 -0.5259944   0.98079014 -0.95693375 -1.75647584
  -3.2725377  -2.09848763 15.13866865 14.38753253  4.14358631  0.80430211]], Action: [[-1.          1.          0.72455585  0.5046481   0.62725246 -1.        ]], Reward: [1.3022149],Reward_sum: 144.58529663085938, Done: [False]
==========
t: 195, State: [[ 11.5866304   -0.57812998   3.29219961   0.21234812  -0.15824967
    0.68859369   0.23172571  -0.17854077   0.04762418  -0.60611881
   -0.46877913  -1.36058597  18.34470448 -24.07417189   4.28499961
   14.88638132   3.1632122   15.8111983 ]], Action: [[ 1.        -1.         1.         0.2310586 -0.6791313  0.7882894]], Reward: [-0.8176117],Reward_sum: 143.76768493652344, Done: [False]
==========
t: 196, State: [[11.64164409 -0.57396067  3.2988779   0.62651069 -0.82534431  0.6034438
   0.23631348 -0.04318767  0.57276026  2.10275956 -0.12100939 -0.29404558
   0.98355314 -0.50273971 -4.26727391 -7.10116767  2.56384639 -1.27494356]], Action: [[ 1.        -1.         1.        -1.        -1.         0.6627722]], Reward: [0.55634695],Reward_sum: 144.32403564453125, Done: [False]
==========
t: 197, State: [[ 1.18000256e+01 -5.56341090e-01  3.32253722e+00  9.40817547e-02
   2.56280242e-01 -1.63358257e-01 -3.57054396e-01 -1.36400814e-01
   1.19957087e-02  3.45485124e+00  6.27212246e-01  6.85599816e-01
  -1.12509710e+01  2.31324268e+01 -1.55714658e+01 -1.36870883e+01
  -3.88994785e+00 -1.52458420e+01]], Action: [[ 0.09639768  1.         -0.53801054 -1.         -1.         -1.        ]], Reward: [2.7377563],Reward_sum: 147.06179809570312, Done: [False]
==========
t: 198, State: [[11.92681504 -0.54612374  3.35294067 -0.45462004  0.85264564  0.08675875
  -0.60567828 -0.2615951  -0.61030265  1.73447737 -0.53032391  0.68870364
  -7.98044125 -0.42921812 12.99497641  1.53349714 -2.95419237  1.26484462]], Action: [[-1.          1.          0.896375    0.09666306  0.06784786 -1.        ]], Reward: [2.1540446],Reward_sum: 149.21583557128906, Done: [False]
==========
t: 199, State: [[ 1.19064986e+01 -5.67293552e-01  3.30564613e+00  1.98639995e-01
  -4.07757859e-02  6.31180603e-01  3.05869055e-01 -6.12403832e-01
   1.85835706e-02 -9.37745639e-01 -1.27909291e-01 -1.28440835e+00
   1.81442930e+01 -2.41193607e+01  7.02941752e+00  2.20353331e+01
  -4.14941404e+00  1.69819088e+01]], Action: [[ 1. -1.  1.  1. -1.  1.]], Reward: [-1.0063279],Reward_sum: 148.20950317382812, Done: [False]
==========
HalfCheetah-v4 - Steps: 200, Return: 148.20950317382812, State: [[ 1.19064986e+01 -5.67293552e-01  3.30564613e+00  1.98639995e-01
  -4.07757859e-02  6.31180603e-01  3.05869055e-01 -6.12403832e-01
   1.85835706e-02 -9.37745639e-01 -1.27909291e-01 -1.28440835e+00
   1.81442930e+01 -2.41193607e+01  7.02941752e+00  2.20353331e+01
  -4.14941404e+00  1.69819088e+01]]
