Running on node: v010
CUDA_VISIBLE_DEVICES = 0,1,2,3,4,5,6,7
[CudaDevice(id=0), CudaDevice(id=1), CudaDevice(id=2), CudaDevice(id=3), CudaDevice(id=4), CudaDevice(id=5), CudaDevice(id=6), CudaDevice(id=7)]
Using AIRL:  True
Using GAIL:  True
Using RGCL:  False
Experiment State @  2025-11-19 08:40:27.273671-05:00
Experiment Saved @  results/experiment_126
Experiment Settings Saved @  results/experiment_126
126
Loaded data from expert_agents/CartPole-v1/ppo.pkl.
CartPole-v1 - Steps: 200, Return: 200.0, State: [-0.06310978  2.33826901  0.01562671 -3.54514053]
rewards_demo [  1.   2.   3.   4.   5.   6.   7.   8.   9.  10.  11.  12.  13.  14.
  15.  16.  17.  18.  19.  20.  21.  22.  23.  24.  25.  26.  27.  28.
  29.  30.  31.  32.  33.  34.  35.  36.  37.  38.  39.  40.  41.  42.
  43.  44.  45.  46.  47.  48.  49.  50.  51.  52.  53.  54.  55.  56.
  57.  58.  59.  60.  61.  62.  63.  64.  65.  66.  67.  68.  69.  70.
  71.  72.  73.  74.  75.  76.  77.  78.  79.  80.  81.  82.  83.  84.
  85.  86.  87.  88.  89.  90.  91.  92.  93.  94.  95.  96.  97.  98.
  99. 100. 101. 102. 103. 104. 105. 106. 107. 108. 109. 110. 111. 112.
 113. 114. 115. 116. 117. 118. 119. 120. 121. 122. 123. 124. 125. 126.
 127. 128. 129. 130. 131. 132. 133. 134. 135. 136. 137. 138. 139. 140.
 141. 142. 143. 144. 145. 146. 147. 148. 149. 150. 151. 152. 153. 154.
 155. 156. 157. 158. 159. 160. 161. 162. 163. 164. 165. 166. 167. 168.
 169. 170. 171. 172. 173. 174. 175. 176. 177. 178. 179. 180. 181. 182.
 183. 184. 185. 186. 187. 188. 189. 190. 191. 192. 193. 194. 195. 196.
 197. 198. 199. 200.]
Execution time: 2.3532 seconds,Total True Reward = 200.0000
Execution time: 1.6825 seconds,Total True Reward = 200.0000
Execution time: 1.6847 seconds,Total True Reward = 200.0000
Execution time: 2.0078 seconds,Total True Reward = 200.0000
Execution time: 1.6823 seconds,Total True Reward = 200.0000
Execution time: 1.6830 seconds,Total True Reward = 200.0000
Execution time: 1.6832 seconds,Total True Reward = 200.0000
Execution time: 2.0810 seconds,Total True Reward = 200.0000
Execution time: 1.6909 seconds,Total True Reward = 200.0000
Execution time: 1.7095 seconds,Total True Reward = 200.0000
Execution time: 1.6989 seconds,Total True Reward = 200.0000
Execution time: 1.6940 seconds,Total True Reward = 200.0000
Execution time: 2.1720 seconds,Total True Reward = 200.0000
Execution time: 1.6794 seconds,Total True Reward = 200.0000
Execution time: 1.6905 seconds,Total True Reward = 200.0000
Execution time: 1.6973 seconds,Total True Reward = 200.0000
Execution time: 1.6760 seconds,Total True Reward = 200.0000
Execution time: 1.6211 seconds,Total True Reward = 200.0000
Execution time: 2.1521 seconds,Total True Reward = 195.0000
Execution time: 1.6767 seconds,Total True Reward = 198.0000
Execution time: 1.6725 seconds,Total True Reward = 75.0000
Execution time: 1.6784 seconds,Total True Reward = 17.0000
Execution time: 1.6689 seconds,Total True Reward = 14.0000
Execution time: 1.7007 seconds,Total True Reward = 15.0000
Execution time: 2.2172 seconds,Total True Reward = 15.0000
Execution time: 1.6728 seconds,Total True Reward = 15.0000
Execution time: 1.6770 seconds,Total True Reward = 13.0000
Execution time: 1.6793 seconds,Total True Reward = 51.0000
Execution time: 1.6721 seconds,Total True Reward = 46.0000
Execution time: 1.6881 seconds,Total True Reward = 200.0000
Execution time: 1.6833 seconds,Total True Reward = 200.0000
Execution time: 2.2416 seconds,Total True Reward = 200.0000
Execution time: 1.6935 seconds,Total True Reward = 200.0000
Execution time: 1.6390 seconds,Total True Reward = 200.0000
Execution time: 1.6511 seconds,Total True Reward = 200.0000
Execution time: 1.6804 seconds,Total True Reward = 200.0000
Execution time: 1.7058 seconds,Total True Reward = 49.0000
Execution time: 1.6973 seconds,Total True Reward = 200.0000
Execution time: 1.6632 seconds,Total True Reward = 200.0000
Execution time: 2.3927 seconds,Total True Reward = 200.0000
Execution time: 1.6919 seconds,Total True Reward = 200.0000
Execution time: 1.6732 seconds,Total True Reward = 200.0000
Execution time: 1.6859 seconds,Total True Reward = 200.0000
Execution time: 1.6918 seconds,Total True Reward = 200.0000
Execution time: 1.6749 seconds,Total True Reward = 200.0000
Execution time: 1.6751 seconds,Total True Reward = 200.0000
Execution time: 1.7134 seconds,Total True Reward = 200.0000
Execution time: 1.6889 seconds,Total True Reward = 200.0000
Execution time: 2.4618 seconds,Total True Reward = 200.0000
Execution time: 1.6763 seconds,Total True Reward = 92.0000
Execution time: 1.6872 seconds,Total True Reward = 101.0000
Execution time: 1.6759 seconds,Total True Reward = 158.0000
Execution time: 1.6702 seconds,Total True Reward = 132.0000
Execution time: 1.6788 seconds,Total True Reward = 117.0000
Execution time: 1.6804 seconds,Total True Reward = 48.0000
Execution time: 1.6907 seconds,Total True Reward = 16.0000
Execution time: 1.6927 seconds,Total True Reward = 42.0000
Execution time: 1.6869 seconds,Total True Reward = 141.0000
Execution time: 2.5518 seconds,Total True Reward = 179.0000
Execution time: 1.6750 seconds,Total True Reward = 200.0000
Execution time: 1.6714 seconds,Total True Reward = 194.0000
Execution time: 1.6708 seconds,Total True Reward = 87.0000
Execution time: 1.6641 seconds,Total True Reward = 151.0000
Execution time: 1.6663 seconds,Total True Reward = 200.0000
Execution time: 1.6812 seconds,Total True Reward = 200.0000
Execution time: 1.6900 seconds,Total True Reward = 200.0000
Execution time: 1.6977 seconds,Total True Reward = 200.0000
Execution time: 1.6874 seconds,Total True Reward = 149.0000
Execution time: 1.6829 seconds,Total True Reward = 197.0000
Execution time: 2.6801 seconds,Total True Reward = 189.0000
Execution time: 1.6786 seconds,Total True Reward = 200.0000
Execution time: 1.6624 seconds,Total True Reward = 136.0000
Execution time: 1.6800 seconds,Total True Reward = 121.0000
Execution time: 1.6820 seconds,Total True Reward = 171.0000
Execution time: 1.6866 seconds,Total True Reward = 193.0000
Execution time: 1.6994 seconds,Total True Reward = 131.0000
Execution time: 1.6860 seconds,Total True Reward = 200.0000
Execution time: 1.6847 seconds,Total True Reward = 197.0000
Execution time: 1.6727 seconds,Total True Reward = 200.0000
Execution time: 1.6675 seconds,Total True Reward = 48.0000
Execution time: 1.6775 seconds,Total True Reward = 74.0000
Execution time: 1.6700 seconds,Total True Reward = 192.0000
Execution time: 2.8116 seconds,Total True Reward = 200.0000
Execution time: 1.6705 seconds,Total True Reward = 181.0000
Execution time: 1.6930 seconds,Total True Reward = 166.0000
Execution time: 1.6916 seconds,Total True Reward = 156.0000
Execution time: 1.6750 seconds,Total True Reward = 194.0000
Execution time: 1.6813 seconds,Total True Reward = 193.0000
Execution time: 1.6844 seconds,Total True Reward = 200.0000
Execution time: 1.6852 seconds,Total True Reward = 145.0000
Execution time: 1.6701 seconds,Total True Reward = 129.0000
Execution time: 1.6748 seconds,Total True Reward = 200.0000
Execution time: 1.6753 seconds,Total True Reward = 172.0000
Execution time: 1.7026 seconds,Total True Reward = 191.0000
Execution time: 1.6741 seconds,Total True Reward = 138.0000
Execution time: 1.6679 seconds,Total True Reward = 192.0000
Execution time: 2.8741 seconds,Total True Reward = 191.0000
Execution time: 1.6746 seconds,Total True Reward = 57.0000
Execution time: 1.7119 seconds,Total True Reward = 191.0000
Execution time: 1.6823 seconds,Total True Reward = 200.0000
