[CudaDevice(id=0)]
Using AIRL:  False
Using GAIL:  False
Using RGCL:  False
Experiment State @  2025-07-28 12:39:47.730680-05:00
Experiment Saved @  results/experiment_133
Experiment Settings Saved @  results/experiment_133
133
Using cuda device
Wrapping the env with a `Monitor` wrapper
Wrapping the env in a DummyVecEnv.
Wrapping the env with a `Monitor` wrapper
Wrapping the env in a DummyVecEnv.
t: 0, State: [[ 9.49395138e-02 -1.72677857e-02 -3.79229600e-02  2.34366434e-01
   1.37479605e-01 -4.21151494e-01 -2.07857406e-01  5.57573501e-03
  -1.99837235e-01 -8.18567998e-02 -7.47270330e-01 -1.58120774e-01
   6.19753842e+00  3.38666906e+00 -8.33852767e+00 -8.27393653e+00
  -2.70002031e+00 -6.12967352e+00]], Action: [[ 1.          0.62606066 -0.9463528  -1.         -0.63904727 -1.        ]], Reward: [-0.4714065],Reward_sum: -0.471406489610672, Done: [False]
==========
t: 1, State: [[ 0.08448454 -0.07512044 -0.07035102  0.11138364  0.59019871 -0.41720973
  -0.286796    0.01589669 -0.37478765 -0.16572574 -1.22630366 -0.84332906
  -6.13686943  8.54436728  0.46414526  3.03756878  1.68215148 -1.38567331]], Action: [[-0.59626037  1.         -1.          0.5560516   0.79062146 -0.16495128]], Reward: [-0.5408006],Reward_sum: -1.01220703125, Done: [False]
==========
t: 2, State: [[ 7.77412715e-02 -1.36491288e-01 -9.65787832e-02 -2.31265704e-01
   6.70067922e-01  3.10605734e-01 -2.97776732e-01  4.10759040e-01
  -4.21113363e-01 -7.52443584e-03 -1.28341968e+00 -2.68858299e-01
  -4.97115889e+00 -2.58856096e+00  1.68374424e+01 -1.23651054e+00
   9.16397092e+00 -1.94615536e-01]], Action: [[-0.3551348  1.         1.        -0.5538922  1.        -0.7235256]], Reward: [-0.530506],Reward_sum: -1.5427130460739136, Done: [False]
==========
t: 3, State: [[ 1.49205316e-01 -1.18390214e-01 -2.88756118e-02  2.70597263e-03
   1.22172557e-01  7.44823222e-01  5.94510461e-02  1.20937754e-01
  -2.70201214e-01  2.21093115e+00  1.16838198e+00  2.34715174e+00
   7.83148988e+00 -1.23477385e+01  2.90992474e+00  1.01101451e+01
  -8.72573759e+00  5.66315837e+00]], Action: [[ 0.21906517 -1.          1.          1.          1.          1.        ]], Reward: [0.92448187],Reward_sum: -0.6182311773300171, Done: [False]
==========
t: 4, State: [[  0.22962232  -0.07606697   0.10197414   0.4671694   -0.41717393
   -0.06930817   0.02627243  -0.24656194   0.30252334   1.01661673
    0.47634053   2.15704088   7.15815136  -7.69023314 -20.71485562
   -7.36089464  -5.87599964  12.50433202]], Action: [[ 1.         -0.5527188  -0.74280244 -1.         -1.          0.6384736 ]], Reward: [1.1818498],Reward_sum: 0.5636186599731445, Done: [False]
==========
t: 5, State: [[  0.24061094  -0.08523026   0.20800712   0.37130925  -0.10910699
   -0.44230786  -0.59388589  -0.43298549   0.41372228   0.09860593
   -0.57627686   2.33944794  -4.52696636  10.20877872   1.14025096
  -13.25607387  -2.66400341  -4.32205031]], Action: [[ 0.5067385   0.17664681 -1.         -1.         -1.         -0.31378722]], Reward: [-0.11887266],Reward_sum: 0.4447460174560547, Done: [False]
==========
t: 6, State: [[  0.26564052  -0.11400438   0.18453545  -0.14732108   0.68533357
    0.14432069  -0.42222086  -0.23640544   0.07094599   0.69419606
   -0.472892    -2.37676948 -11.78890793  13.27018699  13.1770054
    8.70153633  -2.01780351 -13.29457778]], Action: [[-1.          1.          0.38431627  1.          1.          1.        ]], Reward: [-0.01417828],Reward_sum: 0.43056774139404297, Done: [False]
==========
t: 7, State: [[ 0.32268797 -0.12336783  0.07768988 -0.54563623  0.70961663  0.68145563
  -0.09186669  0.09392799 -0.57913696  1.28344165  0.10202046 -1.98017351
  -3.85641763 -5.9133795   6.2556962   4.10782752  7.15183507 -0.37055227]], Action: [[-0.96308076  0.74290615  1.         -0.05674481  0.9475453  -1.        ]], Reward: [0.7028994],Reward_sum: 1.1334670782089233, Done: [False]
==========
t: 8, State: [[  0.43857997  -0.06445104   0.07915883   0.14734896  -0.31951638
    0.5974039    0.11822751   0.02209306  -0.10675882   3.12648748
    1.77726412   1.67979531  13.64602618 -11.92955672  -6.50360836
    3.93937282  -2.29645312  15.21388343]], Action: [[ 1.0000000e+00 -1.0000000e+00  1.0000000e+00  1.7951053e-01
   6.0017034e-04  9.5287210e-01]], Reward: [1.9238209],Reward_sum: 3.0572879314422607, Done: [False]
==========
t: 9, State: [[ 5.44311669e-01 -1.63499251e-02  1.19996585e-01  5.83503329e-01
  -4.20319644e-01 -3.73280137e-01 -9.27213922e-02 -1.52167125e-01
   3.75252435e-01  1.43366638e+00  5.59982367e-01  7.11224291e-01
   4.60563892e+00  3.71714736e+00 -1.93250228e+01 -8.87386855e+00
  -4.36133925e+00  4.61929520e+00]], Action: [[ 1.         -0.34679836 -1.         -1.         -1.         -0.31544405]], Reward: [1.6926568],Reward_sum: 4.749944686889648, Done: [False]
==========
t: 10, State: [[ 5.66846464e-01 -1.67470782e-02  2.07801180e-01  2.00990644e-01
   4.54094828e-01 -4.51992807e-01 -7.33793807e-01 -3.94078351e-01
   3.09869336e-02  3.79875104e-01 -3.63580237e-01  2.31792528e+00
  -9.91347353e+00  1.70789272e+01  2.34286547e+00 -1.31021311e+01
  -4.68523563e+00 -1.24898648e+01]], Action: [[-0.17971979  1.         -1.         -1.         -1.         -1.        ]], Reward: [-0.05253402],Reward_sum: 4.697410583496094, Done: [False]
==========
t: 11, State: [[ 6.44246146e-01 -8.72463303e-03  1.99956522e-01 -3.32509357e-01
   8.03957021e-01  3.99377285e-01 -3.86498118e-01 -1.80080069e-01
  -2.89897245e-01  2.34981914e+00  3.82139091e-01 -1.14134259e+00
  -8.94008822e+00 -1.56913236e+00  1.88486145e+01  1.66987899e+01
   9.33381998e+00 -1.11784291e+00]], Action: [[-1.          1.          1.          1.          1.          0.70035905]], Reward: [0.9989434],Reward_sum: 5.696353912353516, Done: [False]
==========
t: 12, State: [[ 8.25164435e-01  2.49332560e-02  2.82196394e-01  1.78851420e-01
  -2.99838653e-01  7.81248711e-01  2.68440907e-01  1.58168820e-01
  -2.81778311e-01  3.63692207e+00  4.48385205e-01  1.48181332e+00
   1.46005978e+01 -2.57380406e+01  2.40152257e-01  1.05226565e+01
   1.90943604e+00 -1.60894818e+00]], Action: [[ 1.         -1.          1.          0.17088112  0.14184327 -0.07571353]], Reward: [3.3128605],Reward_sum: 9.009214401245117, Done: [False]
==========
t: 13, State: [[  0.9337661    0.02652567   0.2907855    0.53036512  -0.81663431
    0.2735469    0.21530348   0.06469116   0.24875916   1.32644248
   -0.07779242  -0.47392107   0.80034236   2.11261451 -12.0500362
   -7.72578881  -4.34811346  15.28262795]], Action: [[ 1.       -1.        0.323332 -1.       -1.        1.      ]], Reward: [1.661579],Reward_sum: 10.670793533325195, Done: [False]
==========
t: 14, State: [[  0.93387489   0.02566153   0.20523486  -0.04340273   0.34896685
   -0.50938888  -0.097018    -0.10242915   0.48954054  -0.43131805
    0.05181284  -2.390999   -13.03299643  23.09066231 -12.68089139
   -4.46160283  -2.31391293  -3.95527664]], Action: [[-0.40774566  1.         -1.         -1.         -0.7308074  -1.        ]], Reward: [-0.4678579],Reward_sum: 10.202935218811035, Done: [False]
==========
t: 15, State: [[  0.9380979    0.028041     0.10950855  -0.55766558   0.82293602
   -0.43873343  -0.42914699   0.30358563  -0.20437917   0.89784894
    0.28783349  -1.01221248  -0.56259915  -1.07442909   1.16404654
   -5.74539039  10.61532208 -16.8841095 ]], Action: [[-1.          1.         -1.         -0.56475043  1.         -1.        ]], Reward: [-0.4474341],Reward_sum: 9.755501747131348, Done: [False]
==========
t: 16, State: [[ 1.04276818  0.03383288  0.03162921 -0.30046834  0.57030989  0.30046903
  -0.02196342  0.38452396 -0.57091096  2.54959851 -0.21227329 -1.99081315
   6.56937727 -5.63223772 17.3213548  14.09557447 -1.72221958  2.83602813]], Action: [[-0.43870914  1.          1.          1.          1.         -0.5686482 ]], Reward: [1.6418229],Reward_sum: 11.397324562072754, Done: [False]
==========
t: 17, State: [[  1.16897794   0.03325155   0.03170784   0.40796528  -0.43261708
    0.74631456   0.36032896   0.05643741   0.12655369   2.10438805
   -0.33836708  -0.25340876  13.50592622 -20.34025109   2.59381643
    2.60941385  -6.86936231  17.66482986]], Action: [[ 1.         -1.          1.         -0.38154387 -0.6320435   0.7672238 ]], Reward: [2.1108265],Reward_sum: 13.508151054382324, Done: [False]
==========
t: 18, State: [[ 1.21558001e+00 -1.25719908e-02 -9.94083639e-03  7.02605850e-01
  -7.50017120e-01 -1.81164544e-01  9.65590273e-02 -2.73984165e-01
   5.98673196e-01  2.51753251e-01 -1.25159529e+00 -7.36950602e-01
   1.07876421e-01  1.73928645e+00 -2.27456278e+01 -9.53540047e+00
  -5.52802498e+00 -3.10615116e+00]], Action: [[ 1.        -1.        -1.        -0.5479722 -1.         1.       ]], Reward: [0.402014],Reward_sum: 13.910164833068848, Done: [False]
==========
t: 19, State: [[ 1.17577481e+00 -1.20302319e-01 -4.24361538e-02 -1.31147897e-01
   4.03671552e-01 -4.83720861e-01 -6.06016340e-01 -1.11702019e-01
  -6.41305879e-03 -6.86617861e-01 -2.91068472e+00 -1.04522025e+00
  -1.94076968e+01  2.23637347e+01  2.77991100e+00 -1.23985720e+01
   6.12261307e+00 -1.51020142e+01]], Action: [[-0.81018865  1.         -1.         -0.68894935  0.05156107 -0.577746  ]], Reward: [-1.1428546],Reward_sum: 12.76731014251709, Done: [False]
==========
t: 20, State: [[ 1.23689965 -0.2213578  -0.13122462 -0.59035694  0.83606127  0.16797181
  -0.46486783  0.20453978 -0.62361169  2.68209889  0.39257256  1.35117957
   1.46111206  2.51587557  4.68229181  9.26867001  3.65535108  1.64789312]], Action: [[-1.          1.          1.          0.39085752  1.         -0.92820996]], Reward: [0.7210625],Reward_sum: 13.488372802734375, Done: [False]
==========
t: 21, State: [[  1.43317806  -0.13957408   0.10997999   0.22854037  -0.17114824
    0.37983813   0.0974273   -0.22041858  -0.41875904   4.14775424
    1.2531707    4.08632613  18.3436684  -26.93399565   5.75281713
   10.28847165 -14.1667365    1.36257027]], Action: [[ 1.         -1.          1.          0.14733103 -0.5075764  -0.18306771]], Reward: [3.5942829],Reward_sum: 17.08265495300293, Done: [False]
==========
t: 22, State: [[  1.5723568   -0.12429971   0.20151146   0.72459005  -0.76346089
    0.05898296   0.16696688  -0.65059128   0.13413468   1.77364693
    0.3419955    0.58455956   3.07675103   0.18833714 -10.19688057
   -2.13399731  -8.73378551  12.80954105]], Action: [[ 1.         -0.81388694 -0.34893245 -0.4333436  -1.          1.        ]], Reward: [2.3863795],Reward_sum: 19.46903419494629, Done: [False]
==========
t: 23, State: [[  1.58093472  -0.11730738   0.23467583   0.07439909   0.39133213
   -0.46430753  -0.49471934  -0.62574644   0.13919405  -0.21602782
   -0.26408212   0.80945557 -16.1031879   23.4319925   -4.86933376
  -15.55222165   4.68483181  -7.13491622]], Action: [[-0.4574679  1.        -1.        -1.        -1.        -1.       ]], Reward: [-0.34936926],Reward_sum: 19.119667053222656, Done: [False]
==========
t: 24, State: [[  1.64576057  -0.12507383   0.19101916  -0.55732647   0.82557311
    0.22433192  -0.36153058   0.0444589   -0.54218108   2.37248374
    0.02058693  -1.18259443  -7.59199985  -2.79303801  18.47798615
   10.97977864  15.38753052 -13.74772317]], Action: [[-1.          1.          1.          0.76006067  1.         -0.98887354]], Reward: [0.7409608],Reward_sum: 19.860628128051758, Done: [False]
==========
t: 25, State: [[ 1.80186391e+00 -5.81622865e-02  1.78221803e-01  1.17823588e-01
  -3.10044347e-01  7.15829006e-01 -5.26698776e-02  1.47961369e-02
  -4.72222973e-01  3.40342742e+00  1.06959910e+00 -8.37695858e-01
   1.81392904e+01 -2.56432852e+01  3.33272294e+00  5.54087651e+00
   2.07307593e+00  3.48467910e+00]], Action: [[ 0.96278167 -0.90903896  1.         -0.10825583  0.3903091  -0.48229092]], Reward: [2.8070703],Reward_sum: 22.66769790649414, Done: [False]
==========
t: 26, State: [[ 1.91593204 -0.051396    0.0888762   0.63300536 -0.79191369  0.48354259
  -0.14503846 -0.13303416  0.24536266  1.61453011 -0.25988693 -1.73220394
   4.06522864  3.19110548 -6.60040608 -6.67275141 -5.19627953 17.82611595]], Action: [[ 1.        -1.         0.6971801 -1.        -1.         1.       ]], Reward: [1.7327565],Reward_sum: 24.400453567504883, Done: [False]
==========
t: 27, State: [[ 1.93626494e+00 -1.09686799e-01  1.91645388e-02  1.49041705e-01
   4.36547734e-01 -3.53654792e-01 -7.00885504e-01 -2.25667367e-01
   3.24147077e-01  2.12315148e-01 -1.68927497e+00 -1.02138690e+00
  -1.19735557e+01  2.42715856e+01 -1.62129405e+01 -1.12817341e+01
  -5.26688576e-01 -8.04045577e+00]], Action: [[-0.40667486  1.         -1.         -1.         -0.5092427  -1.        ]], Reward: [-0.03581314],Reward_sum: 24.364641189575195, Done: [False]
==========
t: 28, State: [[  2.00303846  -0.1646567   -0.08822262  -0.4142029    0.8057844
   -0.39564761  -0.52289225   0.03926099  -0.48975957   2.05001657
   -0.7140978   -2.72804502  -8.75672916  -3.43773536   3.32058631
   11.41652782   7.5268704  -17.29659837]], Action: [[-1.         1.        -0.6470948  0.4640534  1.        -1.       ]], Reward: [0.8720627],Reward_sum: 25.236703872680664, Done: [False]
==========
t: 29, State: [[ 2.17825269e+00 -1.00553533e-01 -3.45269733e-02  1.22156931e-02
   1.96487152e-01 -2.79155365e-02  1.19828596e-01  2.94052964e-01
  -4.78630776e-01  3.93592269e+00  2.33521870e+00  2.32134003e+00
   1.34455233e+01 -1.35459901e+01  8.64103597e+00  1.02682945e+01
  -4.75345139e+00 -2.27383809e+00]], Action: [[ 0.8766718  -0.4631756   1.          0.52181375  0.979722    0.27731508]], Reward: [3.1750712],Reward_sum: 28.411775588989258, Done: [False]
==========
t: 30, State: [[ 2.33699541e+00 -1.01975823e-02  8.19045143e-02  5.77568329e-01
  -6.31147885e-01  3.12944345e-01  2.27208067e-01 -1.33805615e-01
  -2.63152267e-02  2.46217398e+00  1.41684011e+00  1.80747346e+00
   7.42258010e+00 -1.17292863e+01  4.10464481e+00 -3.83470718e+00
  -9.06310383e+00  1.34685459e+01]], Action: [[ 1.         -1.          0.39742672 -0.6579858  -1.          0.5558223 ]], Reward: [2.784871],Reward_sum: 31.19664764404297, Done: [False]
==========
t: 31, State: [[  2.412741     0.03739684   0.17394346   0.62880608  -0.65343518
   -0.24284827  -0.41717253  -0.42651704   0.56491547   1.19624267
    0.54780836   2.21087445  -2.07062301   4.22751352 -15.00917553
  -15.7880793   -3.25509708  -0.14790673]], Action: [[ 1. -1. -1. -1. -1.  1.]], Reward: [0.9149117],Reward_sum: 32.11155700683594, Done: [False]
==========
t: 32, State: [[  2.44275669   0.03257042   0.25765737  -0.14323772   0.4934519
   -0.45120543  -1.04037392  -0.24105587  -0.09703099   1.01315167
   -0.39477919   0.22646761 -16.33784036  22.22414974   1.70857525
   -2.06453932   3.64205268 -18.60501532]], Action: [[-1.          1.         -1.         -1.         -0.12019281 -1.        ]], Reward: [0.09886917],Reward_sum: 32.210426330566406, Done: [False]
==========
t: 33, State: [[ 2.56410621  0.03862624  0.19492382 -0.55794247  0.79334942  0.3032698
  -0.49214544  0.1377943  -0.58235714  3.39084189  0.42059059 -1.07195067
   0.72732005 -3.95030063 16.59993792 14.96012646  9.67104874  2.8444921 ]], Action: [[-1.          0.97640127  1.          0.11770657  1.         -0.76891977]], Reward: [1.9711453],Reward_sum: 34.18157196044922, Done: [False]
==========
t: 34, State: [[  2.78863787   0.05493885   0.30911108   0.25494347  -0.38582376
    0.7147427    0.17698343   0.30968304  -0.10094686   4.41759409
   -0.63204759   2.51467618  17.12329761 -26.10722933   2.233818
   11.74410759   1.2498442   11.84560091]], Action: [[ 1.         -1.          1.         -0.00264454 -0.11385773 -0.01860557]], Reward: [4.1893015],Reward_sum: 38.370872497558594, Done: [False]
==========
t: 35, State: [[ 2.92355727e+00 -3.80422061e-03  3.86373065e-01  6.02006318e-01
  -8.28736658e-01  3.65746575e-01  2.50159606e-01  1.39065824e-01
   5.62657194e-01  1.80633221e+00 -1.16163321e+00  1.18645430e+00
  -4.78888234e-02  3.64104377e+00 -9.25695021e+00 -4.28345668e+00
  -5.39317244e+00  5.54389986e-01]], Action: [[ 1.         -1.          0.48632687 -1.         -1.          1.        ]], Reward: [2.1747365],Reward_sum: 40.54560852050781, Done: [False]
==========
t: 36, State: [[ 2.95718597e+00 -1.28283235e-02  3.64579450e-01 -1.41017709e-01
   4.35631801e-01 -4.07386182e-01  2.03310172e-01  2.06005266e-01
   4.57077162e-01  2.40418991e-01  1.63323199e-01 -1.00381202e+00
  -1.80645060e+01  2.36386782e+01 -1.39061200e+01 -8.73175475e-01
   4.87155649e+00 -4.04386548e+00]], Action: [[-0.9854028  1.        -1.        -1.        -0.3596667 -1.       ]], Reward: [0.16253595],Reward_sum: 40.70814514160156, Done: [False]
==========
t: 37, State: [[ 3.02294464e+00 -3.60152281e-03  3.62428466e-01 -5.98531563e-01
   7.56613981e-01 -1.75372696e-01  1.69321142e-01  6.09792798e-01
  -1.40257485e-01  2.18227263e+00  4.44440290e-01  1.36524849e+00
   2.36138940e+00 -4.15478666e+00  1.09296605e+01 -8.07292211e-01
   7.13020728e+00 -1.46722936e+01]], Action: [[-1.          1.          0.54094386  0.06407696  1.         -1.        ]], Reward: [0.8855009],Reward_sum: 41.59364700317383, Done: [False]
==========
t: 38, State: [[ 3.17737854e+00  2.98652028e-03  4.93810497e-01  4.85185487e-02
  -7.37280233e-02  5.01716506e-01  4.57034724e-01  3.81570278e-01
  -1.82181979e-01  3.15339382e+00 -5.63934168e-01  1.94675594e+00
   1.37607734e+01 -1.72225817e+01  1.14647829e+01  8.48322000e+00
  -7.57826079e+00  6.98693377e+00]], Action: [[ 0.4990207  -0.19466327  1.          1.          0.5234541   1.        ]], Reward: [2.7325861],Reward_sum: 44.32623291015625, Done: [False]
==========
t: 39, State: [[ 3.29121002e+00 -1.21794233e-02  5.40995445e-01  5.67568427e-01
  -7.39193430e-01  6.92380712e-01  2.53694760e-01 -2.72435706e-02
   5.31096684e-01  1.55737578e+00 -1.64878912e-01  3.99628820e-01
   5.86547827e+00 -6.10212379e+00 -9.12757345e-01 -1.17227411e+01
  -7.93028900e+00  1.54139057e+01]], Action: [[ 1. -1.  1. -1. -1.  1.]], Reward: [1.6766295],Reward_sum: 46.00286102294922, Done: [False]
==========
t: 40, State: [[ 3.33820717e+00  6.52569346e-03  5.27912928e-01  4.69355586e-01
  -1.53284202e-01 -2.66474757e-01  1.88680862e-01  1.26639778e-01
   5.36346060e-01  5.01534389e-01  6.71064741e-01 -1.24196438e-01
  -4.39743390e+00  1.50307318e+01 -2.15153261e+01 -2.38336430e+00
   2.57429366e+00 -6.14828635e-01]], Action: [[ 0.80027     0.17146553 -1.         -1.         -1.          0.41282493]], Reward: [0.5559173],Reward_sum: 46.55877685546875, Done: [False]
==========
t: 41, State: [[ 3.32632023e+00  7.79967514e-02  5.64894205e-01 -3.17705971e-01
   6.41700976e-01 -4.34891180e-01  1.93324357e-04  3.17078770e-01
   3.03689847e-01 -3.23873274e-01  1.55256401e+00  1.03967901e+00
  -1.79457679e+01  9.83892166e+00  9.90952999e-01 -3.40887004e+00
   3.24666318e+00 -6.89191055e+00]], Action: [[-1.          1.         -1.         -1.         -0.36229056 -1.        ]], Reward: [-0.75086427],Reward_sum: 45.80791091918945, Done: [False]
==========
t: 42, State: [[  3.36626771   0.16157871   0.67306382  -0.55255697   0.51013019
    0.23036474  -0.28130293   0.73902812  -0.19685349   1.29775601
    1.68545308   2.92049938   2.77455689  -6.9320627   15.68744035
   -6.03058468   7.97424965 -10.38899658]], Action: [[-0.7599839  1.         1.        -0.9952027  1.        -1.       ]], Reward: [0.24214931],Reward_sum: 46.0500602722168, Done: [False]
==========
t: 43, State: [[  3.46161906   0.18315565   0.77325464  -0.08149648   0.23997501
    0.66656455   0.08202382   0.32938115  -0.13299149   1.86235605
   -0.37918747   1.155724    10.44506805  -2.48264547   3.45490598
   12.37158329 -12.02804257   7.47397444]], Action: [[0.14854665 0.8191171  1.         0.82713366 0.51460487 0.9190758 ]], Reward: [1.5583581],Reward_sum: 47.60841751098633, Done: [False]
==========
t: 44, State: [[  3.54486372   0.17456203   0.88643592   0.55141241  -0.42264763
    0.52958457   0.26696275  -0.25186287   0.21145268   1.22050014
    0.02774935   2.06386669  10.18413101 -13.69028549  -4.84082339
   -2.85908319  -9.37484343   5.13805367]], Action: [[ 1.         -1.          0.7745003  -0.60449857 -1.         -0.08048029]], Reward: [1.2677187],Reward_sum: 48.876136779785156, Done: [False]
==========
t: 45, State: [[  3.54892185   0.20141118   0.93654451   0.59449387  -0.08572014
   -0.36679939  -0.28357511  -0.47810644   0.6385958   -0.31359235
    1.09534359   0.71999715  -3.18673836  13.61602137 -18.3265041
   -5.80230129  -2.76061397  13.99700058]], Action: [[ 0.9611753   0.49311513 -1.         -1.         -1.          1.        ]], Reward: [-0.43553966],Reward_sum: 48.44059753417969, Done: [False]
==========
t: 46, State: [[  3.51298709   0.29358455   1.0310993   -0.22104452   0.68659917
   -0.45126126  -0.67143348  -0.2609978    0.12162866  -0.74504533
    1.65966062   1.97375818 -18.9515096   10.11660833   1.66632549
   -6.97697097   6.1929023  -16.61513115]], Action: [[-1.         1.        -1.        -1.        -0.2820766 -1.       ]], Reward: [-1.2266518],Reward_sum: 47.21394729614258, Done: [False]
==========
t: 47, State: [[ 3.54137484  0.32815163  1.09286259 -0.56081262  0.63138755  0.26037786
  -0.6818049   0.27958697 -0.57995506  1.35968427  0.16869653  1.10099701
   2.23771196 -6.04462607 16.09070784  3.10908539 10.26045844  0.33121352]], Action: [[-0.8366662   1.          1.         -0.51361185  1.         -0.9106227 ]], Reward: [0.08845087],Reward_sum: 47.302398681640625, Done: [False]
==========
t: 48, State: [[  3.65826771   0.27814592   1.21686723   0.18101205  -0.42541557
    0.70690019  -0.11674149   0.09370419  -0.07320573   1.89986887
   -1.77868755   2.11739429  15.38944722 -21.87877512   3.25939163
   13.93216588  -7.38468668  13.79943799]], Action: [[ 0.6698844  -1.          1.          0.09519362 -0.3500064   0.48130327]], Reward: [2.056661],Reward_sum: 49.35905838012695, Done: [False]
==========
t: 49, State: [[ 3.69070708  0.21358064  1.29058903  0.54991948 -0.8038954   0.46034358
   0.06268544 -0.18306035  0.55664306  0.16395735 -0.83973269  1.18723831
   1.65799829  2.88695079 -7.24611218 -2.65846052 -3.68008158  0.31303215]], Action: [[ 1.        -1.         0.7014086 -1.        -1.         0.8387111]], Reward: [0.12924632],Reward_sum: 49.488304138183594, Done: [False]
==========
t: 50, State: [[ 3.64975414e+00  2.23613881e-01  1.35251498e+00 -1.44044874e-01
   4.50073487e-01 -3.62827795e-01 -4.53752178e-01 -2.51090253e-01
   1.71192079e-02 -1.25612548e+00  2.54901097e-01  1.52408151e+00
  -1.66397236e+01  2.42717274e+01 -1.58546171e+01 -1.28102941e+01
  -5.93856782e-01 -1.55087869e+01]], Action: [[-1.         1.        -1.        -1.        -0.7079129 -1.       ]], Reward: [-1.369173],Reward_sum: 48.11913299560547, Done: [False]
==========
t: 51, State: [[ 3.65329542  0.18618834  1.4015887  -0.55282221  0.8314105  -0.38642265
  -0.0364285   0.06961381 -0.58496784  0.91619679 -1.62548799  1.77044093
   0.88632398 -3.57686614  3.83785138 11.52151202  9.57670842  0.6610056 ]], Action: [[-1.          1.         -0.37169313  0.7797904   1.         -1.        ]], Reward: [-0.40379718],Reward_sum: 47.715335845947266, Done: [False]
==========
t: 52, State: [[  3.73641216   0.07197413   1.6684919    0.18150728  -0.45694174
    0.31427149   0.17739561   0.1083248   -0.23359916   1.15531482
   -2.48898417   4.88510253  15.98781065 -28.59510875  15.88218018
    1.03228383  -3.6432612    9.14308051]], Action: [[ 1.         -1.          1.         -0.60587007 -1.         -0.40946847]], Reward: [1.2088604],Reward_sum: 48.9241943359375, Done: [False]
==========
t: 53, State: [[ 3.75870987  0.10511454  1.67478361  0.4609365  -0.79082159  0.69718939
  -0.1041468  -0.24154219  0.50889339  0.06076327  0.73777408 -0.40914508
   2.04098724  3.66089831  1.5787783  -7.12086909 -8.3629745  14.66133737]], Action: [[ 1.         -1.          1.         -0.49615774 -1.          1.        ]], Reward: [-0.0786631],Reward_sum: 48.84553146362305, Done: [False]
==========
t: 54, State: [[ 3.73204622e+00  1.84592491e-01  1.62840147e+00 -6.19865358e-03
   4.44311141e-01 -1.85981005e-01 -6.06053380e-01 -1.83153988e-01
   3.87298628e-01 -5.60047091e-01  1.87913655e+00 -8.99539025e-01
  -1.09304813e+01  2.41380486e+01 -2.07379493e+01 -2.15736514e+00
   6.51625992e+00 -3.62767134e+00]], Action: [[-0.6168488   1.         -1.         -1.         -0.16939837 -0.414634  ]], Reward: [-0.8913848],Reward_sum: 47.95414733886719, Done: [False]
==========
t: 55, State: [[  3.73214892   0.24904993   1.64505276  -0.53647671   0.82603451
   -0.47499941  -0.72518676   0.25106765  -0.2247186    0.48148283
    0.68526144   1.35250298  -7.88745009  -4.1066905    2.41337897
   -1.62303934   7.4019987  -14.74028865]], Action: [[-1.        1.       -1.       -1.        0.512598 -1.      ]], Reward: [-0.5242218],Reward_sum: 47.429931640625, Done: [False]
==========
t: 56, State: [[  3.81411773   0.18011943   1.76802113   0.09096224  -0.33615127
    0.25896632  -0.3235021    0.24235358  -0.51223404   1.28784185
   -2.23791171   1.64048903  17.02436584 -25.72492351  17.20877751
   12.35089309  -1.71651475   0.5817877 ]], Action: [[ 1.         -0.83957106  1.          0.03366455  0.47228998  0.04112983]], Reward: [1.3463],Reward_sum: 48.77622985839844, Done: [False]
==========
t: 57, State: [[ 3.81990984  0.10075672  1.7956132   0.55692916 -0.82050649  0.72493749
   0.11388936 -0.14233122  0.03357597 -0.24219635 -1.02802917  0.05379608
   3.16326521  3.21892699  2.72544614  4.36744879 -8.68880399 14.51957118]], Action: [[ 1.        -1.         1.        -0.5515093 -1.         0.564547 ]], Reward: [-0.3464455],Reward_sum: 48.42978286743164, Done: [False]
==========
t: 58, State: [[  3.82119931   0.08446152   1.81159477   0.58024527  -0.45450474
   -0.0770019   -0.17213994  -0.40900488   0.61837945   0.20627363
    0.12228826   0.65209884  -0.6773639    6.44069782 -19.88404896
  -10.50498223  -2.57187181  -1.69201788]], Action: [[ 1.         -1.         -0.74662477 -0.88176316 -1.          1.        ]], Reward: [-0.50770617],Reward_sum: 47.92207717895508, Done: [False]
==========
t: 59, State: [[ 3.82188643e+00  1.21765322e-01  1.87573705e+00 -1.16170299e-02
   4.72631127e-01 -4.38850532e-01 -6.10960629e-01 -3.61014258e-01
   8.36626064e-02 -3.56897443e-02  7.17320776e-01  1.67919139e+00
  -1.39309417e+01  1.67008706e+01  1.00359784e+00 -1.96541155e+00
   3.13940792e+00 -1.14908925e+01]], Action: [[-0.4029174   1.         -1.         -1.         -0.97294724 -1.        ]], Reward: [-0.4971544],Reward_sum: 47.424922943115234, Done: [False]
==========
t: 60, State: [[  3.83721975   0.10779004   1.93653463  -0.55768188   0.76801502
    0.30078885  -0.57251121   0.22741361  -0.61935434   0.6058557
   -1.37728987   1.5134613   -1.48378816  -2.73412717  15.82981228
    2.73255195  13.77637124 -12.45300276]], Action: [[-1.         1.         1.        -0.5028524  1.        -1.       ]], Reward: [-0.21861956],Reward_sum: 47.206302642822266, Done: [False]
==========
t: 61, State: [[ 3.89460319e+00  7.37028317e-02  2.03801672e+00  2.09467897e-02
  -2.15565567e-01  7.07937397e-01 -4.92644078e-02  3.16119298e-01
  -7.29328671e-02  8.45567178e-01  4.23833705e-01  1.39172446e+00
   1.37554307e+01 -2.29173738e+01  2.17692495e+00  1.37198863e+01
  -2.72072625e+00  1.68710540e+01]], Action: [[ 0.8789364  -1.          1.          1.          0.57201636  1.        ]], Reward: [0.63769543],Reward_sum: 47.843997955322266, Done: [False]
==========
t: 62, State: [[ 3.92304383  0.14282014  2.08721141  0.45042005 -0.85329593  0.46656571
   0.19093326  0.04107965  0.65203599  0.62635228  2.00474857  0.27676868
   2.66893044  0.01277223 -6.90142116 -0.53388987 -5.44396951 -2.12313788]], Action: [[ 1.        -1.         0.7854322 -1.        -1.         1.       ]], Reward: [0.00712257],Reward_sum: 47.85111999511719, Done: [False]
==========
t: 63, State: [[ 3.96378004e+00  3.07572371e-01  2.07451450e+00 -1.51930072e-01
   3.61444773e-01 -3.77127598e-01 -2.70479310e-01 -8.45029388e-02
   1.66408538e-02  6.52559958e-01  3.66775843e+00 -7.39838259e-02
  -1.45297398e+01  2.46670870e+01 -1.63170254e+01 -1.30257425e+01
  -1.30591889e+00 -1.68733237e+01]], Action: [[-0.80704874  1.         -1.         -1.         -0.52990013 -1.        ]], Reward: [0.32151195],Reward_sum: 48.172637939453125, Done: [False]
==========
t: 64, State: [[ 3.99865229  0.41987477  2.1037005  -0.57110232  0.79864609 -0.20746051
  -0.7623392   0.19669084 -0.61787003  1.02946391  0.93977691  1.18041335
   0.80072333 -2.95139912 10.05912077 -5.45667694  5.69074562  1.76658566]], Action: [[-1.          1.          0.34523058 -0.4629173   1.         -1.        ]], Reward: [0.26409715],Reward_sum: 48.43673324584961, Done: [False]
==========
t: 65, State: [[ 4.06822447e+00  3.89608019e-01  2.15917067e+00 -1.68876716e-01
  -1.94149038e-02  5.36257469e-01 -5.13872792e-01  3.05751679e-01
   1.04108166e-02  1.17185971e+00 -1.11903026e+00  4.78988750e-01
   8.93719600e+00 -1.79937717e+01  1.30730603e+01  9.71794422e+00
   1.55980706e+00  1.65641366e+01]], Action: [[-0.38882852 -0.5144805   1.          0.11095276  1.          1.        ]], Reward: [1.0486249],Reward_sum: 49.48535919189453, Done: [False]
==========
t: 66, State: [[ 4.09841216  0.33843254  2.20659507  0.35694201 -0.81309298  0.6919177
  -0.1477627  -0.02171665  0.59305125  0.34295109 -0.62716363  0.63937891
   7.86410808 -8.85521083 -2.35391936  4.85569998 -8.17007006 -1.50495406]], Action: [[ 1.         -1.          1.         -1.         -1.          0.78954524]], Reward: [0.0414157],Reward_sum: 49.52677536010742, Done: [False]
==========
t: 67, State: [[  4.11488182   0.33334189   2.20509864   0.47527381  -0.4909963
   -0.02667781  -0.20600581  -0.37213433   0.27491332   0.39701195
    0.06439566  -0.09603815   0.86469653  10.21135958 -15.14893619
   -5.34537253  -5.51845487  -8.30543065]], Action: [[ 1.         -0.5341464  -0.27670032 -0.8792556  -1.         -0.01249386]], Reward: [0.01588091],Reward_sum: 49.54265594482422, Done: [False]
==========
t: 68, State: [[  4.14613848   0.36674589   2.21063432   0.06698265   0.55484009
   -0.44403966  -0.73322755  -0.35803186  -0.38780314   0.64804905
    0.52933022   0.50817929  -9.81823409  18.21449216   0.82936307
  -10.96593789   2.19605142 -13.85429501]], Action: [[-0.39656126  1.         -1.         -1.         -0.5260838  -1.        ]], Reward: [0.18173067],Reward_sum: 49.724388122558594, Done: [False]
==========
t: 69, State: [[ 4.19552297  0.31814806  2.17214156 -0.42068187  0.7766829   0.35538176
  -0.59270596  0.03972813 -0.52042084  1.07757402 -1.9221899  -1.4325312
  -7.42034686 -3.25042203 18.28096524  9.84290924 10.45701149  0.67547281]], Action: [[-1.          1.          1.          0.23049736  1.         -1.        ]], Reward: [0.48237684],Reward_sum: 50.206764221191406, Done: [False]
==========
t: 70, State: [[ 4.23386984e+00  1.19085146e-01  2.20919741e+00  1.99813070e-01
  -3.33750321e-01  7.59129135e-01  1.88540446e-01  3.02712862e-01
  -6.55354927e-03  1.73016593e-02 -4.18551847e+00  1.24739870e+00
   1.59814735e+01 -2.51806298e+01  1.03903598e+00  1.64609097e+01
   4.13057976e+00  1.42348481e+01]], Action: [[ 1.         -1.          1.          0.66356504  0.35169744  0.64410514]], Reward: [0.36904934],Reward_sum: 50.57581329345703, Done: [False]
==========
t: 71, State: [[ 4.25899220e+00  8.21064064e-03  2.27120529e+00  4.73016737e-01
  -8.21326354e-01  4.35770904e-01  4.09706659e-01  2.50937119e-01
   5.54499893e-01  1.54402726e+00  3.31082028e-01  2.39695227e+00
  -5.44589046e+00  2.71391851e+00 -8.22804816e+00 -3.31833064e+00
  -7.48027113e+00  7.48289061e+00]], Action: [[ 1.         -1.          0.7184737  -1.         -1.         -0.03467734]], Reward: [0.05070646],Reward_sum: 50.62651824951172, Done: [False]
==========
t: 72, State: [[  4.3484814    0.0594197    2.33212279  -0.1677612    0.25397224
   -0.45510814  -0.14999093  -0.02165701   0.14063382   1.61278321
    1.1770873    1.17950092 -11.7217953   21.19762667 -16.93210516
  -14.86421662  -4.41924783 -13.81666462]], Action: [[-0.0696926  1.        -1.        -1.        -0.6619213 -1.       ]], Reward: [1.3454843],Reward_sum: 51.97200393676758, Done: [False]
==========
t: 73, State: [[ 4.40941182e+00  6.98888852e-02  2.43535826e+00 -5.59589865e-01
   8.01418341e-01 -3.26332731e-01 -7.67301547e-01 -1.37573600e-02
  -6.33115243e-01  1.03123268e+00 -9.23484840e-01  2.52271138e+00
   1.33080087e-01  2.60390033e+00  4.39116014e+00 -7.92594324e+00
   8.59503859e-01 -1.37586384e+01]], Action: [[-1.          1.         -0.35385966 -0.45517054  0.38003898 -1.        ]], Reward: [0.8709257],Reward_sum: 52.84292984008789, Done: [False]
==========
t: 74, State: [[ 4.44504674 -0.04848521  2.43936971 -0.43566085  0.69623431  0.42567238
  -0.25290242  0.06175105 -0.44286051  0.38028554 -2.95006018 -0.77660048
   2.92639365 -3.83760273 15.85483316 17.66672498  4.51612361  5.47546493]], Action: [[-1.          1.          1.          1.          1.         -0.37499982]], Reward: [0.1986359],Reward_sum: 53.04156494140625, Done: [False]
==========
t: 75, State: [[ 4.49326779e+00 -1.07298698e-01  2.65244697e+00  1.66455407e-01
  -3.93292508e-01  7.12154170e-01  2.73178166e-01 -1.91190002e-02
   2.21526333e-01  4.80464727e-01 -1.12725101e+00  4.17540241e+00
   1.52663665e+01 -2.47035184e+01 -2.49106607e-01  9.46901737e+00
  -5.11531698e-01  1.56039317e+01]], Action: [[ 1.         -1.          1.          0.3171295  -0.29976022  0.861298  ]], Reward: [0.57119495],Reward_sum: 53.61275863647461, Done: [False]
==========
t: 76, State: [[ 4.55626173e+00 -1.15005361e-01  2.78152372e+00  5.53540231e-01
  -8.24234095e-01 -1.14852630e-01  1.79042418e-01  1.96841400e-03
   5.36898248e-01  1.89515285e+00  1.86130003e-01  1.88762755e+00
   1.68453231e+00  3.23236457e+00 -1.91130253e+01 -7.81431985e+00
  -8.81305839e-01 -1.30136683e+00]], Action: [[ 1.         -1.         -0.63514227 -1.         -1.          0.62237716]], Reward: [0.7808027],Reward_sum: 54.39356231689453, Done: [False]
==========
t: 77, State: [[ 4.70291080e+00 -6.95178516e-02  2.90085754e+00 -1.08572201e-01
   4.04149797e-01 -4.40451234e-01 -4.83702882e-01 -2.15310898e-01
  -1.86919423e-02  2.98971516e+00  1.17559817e+00  2.93058529e+00
  -1.50987148e+01  2.37224510e+01  1.22821860e+00 -1.50803634e+01
  -5.88489176e+00 -1.51861935e+01]], Action: [[-0.71933573  1.         -1.         -1.         -1.         -1.        ]], Reward: [2.381237],Reward_sum: 56.77479934692383, Done: [False]
==========
t: 78, State: [[ 4.80228057 -0.08114668  3.00768249 -0.54638582  0.83538626  0.05825267
  -0.62159292 -0.2216672  -0.552699    1.52605209 -1.40355317  1.83410194
  -3.54552685 -2.4840669  11.20279032  5.43367085  1.95732948  0.92234939]], Action: [[-1.          1.          0.28209096  0.32243574  0.5707978  -1.        ]], Reward: [1.6364604],Reward_sum: 58.411258697509766, Done: [False]
==========
t: 79, State: [[  4.80275381  -0.22624824   3.17142232   0.21589623  -0.32675022
    0.56220728   0.11740462  -0.28682867   0.05796398  -0.60911079
   -2.50081442   2.87508879  17.96238926 -26.78863466   7.16042522
   16.97498096   0.63818598  16.79937881]], Action: [[ 1.         -1.          1.          0.65147716 -0.54956985  1.        ]], Reward: [-0.46318018],Reward_sum: 57.94807434082031, Done: [False]
==========
t: 80, State: [[ 4.85110879 -0.31578682  3.26941738  0.59480714 -0.8251766   0.61858839
   0.19405914 -0.0328221   0.53380804  1.91063966 -1.7917516   1.59418773
   0.4358072   3.17703317 -2.20587102 -5.69997695  4.53933066 -1.04872917]], Action: [[ 1.         -1.          1.         -1.         -1.          0.55261046]], Reward: [0.4365618],Reward_sum: 58.38463592529297, Done: [False]
==========
t: 81, State: [[ 5.02910504e+00 -4.03937321e-01  3.36077231e+00 -1.95400892e-01
   4.20905495e-01  3.94571582e-01 -3.91106895e-01  6.34089836e-02
  -6.82938699e-03  3.96482740e+00 -1.57985611e+00  2.14152941e+00
  -1.84053268e+01  2.40648703e+01 -4.02476182e+00 -1.29807934e+01
  -6.89930577e-01 -1.47983357e+01]], Action: [[-1.          1.          0.6666254  -1.         -0.48429322 -1.        ]], Reward: [3.092032],Reward_sum: 61.47666931152344, Done: [False]
==========
t: 82, State: [[ 5.13536474 -0.51559066  3.44896594 -0.5505029   0.85603157 -0.09769284
  -0.28827948  0.05148323 -0.62066137  1.05541961 -3.02226629  2.04398067
   1.10595357 -3.00813402 -9.84030023  9.77731296 -0.05062419  1.78638831]], Action: [[-1.          1.         -0.34736937  0.9635099   1.         -1.        ]], Reward: [1.6202923],Reward_sum: 63.096961975097656, Done: [False]
==========
t: 83, State: [[  5.12431739  -0.54365753   3.36494458   0.195157     0.2732003
   -0.22827944   0.12772352  -0.05108422  -0.4154645   -0.0281973
   -0.57454704  -1.72901937  16.94707664 -17.40702863   1.61412556
    2.07032984  -2.86509644   4.5524292 ]], Action: [[ 1.         -0.08997469 -0.0110772  -1.         -1.         -1.        ]], Reward: [-0.6217688],Reward_sum: 62.47519302368164, Done: [False]
==========
t: 84, State: [[  5.1700174   -0.5775951    3.31043264   0.71737001  -0.48435187
   -0.29140389  -0.21395259  -0.31427473   0.2778768    1.25804094
   -0.12703421   1.16733612   3.92742031 -10.14325605  -1.95102373
  -11.47981171  -8.30625261  16.04230577]], Action: [[ 1.         -0.61309403 -0.7901611  -0.9275286  -1.          1.        ]], Reward: [0.42794538],Reward_sum: 62.90313720703125, Done: [False]
==========
t: 85, State: [[  5.24406546  -0.53957645   3.29545597   0.61774636  -0.01542137
   -0.43923373  -0.80856585  -0.52936939   0.48488794   1.46973788
    0.75517566  -0.34558912  -4.03913013  13.76022162   0.20587723
  -10.72754651  -2.19096623  -3.174404  ]], Action: [[ 0.92334855  0.40182155 -1.         -1.         -1.          0.4691983 ]], Reward: [1.0575432],Reward_sum: 63.9606819152832, Done: [False]
==========
t: 86, State: [[ 5.33398347e+00 -5.47319427e-01  3.23500858e+00 -1.39078825e-01
   7.30262804e-01  2.46004057e-01 -9.38862282e-01 -3.33219777e-03
  -2.75307415e-01  1.57081257e+00 -4.98172232e-01 -2.44353994e+00
  -1.75163426e+01  9.92038886e+00  1.54819714e+01  4.00367680e+00
   1.41038183e+01 -1.85799657e+01]], Action: [[-1.          1.          0.6480319  -0.47196722  0.935271   -1.        ]], Reward: [1.3466171],Reward_sum: 65.30729675292969, Done: [False]
==========
t: 87, State: [[ 5.29463944 -0.5564257   3.28993688 -0.27444612  0.53658167  0.66932858
  -0.37696879  0.30934801 -0.55775413 -1.58962498 -0.38233295  1.29741279
   4.85059099 -7.18348417  2.98184192 15.26491694  6.07817933  3.27112356]], Action: [[ 0.11024414  0.7958348   1.          0.32142413  1.         -0.97370577]], Reward: [-1.1565729],Reward_sum: 64.15072631835938, Done: [False]
==========
t: 88, State: [[  5.24057195  -0.52891544   3.36209359   0.32963449  -0.27022545
    0.48576173   0.08049837   0.16976253  -0.07295462  -0.24471137
    1.26221945   0.17847138  11.91960509 -16.2027583   -5.50669959
    4.74815361  -6.37511388  11.29654373]], Action: [[ 1.         -1.          0.7296458  -1.         -1.         -0.21895666]], Reward: [-1.5393822],Reward_sum: 62.61134338378906, Done: [False]
==========
t: 89, State: [[ 5.28590211 -0.47642308  3.35896817  0.58809592 -0.57944497  0.0188217
  -0.12452531 -0.21960214  0.55955202  1.54408955  0.8835987   0.03875434
   0.48362803  0.66952523 -8.40597834 -9.49362957 -7.52283553 10.82274042]], Action: [[ 1.        -0.6435192  0.0182927 -1.        -1.         0.692143 ]], Reward: [0.5172518],Reward_sum: 63.12859344482422, Done: [False]
==========
t: 90, State: [[  5.40845148  -0.41837853   3.36609906   0.03727195   0.37623329
   -0.46669524  -0.75645167  -0.45222953   0.08723785   2.39762498
    1.34418668   0.0890054  -12.44606355  19.81910397  -5.20083244
  -12.20827644  -3.03132443 -15.77279023]], Action: [[-0.31732762  1.         -1.         -1.         -1.         -1.        ]], Reward: [1.9409176],Reward_sum: 65.06951141357422, Done: [False]
==========
t: 91, State: [[ 5.47184288 -0.3985341   3.25619486 -0.48448603  0.8289899  -0.10139568
  -0.54305736 -0.14642876 -0.63424803  0.53168273 -0.3711107  -3.01582669
  -7.11439703 -0.89043231 10.526536   12.48567247  8.81488752  1.63690072]], Action: [[-1.          1.          0.14044915  0.42354065  0.8408085  -1.        ]], Reward: [0.8772209],Reward_sum: 65.94673156738281, Done: [False]
==========
t: 92, State: [[  5.42744851  -0.47761914   3.24785404   0.15645389  -0.33224925
    0.50528703   0.09878223   0.1130745   -0.2141452   -1.17104633
   -1.40307081   0.17354674  16.80852601 -27.11378581  10.00879913
   11.66559385   3.97399837  11.03949697]], Action: [[ 1.         -1.          1.          0.09332925 -0.18502407 -0.0866663 ]], Reward: [-1.192933],Reward_sum: 64.75379943847656, Done: [False]
==========
t: 93, State: [[ 5.43621296 -0.52165089  3.22759123  0.54193415 -0.84555583  0.64864116
   0.16786452  0.07140494  0.58036659  0.80788193 -0.49668689  0.69393729
   0.40884846  2.15886121 -1.50317707 -3.92732355 -5.31449028 15.50533418]], Action: [[ 1.         -1.          1.         -1.         -1.          0.83784455]], Reward: [-0.39490923],Reward_sum: 64.35888671875, Done: [False]
==========
t: 94, State: [[ 5.53498069e+00 -5.44893487e-01  3.28708649e+00  1.76212750e-02
   9.55279659e-02 -2.52703190e-01 -3.71454111e-01  2.06411855e-02
   1.63987131e-01  2.33154007e+00 -4.33311426e-01  1.59384050e+00
  -1.20546825e+01  1.81119047e+01 -2.02232312e+01 -1.34436424e+01
   1.79498372e-01 -1.40079564e+01]], Action: [[-0.40550745  0.27873558 -1.         -1.         -0.18304333 -0.86363834]], Reward: [1.673204],Reward_sum: 66.03208923339844, Done: [False]
==========
t: 95, State: [[  5.60998727  -0.56787858   3.31779225  -0.5600774    0.77573407
   -0.36678785  -0.58546592   0.05710143  -0.64197944   0.75018243
   -0.31804855  -1.01149038  -8.93553368   9.69868623   5.90380785
    3.03882569   0.46210673 -13.58367872]], Action: [[-1.          1.         -0.11154538  0.00653151  0.5539133  -1.        ]], Reward: [1.1682011],Reward_sum: 67.20030212402344, Done: [False]
==========
t: 96, State: [[ 5.61038752 -0.57451789  3.30552873 -0.19057178  0.66596321  0.332454
  -0.5012116  -0.10389553 -0.51225452 -0.09516464  0.14291855  0.16211735
  12.18189473 -6.65996117 14.95424235 -0.09272827 -3.38646886  2.59281648]], Action: [[ 0.35847175  1.          1.         -1.         -0.25076762 -1.        ]], Reward: [-0.41113368],Reward_sum: 66.78916931152344, Done: [False]
==========
t: 97, State: [[ 5.59620639e+00 -5.74828895e-01  3.29909942e+00  5.45240025e-01
  -2.52728282e-01  7.71981494e-01 -5.00735292e-01  1.32603840e-03
   7.66377502e-02 -5.03345107e-02  8.38952285e-02 -1.33924121e-01
   1.20067082e+01 -1.94390343e+01  3.15927534e+00 -6.04050052e-01
   4.63061026e+00  1.50664647e+01]], Action: [[ 0.7372948 -0.9858621  1.        -0.526098   0.5885176  1.       ]], Reward: [-0.6974886],Reward_sum: 66.09168243408203, Done: [False]
==========
t: 98, State: [[  5.63586104  -0.56414345   3.31975493   0.78182577  -0.69099552
   -0.15131273  -0.57612273  -0.18988087   0.55588373   1.31615833
    0.17869633   0.77343233  -0.98298656  -1.64904246 -22.97014948
   -1.96087802  -7.07121844  -0.76683866]], Action: [[ 1.         -1.         -1.         -1.         -1.          0.48276013]], Reward: [0.26978716],Reward_sum: 66.3614730834961, Done: [False]
==========
t: 99, State: [[  5.72273963  -0.54676813   3.30963511   0.33564311   0.2308901
   -0.48528952  -0.67474628  -0.49661336  -0.05241819   1.67494623
    0.39912409  -0.87740069  -8.1408798   20.68591471   2.79930232
   -1.65529197  -4.70394908 -16.56707826]], Action: [[ 0.7902601  1.        -1.        -1.        -1.        -1.       ]], Reward: [1.1751208],Reward_sum: 67.53659057617188, Done: [False]
==========
t: 100, State: [[  5.81895249  -0.56001728   3.2852551   -0.38343459   0.81036349
    0.38277075  -0.89730459  -0.05233198  -0.55768681   1.28618847
   -0.2120236    1.79024158 -13.92056295   0.32159422  18.51461706
   -5.9094356   10.36292045   1.4040907 ]], Action: [[-1.          1.          1.         -1.          0.99159133 -1.        ]], Reward: [1.3259318],Reward_sum: 68.8625259399414, Done: [False]
==========
t: 101, State: [[ 5.80022633e+00 -5.74433440e-01  3.30703810e+00  7.61339556e-02
  -2.14624890e-02  7.95381986e-01 -3.01632722e-01 -5.01123482e-04
  -1.01480106e-01 -7.09735619e-01  8.23501584e-01  4.86570813e-01
   1.54825552e+01 -2.14217747e+01  1.08890139e+00  1.70019142e+01
  -2.44946766e+00  1.19127515e+01]], Action: [[ 1.         -1.          1.          0.6131854   0.16915506  0.50394326]], Reward: [-0.74038],Reward_sum: 68.12214660644531, Done: [False]
==========
t: 102, State: [[ 5.81877314 -0.50840344  3.35316649  0.5818922  -0.79288034  0.43909529
   0.03837852 -0.1092505   0.31271803  1.2746965   1.37992188  0.82182545
   4.44777924 -7.05028376 -8.82493317  0.2138849  -2.28730831  4.79444439]], Action: [[ 1.         -1.          0.6574089  -1.         -1.         -0.26497376]], Reward: [-0.07930349],Reward_sum: 68.0428466796875, Done: [False]
==========
t: 103, State: [[  5.92606042  -0.44871683   3.38817844   0.46850065  -0.45383232
   -0.19704158  -0.29038353  -0.26410685   0.31046868   2.43964982
    1.10141119   0.85371767  -3.90319272  10.14411744 -10.69310672
   -9.68114262  -3.58802169  -3.10876326]], Action: [[ 1.         -0.4583562  -0.32095486 -1.         -1.         -0.100352  ]], Reward: [1.8134282],Reward_sum: 69.85626220703125, Done: [False]
==========
t: 104, State: [[  6.08518529  -0.38895888   3.44168238  -0.24684201   0.57147269
   -0.45156746  -0.85045359  -0.38690655  -0.22658906   3.02796099
    1.19820173   0.96801549 -15.71871001  17.20142333   1.24873848
   -9.37821772  -2.19134011 -13.34668492]], Action: [[-1.          1.         -1.         -1.         -0.80424774 -1.        ]], Reward: [2.617816],Reward_sum: 72.47407531738281, Done: [False]
==========
t: 105, State: [[ 6.16387187 -0.38550754  3.393422   -0.57655607  0.78489828  0.28085955
  -0.60069235 -0.05683405 -0.56942692  0.68172818 -0.71165547 -1.50379014
   2.05421259 -3.41682005 16.61831457 11.33653716 10.63561472  2.24518654]], Action: [[-1.          1.          1.          0.09290791  1.         -1.        ]], Reward: [1.0728683],Reward_sum: 73.54694366455078, Done: [False]
==========
t: 106, State: [[ 6.12394044e+00 -4.44990664e-01  3.44040240e+00  3.07487116e-01
  -3.45084064e-01  7.20310105e-01  2.00979775e-01 -6.26488383e-03
  -1.36888588e-03 -8.55520201e-01 -5.50308973e-01  1.06807370e+00
   1.82743591e+01 -2.51990032e+01  2.89919952e+00  1.65745918e+01
  -1.51172543e+00  1.45770683e+01]], Action: [[ 1.         -1.          1.          0.43062824 -0.65227026  0.4514658 ]], Reward: [-1.1801004],Reward_sum: 72.3668441772461, Done: [False]
==========
t: 107, State: [[ 6.17594514 -0.48424671  3.46499301  0.65387591 -0.80076363  0.58666217
   0.2952949   0.0121263   0.55781845  2.01258676 -1.29385602  0.30762421
  -0.51411331  2.81134772 -4.60466189 -5.9644706  -0.19016549  4.22711772]], Action: [[ 1.         -1.          1.         -1.         -1.          0.20109509]], Reward: [0.5360499],Reward_sum: 72.90289306640625, Done: [False]
==========
t: 108, State: [[ 6.33094672e+00 -4.88320299e-01  3.38501423e+00 -7.15095662e-03
   5.66107960e-01 -2.94099775e-01 -2.22252912e-01  8.09639890e-03
   1.27661733e-01  3.64194378e+00  2.59901237e-01 -1.26794903e+00
  -1.67536446e+01  2.53217170e+01 -1.77766317e+01 -1.32161346e+01
  -1.14873416e+00 -1.39695712e+01]], Action: [[-1.         1.        -1.        -1.        -0.6335803 -1.       ]], Reward: [2.5598893],Reward_sum: 75.46278381347656, Done: [False]
==========
t: 109, State: [[ 6.43110823 -0.49235841  3.34485746 -0.56624468  0.77816899 -0.15872714
  -0.37544114  0.01609323 -0.54753482  0.74202054 -0.7675076  -0.60706845
  -0.12168411 -7.61781138 10.35804211  3.69969277 -0.44053001 -0.80393341]], Action: [[-1.          1.          0.5660603   0.47314346  0.65554756 -1.        ]], Reward: [1.6058269],Reward_sum: 77.06861114501953, Done: [False]
==========
t: 110, State: [[ 6.40261612e+00 -5.54742646e-01  3.32573849e+00  2.29911673e-01
  -3.64873936e-01  4.91252824e-01  2.41655112e-01 -2.55162025e-01
   8.45620628e-03 -6.16143894e-01 -4.08820817e-01 -2.51089551e+00
   1.77879331e+01 -2.16836216e+01  1.12126219e+01  1.53849759e+01
  -3.94426080e+00  1.60430525e+01]], Action: [[ 1.         -1.          1.          0.7090786  -0.44956967  1.        ]], Reward: [-1.0403328],Reward_sum: 76.02827453613281, Done: [False]
==========
t: 111, State: [[ 6.42390477 -0.55393911  3.28648592  0.63715067 -0.82424246  0.63244776
   0.26093341 -0.29261732  0.5700416   1.00705549  0.13912589  0.57841124
   1.0799248   0.9740304  -2.10105405 -7.58459748  0.70718749 -0.73709506]], Action: [[ 1.         -1.          0.86527604 -1.         -1.          0.46800894]], Reward: [-0.07100037],Reward_sum: 75.957275390625, Done: [False]
==========
t: 112, State: [[ 6.55932592e+00 -5.42836549e-01  3.32931081e+00 -1.49436070e-01
   4.22813673e-01 -2.49774246e-01 -4.91703782e-01 -1.28249682e-01
  -4.52668782e-03  3.08138995e+00  5.48990990e-01  1.17925678e+00
  -1.88310912e+01  2.44292761e+01 -1.95132851e+01 -1.61436759e+01
   3.13301846e+00 -1.58524057e+01]], Action: [[-1.          1.         -1.         -1.         -0.57336366 -1.        ]], Reward: [2.1755483],Reward_sum: 78.13282012939453, Done: [False]
==========
t: 113, State: [[ 6.62310946 -0.5537149   3.35289879 -0.57991405  0.82400167 -0.34368498
  -0.64369383  0.15524283 -0.55783894  0.09183875 -1.15559572  0.41953516
   1.83744571 -2.80751104  6.20100045  4.86266722  4.77531969  0.9994566 ]], Action: [[-1.          1.          0.1422415   0.15196022  1.         -1.        ]], Reward: [0.87133825],Reward_sum: 79.00415802001953, Done: [False]
==========
t: 114, State: [[ 6.56738846e+00 -5.68295463e-01  3.29905770e+00  2.20896667e-01
  -1.24124003e-01  3.77259949e-01  2.88834588e-01 -7.71147868e-02
   7.11542232e-03 -1.38792944e+00  4.86886643e-01 -1.84355755e-02
   1.82490147e+01 -2.58036517e+01  1.50612023e+01  2.13537530e+01
  -6.03883679e+00  1.49981473e+01]], Action: [[ 1.         -1.          1.          1.         -0.21841608  0.806392  ]], Reward: [-1.5842173],Reward_sum: 77.41993713378906, Done: [False]
==========
t: 115, State: [[ 6.59273648 -0.5549172   3.26722268  0.66496929 -0.81912115  0.73567928
   0.44739451 -0.04393826  0.58326898  1.58510755 -0.16623917 -1.13837586
   1.6352683  -1.3098088   0.97697049 -6.40073622  2.50826258 -0.89501895]], Action: [[ 1.       -1.        1.       -1.       -1.        0.476744]], Reward: [-0.01576802],Reward_sum: 77.40416717529297, Done: [False]
==========
t: 116, State: [[ 6.72690810e+00 -5.30547668e-01  3.31285377e+00 -1.36748040e-01
   3.48220702e-01 -2.13617026e-02 -1.37347085e-02 -4.62324938e-02
  -1.00779359e-02  3.10151217e+00  6.99450013e-01  6.90565155e-01
  -1.91519265e+01  2.45403213e+01 -1.78568865e+01 -1.01879399e+01
  -5.50969932e-01 -1.61277570e+01]], Action: [[-0.90025246  1.         -0.55909795 -0.3137449  -0.4141484  -1.        ]], Reward: [2.3441324],Reward_sum: 79.74829864501953, Done: [False]
==========
t: 117, State: [[ 6.82396976 -0.52633883  3.37251286 -0.59969025  0.77238909 -0.2239091
  -0.47490582  0.28031683 -0.62154099  0.92960521 -0.68975289  1.99135915
   2.46543463 -1.73814188  2.69940431 -6.72299239  6.65251772  1.78667769]], Action: [[-1.          1.          0.37391508 -0.3492806   1.         -1.        ]], Reward: [1.5150522],Reward_sum: 81.26335144042969, Done: [False]
==========
t: 118, State: [[  6.79637771  -0.52720769   3.35299165   0.23795236  -0.08721249
    0.35638348   0.12088834  -0.13237996  -0.20834421  -1.02466526
    0.49215913  -1.39859692  19.37238424 -23.01614476  13.37353542
   18.70947501 -11.20530517  10.2775959 ]], Action: [[ 0.94606584 -1.          1.          1.         -0.45661813  0.0528657 ]], Reward: [-0.9624746],Reward_sum: 80.3008804321289, Done: [False]
==========
t: 119, State: [[ 6.83312903 -0.520033    3.26319289  0.74466684 -0.75957099  0.65273466
   0.20016319 -0.33657171  0.56393039  1.7970951  -0.27991387 -1.87315472
   3.08325972 -3.68828935  0.53408497 -8.59567461 -0.87386785 15.6096672 ]], Action: [[ 1.        -1.         0.8346168 -1.        -1.         1.       ]], Reward: [0.16536796],Reward_sum: 80.46625518798828, Done: [False]
==========
t: 120, State: [[  6.96477301  -0.53476487   3.27909681   0.45744195  -0.52577981
   -0.02930159  -0.54696363  -0.22200876   0.46933712   2.74910106
   -0.07429113   1.58061534  -8.38733965   5.23889685 -16.38455548
  -16.06726043   2.02131828  -3.04548687]], Action: [[ 0.5111415  -1.         -0.52695346 -1.         -0.57276857  0.74587834]], Reward: [2.2905452],Reward_sum: 82.75679779052734, Done: [False]
==========
t: 121, State: [[  7.10612473  -0.5112697    3.287881    -0.40515444   0.43585622
   -0.46648402  -1.03350179  -0.10746252  -0.18920904   2.24424463
    0.55293731  -1.25892188 -17.2751727   17.79409328   1.47381065
   -1.83342201   0.13188311 -16.67121589]], Action: [[-1.         1.        -1.        -1.        -0.2212929 -1.       ]], Reward: [2.322137],Reward_sum: 85.07893371582031, Done: [False]
==========
t: 122, State: [[ 7.13911429 -0.53747567  3.25469396 -0.5038927   0.61958312  0.23656145
  -0.77030362 -0.02885845 -0.53723403  0.09018729 -0.70053462  1.23659554
   2.9381507  -2.46832469 17.21247526  5.66451407  1.84091485  1.1525061 ]], Action: [[-0.7881011   1.          1.         -0.53673476  0.7036544  -1.        ]], Reward: [0.21935956],Reward_sum: 85.29829406738281, Done: [False]
==========
t: 123, State: [[  7.09285917  -0.57182053   3.2947717    0.31974336  -0.22976913
    0.73021763  -0.07145344  -0.18748406   0.07560799  -0.55693216
    1.08411894  -0.47946913  16.49519391 -16.43373531   4.09349208
   15.36749493  -3.69841651  16.38938618]], Action: [[ 1.         -1.          1.          0.21445909 -0.3877871   1.        ]], Reward: [-1.3447396],Reward_sum: 83.95355224609375, Done: [False]
==========
t: 124, State: [[ 7.13885862 -0.52095155  3.29977832  0.71449944 -0.67755858  0.57762847
   0.04524006 -0.20987186  0.53395215  1.84027875  0.72171922  0.54441648
   1.58764893 -2.20821328 -5.52016327 -4.74397618  0.35198628 -1.05864736]], Action: [[ 1.        -1.         0.8609937 -1.        -1.         0.6429329]], Reward: [0.40452164],Reward_sum: 84.35807037353516, Done: [False]
==========
t: 125, State: [[  7.31182341  -0.48467029   3.35395786  -0.02316687   0.3558579
   -0.32853929  -0.50278727  -0.28003802  -0.02324829   3.80277387
    0.958537     1.19680082 -17.99341877  21.59326176 -18.65947727
  -12.36475719  -2.47793392 -15.22328272]], Action: [[-0.6391717  1.        -1.        -1.        -0.9966347 -1.       ]], Reward: [2.9191136],Reward_sum: 87.27718353271484, Done: [False]
==========
t: 126, State: [[ 7.43789694 -0.46710198  3.35024924 -0.6262842   0.7947772  -0.17602334
  -0.71126929  0.03091031 -0.55223591  1.24711329 -0.58045028 -0.24323767
   1.22796126 -1.77373491 10.06886122  2.23775153  8.04988458  0.93056409]], Action: [[-1.          1.          0.5725597  -0.27353823  0.9476191  -1.        ]], Reward: [2.0914078],Reward_sum: 89.36859130859375, Done: [False]
==========
t: 127, State: [[  7.40028756  -0.53951388   3.38470195   0.28155718  -0.31147161
    0.49246624   0.14719548  -0.11357222   0.04411661  -1.20263813
   -0.79044018   0.26727901  19.62370148 -25.54758741  11.88739325
   22.04726642  -3.79693145  16.2403974 ]], Action: [[ 1.         -1.          1.          1.         -0.37456164  0.9387154 ]], Reward: [-1.2543361],Reward_sum: 88.11426544189453, Done: [False]
==========
t: 128, State: [[ 7.45173241e+00 -5.61685588e-01  3.33701120e+00  7.14212674e-01
  -7.99471509e-01  6.69889427e-01  4.02028187e-01 -6.20633783e-03
   5.29468820e-01  2.06911154e+00 -8.99220910e-01 -1.03959764e+00
   1.56586701e+00  5.51532835e-01 -1.46089078e+00 -4.14619417e+00
   2.87817159e+00 -8.14257698e-01]], Action: [[ 1.         -1.          0.90521866 -1.         -1.          0.5614491 ]], Reward: [0.51543236],Reward_sum: 88.62969970703125, Done: [False]
==========
t: 129, State: [[  7.56960562  -0.5640812    3.31659046   0.43550253  -0.13326289
    0.29724678   0.20444762  -0.21376655  -0.02006987   2.29860388
    0.30701351   2.17595137  -8.36914365  11.90183744  -7.67885136
   -4.68582325  -8.49271951 -15.29656136]], Action: [[ 0.51585865 -0.1323642   0.42652452 -0.07523991 -0.9626607  -1.        ]], Reward: [2.1176713],Reward_sum: 90.74737548828125, Done: [False]
==========
t: 130, State: [[  7.70952064  -0.51753945   3.34301252  -0.20757851   0.73261379
   -0.41516053  -0.46274261  -0.12549653  -0.5845801    2.78612276
    1.00647266   0.59816699 -13.51633249  11.98266744 -13.58902052
  -15.99839302   4.57100058   0.91705432]], Action: [[-0.8083937   1.         -1.         -1.          0.03351093 -1.        ]], Reward: [2.332838],Reward_sum: 93.08020782470703, Done: [False]
==========
t: 131, State: [[ 7.79025817 -0.49855896  3.39417706 -0.54640404  0.67172743 -0.34744371
  -0.88858147  0.14696571 -0.50509398  0.81611188 -0.14721257  0.93247288
   0.77993165 -6.32917056  4.4999157  -2.4018157   3.98581093  1.04919624]], Action: [[-1.          1.         -0.33413237 -0.67951274  0.50415707 -1.        ]], Reward: [1.2319949],Reward_sum: 94.31220245361328, Done: [False]
==========
t: 132, State: [[  7.75389626  -0.52037142   3.36886211   0.22918799  -0.32691199
    0.33929012  -0.18298946  -0.32120686   0.08585672  -0.99877224
    0.20995461  -2.17338261  17.65886882 -20.84494906  15.07259058
   19.82981983 -10.63110333  15.78046782]], Action: [[ 1.         -1.          1.          0.35692096 -0.84010446  1.        ]], Reward: [-1.2105551],Reward_sum: 93.10164642333984, Done: [False]
==========
t: 133, State: [[ 7.78087574e+00 -5.07084883e-01  3.25479240e+00  6.78095029e-01
  -7.73358106e-01  7.29092312e-01  6.78054777e-02 -4.09944112e-01
   5.29098042e-01  1.47845001e+00  7.68654118e-03 -2.20439600e+00
   2.76506340e+00  3.25748516e-01  2.02249556e+00 -3.74829809e+00
   2.19688023e+00 -8.74184864e-01]], Action: [[ 1.        -1.         1.        -1.        -1.         0.6976774]], Reward: [-0.0090858],Reward_sum: 93.09255981445312, Done: [False]
==========
t: 134, State: [[  7.8720202   -0.50502864   3.22857138   0.59882403  -0.52000071
    0.16116325  -0.31221391  -0.30478483   0.06614235   1.67201903
    0.34599677   1.54353644  -3.42292586   4.14438701 -14.16887965
   -8.54820233  -0.27926799 -12.7171055 ]], Action: [[ 1.         -1.         -0.10506785 -0.6155501  -0.6885044  -0.5605312 ]], Reward: [1.5050718],Reward_sum: 94.5976333618164, Done: [False]
==========
t: 135, State: [[  8.00171789  -0.47799998   3.29749374  -0.2297057    0.46860315
   -0.44197131  -0.84060269  -0.23551033  -0.59410426   2.51718079
    0.65151711   0.82738974 -18.64281168  18.48588027  -8.09536603
   -8.36681193   1.00473192 -11.33019823]], Action: [[-1.          1.         -0.72454745 -1.         -0.4404591  -1.        ]], Reward: [2.1220565],Reward_sum: 96.71969604492188, Done: [False]
==========
t: 136, State: [[ 8.06143407e+00 -5.03385533e-01  3.29360274e+00 -5.45936389e-01
   7.05700040e-01 -1.40205730e-02 -8.79246241e-01  1.02870499e-01
  -5.25617535e-01  4.81372614e-01 -1.29172012e+00 -2.46399907e-01
   1.69056033e+00 -2.05738232e+00  1.40317323e+01  3.12571936e+00
   9.44461761e+00  1.07424425e+00]], Action: [[-1.         1.         0.7213485 -0.7967472  0.9069431 -1.       ]], Reward: [0.69655395],Reward_sum: 97.41624450683594, Done: [False]
==========
t: 137, State: [[  7.99740137  -0.57629915   3.29709209   0.30239037  -0.24267561
    0.60863793   0.1351075   -0.15964718  -0.06145827  -0.92881152
    1.19807694   0.65641726  15.87811578 -18.8794399    8.57965695
   24.96331399 -10.61556785  11.9355184 ]], Action: [[ 1.        -1.         1.         1.        -0.5455766  0.4858662]], Reward: [-1.734026],Reward_sum: 95.68222045898438, Done: [False]
==========
t: 138, State: [[ 8.04631808 -0.52838478  3.34840909  0.64407331 -0.7431379   0.62484783
   0.39881854 -0.1939163   0.59420609  1.98414853  0.41810492  0.94197802
   1.00972943 -2.18538295 -3.72385504 -6.03010241  2.49998033 11.50980916]], Action: [[ 1.         -1.          0.8741538  -1.         -1.          0.57943064]], Reward: [0.46834585],Reward_sum: 96.15056610107422, Done: [False]
==========
t: 139, State: [[  8.20657778  -0.51959742   3.38521498   0.23729874   0.05825977
   -0.30996951  -0.25835256  -0.02844041   0.47185501   3.59952248
    0.23272092   1.05712208  -9.30033989  17.44164397 -19.90695813
  -15.12577229   1.49737769  -3.41816443]], Action: [[ 0.3757826   0.49669653 -0.95553726 -0.93905413 -0.6473372   0.5881685 ]], Reward: [2.9104156],Reward_sum: 99.06098175048828, Done: [False]
==========
t: 140, State: [[  8.37827823  -0.49387161   3.45240366  -0.43253873   0.77285092
   -0.42463349  -0.82836481  -0.01931484  -0.18654008   2.7821621
    0.79625526   0.79469647 -11.66526456   8.99044799   1.90272802
   -6.542531    -1.54730731 -16.40376486]], Action: [[-1.          1.         -0.7598105  -0.7972609  -0.11731236 -1.        ]], Reward: [3.0113392],Reward_sum: 102.07231903076172, Done: [False]
==========
t: 141, State: [[ 8.43480188 -0.50457526  3.44010924 -0.38817965  0.67396596  0.28956579
  -0.50379004 -0.06938708 -0.56373751  0.457642   -0.69592911 -0.84332048
   6.68430909 -6.08043281 16.45933979 12.24515206  0.787228    2.03561992]], Action: [[-0.23838429  1.          1.          0.14813498  0.5632447  -1.        ]], Reward: [0.7908715],Reward_sum: 102.86318969726562, Done: [False]
==========
t: 142, State: [[ 8.43187985e+00 -5.17796015e-01  3.40018942e+00  4.23602661e-01
  -2.66951971e-01  7.47703296e-01  1.76544868e-02 -2.19693521e-01
   6.09037818e-02  2.33035157e-01 -1.18257617e-02 -1.05022425e+00
   1.58520103e+01 -2.08984717e+01  3.28867058e+00  6.77342629e+00
  -3.37386086e+00  1.62344517e+01]], Action: [[ 1.        -1.         1.        -0.518693  -0.9112275  0.7251275]], Reward: [-0.5209594],Reward_sum: 102.34223175048828, Done: [False]
==========
t: 143, State: [[  8.5147179   -0.53311388   3.35235167   0.76176448  -0.72489596
    0.21370643  -0.15314834  -0.29172817   0.54970958   2.46680714
   -0.56145258  -0.54845493   0.1101611   -0.83371708 -14.00243812
   -8.34200092  -0.6031502   -1.38168559]], Action: [[ 1.         -1.         -0.04501808 -0.9405779  -0.9561136   1.        ]], Reward: [1.1766744],Reward_sum: 103.51890563964844, Done: [False]
==========
t: 144, State: [[  8.68668059  -0.54762723   3.32313118   0.15261769   0.299701
   -0.46380056  -0.69374205  -0.34418742  -0.05253255   3.41616568
   -0.04104954  -0.7866083  -13.72671122  21.70891976  -1.57008303
   -9.97572245  -1.69179295 -16.14480187]], Action: [[ 0.06261028  1.         -1.         -1.         -1.         -1.        ]], Reward: [2.9388618],Reward_sum: 106.457763671875, Done: [False]
==========
t: 145, State: [[ 8.78651051 -0.56055829  3.2882412  -0.49836125  0.80078669  0.25715377
  -0.56633524 -0.17374925 -0.56439677  0.69646418 -0.11167619  1.80244439
  -9.77089002 -0.15154332 17.3577917   7.6231918   2.6325951   1.75335924]], Action: [[-1.          1.          0.93578094  0.4346385   1.         -1.        ]], Reward: [1.4901386],Reward_sum: 107.94790649414062, Done: [False]
==========
t: 146, State: [[  8.77110481  -0.55903223   3.33245582   0.06381009  -0.06415305
    0.72927183  -0.09033697  -0.04446801  -0.13447914  -0.58420842
    0.35056762   0.29719236  17.40600259 -23.19697863   3.24573336
    8.51451156   3.05257098  11.20747223]], Action: [[ 1.         -1.          1.         -0.30897316 -0.29704663  0.15303661]], Reward: [-0.6288261],Reward_sum: 107.31907653808594, Done: [False]
==========
t: 147, State: [[ 8.7968322  -0.52432829  3.32261542  0.62564674 -0.81273698  0.55143177
  -0.07839466 -0.07827842  0.58795415  1.3500983   0.75245057 -0.43206239
   5.1129665  -5.38752141 -5.67273121 -4.55882808 -3.06040976 13.60692672]], Action: [[ 1.        -1.         0.8833195 -1.        -1.         0.8525221]], Reward: [-0.03615697],Reward_sum: 107.28292846679688, Done: [False]
==========
t: 148, State: [[  8.92021028  -0.48681691   3.31564668   0.27425834  -0.09830235
   -0.05409299  -0.52635118  -0.21329228   0.35736507   2.74195639
    0.8069166    0.12684234  -9.60198559  16.86817112 -11.3291439
  -10.44593516  -2.976465    -7.51281651]], Action: [[ 0.15538235  0.12100105 -0.22051454 -1.         -0.7111392   0.09750395]], Reward: [2.3072977],Reward_sum: 109.59022521972656, Done: [False]
==========
t: 149, State: [[  9.05583094  -0.44585784   3.31318355  -0.41522265   0.69810679
   -0.30498267  -0.94417698  -0.28218492  -0.34848045   2.25411136
    0.61488287  -0.35058137 -12.88683923  10.03056515  -1.28149682
   -4.97914583  -1.27999611 -15.43931608]], Action: [[-1.          1.         -0.33886498 -1.         -0.45819166 -1.        ]], Reward: [2.2799363],Reward_sum: 111.87016296386719, Done: [False]
==========
t: 150, State: [[ 9.10946202 -0.47940573  3.21962389 -0.55051542  0.69629922  0.25851826
  -0.58527119 -0.0859463  -0.56593143  0.56695119 -1.33127093 -2.3830341
   2.60505431 -4.3046843  14.41891288 11.72387031  7.41878449  2.88457743]], Action: [[-1.          1.          0.98361784 -0.09355995  0.6955848  -1.        ]], Reward: [0.62661207],Reward_sum: 112.49677276611328, Done: [False]
==========
t: 151, State: [[  9.07969204  -0.54401038   3.31228926   0.2507529   -0.4360332
    0.66275479   0.291088    -0.19185272  -0.11159015  -0.65926295
   -0.15495476   3.29361764  16.16966032 -24.89851511   3.01693555
   18.18449547  -3.1663056   11.0844256 ]], Action: [[ 1.         -1.          1.          0.849638   -0.4919945   0.19178946]], Reward: [-0.9954724],Reward_sum: 111.50129699707031, Done: [False]
==========
t: 152, State: [[ 9.12437034 -0.52883046  3.38212459  0.61417721 -0.80771019  0.56076112
   0.36661936 -0.03666577  0.39574065  1.49923897  0.54795465 -0.13564525
   2.52786682  4.71204884 -3.81103173 -6.39371202  3.96836193  7.84593548]], Action: [[ 1.         -1.          1.         -1.         -1.         -0.00721292]], Reward: [0.39356095],Reward_sum: 111.89485931396484, Done: [False]
==========
t: 153, State: [[ 9.27723808e+00 -5.19772692e-01  3.41582793e+00  1.35478176e-01
   2.30804283e-01 -2.93562712e-01 -2.98450418e-01  4.34478913e-03
   1.91321903e-01  3.59453426e+00  1.47351423e-01  1.68820837e+00
  -1.19954108e+01  1.92737757e+01 -1.81488198e+01 -1.54801511e+01
  -2.02076847e+00 -1.05349089e+01]], Action: [[-0.2790451   0.4801944  -1.         -1.         -0.76410687 -1.        ]], Reward: [2.6681235],Reward_sum: 114.56298828125, Done: [False]
==========
t: 154, State: [[  9.41286074  -0.47765167   3.46349737  -0.4539827    0.8340814
   -0.38620962  -0.68473111  -0.22478534  -0.51111894   1.87652126
    0.49442838   1.29782762  -8.78992843   0.15131643   2.80997413
   -3.02479056  -5.84678051 -13.69089362]], Action: [[-1.          1.         -0.5635266  -0.32165426 -0.32710478 -1.        ]], Reward: [2.359651],Reward_sum: 116.92263793945312, Done: [False]
==========
t: 155, State: [[ 9.44240370e+00 -4.85176098e-01  3.49433226e+00 -2.24806694e-01
   5.36602649e-01  2.14829657e-02 -4.23466569e-01 -5.31117980e-01
  -4.84916622e-01  4.62948594e-02  8.76756563e-03 -7.28456728e-01
   9.39013938e+00 -5.44304460e+00  8.85448387e+00  9.71812456e+00
  -3.53959759e+00  3.69529055e+00]], Action: [[ 0.15306048  1.          0.28947264 -0.22233811 -0.5842355  -0.5314183 ]], Reward: [0.41281995],Reward_sum: 117.33545684814453, Done: [False]
==========
t: 156, State: [[  9.44278182  -0.49449489   3.46440521   0.49188524  -0.35467863
    0.55357076  -0.24792     -0.54933384   0.17117734   0.38522868
   -0.22953203  -0.89839079  13.05974352 -18.80842135   8.76616301
   -1.0010714    1.71933882  16.34971535]], Action: [[ 1.         -1.          1.         -0.82686806 -1.          1.        ]], Reward: [-0.56080884],Reward_sum: 116.77465057373047, Done: [False]
==========
t: 157, State: [[  9.51547627  -0.51000468   3.42853068   0.67107859  -0.63294962
    0.21021578  -0.54832591  -0.40272558   0.58273621   1.68489323
    0.12656543  -1.2232716   -0.61227117   3.07527222 -12.46587848
   -5.6194212    2.58691895  -2.58273862]], Action: [[ 0.5880023  -1.         -0.22163159 -1.         -1.          1.        ]], Reward: [1.0144023],Reward_sum: 117.78905487060547, Done: [False]
==========
t: 158, State: [[  9.65443231  -0.50036735   3.36895212  -0.13958156   0.45894827
   -0.43642335  -0.81416996  -0.37329372  -0.09036378   2.87492783
    0.38678922  -1.75384374 -19.52233358  20.67897719  -9.77218871
   -3.07099458  -1.09359897 -17.2575833 ]], Action: [[-1.         1.        -0.8407306 -1.        -1.        -1.       ]], Reward: [2.208438],Reward_sum: 119.99748992919922, Done: [False]
==========
t: 159, State: [[ 9.72959684 -0.52400545  3.21029576 -0.61192559  0.72748593  0.06024734
  -0.60561011 -0.03349979 -0.58041465  0.549143   -1.39731373 -3.10897528
   2.89153026 -4.0552668  15.24948812  7.01627133  9.5480188   2.49529697]], Action: [[-1.          1.          0.959971   -0.46593332  0.75436    -1.        ]], Reward: [1.0325209],Reward_sum: 121.02999877929688, Done: [False]
==========
t: 160, State: [[  9.69561375  -0.56637769   3.31814653   0.24808525  -0.42138361
    0.62043773   0.14143645  -0.22646345  -0.13768602  -0.9722269
    0.2940693   -0.07980052  18.47910146 -21.31665656   6.87201883
   20.98368926  -2.5844504   11.62912421]], Action: [[ 0.9874516  -1.          1.          1.         -0.4032825   0.28521574]], Reward: [-1.1015663],Reward_sum: 119.92843627929688, Done: [False]
==========
t: 161, State: [[ 9.73771339 -0.54991477  3.29714899  0.65516227 -0.79178449  0.63423887
   0.30520061 -0.08550925  0.39733432  1.84295091 -0.05305081 -0.46430188
   1.45913405  2.33440487 -2.89003887 -6.18251142  3.20484513  8.29240243]], Action: [[ 1.         -1.          0.98581535 -1.         -1.          0.02947603]], Reward: [0.3447226],Reward_sum: 120.27316284179688, Done: [False]
==========
t: 162, State: [[  9.88072781  -0.56343594   3.31053944   0.42668121  -0.19397961
   -0.29895495  -0.30200759  -0.09922605   0.20493958   3.18389399
   -0.25472837   1.09369594  -5.57665893  11.20103239 -20.39520294
  -14.14751409  -3.00029646 -10.4213822 ]], Action: [[ 0.73630846 -0.28565705 -1.         -1.         -1.         -1.        ]], Reward: [2.3979135],Reward_sum: 122.67107391357422, Done: [False]
==========
t: 163, State: [[ 10.03687892  -0.54346269   3.34637673  -0.19884307   0.64616508
   -0.26907865  -0.89225242  -0.31849811  -0.47046704   2.66309
    0.45060791   0.37288025 -12.7257312   12.79716474   7.66511238
   -8.5006825   -5.13630062 -13.04771414]], Action: [[-0.7876215   1.         -0.04272363 -0.8491182  -0.70940316 -1.        ]], Reward: [2.7383795],Reward_sum: 125.40945434570312, Done: [False]
==========
t: 164, State: [[10.125582   -0.57560503  3.27547201 -0.52978097  0.77599765  0.46479838
  -0.79722688 -0.08977318 -0.53771547  1.27669626 -1.37206563 -2.15758079
  -1.48655497 -2.97050988 13.80169001  7.37973311  9.71612228  1.29657584]], Action: [[-0.7718803  1.         1.        -0.3644992  0.96051   -1.       ]], Reward: [1.3089378],Reward_sum: 126.71839141845703, Done: [False]
==========
t: 165, State: [[ 10.10282127  -0.55744996   3.29760054   0.23200872  -0.14373831
    0.73000078   0.10600187  -0.19757896  -0.10781242  -1.04708231
    1.08872488  -0.07730983  18.72059489 -22.48560359   0.03749156
   22.99477172  -1.13766603  11.87210068]], Action: [[ 1.         -1.          1.          1.         -0.28094542  0.45648426]], Reward: [-0.88394547],Reward_sum: 125.83444213867188, Done: [False]
==========
t: 166, State: [[ 1.01441938e+01 -4.97639425e-01  3.31053891e+00  6.73295274e-01
  -7.95652138e-01  4.60118276e-01  3.49828143e-01 -1.39828615e-03
   2.38639417e-01  1.93022694e+00  8.44426788e-01  2.68603063e-01
   1.74161572e+00 -3.80379276e+00 -6.40019260e+00 -4.69371957e+00
   3.66361937e+00  2.91920451e+00]], Action: [[ 1.        -1.         0.7564584 -1.        -1.        -0.6515919]], Reward: [0.32777092],Reward_sum: 126.16221618652344, Done: [False]
==========
t: 167, State: [[ 10.29217833  -0.46303099   3.31651496   0.42315637  -0.20929311
   -0.42000059  -0.21522476  -0.04845962   0.30234571   3.29781686
    0.76274016   0.44056709  -5.81389465  13.84416934 -17.4783288
  -13.70133269  -4.04252092  -0.39038001]], Action: [[ 1.          0.04720248 -1.         -1.         -1.          0.06464212]], Reward: [2.5590496],Reward_sum: 128.72125244140625, Done: [False]
==========
t: 168, State: [[ 10.468212    -0.41404952   3.39042461  -0.21564509   0.62155649
   -0.43079991  -0.91296071  -0.37512419  -0.14626083   3.06811189
    1.01966108   1.60596994 -12.04447284  12.22652189   0.94382774
  -11.77785552  -7.15925738 -12.51245533]], Action: [[-0.6979473  1.        -1.        -1.        -1.        -1.       ]], Reward: [2.9719603],Reward_sum: 131.69322204589844, Done: [False]
==========
t: 169, State: [[10.55690187 -0.42193954  3.33066704 -0.54694807  0.78359077  0.09317439
  -0.53275972 -0.33198375 -0.55514425  1.03189095 -0.94738171 -2.18659762
  -0.69884072 -3.23167186 11.62213228 16.78522259  5.65883496  1.62562897]], Action: [[-1.          1.          0.4280441   0.48865545  0.58013934 -1.        ]], Reward: [1.3979406],Reward_sum: 133.09115600585938, Done: [False]
==========
t: 170, State: [[ 10.55122846  -0.51227854   3.36380191   0.23146425  -0.3820753
    0.57552404   0.14473057  -0.09125916  -0.04364113  -0.17385048
   -1.43715278   0.73875369  17.2321408  -25.94005942   6.46869933
   10.42166417   4.85913335  13.58125419]], Action: [[ 1.         -1.          1.         -0.04365075 -0.60974205  0.36885303]], Reward: [-0.46444255],Reward_sum: 132.62672424316406, Done: [False]
==========
t: 171, State: [[10.60981707 -0.55625204  3.3262675   0.65028448 -0.80993034  0.60655809
   0.13975081  0.05100788  0.58516219  1.78175774 -0.49911925 -1.8010489
   2.82887321  4.35949748 -2.39851763 -4.13215034  0.93012407 -0.43620806]], Action: [[ 1.        -1.         1.        -1.        -1.         0.8635194]], Reward: [0.5972057],Reward_sum: 133.22393798828125, Done: [False]
==========
t: 172, State: [[ 10.74783792  -0.56214113   3.31735953   0.21884559   0.08158196
    0.24574328  -0.34034843  -0.10241886   0.02483783   2.2853893
    1.57383016  -0.02958925  -8.80340994  19.69537811  -7.49939003
   -9.23915238  -5.77410892 -15.82825299]], Action: [[-0.13865374  0.10100009  0.31273156 -1.         -0.7114018  -1.        ]], Reward: [2.497085],Reward_sum: 135.72100830078125, Done: [False]
==========
t: 173, State: [[ 10.85537622  -0.4982433    3.31677554  -0.35501484   0.82858799
   -0.10480244  -0.72366238  -0.12046895  -0.60707167   1.74043768
    0.87631573  -0.20600113 -10.80217674   8.04136224  -5.28640916
   -4.25594669   0.61543186   1.19835586]], Action: [[-1.          1.         -0.21696621 -0.46127188  0.34365806 -1.        ]], Reward: [1.8129712],Reward_sum: 137.53399658203125, Done: [False]
==========
t: 174, State: [[10.89877286 -0.4996085   3.3347476  -0.54445963  0.6110261  -0.28232379
  -0.58980923 -0.31103042 -0.49130369  0.47296955 -0.43742102  0.29407525
   0.80687638 -7.20193204 -2.15960569  5.97920148 -4.40595761  1.81812432]], Action: [[-1.          1.         -0.42363763 -0.49724674 -0.58211863 -1.        ]], Reward: [0.49137422],Reward_sum: 138.02536010742188, Done: [False]
==========
t: 175, State: [[ 10.88071541  -0.54547344   3.3433135    0.15524653  -0.40287432
    0.22659135  -0.15599432  -0.5358692   -0.04662934  -0.17855507
   -0.09708564  -2.31513056  15.31076726 -17.98799266  13.71774883
    9.08167625  -1.90449751  11.53405929]], Action: [[ 1.         -0.9208289   1.         -0.3326804  -1.          0.43911207]], Reward: [-0.7762911],Reward_sum: 137.2490692138672, Done: [False]
==========
t: 176, State: [[10.90899994 -0.52973057  3.25441123  0.60346878 -0.79128532  0.58304963
  -0.23772528 -0.48134336  0.60927098  0.81746801  0.78867569 -0.06979636
   3.61785118 -0.44023724  1.95116087 -7.10954608  0.56888227 11.53317498]], Action: [[ 1.         -1.          0.76264274 -1.         -0.94176775  1.        ]], Reward: [0.01883557],Reward_sum: 137.26791381835938, Done: [False]
==========
t: 177, State: [[ 10.97892452  -0.49808887   3.26820134   0.51944714  -0.39638214
   -0.1537165   -0.70637136  -0.22060979   0.42419556   1.51374002
    0.49187282   0.62141343  -3.12995142   8.17207497 -18.0302026
   -8.90449023   5.2814276   -5.28099002]], Action: [[ 0.6209333  -0.8397264  -0.8548003  -1.         -0.39246708  0.56151885]], Reward: [1.06942],Reward_sum: 138.3373260498047, Done: [False]
==========
t: 178, State: [[ 11.07944911  -0.47141681   3.2977153   -0.21378061   0.55273617
   -0.42724048  -0.93593898  -0.24552178  -0.23900545   1.85678438
    0.46608156   0.19754962 -16.81668744  16.3340642    1.45500717
   -0.75181097  -3.87963326 -15.50226473]], Action: [[-1.          1.         -0.70585436 -1.         -0.8015995  -1.        ]], Reward: [1.4964124],Reward_sum: 139.833740234375, Done: [False]
==========
t: 179, State: [[11.11993037 -0.50250037  3.2599004  -0.53324861  0.72116803  0.27012054
  -0.70758196 -0.02038284 -0.53129379  0.2436417  -1.38663885 -0.77189889
   1.68070041 -3.68416951 15.92093806  6.28402277  8.82440429  1.07233251]], Action: [[-0.4364432   0.9771933   1.         -0.67331773  0.8407224  -1.        ]], Reward: [0.37906927],Reward_sum: 140.21279907226562, Done: [False]
==========
t: 180, State: [[ 1.10539676e+01 -5.75141664e-01  3.30439551e+00  3.05636509e-01
  -2.97353611e-01  7.05509282e-01  2.44035903e-01 -2.37557711e-01
   5.66473745e-03 -1.00267231e+00  6.44781500e-01 -1.45368806e+00
   1.74421538e+01 -1.70846539e+01  3.17804885e+00  2.35503551e+01
  -5.15786998e+00  1.45855213e+01]], Action: [[ 1.        -1.         1.         1.        -0.7736033  0.7001714]], Reward: [-1.8281264],Reward_sum: 138.38467407226562, Done: [False]
==========
t: 181, State: [[11.09225027 -0.55679958  3.27740884  0.68433113 -0.72726506  0.60764996
   0.43267747 -0.12548028  0.51336137  1.6767198  -0.06526013  0.13061562
   0.98518733 -1.56024981 -3.83157253 -6.74823633  3.46515739  5.92734154]], Action: [[ 1.       -1.        1.       -1.       -1.       -0.090463]], Reward: [0.26483577],Reward_sum: 138.64952087402344, Done: [False]
==========
t: 182, State: [[ 11.22142259  -0.57259116   3.32262066   0.48443301  -0.40162177
   -0.33035468  -0.2525159   -0.09616643   0.42354734   2.91549634
   -0.28283877   1.57366453  -5.17616412   6.92598182 -20.20552046
  -15.98194686  -2.08835967  -4.71586411]], Action: [[ 1.         -0.5939844  -1.         -1.         -1.          0.16962175]], Reward: [2.1452875],Reward_sum: 140.7947998046875, Done: [False]
==========
t: 183, State: [[ 11.34983821  -0.50484968   3.31260783   0.01761666   0.54982231
   -0.41923369  -0.8782162   -0.26778319  -0.21176281   2.25713949
    1.38791018   0.05848994  -9.29688891  15.79760766   3.31524458
  -10.64628464  -4.54963428 -15.18151236]], Action: [[-0.28451186  1.         -0.7397236  -1.         -0.80441844 -1.        ]], Reward: [2.1407897],Reward_sum: 142.9355926513672, Done: [False]
==========
t: 184, State: [[11.42998551 -0.4876417   3.23806089 -0.45429339  0.80544207  0.39572704
  -0.91019062 -0.04477432 -0.53572733  1.14806169 -0.40615652 -2.31971625
  -6.901397   -2.59803069 17.61879161  5.90961298  8.03174746  1.0981111 ]], Action: [[-1.          1.          1.         -0.39601007  1.         -1.        ]], Reward: [1.0872636],Reward_sum: 144.02285766601562, Done: [False]
==========
t: 185, State: [[ 11.41427944  -0.54381604   3.28737555   0.1781292   -0.33725882
    0.7539146   -0.22407461  -0.09960489  -0.05883085  -0.72715481
   -0.48001665   2.0539928   16.3831644  -26.36293772   0.17214789
   15.64217262  -2.61752203  12.72987111]], Action: [[ 1.         -1.          1.          0.37051874 -0.06691925  0.6164618 ]], Reward: [-0.6663002],Reward_sum: 143.3565673828125, Done: [False]
==========
t: 186, State: [[11.44323673 -0.52959278  3.35795963  0.54069967 -0.83371747  0.52675511
   0.01466857 -0.14636617  0.60670736  1.41428222  0.35581218  1.07837471
   0.51094676  3.05924905 -5.49819887 -1.67844299 -0.82176941 11.27972793]], Action: [[ 1.        -1.         1.        -1.        -1.         0.6423777]], Reward: [0.03788071],Reward_sum: 143.39443969726562, Done: [False]
==========
t: 187, State: [[ 11.56970643  -0.51575373   3.42416977   0.12019839   0.01856229
   -0.34990577  -0.3402407   -0.24854374   0.13065825   2.71283367
    0.61462327   1.03444107  -8.83594801  17.49495334 -18.13480645
   -8.72932253  -3.09401851 -15.15197451]], Action: [[-0.12653147  0.06073599 -1.         -1.         -1.         -1.        ]], Reward: [2.127424],Reward_sum: 145.52186584472656, Done: [False]
==========
t: 188, State: [[ 11.70359074  -0.49008711   3.4768258   -0.47913683   0.73353445
   -0.23106008  -0.82960538  -0.23169456  -0.59585047   2.22706067
    0.48424208   0.70151086 -10.53070272   8.86605711   9.39428636
   -7.5870987    0.51747279  -8.20074848]], Action: [[-1.          1.          0.15437418 -1.         -0.26652125 -1.        ]], Reward: [2.2681997],Reward_sum: 147.79006958007812, Done: [False]
==========
t: 189, State: [[11.74174616 -0.51083525  3.43598683 -0.50138249  0.73153128  0.49177303
  -0.3867715  -0.22998061 -0.40026751  0.23393071 -0.71391258 -1.48280656
   2.62077703 -3.15636737 13.45335335 15.27441737  2.09916011  5.79204362]], Action: [[-1.          1.          1.          0.40249527  0.13557632 -0.2783605 ]], Reward: [0.4373216],Reward_sum: 148.22738647460938, Done: [False]
==========
t: 190, State: [[ 11.72701663  -0.53553369   3.3799068    0.30261977  -0.1899567
    0.73958228   0.15011883  -0.1001826    0.17309172  -0.14821117
   -0.34992818  -1.1252224   17.51809331 -22.75275589  -0.42660912
    6.4251       2.87594364  12.87943805]], Action: [[ 1.         -1.          1.         -0.36668998 -0.65412885  0.48631692]], Reward: [-0.67447555],Reward_sum: 147.55291748046875, Done: [False]
==========
t: 191, State: [[11.7946686  -0.56242016  3.31538671  0.72742612 -0.77702888  0.32040691
  -0.02881226 -0.07173347  0.54834854  2.27634266 -0.74972979 -1.00044021
   1.39255119 -2.44385022 -9.6349583  -8.53718005 -1.5119336  -1.48422504]], Action: [[ 1.        -1.         0.4027778 -1.        -1.         0.8079552]], Reward: [0.8715372],Reward_sum: 148.42445373535156, Done: [False]
==========
t: 192, State: [[ 11.93133074  -0.55540301   3.3365645    0.32588133   0.10995461
   -0.34950655  -0.60741183  -0.33785163  -0.05018542   2.4744815
    0.75019155   1.33049716  -7.97542057  20.20757581 -11.01171423
  -12.26942149  -6.62394001 -16.16614084]], Action: [[ 0.7427445   0.8674151  -0.62032485 -1.         -1.         -1.        ]], Reward: [2.2643547],Reward_sum: 150.68881225585938, Done: [False]
==========
t: 193, State: [[ 12.037383    -0.54947168   3.35161122  -0.27123223   0.87111025
   -0.27215052  -0.80973335  -0.33329316  -0.54575371   1.65175786
   -0.32843027  -0.76264354 -12.17049134   8.07350703   6.31175235
    3.3347959    2.31843666   1.19643722]], Action: [[-1.          1.         -0.17174512 -0.23189647  0.23558302 -1.        ]], Reward: [1.807168],Reward_sum: 152.4959716796875, Done: [False]
==========
t: 194, State: [[ 12.02006228  -0.57143241   3.30888283   0.14194706   0.07403104
    0.40827676  -0.09549744  -0.1250225   -0.21960862  -0.69848951
    0.45847035   0.2015173   14.2271224  -24.11191146  13.67681669
   14.75332669   5.72382169   8.94271571]], Action: [[ 1.         -1.          1.          0.4723575   0.38393775  0.1935042 ]], Reward: [-0.6872117],Reward_sum: 151.80877685546875, Done: [False]
==========
t: 195, State: [[12.04763921 -0.53438618  3.3415158   0.5729826  -0.80043113  0.70249525
   0.04529382  0.01517152  0.44365888  1.45918727  0.7540988   0.58782708
   3.12961667 -8.12865028  0.30302071 -3.21434986 -0.20402249 13.24508708]], Action: [[ 0.92733425 -1.          0.9689856  -1.         -1.          0.62076956]], Reward: [0.03311482],Reward_sum: 151.84188842773438, Done: [False]
==========
t: 196, State: [[ 1.21586277e+01 -5.02748652e-01  3.38130884e+00  4.71203229e-01
  -6.38580793e-01  1.48351012e-02 -3.34385900e-01 -1.79751016e-01
   4.80946846e-01  2.47801904e+00  5.90777389e-01  1.08829725e+00
  -3.43898248e+00  5.80608707e+00 -1.60755513e+01 -9.76058675e+00
  -5.87872411e+00 -3.33686983e+00]], Action: [[ 0.9732331  -0.9568618  -0.31739616 -1.         -1.          0.4372936 ]], Reward: [1.8042972],Reward_sum: 153.64617919921875, Done: [False]
==========
t: 197, State: [[ 12.31705479  -0.45710929   3.41326089  -0.27029367   0.46586872
   -0.44676444  -0.86821971  -0.34021917  -0.1702551    2.97908822
    1.021917     0.18117126 -16.0339319   20.43768316   0.79704964
   -8.64400094  -2.03625525 -16.340891  ]], Action: [[-0.94828475  1.         -1.         -1.         -0.62164855 -1.        ]], Reward: [2.639972],Reward_sum: 156.28614807128906, Done: [False]
==========
t: 198, State: [[12.39570738 -0.46202308  3.3559488  -0.54372624  0.79432742  0.21531276
  -0.72237117 -0.1608252  -0.60103723  0.88435776 -0.91012098 -1.48644447
   1.75446828 -1.45347372 15.70735775  8.32898429  5.95461303  3.21011686]], Action: [[-1.          1.          0.8756237  -0.29516736  0.5539047  -1.        ]], Reward: [1.1569865],Reward_sum: 157.44314575195312, Done: [False]
==========
t: 199, State: [[ 12.35480242  -0.54975489   3.35258027   0.34764061  -0.27148568
    0.70091466   0.14770362  -0.15651002   0.09516817  -1.09936245
   -1.23158398  -0.10139376  18.87263109 -24.70042719   4.44322691
   18.95659202   0.35581602  17.8036105 ]], Action: [[ 1.         -1.          1.          0.6704173  -0.47673982  0.92230695]], Reward: [-1.2708381],Reward_sum: 156.17230224609375, Done: [False]
==========
HalfCheetah-v4 - Steps: 200, Return: 156.17230224609375, State: [[ 12.35480242  -0.54975489   3.35258027   0.34764061  -0.27148568
    0.70091466   0.14770362  -0.15651002   0.09516817  -1.09936245
   -1.23158398  -0.10139376  18.87263109 -24.70042719   4.44322691
   18.95659202   0.35581602  17.8036105 ]]
