[CudaDevice(id=0)]
Using AIRL:  False
Using GAIL:  False
Using RGCL:  True
Experiment State @  2025-07-26 13:42:00.428208-05:00
Experiment Saved @  results/experiment_125
Experiment Settings Saved @  results/experiment_125
125
Using cuda device
Wrapping the env with a `Monitor` wrapper
Wrapping the env in a DummyVecEnv.
Wrapping the env with a `Monitor` wrapper
Wrapping the env in a DummyVecEnv.
t: 0, State: [[ 0.06455972 -0.01367564  0.01626877  0.25327886 -0.4672724  -0.37202089
  -0.1965671  -0.12897208 -0.19740414 -0.18798813 -0.58614822  0.86130414
   7.46684857 -8.16447366 -9.74524965 -7.90515616 -5.85767901 -4.77369367]], Action: [[ 1.         -0.8093865  -0.9079625  -0.94681907 -0.9627867  -0.92996633]], Reward: [-0.63258],Reward_sum: -0.6325799822807312, Done: [False]
==========
t: 1, State: [[  0.02113891  -0.10238847   0.01989377   0.02274888   0.26638564
   -0.4287972   -0.75339607  -0.41212349  -0.03961651  -0.91414588
   -2.3108241   -0.17438649  -6.99761684  19.17713582   0.91315096
  -11.13656441  -4.88683882   6.62030131]], Action: [[-0.38808537  1.         -1.         -1.         -0.8652436   0.53682345]], Reward: [-1.2871598],Reward_sum: -1.9197397232055664, Done: [False]
==========
t: 2, State: [[ 2.24830300e-05 -1.93056510e-01 -7.93092214e-02 -3.34792420e-01
   8.27026092e-01 -8.25958408e-03 -6.22330677e-01 -7.60155492e-02
  -2.15478988e-01  3.10156076e-02 -1.26443916e+00 -2.30586753e+00
  -5.62498800e+00  3.26171064e-01  9.50839059e+00  9.60495508e+00
   1.13606838e+01 -7.92485597e+00]], Action: [[-1.          1.          0.04186639  0.22946185  1.         -0.8800901 ]], Reward: [-0.8052249],Reward_sum: -2.7249646186828613, Done: [False]
==========
t: 3, State: [[  0.11348519  -0.14877052  -0.03835144   0.15845891   0.23250417
    0.30350642   0.15413495   0.09049572  -0.5622893    3.17655642
    1.91463906   2.19155613  13.65118236 -14.51566905   3.87913681
   14.28857086  -6.25318853  -0.04864137]], Action: [[ 1.         -1.          1.          1.          0.93257993 -0.19970651]], Reward: [1.7782954],Reward_sum: -0.9466692209243774, Done: [False]
==========
t: 4, State: [[  0.21791521  -0.07416587   0.09116947   0.6498117   -0.59593217
    0.04344411   0.28272267  -0.20185111  -0.0798206    1.23403852
    1.26360818   2.32769779   5.24735377 -12.10980905  -7.8553647
   -5.03666948  -5.30658739  13.17008642]], Action: [[ 1.         -1.         -0.2966923  -0.6844258  -1.          0.31709468]], Reward: [1.722899],Reward_sum: 0.776229739189148, Done: [False]
==========
t: 5, State: [[  0.22593307  -0.04226302   0.17608015   0.44799269  -0.14854712
   -0.44646305  -0.38904202  -0.34939281   0.42643273  -0.08231049
    0.15478311   1.80825546  -6.31315651  14.76165363  -2.24492269
  -15.89592434  -1.99934186   6.26893739]], Action: [[ 0.90049696  0.37359327 -1.         -1.         -1.          0.16384922]], Reward: [-0.23737416],Reward_sum: 0.5388555526733398, Done: [False]
==========
t: 6, State: [[ 2.36363496e-01 -4.66232321e-02  1.98737650e-01 -1.54342464e-01
   7.35130414e-01 -4.03847516e-01 -5.29020226e-01 -1.12839727e-03
  -4.29730721e-02  6.93763949e-01 -1.43756201e-01 -4.56913012e-01
  -1.28393951e+01  1.28954817e+01  5.26402338e-01  5.94624909e+00
   9.61605917e+00 -1.58787890e+01]], Action: [[-1.          1.         -0.9624675   0.56370246  1.         -0.90545446]], Reward: [-0.29778677],Reward_sum: 0.2410687804222107, Done: [False]
==========
t: 7, State: [[ 0.30835335 -0.0397974   0.17865309 -0.51606461  0.68454091  0.29694399
  -0.21640334  0.23938148 -0.60140226  1.61944956  0.43452729 -0.8826199
  -2.48527416 -6.02195434 16.30355041  5.03414672 -2.27204812  0.99454554]], Action: [[-0.6664602   1.          1.         -0.04983044  1.         -1.        ]], Reward: [0.99513173],Reward_sum: 1.2362004518508911, Done: [False]
==========
t: 8, State: [[ 4.28354670e-01  1.54174436e-02  2.21526663e-01  1.91860143e-01
  -4.71890580e-01  6.95010946e-01 -1.17953160e-01  4.12660984e-02
   2.56761613e-02  2.44225687e+00  7.18372362e-01 -2.71318908e-02
   1.66670462e+01 -2.39064337e+01  2.12164181e+00  5.70593896e-01
  -3.28283654e+00  1.68416301e+01]], Action: [[ 1.         -1.          1.         -0.5521898   0.00817956  1.        ]], Reward: [1.9695284],Reward_sum: 3.2057290077209473, Done: [False]
==========
t: 9, State: [[ 5.08173958e-01 -6.47419230e-03  1.50049452e-01  6.60500951e-01
  -7.77999774e-01 -2.16506631e-01 -1.81948420e-01 -2.94250749e-01
   5.80024423e-01  1.06002171e+00 -9.29148219e-01 -1.73083779e+00
   3.60250296e+00  4.39109662e+00 -2.19863775e+01 -2.99977920e+00
  -6.84664980e+00 -1.18909937e+00]], Action: [[ 1.         -0.87691647 -1.         -0.60712886 -1.          0.5400635 ]], Reward: [1.1534601],Reward_sum: 4.359189033508301, Done: [False]
==========
t: 10, State: [[ 5.19834937e-01 -8.34416578e-02  6.49595999e-02  3.40764750e-01
   3.42376282e-01 -4.69392642e-01 -6.06613955e-01 -4.02795218e-01
  -4.31645381e-02  1.31208754e-01 -1.94591029e+00 -1.51617867e+00
  -6.80377219e+00  2.20567884e+01  2.43759094e+00 -1.00272552e+01
  -1.06877249e-02 -1.68141452e+01]], Action: [[ 0.4181813   0.9380085  -1.         -1.         -0.80327594 -1.        ]], Reward: [-0.23677923],Reward_sum: 4.122409820556641, Done: [False]
==========
t: 11, State: [[  0.56715779  -0.15220386  -0.07601386  -0.20674346   0.81962686
    0.42616696  -0.2844692   -0.06257786  -0.53447652   1.62155536
   -1.06910725  -3.35422216 -10.96181469  -1.50551079  19.78070066
   14.6232931    9.35043647   1.17345389]], Action: [[-1.         1.         1.         1.         1.        -0.6117183]], Reward: [0.4090371],Reward_sum: 4.531446933746338, Done: [False]
==========
t: 12, State: [[ 7.35474281e-01 -1.49180476e-01 -8.89178263e-02  1.75388260e-01
   1.27449172e-01  8.64965047e-01  5.52206166e-01  2.13294148e-03
  -3.16851770e-01  4.18266893e+00  9.88743164e-01  1.50657548e+00
   1.22152952e+01 -8.71284049e+00 -8.66618445e-01  1.51708180e+01
  -5.68545099e+00  1.23226044e+00]], Action: [[ 1.         -1.          1.          0.97808063  0.15135767  0.30364025]], Reward: [2.959155],Reward_sum: 7.490602016448975, Done: [False]
==========
t: 13, State: [[  0.88082517  -0.09041208  -0.01816675   0.63495602  -0.27501973
    0.15849444   0.42200766  -0.07178765  -0.02990919   2.03212463
    1.25896191   1.32589327   5.09579554  -5.74240194 -16.39752085
  -12.26799871  -0.95317362   6.99909305]], Action: [[ 1.         -0.44759935 -0.12773478 -0.94639874 -1.         -0.17245175]], Reward: [2.5928106],Reward_sum: 10.083412170410156, Done: [False]
==========
t: 14, State: [[  0.91909211  -0.07037782   0.08081242   0.31739924   0.26122534
   -0.51329673  -0.51768505  -0.18861009   0.17744251   0.62008039
   -0.28419812   2.78227344  -9.6780986   14.2306759   -0.14190442
  -19.83001008  -3.60501344   1.29597674]], Action: [[ 0.41443437  1.         -1.         -1.         -0.96011555 -0.24291669]], Reward: [0.3500803],Reward_sum: 10.433492660522461, Done: [False]
==========
t: 15, State: [[  1.00634362  -0.08465293   0.11496737  -0.27514484   0.79449109
   -0.03709385  -0.53659591  -0.09763057   0.16293753   2.5301575
   -0.17031756  -0.90316792 -11.03082851   5.6496746   10.96816912
   11.76991369   4.39682155  -0.73700457]], Action: [[-1.          1.          0.05343455  1.          1.          0.7831026 ]], Reward: [1.2834196],Reward_sum: 11.716913223266602, Done: [False]
==========
t: 16, State: [[  1.20283611  -0.04824248   0.15888917   0.10536071  -0.14991399
    0.54556261   0.06693215  -0.03326315  -0.35879512   4.17883362
    0.74315888   0.86664862  13.37736249 -25.37080499   9.05563035
   10.3839144    1.06143872 -13.3400606 ]], Action: [[ 0.84294033 -1.          1.          0.2435906   0.45059472 -0.6000138 ]], Reward: [3.5965562],Reward_sum: 15.313468933105469, Done: [False]
==========
t: 17, State: [[ 1.35104344 -0.05103466  0.14265635  0.48012158 -0.71012547  0.63063875
   0.05145289 -0.09958263 -0.27965549  2.2170952  -0.4152672  -0.91190818
   2.58639837 -0.24976767 -2.25023089 -6.58477265 -3.13509805  9.27766566]], Action: [[ 1.        -0.5232224  1.        -1.        -1.         0.5447834]], Reward: [2.5070913],Reward_sum: 17.820560455322266, Done: [False]
==========
t: 18, State: [[  1.40946928  -0.11487935   0.09779713   0.10990197   0.19140074
   -0.28452965  -0.55886381  -0.20110515   0.03296582   0.9937695
   -1.85016642  -0.5458854   -8.85581946  18.85480338 -20.03397776
  -13.33090124  -1.75515049   3.23611959]], Action: [[-0.14115416  0.62057614 -1.         -1.         -0.65956295 -0.49484122]], Reward: [0.86002386],Reward_sum: 18.680583953857422, Done: [False]
==========
t: 19, State: [[ 1.48555608 -0.21254945  0.03406001 -0.43094791  0.81077241 -0.43660092
  -0.84607213  0.08299169 -0.25732331  2.07581078 -1.83882322 -1.84231821
  -9.34040011  5.43632123  1.11079039  0.6106812   7.3848589  -9.59560051]], Action: [[-1.          1.         -1.         -0.41982713  0.82910794 -1.        ]], Reward: [1.0353686],Reward_sum: 19.715951919555664, Done: [False]
==========
t: 20, State: [[ 1.65562398 -0.24566385 -0.06420595 -0.41930765  0.81511553  0.15060067
  -0.26779345  0.09238532 -0.56801589  3.85751097  0.50961432 -1.04843931
   4.61605672  0.52269656 11.47656688 12.58569408 -8.61781321  0.79558298]], Action: [[-0.3892166   1.          1.          0.52894604  1.         -1.        ]], Reward: [2.9582305],Reward_sum: 22.674182891845703, Done: [False]
==========
t: 21, State: [[  1.88668114  -0.17186389   0.05114985   0.36198071  -0.0975171
    0.57511831   0.17870242  -0.46262712   0.05415833   4.63547446
    1.33411235   2.50707586  15.97774114 -23.16334647   5.79130222
    5.15689205  -9.2692429   16.42467003]], Action: [[ 1.         -1.          1.         -0.25143933 -1.          1.        ]], Reward: [4.114821],Reward_sum: 26.789003372192383, Done: [False]
==========
t: 22, State: [[  2.04917263  -0.13107484   0.12691722   0.78945716  -0.66566946
   -0.12060191  -0.13984882  -0.56619619   0.53573018   2.42654047
    0.55317662   1.44025685   2.21068367  -2.16283303 -18.99302619
  -11.69479479   1.75439908  -0.96510618]], Action: [[ 1.         -0.8950493  -1.         -0.83715844 -1.          0.97875005]], Reward: [2.7038398],Reward_sum: 29.492843627929688, Done: [False]
==========
t: 23, State: [[  2.10431333  -0.1286711    0.23353655  -0.0695923    0.39104085
   -0.43749961  -0.86237957  -0.25729257  -0.08260802   1.03459053
   -0.5306715    1.82061284 -20.94644623  21.91155776   1.08103595
  -11.53068529   6.24846339 -16.61685965]], Action: [[-0.92938626  1.         -1.         -1.         -0.49853665 -1.        ]], Reward: [0.5915843],Reward_sum: 30.084430694580078, Done: [False]
==========
t: 24, State: [[ 2.25078642 -0.14283408  0.19744054 -0.57306234  0.79718086  0.26815834
  -0.51351793  0.14085187 -0.54228439  4.20289139  0.06553453 -1.09325011
   1.53480936 -1.51484273 15.72090804 14.64016312  8.33952882  1.51063138]], Action: [[-1.          1.          1.          0.37991977  1.         -0.637427  ]], Reward: [2.4743965],Reward_sum: 32.5588264465332, Done: [False]
==========
t: 25, State: [[  2.48726987  -0.08565877   0.18159762   0.29004745  -0.28967591
    0.70258096   0.14571176  -0.22387913  -0.36511516   4.80502012
    0.68560371  -0.8568409   18.90015793 -25.05063884   3.3019644
   11.6931658   -1.71639879   7.53097954]], Action: [[ 1.         -1.          1.          0.16754985  0.0326534   0.10678227]], Reward: [4.425615],Reward_sum: 36.984439849853516, Done: [False]
==========
t: 26, State: [[ 2.64314694 -0.072116    0.09378622  0.72565461 -0.81901168  0.54151254
   0.06769524 -0.25346025  0.40924078  2.12365299  0.23929543 -1.89868457
   1.32581584  0.35784883 -5.35298352 -8.13085543 -0.96585688 17.26041269]], Action: [[ 1.        -1.         0.8449118 -1.        -1.         1.       ]], Reward: [2.5461538],Reward_sum: 39.53059387207031, Done: [False]
==========
t: 27, State: [[  2.70226622  -0.10311049   0.02095174   0.31581124   0.04664113
   -0.31145732  -0.54795765  -0.27752859   0.28587299   1.10555557
   -1.2656829   -1.10118926  -9.12253387  17.71882776 -17.28423995
  -12.63149018  -0.99905578 -11.75104773]], Action: [[ 0.42473638  0.36585683 -0.8710188  -1.         -0.99020934 -1.        ]], Reward: [0.7770416],Reward_sum: 40.30763626098633, Done: [False]
==========
t: 28, State: [[  2.79388658  -0.17436491  -0.12110761  -0.32668793   0.78160211
   -0.31789576  -0.48455602  -0.07399009  -0.5886353    2.48761838
   -1.38807511  -4.03043137 -12.44642644   8.26078974   5.51775438
    9.77285052   5.58035452 -17.07609743]], Action: [[-1.          1.         -0.26393247  0.50498027  0.64599746 -1.        ]], Reward: [1.4582093],Reward_sum: 41.765846252441406, Done: [False]
==========
t: 29, State: [[ 3.00163861e+00 -1.71653214e-01 -2.29951238e-01  5.64815056e-04
   8.00156055e-01  1.41501256e-01  1.21220439e-01  3.06377725e-01
  -3.16252981e-01  4.88029788e+00  6.95501170e-01 -2.72705800e-01
   1.45634780e+01 -4.21560984e+00  1.00248236e+01  1.07463623e+01
   9.24134459e+00  9.35483689e+00]], Action: [[1.         1.         1.         0.31138945 0.8089113  0.06012194]], Reward: [3.7795491],Reward_sum: 45.54539489746094, Done: [False]
==========
t: 30, State: [[  3.22338682  -0.12724851  -0.1214555    0.64434268  -0.1334631
    0.65077193   0.24403501   0.23297405   0.28741364   3.93317598
    1.01518646   3.03934501   8.85313849 -18.08523818   7.4985923
   -2.34075081  -6.89687921  11.44896027]], Action: [[ 1.         -1.          1.         -1.         -1.          0.09251334]], Reward: [3.9341085],Reward_sum: 49.4795036315918, Done: [False]
==========
t: 31, State: [[  3.36714199  -0.08817041   0.05623619   0.77969752  -0.5382979
   -0.04279939  -0.10743884  -0.26968827   0.52767589   2.29100359
    0.55624233   4.02860069  -1.6570376   -1.77630406 -20.03016261
  -10.73549612 -10.18474242  -0.95135403]], Action: [[ 1.         -0.8731815  -1.         -0.70005053 -1.          1.        ]], Reward: [2.3498518],Reward_sum: 51.82935333251953, Done: [False]
==========
t: 32, State: [[  3.44051861  -0.09554237   0.26559742   0.05151582   0.33604882
   -0.50402028  -0.86010005  -0.56041569  -0.08304305   1.66618853
   -0.60881243   3.77302598 -15.78456146  19.08305714   2.81323909
  -13.86251443  -3.11493212 -16.68498576]], Action: [[-0.30057257  1.         -1.         -1.         -1.         -1.        ]], Reward: [0.9584979],Reward_sum: 52.78784942626953, Done: [False]
==========
t: 33, State: [[ 3.59341719 -0.10352793  0.27661673 -0.53365462  0.82995908  0.32454676
  -0.35798705 -0.1857446  -0.54900696  4.05543849  0.06835666 -0.60174964
  -6.86086694 -0.22527652 18.37287119 19.46799781 13.20950724  1.8928157 ]], Action: [[-1.          1.          0.92991924  1.          1.         -0.50611365]], Reward: [2.5458815],Reward_sum: 55.33373260498047, Done: [False]
==========
t: 34, State: [[  3.83307838  -0.03982553   0.32529917   0.14278708  -0.28226426
    0.74459054   0.15089421  -0.24468292  -0.48346823   4.9193366
    1.12744078   0.3494878   17.95002405 -26.50356602   1.64409528
    7.08265359   2.25542428   3.28147852]], Action: [[ 1.         -1.          1.          0.02122876  0.17569853 -0.21384801]], Reward: [4.4855185],Reward_sum: 59.819252014160156, Done: [False]
==========
t: 35, State: [[ 4.00323009e+00 -3.16928343e-03  2.52077243e-01  6.20243494e-01
  -8.02510210e-01  2.63317180e-01  2.37208978e-02 -2.22486133e-01
   1.86730743e-01  2.48959713e+00  5.96219275e-01 -2.04619263e+00
   2.56542616e+00  2.35038690e+00 -1.20314002e+01 -8.23497053e+00
  -5.17175090e-01  1.72707094e+01]], Action: [[ 1.         -1.          0.22989142 -1.         -1.          1.        ]], Reward: [2.8977492],Reward_sum: 62.717002868652344, Done: [False]
==========
t: 36, State: [[ 4.06673505e+00 -1.40230233e-02  1.58751942e-01  1.03548568e-01
   3.71271889e-01 -5.09841019e-01 -6.04829083e-01 -1.47659281e-01
   3.04015058e-01  1.08241602e+00 -8.76183958e-01 -1.56702161e+00
  -1.19801134e+01  2.34651017e+01 -1.24386909e+01 -1.23559019e+01
   1.30758632e+00 -6.63719251e+00]], Action: [[-0.2143449   1.         -1.         -1.         -0.59616035 -1.        ]], Reward: [0.8299641],Reward_sum: 63.546966552734375, Done: [False]
==========
t: 37, State: [[  4.19024736  -0.05014518   0.01783831  -0.43469038   0.83044595
   -0.20843873  -0.40118889   0.08079771  -0.45953473   3.3670165
   -0.43638262  -3.18019524  -7.6200383   -2.50068531   8.89007953
   12.47262638   5.61983639 -16.73739616]], Action: [[-1.          1.         -0.14436734  0.7584065   1.         -1.        ]], Reward: [2.010644],Reward_sum: 65.55760955810547, Done: [False]
==========
t: 38, State: [[  4.40068403  -0.05008697  -0.05258721  -0.02762279   0.02860778
    0.44699702   0.13987458   0.34360063  -0.43460787   4.3651262
   -0.28498758  -1.14496614  12.09766153 -17.5712247   11.71887419
    8.77025645   5.4256062    6.4112457 ]], Action: [[ 0.6043869  -0.00613467  1.          0.00379303  0.504586   -0.3674639 ]], Reward: [4.033236],Reward_sum: 69.5908432006836, Done: [False]
==========
t: 39, State: [[  4.61412385  -0.02339534   0.05049072   0.46189539  -0.50857682
    0.60387973   0.14811117   0.18644741   0.38562734   3.73643955
    0.26630455   2.07452087   8.1781472  -10.38554811   0.66522812
   -4.62836022  -6.86648171  18.96896094]], Action: [[ 1.         -1.          1.         -0.8811786  -0.80328774  1.        ]], Reward: [3.7266216],Reward_sum: 73.31745910644531, Done: [False]
==========
t: 40, State: [[ 4.75758009e+00 -4.03919540e-02  1.65534298e-01  6.21400580e-01
  -5.98221200e-01 -2.43578375e-01 -3.56946807e-01 -2.46577820e-01
   4.69467277e-01  2.47425613e+00 -7.79417519e-01  2.67518988e+00
   1.50536573e-02  2.31265550e+00 -2.00650592e+01 -1.33720958e+01
  -8.87775063e+00 -4.05340365e+00]], Action: [[ 1.         -0.91370004 -1.         -1.         -1.          0.3415764 ]], Reward: [2.3739727],Reward_sum: 75.6914291381836, Done: [False]
==========
t: 41, State: [[  4.86709712  -0.11918531   0.28112796   0.1787416    0.38446948
   -0.43831283  -1.01629798  -0.51418227  -0.20848896   2.44719074
   -1.90409727   1.75459054  -8.34890742  20.22906886   1.29782668
  -10.02111057  -3.4806621  -16.65079528]], Action: [[-0.01480518  1.         -1.         -1.         -0.8906021  -1.        ]], Reward: [1.7110014],Reward_sum: 77.40242767333984, Done: [False]
==========
t: 42, State: [[ 5.03866434 -0.17004794  0.22873841 -0.28604793  0.82306639  0.39834635
  -0.34398627 -0.18962607 -0.53654766  4.22697487 -0.78324928 -1.55399635
  -8.25604659 -1.79766988 18.98946721 21.5993908  13.23753204  1.50089473]], Action: [[-1.  1.  1.  1.  1. -1.]], Reward: [2.8313444],Reward_sum: 80.23377227783203, Done: [False]
==========
t: 43, State: [[  5.26509066  -0.14517055   0.17637454   0.20855944  -0.24091822
    0.79600369   0.22608284  -0.38496826  -0.48638513   4.51935542
    0.59547723  -1.40971708  15.00401243 -25.43549733   0.48419097
    7.99983368   2.25315822   2.13083967]], Action: [[ 1.         -1.          1.          0.06596768  0.15202107 -0.31355494]], Reward: [4.2159486],Reward_sum: 84.44972229003906, Done: [False]
==========
t: 44, State: [[ 5.43259709e+00 -1.12385782e-01  9.13913175e-02  7.17418488e-01
  -6.33293602e-01  4.87523163e-01  3.15814167e-03 -3.25338645e-01
   1.04953803e-01  2.53347505e+00  6.16759466e-01 -1.39498313e+00
   5.06283279e+00  2.47581771e-01 -9.51975586e+00 -1.15794853e+01
   8.93111250e-01  1.61256614e+01]], Action: [[ 1.         -1.          0.41623038 -1.         -1.          1.        ]], Reward: [2.8328037],Reward_sum: 87.28252410888672, Done: [False]
==========
t: 45, State: [[  5.49694414  -0.12268201   0.07516242   0.23343361   0.36299973
   -0.29293323  -0.75246073  -0.21927651   0.22690614   1.16904002
   -0.77545516   0.25177607 -12.84233915  20.6588035  -13.77613449
  -13.71291815   1.34304167  -5.88103181]], Action: [[-0.21154629  0.92162395 -0.70843834 -1.         -0.7196953  -1.        ]], Reward: [0.89554214],Reward_sum: 88.17807006835938, Done: [False]
==========
t: 46, State: [[  5.62261766  -0.14274579  -0.0274703   -0.38528533   0.8052142
   -0.38921162  -0.38243004   0.02246695  -0.48883908   3.43325845
   -0.1397969   -2.90095571 -10.06997324  -1.80957183   3.4391187
   17.4684861    6.72849457 -15.60277742]], Action: [[-1.          1.         -0.50371385  1.          1.         -1.        ]], Reward: [1.9880974],Reward_sum: 90.16616821289062, Done: [False]
==========
t: 47, State: [[ 5.82001258 -0.09835405 -0.0233747  -0.21037059  0.26290223  0.19692077
   0.05306713  0.3434722  -0.52435481  4.02695002  1.91419464  1.82383519
   8.12420115 -7.65456558 10.48598151  2.77781225  1.75220529  2.11493238]], Action: [[ 0.2932883   0.0465204   1.         -0.42461893  0.7149629  -0.21655317]], Reward: [3.7652435],Reward_sum: 93.9314193725586, Done: [False]
==========
t: 48, State: [[ 6.02494990e+00 -1.71902577e-02  9.33776019e-02  4.23039849e-01
  -5.62049708e-01  6.02917986e-01  1.19717788e-01 -5.36662799e-02
   1.79016962e-01  3.83319415e+00  1.04971620e+00  1.67677512e+00
   1.14136358e+01 -1.45474798e+01  4.89047058e+00 -5.71537141e-01
  -1.05652587e+01  1.80459069e+01]], Action: [[ 1.         -1.          1.         -0.32923356 -0.8368212   1.        ]], Reward: [3.6178799],Reward_sum: 97.54930114746094, Done: [False]
==========
t: 49, State: [[ 6.17031912e+00  2.42170405e-03  1.53439634e-01  6.83656402e-01
  -6.76505789e-01 -1.70608864e-01 -2.47016880e-01 -4.39651316e-01
   5.24101412e-01  2.43320570e+00  4.22556692e-02  1.28177485e+00
   1.08930970e+00  3.82730927e+00 -2.01981116e+01 -1.08217417e+01
  -5.51099821e+00 -8.28419917e-01]], Action: [[ 1.        -1.        -1.        -0.7666205 -1.         1.       ]], Reward: [2.3486137],Reward_sum: 99.89791870117188, Done: [False]
==========
t: 50, State: [[  6.25236681  -0.02678881   0.22900134   0.09938863   0.43548949
   -0.46397162  -0.88627552  -0.52980474  -0.08527575   1.71699554
   -0.94252271   1.36829491 -12.99699945  21.64587534   2.12594366
  -10.67411834  -0.37875808 -16.57549144]], Action: [[-0.35800517  1.         -1.         -1.         -1.         -1.        ]], Reward: [1.128137],Reward_sum: 101.02605438232422, Done: [False]
==========
t: 51, State: [[ 6.3934617  -0.042226    0.17815502 -0.45917553  0.83520228  0.37116715
  -0.484225   -0.0919554  -0.58602092  3.64673524  0.0245018  -1.61395993
  -7.57708664 -2.92727526 18.67569505 15.58315409 12.68891593  2.73556135]], Action: [[-1.         1.         1.         0.5568065  1.        -1.       ]], Reward: [2.2908943],Reward_sum: 103.31694793701172, Done: [False]
==========
t: 52, State: [[ 6.63760935e+00 -1.40448199e-02  2.23904784e-01  1.71467851e-01
  -3.27581191e-01  7.66683231e-01  1.63008592e-01  9.34842651e-02
  -4.65417013e-01  4.92931853e+00  2.24995754e-01  6.01774640e-01
   1.65355887e+01 -2.63926011e+01  7.22224916e-01  1.10778308e+01
  -5.11791749e-01  1.66329974e+00]], Action: [[ 1.         -1.          1.          0.12945795  0.08792146 -0.2790435 ]], Reward: [4.5727177],Reward_sum: 107.88966369628906, Done: [False]
==========
t: 53, State: [[  6.81033565  -0.02977443   0.1799083    0.57621869  -0.821409
    0.31934284   0.21442029  -0.04524587   0.26587282   2.66031835
   -0.10985663  -2.05011343   1.84288869   2.96503331 -10.76381694
    0.32614491  -3.81249275  21.66714118]], Action: [[ 1.        -1.         0.4181655 -1.        -1.         1.       ]], Reward: [2.9370396],Reward_sum: 110.82670593261719, Done: [False]
==========
t: 54, State: [[  6.87612999  -0.04416592   0.12656874   0.1452724   -0.19092478
   -0.46521198  -0.21421599  -0.22358322   0.38352055   0.83080495
   -0.60077397  -0.33842705 -11.38463028  10.79355591 -13.6849385
  -12.46978012  -3.4331784   -8.94764686]], Action: [[-0.16412924 -0.4390794  -1.         -1.         -1.         -1.        ]], Reward: [0.89391387],Reward_sum: 111.72061920166016, Done: [False]
==========
t: 55, State: [[  6.94520034  -0.11918135   0.03045822  -0.57221851   0.53633908
   -0.26952331  -0.50734425  -0.05425602  -0.42745803   2.08625394
   -1.80845243  -2.88755266 -11.93822274  10.81314163   6.2725616
   -0.13178902   5.15787893 -17.19933458]], Action: [[-1.          1.         -0.24035698 -0.02919663  0.4350209  -1.        ]], Reward: [1.0566205],Reward_sum: 112.77723693847656, Done: [False]
==========
t: 56, State: [[ 7.1258988  -0.16762606 -0.11610215 -0.313829    0.61090431  0.35524763
  -0.13649634  0.28446096 -0.52025294  4.12103483 -0.76417037 -2.53417468
   8.29272755  1.78394943 12.22878306  9.56646647  7.56456433  2.20974325]], Action: [[-0.213872    1.          1.          0.3531888   1.         -0.90722317]], Reward: [3.2146153],Reward_sum: 115.99185180664062, Done: [False]
==========
t: 57, State: [[  7.36979206  -0.13309234  -0.08682193   0.38438039   0.03603047
    0.62953659   0.26602438   0.28852137  -0.49779219   5.00080528
    0.81438704   1.40859508  13.60969124 -16.00775953   3.51363043
    6.11831334  -0.41136629   1.58249535]], Action: [[ 0.7760984  -1.          1.          0.16432661  0.49941856 -0.8080917 ]], Reward: [4.524689],Reward_sum: 120.51654052734375, Done: [False]
==========
t: 58, State: [[ 7.55488575e+00 -8.87122575e-02 -1.67044058e-04  7.50980857e-01
  -5.69593357e-01  5.18532327e-01  1.71038601e-01 -5.85561942e-02
   2.17867424e-01  2.77422719e+00  1.19081535e+00  1.58745607e+00
   2.01820034e+00 -7.18817429e+00 -5.13090711e+00 -5.08182568e+00
  -9.66212026e+00  1.88159851e+01]], Action: [[ 1.        -1.         0.6389887 -1.        -1.         1.       ]], Reward: [3.161043],Reward_sum: 123.67758178710938, Done: [False]
==========
t: 59, State: [[  7.64406319  -0.06895789   0.06064938   0.4564821    0.0379699
   -0.38731183  -0.4457543   -0.38849315   0.49399861   1.6280508
   -0.18043578   1.19819689  -6.73538546  16.09451986 -18.58315761
  -14.55590116  -4.41985948  -4.54137877]], Action: [[ 0.92463726  0.66650003 -1.         -1.         -1.         -0.33777803]], Reward: [1.3422219],Reward_sum: 125.01980590820312, Done: [False]
==========
t: 60, State: [[  7.72451954  -0.08901194   0.13946038  -0.23149875   0.73864554
   -0.45837975  -1.06093389  -0.24063559  -0.24618775   2.04769489
   -0.46836407   1.14878673 -13.89359555   8.25564206   1.96833184
   -7.0400768    4.67545597 -17.85147114]], Action: [[-0.85256743  1.         -1.         -0.9454875  -0.06322344 -1.        ]], Reward: [1.1466455],Reward_sum: 126.16645050048828, Done: [False]
==========
t: 61, State: [[ 7.90272833 -0.08030046  0.04708835 -0.49260657  0.73160192  0.31272383
  -0.3588995   0.09092825 -0.54301096  4.399849    0.25880972 -2.44619761
   0.48737406 -4.53713489 17.46354169 20.81274548  9.42825168  2.61757703]], Action: [[-0.63181835  1.          1.          0.7608893   1.         -0.91316015]], Reward: [3.0829751],Reward_sum: 129.24942016601562, Done: [False]
==========
t: 62, State: [[  8.14351868  -0.0511442    0.08823201   0.24555009  -0.42152711
    0.72870117   0.2198825    0.23458621  -0.34054991   4.53623958
    0.17703563   0.52242472  15.99966288 -24.74954027   1.95635361
    6.66507729  -0.42467048   4.14029859]], Action: [[ 1.         -1.          1.         -0.48357624 -0.16949306 -0.34494382]], Reward: [4.477651],Reward_sum: 133.72706604003906, Done: [False]
==========
t: 63, State: [[ 8.31571011 -0.05174883  0.09394699  0.68291987 -0.72198581  0.44585362
   0.15863449 -0.03095344  0.39863528  2.69788015  0.20948417 -0.20285863
   3.68618975  2.89896403 -8.40048399 -3.82122251 -7.2116039  19.28277027]], Action: [[ 1.         -1.          0.47249955 -1.         -1.          1.        ]], Reward: [2.9215028],Reward_sum: 136.64859008789062, Done: [False]
==========
t: 64, State: [[  8.35764692  -0.06352094   0.12853269  -0.04943692   0.48392661
   -0.36742643  -0.46307994  -0.1611364    0.26055365   0.36142753
   -0.74789456   1.2398607  -19.19456591  23.05338321 -15.34996402
  -14.935103    -0.5850946  -12.4076727 ]], Action: [[-1.          1.         -1.         -1.         -0.44051063 -1.        ]], Reward: [0.31933108],Reward_sum: 136.96792602539062, Done: [False]
==========
t: 65, State: [[  8.4709818   -0.09179807   0.13322281  -0.59765525   0.78286467
   -0.18999654  -0.43008064   0.05298641  -0.6297451    3.60697227
   -0.02246944  -0.08783109   1.0630199   -4.96971077   9.82905517
    9.59326795   5.87227978 -17.11713164]], Action: [[-1.          1.          0.40486637  0.6482501   1.         -1.        ]], Reward: [1.8082831],Reward_sum: 138.77621459960938, Done: [False]
==========
t: 66, State: [[ 8.70396220e+00 -7.09187149e-02  1.32873043e-01  1.34236984e-01
  -1.05354688e-01  4.71571462e-01  2.09779963e-01 -1.64794839e-02
  -3.84009024e-01  4.83424646e+00  1.29379542e-02 -1.28681775e+00
   1.62724560e+01 -1.82759719e+01  1.17398004e+01  1.29415653e+01
  -1.92684387e+00  9.15745886e+00]], Action: [[ 0.7693688  -0.29792517  1.          0.70069605  0.63166845  1.        ]], Reward: [4.3025413],Reward_sum: 143.07875061035156, Done: [False]
==========
t: 67, State: [[ 8.88103726 -0.08123432  0.05128199  0.6715407  -0.67706399  0.61796351
   0.21712721 -0.10801979  0.5050419   2.80724455  0.03204828 -1.96735123
   6.51182892 -0.75074528  0.14830949 -3.26395009 -2.57387874 21.92738087]], Action: [[ 1.         -1.          0.71202135 -1.         -0.99522114  1.        ]], Reward: [2.9917572],Reward_sum: 146.0705108642578, Done: [False]
==========
t: 68, State: [[  8.96712224  -0.08526496   0.02341575   0.61767685  -0.44609389
    0.1382788   -0.34545069  -0.05759887   0.47590276   1.29199834
   -0.31794718   0.58605071  -4.4326237    4.69052582 -11.38883419
  -14.23772872   1.10157807  -7.0989407 ]], Action: [[ 0.7590003  -1.         -0.08243722 -1.         -0.44997805  0.2677487 ]], Reward: [1.4359949],Reward_sum: 147.50650024414062, Done: [False]
==========
t: 69, State: [[ 9.00499703e+00 -1.52932498e-01  5.18863356e-02 -2.25412262e-01
   4.82551215e-01 -3.11697287e-01 -9.39364471e-01 -1.70407500e-04
  -2.89038963e-01  1.09016513e+00 -1.93482940e+00 -1.75734885e-01
  -1.86015318e+01  1.71700930e+01 -5.80827372e+00 -7.24414264e+00
  -1.47934947e-01 -1.72469247e+01]], Action: [[-1.         1.        -0.5062878 -0.8444557 -0.0111361 -1.       ]], Reward: [0.36054027],Reward_sum: 147.86703491210938, Done: [False]
==========
t: 70, State: [[ 9.13954666 -0.21492982 -0.05964213 -0.53803309  0.71596187  0.16148529
  -0.60961252  0.10203345 -0.55944757  3.41970194 -0.78568523 -2.77342228
   1.56435087 -1.68730828 14.37323169 12.17834851  4.30584331  2.32022321]], Action: [[-1.          1.          1.         -0.02997863  1.         -1.        ]], Reward: [2.1909027],Reward_sum: 150.0579376220703, Done: [False]
==========
t: 71, State: [[ 9.39497098e+00 -1.48178167e-01  3.09754328e-02  2.47896270e-01
  -8.41297027e-03  4.85400360e-01  1.21362864e-01 -1.74194316e-01
  -2.60525884e-01  5.45650315e+00  1.37122955e+00  1.89625952e+00
   1.80567189e+01 -2.08030365e+01  5.16332104e+00  1.33284519e+01
  -1.08127995e+01  3.48720000e+00]], Action: [[ 1.         -1.          1.          0.39631402 -0.07733892  0.3894425 ]], Reward: [4.777015],Reward_sum: 154.83494567871094, Done: [False]
==========
t: 72, State: [[ 9.60126985 -0.11328868  0.09344273  0.77460426 -0.68826337  0.21263059
   0.2137239  -0.45766804  0.22612187  3.21733382  0.50123939  1.01431686
   4.0486609  -5.20822081 -8.85698063 -5.58050301 -2.84258979 11.38648651]], Action: [[ 1.         -1.         -0.05565763 -0.5243951  -1.          0.6926748 ]], Reward: [3.7501888],Reward_sum: 158.5851287841797, Done: [False]
==========
t: 73, State: [[  9.70756479  -0.11900901   0.1212936    0.52277168   0.10443524
   -0.49965907  -0.45378643  -0.39831129   0.41784905   1.88686467
   -0.62987423   0.69808304  -5.83112874  19.35916365 -12.32195668
  -14.85446581   2.18264525  -1.35995486]], Action: [[ 1.          0.76199514 -1.         -1.         -1.         -0.12726356]], Reward: [1.6662154],Reward_sum: 160.2513427734375, Done: [False]
==========
t: 74, State: [[  9.80541595  -0.14685888   0.17777698  -0.20538747   0.83301293
   -0.17453043  -0.83709361  -0.03088277  -0.21766143   2.42039368
   -0.58861538   0.62699499 -15.95223047   7.4584721    9.33787892
   -0.72270601   7.43952612 -16.50366697]], Action: [[-1.          1.         -0.12289867 -0.3619461   0.41930473 -1.        ]], Reward: [1.6248306],Reward_sum: 161.8761749267578, Done: [False]
==========
t: 75, State: [[ 1.00169882e+01 -1.39908908e-01  1.33796385e-01  1.36919114e-02
   4.54811024e-01  4.53036227e-01 -2.50861882e-01 -9.38065020e-03
  -5.42916651e-01  4.54480988e+00  4.88217591e-01 -2.26318452e+00
   1.19497318e+01 -1.13315827e+01  1.09743904e+01  1.52849565e+01
  -6.87122713e+00  1.58296037e+00]], Action: [[0.8860179  0.5161706  1.         0.36565095 1.         0.16732566]], Reward: [3.91013],Reward_sum: 165.7863006591797, Done: [False]
==========
t: 76, State: [[ 10.22702871  -0.12667178   0.08068894   0.62050963  -0.47201737
    0.7011194    0.20282142  -0.4024381    0.11541231   3.54809412
    0.01799876  -1.00430517   8.84334679 -16.24415018   0.62962295
    3.35173536  -6.19549478  17.34692257]], Action: [[ 1.         -1.          1.         -0.33212447 -1.          1.        ]], Reward: [3.6897786],Reward_sum: 169.47607421875, Done: [False]
==========
t: 77, State: [[ 10.35516907  -0.13234599   0.06015275   0.79324763  -0.48938242
   -0.08526429  -0.11597453  -0.47807776   0.57744524   2.09611546
   -0.17945252   0.50010326   0.43605398   6.09275333 -18.821472
  -10.38796379   0.74505513  -2.41190003]], Action: [[ 1.       -1.       -1.       -0.688503 -1.        1.      ]], Reward: [2.0154035],Reward_sum: 171.49147033691406, Done: [False]
==========
t: 78, State: [[ 10.40628418  -0.16537772   0.1509833    0.07250122   0.50022915
   -0.48258403  -0.79776834  -0.40488362  -0.08468525   1.07822812
   -1.07575431   2.05251013 -17.31939398  17.93497204   2.22405138
  -11.96457245   0.78621323 -17.18501879]], Action: [[-0.4852925  1.        -1.        -1.        -1.        -1.       ]], Reward: [0.4987513],Reward_sum: 171.99021911621094, Done: [False]
==========
t: 79, State: [[ 1.05181549e+01 -2.02058937e-01  1.43276181e-01 -5.71052718e-01
   7.80026387e-01  3.23186869e-01 -6.97978763e-01  8.34191093e-03
  -5.85108142e-01  3.21982383e+00 -2.90787398e-01 -8.83384211e-01
  -3.41777389e+00 -4.12768590e+00  1.71620192e+01  9.37603617e+00
   1.02951474e+01  2.62498503e+00]], Action: [[-1.          1.          1.         -0.03189218  1.         -1.        ]], Reward: [1.7373132],Reward_sum: 173.72755432128906, Done: [False]
==========
t: 80, State: [[ 1.07386615e+01 -1.66490768e-01  1.75643982e-01  1.81177927e-01
  -2.63060633e-01  7.29330104e-01 -1.18290527e-02 -4.47111375e-01
  -4.29252954e-01  5.08743443e+00  8.58530237e-01  1.40534040e+00
   1.64194349e+01 -1.53706680e+01  2.10028604e+00  1.47102890e+01
  -1.00197061e+01  5.48088382e+00]], Action: [[ 1.         -1.          1.          0.18894282 -0.6876975   0.00733165]], Reward: [4.0592637],Reward_sum: 177.7868194580078, Done: [False]
==========
t: 81, State: [[10.9219044  -0.1449214   0.20407276  0.68239313 -0.67694763  0.35427134
   0.04747976 -0.6031269  -0.04537965  2.75034136  0.40092211  0.18721036
   4.58574452 -1.58657425 -9.65407003 -6.96084606  0.04209539  7.53222354]], Action: [[ 1.         -1.          0.38425362 -0.84920037 -1.          0.05675273]], Reward: [3.2776563],Reward_sum: 181.06446838378906, Done: [False]
==========
t: 82, State: [[ 11.01624204  -0.15353016   0.202425     0.57111872   0.01978712
   -0.47736646  -0.57737546  -0.43247096   0.14503316   1.72282802
   -0.58996025   0.24361119  -2.99829107  15.89649676 -14.68766529
  -12.80381243   3.73799814   0.95569071]], Action: [[ 1.          0.3830551  -1.         -1.         -1.         -0.23202033]], Reward: [1.4666963],Reward_sum: 182.53115844726562, Done: [False]
==========
t: 83, State: [[ 11.08633032  -0.18183221   0.27367422  -0.15171942   0.75691782
   -0.41797839  -1.04477205  -0.23288629  -0.21335227   1.67596893
   -0.67457406   1.2152287  -16.80277171   8.94505525   1.28950956
   -3.79865419   2.15049034 -10.49305594]], Action: [[-1.          1.         -0.9573023  -1.         -0.45557338 -1.        ]], Reward: [0.8893681],Reward_sum: 183.4205322265625, Done: [False]
==========
t: 84, State: [[11.24201373 -0.18868511  0.20796094 -0.34530952  0.68090491  0.27601374
  -0.54816845 -0.21035253 -0.53918962  3.57673388  0.35346083 -2.78062274
   3.43913771 -5.68437563 16.05960052 13.87146407 -1.87077988  1.20264549]], Action: [[-0.01490508  1.          1.         -0.04266244  0.47987324 -1.        ]], Reward: [2.7904363],Reward_sum: 186.21096801757812, Done: [False]
==========
t: 85, State: [[ 11.45224341  -0.15729366   0.14231436   0.38749544  -0.37012175
    0.65975475   0.08734477  -0.50164914  -0.10710612   3.92645005
    0.29393521  -1.71686758  15.07748332 -21.92779696   1.78088256
    9.73900723  -5.19129674  11.35934878]], Action: [[ 1.         -1.          0.8428417  -0.12053782 -0.8258202   0.717178  ]], Reward: [3.81247],Reward_sum: 190.0234375, Done: [False]
==========
t: 86, State: [[ 1.15976423e+01 -1.47252429e-01  6.96780062e-02  8.05146377e-01
  -5.72842291e-01  3.00758969e-01  7.66954865e-03 -5.32128252e-01
   5.69110735e-01  2.21715441e+00  2.16712990e-01 -9.10772133e-01
   3.06402750e+00  2.91190391e+00 -1.04855777e+01 -7.71071354e+00
   1.45744449e+00  1.24785706e+01]], Action: [[ 1.         -1.          0.03374022 -0.6345588  -1.          1.        ]], Reward: [2.4675975],Reward_sum: 192.49102783203125, Done: [False]
==========
t: 87, State: [[ 11.62249318  -0.15494725   0.09912751  -0.03069768   0.49633102
   -0.3474819   -0.68325485  -0.18772257   0.09572894   0.22669468
   -0.73532985   0.86473135 -21.7962552   20.03188499 -10.88097119
  -13.16938479   7.27362957 -15.65244714]], Action: [[-1.          1.         -0.80330676 -1.         -0.41552776 -1.        ]], Reward: [0.01522118],Reward_sum: 192.50625610351562, Done: [False]
==========
t: 88, State: [[11.72707405 -0.18325787  0.05048333 -0.58210491  0.76079204  0.02399367
  -0.60766179  0.24378207 -0.60042992  3.316589   -0.04138708 -1.31222195
   1.81160425 -3.83932061 13.09598002  8.77159451  6.84751906  0.77995652]], Action: [[-1.          1.          0.8855861   0.02700171  1.         -1.        ]], Reward: [1.6131183],Reward_sum: 194.11936950683594, Done: [False]
==========
t: 89, State: [[ 11.96873373  -0.13354891   0.10447238   0.21251871  -0.15477968
    0.48367139   0.16572575  -0.31026385  -0.3310856    5.57280818
    1.17020188   2.37689513  15.81269606 -16.20230789   3.46748425
   17.15968019 -12.07008261   9.27099994]], Action: [[ 1.         -1.          1.          0.59939265 -0.6221333   0.38432103]], Reward: [4.443791],Reward_sum: 198.5631561279297, Done: [False]
==========
t: 90, State: [[12.16797831 -0.08553304  0.18495241  0.65865549 -0.692888    0.5071908
   0.23297634 -0.49399644  0.18199778  2.84936554  1.54233497  0.44197331
   3.49241939 -3.72011232 -1.0725682  -1.51435326 -5.1519593   8.65876559]], Action: [[ 1.         -1.          0.8344488  -1.         -1.          0.04441206]], Reward: [3.515064],Reward_sum: 202.07821655273438, Done: [False]
==========
t: 91, State: [[ 1.22626651e+01 -1.99153400e-02  1.95280896e-01  5.20714921e-01
  -2.34596040e-01  7.00007387e-03 -3.55761716e-01 -4.65923858e-01
   4.75640619e-01  1.60402115e+00  9.84416530e-01  4.61966063e-01
  -3.95288418e+00  1.13124276e+01 -1.10337457e+01 -1.49215837e+01
   2.66878952e+00  3.01824988e+00]], Action: [[ 1.         -0.15120701 -0.1905055  -1.         -1.          0.41338807]], Reward: [1.5707315],Reward_sum: 203.64894104003906, Done: [False]
==========
t: 92, State: [[ 1.23143486e+01  2.45799531e-03  2.49204387e-01 -1.94335067e-01
   6.33254531e-01 -4.19158893e-01 -9.99819899e-01 -2.06026596e-01
  -1.51176821e-02  1.28255254e+00  1.15221456e-01  9.25031643e-01
  -1.61423820e+01  1.35347545e+01 -5.59336626e+00 -8.04955155e+00
   4.16944198e+00 -1.52720192e+01]], Action: [[-1.          1.         -0.7584385  -1.         -0.42606628 -1.        ]], Reward: [0.5579937],Reward_sum: 204.20693969726562, Done: [False]
==========
t: 93, State: [[12.44458569  0.02699619  0.21997835 -0.57438216  0.72516516  0.15996297
  -0.83084617  0.15919116 -0.58045754  3.45054515  0.83373074 -0.90861403
   1.6835401  -4.98283416 15.9265818   8.24543787  7.58816098  1.34375804]], Action: [[-1.          1.          1.         -0.5658497   0.92452484 -1.        ]], Reward: [2.0872483],Reward_sum: 206.294189453125, Done: [False]
==========
t: 94, State: [[ 12.69979155   0.06919559   0.24708577   0.29529635  -0.39254533
    0.67396099   0.0679471   -0.0529783    0.04852565   5.32419507
   -0.21223323   0.43212775  18.30306079 -24.06552459   5.10429964
   20.09136896  -5.68423991  16.78194529]], Action: [[ 1.         -1.          1.          0.44880486 -0.54204905  0.8287249 ]], Reward: [4.6859145],Reward_sum: 210.9801025390625, Done: [False]
==========
t: 95, State: [[12.87091464  0.02936274  0.25643981  0.64458076 -0.80008533  0.61459
   0.30179466 -0.07888929  0.57121453  2.42227972 -0.7452574   0.10231014
  -0.21374697  3.15494919 -3.85676865 -3.82070112  0.95592842 -1.94367939]], Action: [[ 1. -1.  1. -1. -1.  1.]], Reward: [2.8224618],Reward_sum: 213.80258178710938, Done: [False]
==========
t: 96, State: [[ 1.29025545e+01  8.52800626e-03  2.25288676e-01 -2.09720818e-01
   4.13568422e-01  4.10970878e-01  2.21950933e-02 -1.43057484e-01
   1.76065473e-01  5.14871177e-02  1.80654641e-02 -2.11102105e+00
  -2.00216732e+01  2.30395931e+01 -2.84141805e+00  2.58481483e-01
  -3.01684438e+00 -7.00641540e+00]], Action: [[-1.          1.          0.77590823 -1.         -0.8153032  -1.        ]], Reward: [0.10612176],Reward_sum: 213.90870666503906, Done: [False]
==========
t: 97, State: [[ 12.96787754   0.02031587   0.13055324  -0.54642461   0.73715621
    0.37907663  -0.07656615   0.27991579  -0.42729085   1.91654411
    0.50001514  -1.1320064    1.67884164  -1.86988678   0.86364245
   -2.89291545  11.72887082 -12.49229289]], Action: [[-0.9978038  1.         1.        -0.1671567  1.        -1.       ]], Reward: [0.8041056],Reward_sum: 214.7128143310547, Done: [False]
==========
t: 98, State: [[ 13.09900028   0.06266703   0.18879821   0.09939061  -0.16649072
    0.47245489  -0.1051864    0.17775006  -0.44113544   2.73106102
    0.40980106   0.97989549  13.66072765 -20.18423393   2.0619906
    0.79023445  -7.89559417   5.47748883]], Action: [[ 0.53400826 -0.5631021   1.         -0.29539466 -0.41010118 -0.16810542]], Reward: [2.4338598],Reward_sum: 217.14666748046875, Done: [False]
==========
t: 99, State: [[13.19911147  0.04155871  0.19977727  0.5752534  -0.77982098  0.27458436
  -0.35203896 -0.33464605  0.29320239  1.50699362 -0.95632582 -0.15974347
   5.01650281 -3.77645218 -5.58198709 -8.85597537 -9.49179817 16.92750217]], Action: [[ 1.        -1.         0.3636632 -1.        -1.         1.       ]], Reward: [1.4889988],Reward_sum: 218.6356658935547, Done: [False]
==========
t: 100, State: [[ 13.25421452  -0.03924774   0.18043213   0.46147868  -0.2515244
   -0.38803734  -0.85358999  -0.57220001   0.47503017   1.12937021
   -1.90533589  -0.51409094  -3.75568741  12.82476813 -12.78246573
   -8.42784863  -2.04598567  -4.28344091]], Action: [[ 0.5166491  -0.33022457 -0.9389133  -1.         -0.9460582   0.3398968 ]], Reward: [0.7752521],Reward_sum: 219.41091918945312, Done: [False]
==========
t: 101, State: [[ 13.29979428  -0.13607898   0.0880419   -0.18214388   0.67401918
   -0.15603524  -0.77161563  -0.37807372  -0.27656517   1.10057722
   -2.0081999   -2.76340471 -15.0195647   13.99981971  10.99151194
    7.67846201   5.7602708  -17.93323369]], Action: [[-1.          1.          0.22550942 -0.3613673  -0.20209078 -1.        ]], Reward: [0.5893669],Reward_sum: 220.0002899169922, Done: [False]
==========
t: 102, State: [[13.41324273 -0.21353428 -0.04013333 -0.13873953  0.59084669  0.4858949
  -0.43444017  0.26950521 -0.49643843  2.76006943 -1.39591706 -2.01252074
   8.80716205 -7.98124016 10.51902337  4.6000809  14.92520908  4.17097533]], Action: [[ 0.5305729   0.72206134  1.         -0.69034433  0.89903116 -0.3709764 ]], Reward: [1.9464355],Reward_sum: 221.9467315673828, Done: [False]
==========
t: 103, State: [[ 1.36057134e+01 -2.25861232e-01 -8.75657466e-02  5.95155403e-01
   1.13559162e-02  7.57833167e-01  3.13100393e-01 -3.19767485e-01
  -1.95954665e-01  4.10144306e+00 -3.68561651e-01  9.16076452e-02
   1.38258003e+01 -1.57309397e+01  1.36472263e+00  1.66635901e+01
  -1.22785711e+01  1.27586235e+01]], Action: [[ 1.         -1.          1.          0.83449423 -0.7091986   0.8941571 ]], Reward: [3.349527],Reward_sum: 225.2962646484375, Done: [False]
==========
t: 104, State: [[ 1.37214215e+01 -2.12200297e-01 -3.14698783e-02  8.85320741e-01
  -3.84086961e-01  5.58963737e-01  2.34184225e-01 -5.80261696e-01
   3.34772407e-01  1.25946495e+00  7.76306731e-01  1.84452683e+00
  -8.66886765e-03 -3.53839845e+00 -6.78968570e+00 -1.23424775e+01
  -1.18434321e+00  7.86101975e+00]], Action: [[ 1.         -1.          0.43160012 -1.         -1.          0.20273186]], Reward: [1.8914242],Reward_sum: 227.18768310546875, Done: [False]
==========
t: 105, State: [[ 13.7302866   -0.20767116   0.0857527    0.38874115   0.28644942
   -0.38192759  -0.67362446  -0.42958271   0.30121721   0.16092259
   -0.52686492   2.49239221 -11.04901006  15.54749842 -18.94286699
  -17.05882826   3.77799129  -5.6206538 ]], Action: [[ 0.5507982   1.         -1.         -1.         -1.         -0.28715765]], Reward: [-0.2612814],Reward_sum: 226.92640686035156, Done: [False]
==========
t: 106, State: [[ 13.76380176  -0.23561523   0.17203911  -0.40112581   0.77056275
   -0.24919637  -0.99490725  -0.10801853  -0.37238371   1.33902474
   -0.52406941   0.54893114 -14.40900306   3.62714677   9.59701531
    2.97866259   5.05992451 -15.36248555]], Action: [[-1.          1.          0.06550995 -0.7709123   0.13878442 -1.        ]], Reward: [0.30851746],Reward_sum: 227.23492431640625, Done: [False]
==========
t: 107, State: [[ 13.90783035  -0.21161969   0.11221576  -0.03016299   0.3881907
    0.40735034  -0.46905506  -0.12201144  -0.31291458   3.38158201
    0.69939788  -2.6025821   15.47842526 -10.21533589  11.81130151
   12.18777503  -0.5721225   10.13371189]], Action: [[ 1.          0.67937624  1.         -0.18742873  0.57635427  0.9740718 ]], Reward: [2.5028036],Reward_sum: 229.73773193359375, Done: [False]
==========
t: 108, State: [[14.0464794  -0.18223658  0.02973112  0.67868704 -0.3854771   0.57428629
  -0.25690155 -0.43687595  0.33811149  2.46486836  0.52616988 -0.68613542
   9.81774473 -7.24623835 -0.8405372  -1.52376847 -4.82736091 14.71773786]], Action: [[ 1.         -1.          0.62321925 -1.         -1.          1.        ]], Reward: [2.2341406],Reward_sum: 231.9718780517578, Done: [False]
==========
t: 109, State: [[ 14.13070138  -0.16400096   0.04485554   0.80377488  -0.46363729
    0.07737543  -0.56356847  -0.44523177   0.54246599   1.33693034
    0.29254344   1.00383219  -1.93308826   0.78409288 -11.59514976
   -7.34069965   1.70337559  -2.32140355]], Action: [[ 0.9429354  -1.         -0.23322123 -0.86435306 -0.71046865  1.        ]], Reward: [1.2649004],Reward_sum: 233.23678588867188, Done: [False]
==========
t: 110, State: [[ 14.14973975  -0.17833418   0.10982649  -0.05504273   0.42462612
   -0.4513175   -0.88204313  -0.42270609  -0.11153362   0.38877662
   -0.75804888   0.63698417 -20.48131186  17.54823413  -3.0609352
   -3.19374011  -0.91739019 -16.86825499]], Action: [[-0.76349425  1.         -1.         -1.         -1.         -1.        ]], Reward: [-0.17752507],Reward_sum: 233.05926513671875, Done: [False]
==========
t: 111, State: [[ 1.42339270e+01 -1.98559738e-01  3.09984727e-02 -5.46511012e-01
   6.87742441e-01  1.38002000e-01 -5.44771069e-01  1.41371393e-02
  -5.90701939e-01  2.58000488e+00  2.26464358e-02 -1.90834771e+00
   1.08999790e+00 -2.58188640e+00  1.49402818e+01  9.99491255e+00
   1.27154809e+01  2.90794487e+00]], Action: [[-0.6675776   1.          0.9032098  -0.23709452  1.         -1.        ]], Reward: [1.2519786],Reward_sum: 234.31121826171875, Done: [False]
==========
t: 112, State: [[ 14.43605507  -0.12893231   0.09656978   0.17715914  -0.12415644
    0.50690936   0.0305812   -0.19695761  -0.38232787   4.54432325
    1.64560545   2.00537453  16.25564615 -18.71309477   2.92972119
   11.07529298  -9.91081285   4.06929314]], Action: [[ 1.         -1.          1.          0.18217269 -0.46271095  0.09706895]], Reward: [3.7168906],Reward_sum: 238.02810668945312, Done: [False]
==========
t: 113, State: [[14.61106555 -0.08509815  0.14691178  0.68383501 -0.67113481  0.28759233
   0.1459201  -0.48585601  0.141415    2.75746678  0.59604247  0.55539399
   4.63182348 -2.98604754 -6.4523229  -3.67554325 -3.07395651 12.1396237 ]], Action: [[ 1.         -0.8872108   0.29771394 -0.44564182 -1.          0.58120835]], Reward: [3.1589918],Reward_sum: 241.18710327148438, Done: [False]
==========
t: 114, State: [[ 14.69397858  -0.0665608    0.2030972    0.45168966  -0.21389617
   -0.35488243  -0.47093182  -0.45237735   0.49286889   1.36484739
    0.08591292   1.68787172  -7.19163236  10.4836809  -12.20456603
  -14.43393205   1.79401245   2.68611954]], Action: [[ 0.5308592  -0.29137737 -0.84540886 -1.         -1.          0.23602812]], Reward: [1.3445469],Reward_sum: 242.53164672851562, Done: [False]
==========
t: 115, State: [[ 1.47496783e+01 -9.24404369e-02  2.84170204e-01 -3.26046824e-01
   5.90177170e-01 -3.02215141e-01 -9.92323194e-01 -3.31207754e-01
  -1.50070297e-02  1.47577316e+00 -8.55848083e-01  1.08553176e+00
  -1.58842071e+01  1.25004888e+01  5.42210126e+00 -5.18964642e+00
   1.18204330e+00 -1.55860602e+01]], Action: [[-1.          1.         -0.27435422 -1.         -0.7111009  -1.        ]], Reward: [0.6559007],Reward_sum: 243.1875457763672, Done: [False]
==========
t: 116, State: [[14.89957309 -0.11234003  0.26239613 -0.45147502  0.67864939  0.36469369
  -0.62643417 -0.09173973 -0.53486969  3.71005734 -0.19511806 -0.76920207
   5.18292839 -3.48245252 13.59717051 11.69950468  6.67478399  0.81888653]], Action: [[-0.17281066  1.          1.         -0.22775918  0.49502677 -1.        ]], Reward: [2.665217],Reward_sum: 245.85276794433594, Done: [False]
==========
t: 117, State: [[ 1.51196741e+01 -1.04680079e-01  2.67449444e-01  3.79633550e-01
  -3.34591710e-01  7.01450568e-01  1.41178266e-02 -4.34026808e-01
  -3.43206269e-01  4.22222174e+00 -2.95066126e-01 -5.43807606e-01
   1.67426442e+01 -2.21499289e+01  1.81062079e+00  1.16157301e+01
  -6.24550056e+00  8.35589309e+00]], Action: [[ 1.         -1.          1.         -0.02058163 -0.62178934  0.58992386]], Reward: [4.028515],Reward_sum: 249.88128662109375, Done: [False]
==========
t: 118, State: [[ 15.24189265  -0.11747896   0.19739638   0.71385173  -0.77054179
    0.57945341  -0.08084965  -0.5824465    0.3043507    1.56461376
   -0.22563045  -1.45694839   0.16278071   0.58790051  -3.78633873
  -10.04868108   0.387222    14.58193365]], Action: [[ 1. -1.  1. -1. -1.  1.]], Reward: [1.8443708],Reward_sum: 251.7256622314453, Done: [False]
==========
t: 119, State: [[ 15.29356366  -0.15382865   0.16069102   0.47256667  -0.4259454
   -0.31146247  -0.71576084  -0.39031384   0.49672924   1.04384633
   -1.1367681   -0.38781756  -5.729042     6.12137574 -19.18287584
  -11.13434621   4.08368031  -3.67169312]], Action: [[ 6.6051185e-01 -8.7917227e-01 -9.9691945e-01 -1.0000000e+00
  -8.7685573e-01  9.7189844e-04]], Reward: [0.63622576],Reward_sum: 252.3618621826172, Done: [False]
==========
t: 120, State: [[ 15.33523819  -0.25322773   0.09551802  -0.33066281   0.47799839
   -0.37044096  -0.96500575  -0.3522185   -0.17384607   1.171352
   -2.4790373   -2.34015849 -17.00741952  16.02881051   4.07130395
    0.14679777  -1.86948037 -16.50609327]], Action: [[-1.          1.         -0.47013742 -1.         -0.9477135  -1.        ]], Reward: [0.32157156],Reward_sum: 252.68344116210938, Done: [False]
==========
t: 121, State: [[15.45808262 -0.29848215  0.02539562 -0.4867342   0.82583355  0.25212177
  -0.65076957 -0.07012205 -0.57834991  3.04642705  0.06104251 -0.21468342
   4.12123147 -2.33769006 13.2059696   7.74380711  9.21737708  2.53581657]], Action: [[-0.6132493   1.          1.         -0.46264225  0.7770427  -1.        ]], Reward: [2.037498],Reward_sum: 254.72093200683594, Done: [False]
==========
t: 122, State: [[ 15.68312247  -0.23015731   0.06458839   0.39673461  -0.05001593
    0.65227241   0.07644209  -0.45520549  -0.38797431   4.79005828
    1.17226147   0.19401101  18.78334754 -22.71688725   4.39266618
   16.19809751  -9.1193256    5.56151694]], Action: [[ 1.         -1.          1.          0.6992437  -0.23897766  0.53849787]], Reward: [4.1171937],Reward_sum: 258.838134765625, Done: [False]
==========
t: 123, State: [[ 15.83050248  -0.18100977   0.07390751   0.8375235   -0.6430611
    0.58786883   0.01682069  -0.58245096   0.25416568   1.86167413
    1.06327036   0.46378025   1.42829929  -3.55826625  -4.62590643
  -10.9749733    0.64217469  14.88275437]], Action: [[ 1.         -1.          0.72245306 -1.         -1.          1.        ]], Reward: [2.3954062],Reward_sum: 261.2335510253906, Done: [False]
==========
t: 124, State: [[ 15.88866458  -0.15950521   0.10457093   0.57516352  -0.12854855
   -0.34763385  -0.6933372   -0.32172766   0.51999124   1.16065875
   -0.05291619   0.72410302  -6.06106913  12.10718365 -19.60470825
  -12.55604363   5.52918999  -0.92453548]], Action: [[ 1.          0.04902028 -1.         -0.99626845 -0.715945    1.        ]], Reward: [0.71248895],Reward_sum: 261.946044921875, Done: [False]
==========
t: 125, State: [[ 15.93729784  -0.18237597   0.15838686  -0.25513421   0.63811826
   -0.35855708  -1.01612253  -0.32441029  -0.09188757   1.32126611
   -0.73893283   0.4594757  -17.97444349  10.94975181   5.23261091
   -0.78563591  -3.62000399 -16.47277241]], Action: [[-1.          1.         -0.42963296 -1.         -0.9519284  -1.        ]], Reward: [0.46358982],Reward_sum: 262.4096374511719, Done: [False]
==========
t: 126, State: [[16.08449747 -0.1842738   0.10528015 -0.37159621  0.49784588  0.34444033
  -0.3727224  -0.26764873 -0.57438292  3.62495392  0.19530543 -1.18585269
   5.94476973 -8.41149807 14.50079942 16.58101342  5.32789694  2.35566805]], Action: [[ 0.07008399  0.5918929   1.          0.1300286   0.2922816  -1.        ]], Reward: [2.698234],Reward_sum: 265.1078796386719, Done: [False]
==========
t: 127, State: [[ 16.28537508  -0.14646527   0.13424125   0.31143398  -0.32609032
    0.62683581   0.14804663  -0.3963419   -0.27416638   3.98914041
    1.15142157   1.04162711  12.479686   -11.59830868  -0.20125133
    5.96583829  -5.82822597   6.62045551]], Action: [[ 1.         -1.          0.887466   -0.31179482 -0.6480541   0.55383044]], Reward: [3.6564007],Reward_sum: 268.7642517089844, Done: [False]
==========
t: 128, State: [[ 16.42798572  -0.10080738   0.17286791   0.65123125  -0.62960299
    0.44270872  -0.183206    -0.44791828   0.2123375    2.21345985
    0.71772033   0.93947404   2.3878973   -1.18938415  -4.23626561
  -12.57543891   0.95078586   9.76056495]], Action: [[ 1.         -1.          0.76307666 -1.         -1.          0.39727175]], Reward: [2.3782017],Reward_sum: 271.1424865722656, Done: [False]
==========
t: 129, State: [[ 16.51339765  -0.10119282   0.22545106   0.45615609  -0.04363942
   -0.35691977  -0.82708519  -0.38804348   0.53450414   1.76939959
   -0.39472248   1.12567696  -4.58187416  13.01084777 -16.57563119
  -10.35047939   0.22661168   3.111091  ]], Action: [[ 0.6059189   0.09642619 -1.         -1.         -0.9242703   0.61060554]], Reward: [1.3478836],Reward_sum: 272.4903564453125, Done: [False]
==========
t: 130, State: [[ 1.65948535e+01 -1.26547106e-01  2.83204147e-01 -2.21073893e-01
   6.91479657e-01 -4.05206693e-01 -9.96900533e-01 -4.91316594e-01
   2.28025316e-03  1.90597078e+00 -5.86244452e-01  6.40588590e-01
  -1.51423032e+01  1.01335181e+01  2.93679700e+00  2.48802005e+00
  -3.44290587e+00 -1.65000960e+01]], Action: [[-1.         1.        -0.7129249 -1.        -1.        -1.       ]], Reward: [1.0782901],Reward_sum: 273.56866455078125, Done: [False]
==========
t: 131, State: [[ 16.75792263  -0.12859262   0.2731348   -0.35284338   0.46541746
    0.31080091  -0.41368798  -0.20292983  -0.53861244   3.85987065
    0.07283447  -0.17073197   4.22653485 -10.33271711  15.85996841
   13.11072298  10.99272383   1.11815092]], Action: [[-0.08264719  0.43059283  1.         -0.09267324  0.51341647 -1.        ]], Reward: [3.0149407],Reward_sum: 276.5836181640625, Done: [False]
==========
t: 132, State: [[ 16.95499685  -0.10430747   0.22968893   0.33084077  -0.52860648
    0.70662337   0.09486947  -0.44060932  -0.22342306   3.7209547
    0.1638918   -2.02971392  14.21149125 -17.9833035    2.16542547
    8.64942353  -2.80091996  11.02844347]], Action: [[ 1.         -1.          1.          0.04370457 -0.31743148  1.        ]], Reward: [3.531217],Reward_sum: 280.11480712890625, Done: [False]
==========
t: 133, State: [[ 17.07690401  -0.10534223   0.10371966   0.66587071  -0.69137119
    0.49122715  -0.11749617  -0.41290881   0.51628853   1.83428588
   -0.1427875   -2.08078773   2.34645047   5.87747492  -5.07523574
  -10.8935798    2.25392593  14.73272357]], Action: [[ 1.         -1.          0.67484385 -1.         -1.          1.        ]], Reward: [1.8926016],Reward_sum: 282.0074462890625, Done: [False]
==========
t: 134, State: [[ 17.14851543  -0.13782797   0.070499     0.53023214  -0.26880258
   -0.07181879  -0.66433544  -0.34798706   0.27184479   1.48114967
   -0.92300066   0.11432111  -4.03800238   6.25037088 -10.92072942
   -9.26839145  -0.51177858 -11.73375255]], Action: [[ 0.59246135 -0.78363216 -0.32880706 -0.8276369  -1.         -0.66505796]], Reward: [1.1121794],Reward_sum: 283.11962890625, Done: [False]
==========
t: 135, State: [[ 17.20867941  -0.20615144   0.01792003  -0.21115197   0.54688421
    0.07855123  -0.76822526  -0.25146605  -0.535923     1.42421242
   -1.6490828   -2.22672591 -16.86409494  14.38207405   8.16407857
    3.69387792   2.18681467 -15.63221252]], Action: [[-1.          1.          0.5727852  -0.41504097 -0.14390166 -1.        ]], Reward: [0.8511747],Reward_sum: 283.97076416015625, Done: [False]
==========
t: 136, State: [[ 1.73358345e+01 -2.59146878e-01 -9.59231296e-02 -4.15270792e-01
   8.21265580e-01  5.83257254e-01 -3.69687064e-01  1.68030241e-02
  -5.11927108e-01  3.05592328e+00 -5.28241333e-01 -1.15587612e+00
   4.40399594e+00 -7.24774698e-01  8.40232994e+00  7.92598575e+00
   7.67714637e+00  7.40794269e-01]], Action: [[-0.27952844  1.          1.         -0.32460806  0.46412635 -1.        ]], Reward: [2.2032094],Reward_sum: 286.1739807128906, Done: [False]
==========
t: 137, State: [[ 17.55709965  -0.22669454  -0.04720468   0.45591548   0.06925447
    0.75698894   0.29501982  -0.32287439  -0.31110773   4.81590661
    0.67765646   1.02234899  17.80038996 -16.04942105   1.35097298
   14.02217329  -9.94085223   5.30538084]], Action: [[ 1.         -1.          1.          0.68154776 -0.3395074   0.58891135]], Reward: [4.0326443],Reward_sum: 290.20660400390625, Done: [False]
==========
t: 138, State: [[ 17.71025651  -0.1910239    0.03000496   0.85377904  -0.53103333
    0.56955866   0.09262166  -0.4584123    0.02950741   2.00483016
    0.85258644   2.09247471   1.00396572  -6.30378997  -5.41473627
  -13.42115142  -0.46441681   6.11050356]], Action: [[ 1.         -1.          0.74787986 -1.         -1.         -0.0804372 ]], Reward: [2.6065578],Reward_sum: 292.81317138671875, Done: [False]
==========
t: 139, State: [[ 17.76722891  -0.19597217   0.1248009    0.47403466   0.19851908
   -0.37734208  -0.74406158  -0.39450649   0.2200963    1.18666603
   -0.74703983   1.73322622  -7.84829304  18.42325589 -19.3007498
  -14.83637637   1.03610176   1.54497545]], Action: [[ 0.8400464   1.         -1.         -1.         -1.          0.05512471]], Reward: [0.6685763],Reward_sum: 293.48175048828125, Done: [False]
==========
t: 140, State: [[ 17.84202638  -0.22983057   0.22250852  -0.27753357   0.82120882
   -0.37779003  -1.02402484  -0.48254508  -0.17837881   2.05493601
   -0.60610506   1.14018554 -15.34630714   5.54420792   5.12035952
    3.34583744  -4.01617637 -12.12570685]], Action: [[-1.          1.         -0.50669485 -1.         -0.93541723 -1.        ]], Reward: [0.9827748],Reward_sum: 294.46453857421875, Done: [False]
==========
t: 141, State: [[ 18.01210829  -0.21598418   0.24814448  -0.19619385   0.30312182
    0.33881169  -0.46903598  -0.45471425  -0.50946142   3.49594846
    1.03366106  -1.2423098    8.49641471 -14.44318743  15.07138998
   11.52599761  -6.35350605   3.57780397]], Action: [[ 0.3930354   0.19012414  1.         -0.31105343  0.1777133  -0.7980929 ]], Reward: [3.206047],Reward_sum: 297.6705627441406, Done: [False]
==========
t: 142, State: [[18.19051807 -0.17416611  0.19134203  0.4442708  -0.56383117  0.71293235
  -0.05521089 -0.67875954  0.09814402  3.39916859  0.83420575 -1.0690607
  10.55291727 -8.05490086  2.19060386  4.62735807 -3.5662745  13.99597255]], Action: [[ 1.         -1.          1.         -0.41636592 -1.          1.        ]], Reward: [3.0508597],Reward_sum: 300.721435546875, Done: [False]
==========
t: 143, State: [[ 18.30908531  -0.14283747   0.14063724   0.68666338  -0.57102776
    0.1523207   -0.35033711  -0.52668342   0.57481618   1.86151479
    0.45594345  -0.55023898   1.12302796   3.2696628  -13.97307116
   -9.78813394   5.9701246   -1.22525487]], Action: [[ 1.         -1.         -0.13083059 -1.         -0.9354673   1.        ]], Reward: [1.8821232],Reward_sum: 302.603515625, Done: [False]
==========
t: 144, State: [[ 18.34867768  -0.15480897   0.14681308  -0.04233056   0.47062478
   -0.40762565  -0.84308964  -0.32784386  -0.05353507   0.7638521
   -0.74488624   0.02101127 -17.96222593  19.96932852  -7.07081993
   -6.99166748   1.31868462 -16.79669413]], Action: [[-0.8404952  1.        -0.6765867 -1.        -1.        -1.       ]], Reward: [0.27542716],Reward_sum: 302.87896728515625, Done: [False]
==========
t: 145, State: [[18.45399764 -0.17338277  0.04641114 -0.61144668  0.77053416  0.15326995
  -0.53571197  0.0209349  -0.56444913  3.21047317  0.24712963 -2.15778476
   1.13913765 -5.15448917 15.3339489  11.88934458  8.88146356  1.93013365]], Action: [[-1.         1.         1.         0.0553121  0.8865062 -1.       ]], Reward: [1.627504],Reward_sum: 304.5064697265625, Done: [False]
==========
t: 146, State: [[ 18.69036726  -0.10896491   0.07023174   0.19527581  -0.15570121
    0.58571257   0.25098586  -0.23183871  -0.25131357   5.41866324
    1.57228056   1.62264918  16.17797329 -15.37167451   2.30124575
   15.77836216  -8.59249724   7.59471506]], Action: [[ 1.        -1.         1.         0.7094084 -0.3256901  0.5990584]], Reward: [4.3305717],Reward_sum: 308.8370361328125, Done: [False]
==========
t: 147, State: [[ 18.88670956  -0.04601566   0.12489902   0.66476786  -0.68260465
    0.57226337   0.18836642  -0.30400678   0.25263674   3.00056726
    1.18995617   0.89684897   3.79910104  -4.06567524  -1.46442823
  -10.59945415   0.94395853   9.64842679]], Action: [[ 1.         -1.          1.         -1.         -1.          0.23557438]], Reward: [3.4212964],Reward_sum: 312.25830078125, Done: [False]
==========
t: 148, State: [[ 18.99710434  -0.02082943   0.17932218   0.55814217  -0.21497294
   -0.30002543  -0.57192528  -0.21839086   0.53627377   2.08341761
   -0.0341059    1.520442    -3.15169674  11.5473074  -19.46196626
  -14.96208557   0.85226742  -1.10460046]], Action: [[ 1.         -0.11717431 -1.         -1.         -0.793478    1.        ]], Reward: [1.7435619],Reward_sum: 314.00189208984375, Done: [False]
==========
t: 149, State: [[ 19.0890696   -0.04273627   0.28768167  -0.14708775   0.64600979
   -0.43551919  -1.03892892  -0.4115665   -0.10278802   2.36136641
   -0.55617676   1.21755253 -15.22021694  13.83342628   1.17691088
    0.40655651  -7.45364404 -17.60951209]], Action: [[-1.  1. -1. -1. -1. -1.]], Reward: [1.2393051],Reward_sum: 315.2411804199219, Done: [False]
==========
t: 150, State: [[19.26505445 -0.04900409  0.27937552 -0.34212864  0.7381662   0.26510607
  -0.63710204 -0.22048994 -0.59834584  4.08318826  0.09285006 -0.42778689
   3.18523177 -4.36720034 16.33871606  9.97667279  9.79590498  3.13766381]], Action: [[-0.01254945  1.          1.         -0.47705323  0.72041607 -1.        ]], Reward: [3.1450233],Reward_sum: 318.3861999511719, Done: [False]
==========
t: 151, State: [[ 19.5354922   -0.04345191   0.28917071   0.42418785  -0.2958657
    0.73641008   0.15746283  -0.31285948  -0.13335865   5.23776824
   -0.2049974   -0.81159894  15.70070515 -22.18187086   3.67183899
   16.09564834 -10.59368709   6.70708817]], Action: [[ 1.         -1.          1.          0.6215876  -0.39764467  0.8973518 ]], Reward: [4.973782],Reward_sum: 323.3600158691406, Done: [False]
==========
t: 152, State: [[ 19.71121982  -0.04776537   0.23394716   0.70910416  -0.77013876
    0.61827321   0.08664496  -0.44143211   0.47781451   2.61167797
    0.03854019  -1.06902911  -0.79902221  -0.35856576  -4.58513481
  -10.90994886   0.96847768  13.104704  ]], Action: [[ 1. -1.  1. -1. -1.  1.]], Reward: [2.9145522],Reward_sum: 326.2745666503906, Done: [False]
==========
t: 153, State: [[ 1.97912234e+01 -2.81650917e-02  1.61736427e-01  3.95371321e-01
  -4.22449312e-01 -3.19345347e-01 -4.23310440e-01 -3.78102301e-01
   4.17002273e-01  1.34883602e+00 -4.19446658e-04 -1.12987534e+00
  -7.41674980e+00  6.13370149e+00 -1.99608473e+01 -1.24687590e+01
   3.16461603e+00 -7.61152089e+00]], Action: [[ 0.61538357 -0.7923712  -1.         -1.         -0.84458107  0.01813839]], Reward: [1.2280515],Reward_sum: 327.50262451171875, Done: [False]
==========
t: 154, State: [[ 19.84995694  -0.08737354   0.06475151  -0.44103384   0.43404413
   -0.37120596  -0.88972355  -0.2718371   -0.30166925   1.68530283
   -1.84393347  -2.87300946 -16.76799795  14.96587998   4.40355773
   -4.95924032   0.08480164 -15.70208741]], Action: [[-1.          1.         -0.43054026 -1.         -0.7965616  -1.        ]], Reward: [0.69268376],Reward_sum: 328.1953125, Done: [False]
==========
t: 155, State: [[20.00593365 -0.13584174 -0.14504117 -0.49144076  0.60814442  0.31141015
  -0.66500346  0.05600968 -0.55331796  3.52744389 -0.67982459 -4.69401414
   4.4175626  -0.27166305 15.40131324  7.78376541  9.64794753  2.17835412]], Action: [[-0.7231112   1.          1.         -0.38673556  0.9152273  -1.        ]], Reward: [2.6685247],Reward_sum: 330.86383056640625, Done: [False]
==========
t: 156, State: [[ 2.02763873e+01 -5.95763833e-02 -1.68190292e-01  3.48910652e-01
   5.37674630e-02  6.00338185e-01  1.26911626e-01  1.41320042e-01
  -6.36796934e-03  6.10174814e+00  1.33142806e+00  7.12862596e-01
   1.89931108e+01 -1.79913995e+01  3.89101193e+00  1.76539291e+01
   5.80300743e-01  1.43216905e+01]], Action: [[ 1.         -1.          1.          0.70099837  0.16625033  0.64648813]], Reward: [5.015374],Reward_sum: 335.87921142578125, Done: [False]
==========
t: 157, State: [[20.498301   -0.03439478 -0.06438478  0.78185703 -0.61928743  0.64830468
   0.30445331  0.09875343  0.63504979  3.30255933  0.33713318  2.71086701
   1.36544826 -7.41028679 -1.39732891 -3.84773601 -2.20690608 -1.88903721]], Action: [[ 1. -1.  1. -1. -1.  1.]], Reward: [3.8382747],Reward_sum: 339.71746826171875, Done: [False]
==========
t: 158, State: [[ 20.62144415  -0.04642389   0.06360815   0.4967358   -0.22116794
    0.18574298  -0.09026961  -0.23857628   0.38573699   2.260611
   -0.65627613   2.55140363  -6.75666408  11.51241589 -10.03980385
   -9.81909626  -8.08277708  -6.11096005]], Action: [[ 1.          0.03889199  0.2347463  -0.5058458  -1.          0.40045625]], Reward: [2.2155766],Reward_sum: 341.93304443359375, Done: [False]
==========
t: 159, State: [[ 2.07029625e+01 -1.07890785e-01  2.18603772e-01 -2.74367488e-01
   6.03895861e-01  1.42067998e-03 -8.15252242e-01 -3.80301134e-01
  -2.82228559e-01  1.90617107e+00 -1.58596972e+00  3.09464183e+00
  -1.57066685e+01  1.27530021e+01 -2.39277550e-01 -1.36353062e+01
  -5.95104814e-01 -1.53098465e+01]], Action: [[-0.91752994  1.          0.21797279 -1.         -0.5883182  -1.        ]], Reward: [1.2068179],Reward_sum: 343.1398620605469, Done: [False]
==========
t: 160, State: [[20.87589862 -0.16437435  0.27636392 -0.57207607  0.75427515  0.37204475
  -0.5759448  -0.37611974 -0.54376871  4.32471401 -0.79236485  0.52973234
   1.99679643 -2.90637035  8.58860647 13.69974428  1.68195448  1.49974737]], Action: [[-1.          1.          1.          0.24919683 -0.03504499 -1.        ]], Reward: [3.0523896],Reward_sum: 346.1922607421875, Done: [False]
==========
t: 161, State: [[ 21.1348363   -0.17022512   0.329644     0.27250473  -0.32341065
    0.5751569    0.23813893  -0.78276494  -0.41945131   4.8662539
   -0.34452404  -0.30833613  17.71769349 -24.12490619   1.14687687
   16.93140628  -8.98368855   3.01605244]], Action: [[ 1.         -1.          0.92610145  0.5273524  -0.45850146  0.8912867 ]], Reward: [4.7647157],Reward_sum: 350.95697021484375, Done: [False]
==========
t: 162, State: [[ 21.27756361  -0.16636905   0.21698047   0.66869616  -0.81275087
    0.52466234   0.10426085  -0.85734619  -0.04583095   1.70525464
    0.53951994  -3.13426611   1.29056736   0.66827508  -1.81482061
  -12.3604329    0.34631613   7.9583979 ]], Action: [[ 1.        -1.         0.9612644 -1.        -1.         0.7289028]], Reward: [2.3090134],Reward_sum: 353.2659912109375, Done: [False]
==========
t: 163, State: [[ 21.35985434  -0.15760862   0.08457704   0.64784973  -0.35665999
   -0.07915079  -0.39641693  -0.46423316   0.16389658   1.74495013
   -0.02555391  -2.15774992  -0.58205136   7.92323072 -14.18004176
   -6.47781757   9.41041561   1.56448822]], Action: [[ 0.81219774 -1.         -0.6605894  -0.17335081 -0.55927384  0.03916077]], Reward: [1.4017731],Reward_sum: 354.6677551269531, Done: [False]
==========
t: 164, State: [[ 2.14475285e+01 -1.62166909e-01  5.03263105e-02  3.81386179e-01
  -6.64500462e-02 -1.39622376e-01 -5.14649764e-01 -2.77888321e-01
  -1.66127068e-01  2.03375363e+00  1.01993938e-02  4.34660659e-01
  -4.32729969e+00  7.61539942e+00  6.30232576e+00  5.41348177e-01
  -5.88766410e-01 -1.00267012e+01]], Action: [[ 0.19306488 -0.6737525   0.14795712 -0.41760904 -0.8838973  -1.        ]], Reward: [1.5066049],Reward_sum: 356.17437744140625, Done: [False]
==========
t: 165, State: [[ 2.15462622e+01 -1.80824163e-01  1.61112138e-02 -9.88014296e-02
   5.59586704e-01  5.09436809e-01 -1.97324562e-01 -1.44859874e-01
  -5.80636482e-01  2.11314373e+00 -5.95122080e-01 -1.14026281e+00
  -9.92177981e+00  1.04154361e+01  1.21111921e+01  8.79323888e+00
   3.84570086e+00  1.11187643e+00]], Action: [[-0.51331526  1.          1.          0.21478152  0.17156966 -1.        ]], Reward: [1.6407686],Reward_sum: 357.81512451171875, Done: [False]
==========
t: 166, State: [[ 21.72245161  -0.17384116   0.02909793   0.24703018  -0.0638217
    0.72290176   0.45163622  -0.34605821  -0.28905977   3.83321689
    0.23908069   0.38779229  12.20672421 -19.88757213  -0.63896388
   12.76992051  -5.04441181   7.70249118]], Action: [[ 1.         -1.          1.          1.         -0.20255898  0.6426983 ]], Reward: [3.078379],Reward_sum: 360.89349365234375, Done: [False]
==========
t: 167, State: [[21.86876955 -0.11894454  0.06236336  0.65589898 -0.53496609  0.63638638
   0.30993376 -0.36914808  0.43362726  2.03392142  1.52660004  0.23364826
   4.08721356 -6.40560645 -3.87091016 -9.97879306  0.67874116 16.17790255]], Action: [[ 1.         -1.          1.         -1.         -1.          0.98445827]], Reward: [2.329443],Reward_sum: 363.22296142578125, Done: [False]
==========
t: 168, State: [[ 21.92576403  -0.07026656   0.09934958   0.55934927  -0.33321313
   -0.26726548  -0.47911293  -0.22385482   0.52908353   0.93275145
    0.43167896   1.32059982  -3.9942025    6.5153162  -19.31368725
  -16.55741797   1.9941268   -1.69365657]], Action: [[ 1.        -0.3700605 -0.8544709 -1.        -0.8598939  1.       ]], Reward: [0.6792413],Reward_sum: 363.9021911621094, Done: [False]
==========
t: 169, State: [[ 21.95938541  -0.08967172   0.18057187  -0.22554973   0.52695498
   -0.4026027   -1.05516681  -0.35607846  -0.11080822   1.1447239
   -0.75707931   0.75921554 -16.9587224   15.45556765   4.44160784
   -4.33617757  -5.80840549 -17.04920496]], Action: [[-1.          1.         -0.45800012 -1.         -1.         -1.        ]], Reward: [0.15145129],Reward_sum: 364.05364990234375, Done: [False]
==========
t: 170, State: [[22.07492219 -0.09556631  0.11232687 -0.55431324  0.7249863   0.33186097
  -0.68195806 -0.15411899 -0.59733399  2.95566613  0.33376321 -1.73967926
   2.47393604 -3.04079963 15.16223169 11.09859875  9.35823533  3.08906139]], Action: [[-0.73861986  1.          1.         -0.36416516  0.87181056 -1.        ]], Reward: [1.8669127],Reward_sum: 365.9205627441406, Done: [False]
==========
t: 171, State: [[ 2.22969603e+01 -6.38422610e-02  9.73584535e-02  3.36513554e-01
  -3.25309908e-01  7.13005695e-01  1.56838786e-01 -1.06254831e-01
  -6.01745917e-03  4.47750358e+00  1.03296118e-01 -1.34666292e+00
   1.86587424e+01 -2.29021880e+01  2.28012649e+00  1.61694761e+01
  -1.00920965e+01  7.54827700e+00]], Action: [[ 1.         -1.          1.          0.5787642  -0.32400122  0.8412713 ]], Reward: [4.0259943],Reward_sum: 369.9465637207031, Done: [False]
==========
t: 172, State: [[ 2.24367746e+01 -7.48035670e-02  1.63190139e-02  7.58281096e-01
  -7.06883424e-01  6.41845105e-01  1.62928666e-01 -3.15038746e-01
   5.32980985e-01  1.92600424e+00 -1.51439716e-01 -1.15489691e+00
   2.05734829e+00  4.03555370e+00 -1.74897297e+00 -9.29399053e+00
  -1.63009841e+00  1.05046200e+01]], Action: [[ 1.         -1.          1.         -1.         -1.          0.81650394]], Reward: [2.2296174],Reward_sum: 372.1761779785156, Done: [False]
==========
t: 173, State: [[ 22.50207626  -0.09875196   0.03422605   0.53189591  -0.33115183
    0.12396548  -0.40982532  -0.3028959    0.18195727   1.2482892
   -0.73789947   1.18713708  -6.31002729   5.59112972 -11.43984924
  -10.81764829   0.13206237 -12.1499649 ]], Action: [[ 0.52840906 -0.93080276 -0.07005286 -0.4970225  -0.67781276 -0.57253975]], Reward: [1.0875559],Reward_sum: 373.26373291015625, Done: [False]
==========
t: 174, State: [[ 22.55223088  -0.1728677    0.03830914  -0.28945113   0.4997096
    0.13344973  -0.66862523  -0.22246312  -0.57118138   1.33249179
   -1.88840697  -1.0904412  -17.5824856   14.99261322   5.08780432
    0.36964033   1.354744   -14.01567683]], Action: [[-1.          1.          0.66022617 -0.3368213  -0.17468514 -1.        ]], Reward: [0.6451063],Reward_sum: 373.9088439941406, Done: [False]
==========
t: 175, State: [[ 2.26779848e+01 -2.39052673e-01 -3.20987168e-02 -5.28237617e-01
   7.17794010e-01  4.47721683e-01 -4.07209571e-01  1.33708746e-02
  -5.18262539e-01  3.29039891e+00 -5.84840765e-01 -2.15486688e-01
   3.32405131e+00  3.46646033e+00  4.70630525e+00  6.27115589e+00
   6.76032410e+00  1.02142904e+00]], Action: [[-0.39498526  1.          1.         -0.35572782  0.47404802 -1.        ]], Reward: [2.1643498],Reward_sum: 376.07318115234375, Done: [False]
==========
t: 176, State: [[ 22.90931206  -0.19996857   0.04483813   0.35124479  -0.03664089
    0.55081728   0.26028633  -0.34607966  -0.46878598   4.96479656
    0.58189557   1.14231634  19.04305334 -21.33086282   1.41877653
   15.01656504  -8.00064417   2.47758996]], Action: [[ 1.         -1.          1.          0.84715796 -0.1692528   0.00707887]], Reward: [4.251909],Reward_sum: 380.3250732421875, Done: [False]
==========
t: 177, State: [[ 23.07156895  -0.16148378   0.09062947   0.7820645   -0.64665433
    0.57013481   0.1696874   -0.49750383  -0.08615213   2.12241372
    0.97862235   0.82149342   1.56611336  -5.2706952   -0.42527742
  -11.63778493  -0.67610598   9.4576064 ]], Action: [[ 1.       -1.        1.       -1.       -1.        0.303136]], Reward: [2.7359486],Reward_sum: 383.06103515625, Done: [False]
==========
t: 178, State: [[ 23.14214737  -0.14273286   0.14093865   0.5650456   -0.2827039
   -0.27934745  -0.65941519  -0.31786591   0.51457005   1.40366196
   -0.15853853   1.21105583  -5.2470254    9.43290396 -19.59997298
  -15.57650443   4.27783413  11.11792371]], Action: [[ 1.        -0.2778656 -0.9967422 -0.971878  -0.6879826  1.       ]], Reward: [0.96271133],Reward_sum: 384.02374267578125, Done: [False]
==========
t: 179, State: [[ 23.22245408  -0.16998815   0.21275602   0.02867954   0.28705999
   -0.42304686  -1.02858888  -0.36475236   0.15520564   2.07317667
   -0.65379512   0.81277299 -10.11728961   8.30980326   1.25152856
    0.6034032   -4.79790209 -15.01686184]], Action: [[-0.28983277  0.33731353 -0.8276271  -1.         -1.         -1.        ]], Reward: [1.2178593],Reward_sum: 385.2416076660156, Done: [False]
==========
t: 180, State: [[23.36973394 -0.19160055  0.18899124 -0.13099528  0.29938973  0.29108294
  -0.5918005  -0.30337274 -0.55595298  3.32671238 -0.41056154 -0.88562745
   0.98435761 -3.75625042 16.43633172 10.96526129  4.2800311  -0.55596899]], Action: [[ 0.16675393  0.32842708  1.         -0.45072383  0.0965995  -1.        ]], Reward: [2.7107818],Reward_sum: 387.952392578125, Done: [False]
==========
t: 181, State: [[23.56414365 -0.19839221  0.16154701  0.35683104 -0.34888936  0.72723589
   0.04075563 -0.55185941 -0.32394928  3.97390005  0.14390578 -0.22692371
  10.19921246 -7.11911677  3.66739723 11.26376393 -8.06765631  6.13463295]], Action: [[ 1.         -1.          0.97521305  0.05599841 -0.5952708   0.7633675 ]], Reward: [3.4990687],Reward_sum: 391.45147705078125, Done: [False]
==========
t: 182, State: [[ 23.70017887  -0.18450761   0.15022352   0.63088865  -0.54729768
    0.62515003  -0.13496566  -0.6510091    0.27124743   2.06345397
    0.3058337   -0.07432688   2.02319999  -1.04493179  -4.11266366
  -11.19854654   1.78304446  13.67917919]], Action: [[ 1. -1.  1. -1. -1.  1.]], Reward: [2.1207042],Reward_sum: 393.5721435546875, Done: [False]
==========
t: 183, State: [[ 23.78645196  -0.19857724   0.16022152   0.58552466  -0.27105552
   -0.32421741  -0.74565557  -0.44028724   0.54996433   1.77752735
   -0.65373268   0.39443547  -1.57097642   6.06414686 -20.19016649
   -9.99900974   3.93414939  -2.12744876]], Action: [[ 1.        -0.4460054 -1.        -1.        -1.         0.7827979]], Reward: [1.2442926],Reward_sum: 394.8164367675781, Done: [False]
==========
t: 184, State: [[ 23.84924306  -0.24937539   0.18732178  -0.16228815   0.54514061
   -0.39673777  -0.9960084   -0.3986834   -0.11488796   1.37499463
   -1.31565924  -0.04818509 -17.81874377  14.34896932   3.54846621
   -0.2483005   -1.62669662 -17.19042898]], Action: [[-1.         1.        -0.6456401 -1.        -1.        -1.       ]], Reward: [0.7141369],Reward_sum: 395.53057861328125, Done: [False]
==========
t: 185, State: [[ 2.39796671e+01 -2.89849063e-01  8.35436149e-02 -4.18789121e-01
   6.88974123e-01  3.05542443e-01 -5.20049487e-01 -2.92402366e-01
  -5.72682198e-01  2.78397007e+00  1.61346462e-02 -3.80576605e+00
   2.85859632e+00 -2.61854919e+00  1.52267491e+01  1.18093948e+01
  -3.69934118e+00  4.64145485e+00]], Action: [[-0.01512121  1.          1.         -0.3035903   0.41732287 -1.        ]], Reward: [2.2818248],Reward_sum: 397.8124084472656, Done: [False]
==========
t: 186, State: [[ 24.19361013  -0.22095573   0.05678173   0.35180419  -0.02833347
    0.60920931   0.11915627  -0.57786759  -0.05777091   4.46690657
    1.43898014  -0.10842862  17.09254813 -19.77808264   1.54485763
   10.5075792   -5.53883249  10.43554422]], Action: [[ 1.         -1.          0.8358506   0.14773452 -0.78225875  0.58051485]], Reward: [3.911921],Reward_sum: 401.7243347167969, Done: [False]
==========
t: 187, State: [[ 24.34980258  -0.15646123   0.06494519   0.78003665  -0.61820434
    0.60259759  -0.12375382  -0.50989062   0.58539759   2.23475057
    1.15795184   0.52084304   2.02785645  -5.57488797  -1.61931392
  -12.2171602    3.85068264  11.9805177 ]], Action: [[ 1. -1.  1. -1. -1.  1.]], Reward: [2.523849],Reward_sum: 404.2481689453125, Done: [False]
==========
t: 188, State: [[ 24.43655004  -0.13648477   0.10828006   0.58978836  -0.27350069
   -0.29264121  -0.74690203  -0.34114845   0.49515706   1.78261317
   -0.06519861   0.92993585  -4.83181396   9.31236556 -20.07361042
  -10.44149786   1.0695508   -2.22822938]], Action: [[ 1.         -0.25515443 -1.         -1.         -1.          0.9284803 ]], Reward: [1.2422312],Reward_sum: 405.49041748046875, Done: [False]
==========
t: 189, State: [[ 24.50763959  -0.15959368   0.14583214  -0.22353112   0.58314475
   -0.39927342  -0.99682794  -0.38017045  -0.15194256   1.64477949
   -0.74131571  -0.04009176 -18.05796612  13.92908291   2.59941123
    0.08665072  -2.22841666 -16.65918408]], Action: [[-1.         1.        -0.6795855 -0.9519645 -0.8036922 -1.       ]], Reward: [0.9203916],Reward_sum: 406.41082763671875, Done: [False]
==========
t: 190, State: [[24.66029834 -0.17014705  0.07054753 -0.40906707  0.67194617  0.27860162
  -0.50718161 -0.1697882  -0.59928854  3.69045045  0.08182668 -1.59699367
   4.96824077 -4.18763856 15.14993297 12.02093787  7.96099324  3.22421422]], Action: [[ 0.06944473  0.99999946  1.         -0.28912088  0.4649474  -1.        ]], Reward: [2.722716],Reward_sum: 409.133544921875, Done: [False]
==========
t: 191, State: [[ 24.89034914  -0.14570436   0.06542854   0.38514516  -0.26038079
    0.70562665   0.14125629  -0.30354732  -0.05852756   4.7403214
    0.68690866  -0.05818097  14.75655912 -12.79248186   3.61814885
   11.74652574 -10.6794386    9.42526863]], Action: [[ 1.         -1.          0.98107916  0.13770914 -0.5857898   0.9615808 ]], Reward: [4.1760893],Reward_sum: 413.30963134765625, Done: [False]
==========
t: 192, State: [[ 25.05469496  -0.11882856   0.06935339   0.73059285  -0.60739166
    0.62735665  -0.03861702  -0.47514712   0.49707448   2.46085663
    0.48360462   0.43563131   1.31303027  -1.67708763  -3.59952093
  -11.73872788  -0.06923186   9.97644055]], Action: [[ 1.        -1.         1.        -1.        -1.         0.7222704]], Reward: [2.734749],Reward_sum: 416.04437255859375, Done: [False]
==========
t: 193, State: [[ 25.15377321  -0.12287798   0.1284011    0.55783124  -0.34373794
   -0.29976928  -0.73808123  -0.38284502   0.48059367   2.0313167
   -0.47735629   1.49304999  -4.47069242   5.62605528 -20.05966282
  -12.54533843   1.39444171  -3.64331831]], Action: [[ 0.8568277  -0.63133556 -0.98470646 -1.         -0.91561675  0.6804994 ]], Reward: [1.5411831],Reward_sum: 417.5855712890625, Done: [False]
==========
t: 194, State: [[ 25.24116775  -0.17301191   0.17098344  -0.23690143   0.51480441
   -0.36820872  -1.02503296  -0.41084581  -0.19847419   2.02853559
   -1.29928004  -0.26488954 -17.3953815   15.55420559   4.11024538
    0.95338875  -2.50226462 -16.83333113]], Action: [[-1.         1.        -0.4746461 -1.        -0.878991  -1.       ]], Reward: [1.2480993],Reward_sum: 418.8336486816406, Done: [False]
==========
t: 195, State: [[25.40554076 -0.21281479  0.08926421 -0.45538235  0.68371703  0.31779092
  -0.54593738 -0.18113441 -0.52726795  3.9014115  -0.49390897 -1.65052312
   4.03021032 -2.99132253 14.58549168 11.34580716  9.103279    0.97299853]], Action: [[-0.06915395  1.          1.         -0.3847536   0.48359624 -1.        ]], Reward: [2.9487917],Reward_sum: 421.7824401855469, Done: [False]
==========
t: 196, State: [[ 25.65659565  -0.19504588   0.08445992   0.3419623   -0.12097756
    0.67207408   0.20695856  -0.43001329  -0.35558347   5.31182422
    0.57557348   0.34286501  15.8430176  -13.92354862   1.86022121
   14.81625728  -8.78479517   4.27981864]], Action: [[ 1.         -1.          0.9214109   0.41296947 -0.5313218   0.5529447 ]], Reward: [4.660339],Reward_sum: 426.4427795410156, Done: [False]
==========
t: 197, State: [[ 25.83913892  -0.16131455   0.09356613   0.7337627   -0.60412298
    0.59582879   0.07928442  -0.53903253   0.11892854   2.60286587
    0.91106001   0.09145521   1.86000771  -4.10851614  -2.78766102
  -10.71635997  -1.45798168  10.10737807]], Action: [[ 1.        -1.         1.        -1.        -1.         0.5533332]], Reward: [3.1202476],Reward_sum: 429.56304931640625, Done: [False]
==========
t: 198, State: [[ 25.94466528  -0.14412987   0.10590967   0.58460672  -0.32275631
   -0.1708236   -0.58887825  -0.42346179   0.53384229   2.14249183
   -0.08314268   0.37706969  -3.96396873   7.33683459 -16.58642452
  -11.47776264   3.45888812   0.18727871]], Action: [[ 1.        -0.4439289 -0.6415942 -0.7636812 -0.8268584  1.       ]], Reward: [1.7229652],Reward_sum: 431.2860107421875, Done: [False]
==========
t: 199, State: [[ 26.03020335  -0.17980484   0.1264451   -0.16529031   0.53110791
   -0.42375814  -0.95715545  -0.38502888  -0.05226802   1.94498449
   -1.07261356  -0.14596818 -16.80162314  14.75629157   1.96507311
   -2.76734299  -1.5537378  -16.37343722]], Action: [[-0.82501215  1.         -0.5087674  -1.         -1.         -1.        ]], Reward: [1.2168125],Reward_sum: 432.5028076171875, Done: [False]
==========
HalfCheetah-v4 - Steps: 200, Return: 432.5028076171875, State: [[ 26.03020335  -0.17980484   0.1264451   -0.16529031   0.53110791
   -0.42375814  -0.95715545  -0.38502888  -0.05226802   1.94498449
   -1.07261356  -0.14596818 -16.80162314  14.75629157   1.96507311
   -2.76734299  -1.5537378  -16.37343722]]
