Running on node: v010
CUDA_VISIBLE_DEVICES = 0,1,2,3,4,5,6,7
[CudaDevice(id=0), CudaDevice(id=1), CudaDevice(id=2), CudaDevice(id=3), CudaDevice(id=4), CudaDevice(id=5), CudaDevice(id=6), CudaDevice(id=7)]
Using AIRL:  True
Using GAIL:  False
Using RGCL:  False
Experiment State @  2025-11-19 08:21:28.054738-05:00
Experiment Saved @  results/experiment_126
Experiment Settings Saved @  results/experiment_126
126
Loaded data from expert_agents/CartPole-v1/ppo.pkl.
CartPole-v1 - Steps: 200, Return: 200.0, State: [-0.06310978  2.33826901  0.01562671 -3.54514053]
rewards_demo [  1.   2.   3.   4.   5.   6.   7.   8.   9.  10.  11.  12.  13.  14.
  15.  16.  17.  18.  19.  20.  21.  22.  23.  24.  25.  26.  27.  28.
  29.  30.  31.  32.  33.  34.  35.  36.  37.  38.  39.  40.  41.  42.
  43.  44.  45.  46.  47.  48.  49.  50.  51.  52.  53.  54.  55.  56.
  57.  58.  59.  60.  61.  62.  63.  64.  65.  66.  67.  68.  69.  70.
  71.  72.  73.  74.  75.  76.  77.  78.  79.  80.  81.  82.  83.  84.
  85.  86.  87.  88.  89.  90.  91.  92.  93.  94.  95.  96.  97.  98.
  99. 100. 101. 102. 103. 104. 105. 106. 107. 108. 109. 110. 111. 112.
 113. 114. 115. 116. 117. 118. 119. 120. 121. 122. 123. 124. 125. 126.
 127. 128. 129. 130. 131. 132. 133. 134. 135. 136. 137. 138. 139. 140.
 141. 142. 143. 144. 145. 146. 147. 148. 149. 150. 151. 152. 153. 154.
 155. 156. 157. 158. 159. 160. 161. 162. 163. 164. 165. 166. 167. 168.
 169. 170. 171. 172. 173. 174. 175. 176. 177. 178. 179. 180. 181. 182.
 183. 184. 185. 186. 187. 188. 189. 190. 191. 192. 193. 194. 195. 196.
 197. 198. 199. 200.]
Execution time: 2.1611 seconds,Total True Reward = 200.0000
Execution time: 1.6763 seconds,Total True Reward = 200.0000
Execution time: 1.6872 seconds,Total True Reward = 200.0000
Execution time: 2.0327 seconds,Total True Reward = 200.0000
Execution time: 1.6627 seconds,Total True Reward = 200.0000
Execution time: 1.6699 seconds,Total True Reward = 200.0000
Execution time: 1.6910 seconds,Total True Reward = 200.0000
Execution time: 1.6821 seconds,Total True Reward = 200.0000
Execution time: 2.0694 seconds,Total True Reward = 200.0000
Execution time: 1.6763 seconds,Total True Reward = 200.0000
Execution time: 1.6771 seconds,Total True Reward = 200.0000
Execution time: 1.6620 seconds,Total True Reward = 200.0000
Execution time: 1.6860 seconds,Total True Reward = 200.0000
Execution time: 2.1268 seconds,Total True Reward = 200.0000
Execution time: 1.6912 seconds,Total True Reward = 200.0000
Execution time: 1.6510 seconds,Total True Reward = 200.0000
Execution time: 1.6792 seconds,Total True Reward = 200.0000
Execution time: 1.6827 seconds,Total True Reward = 200.0000
Execution time: 1.6962 seconds,Total True Reward = 197.0000
Execution time: 2.1821 seconds,Total True Reward = 37.0000
Execution time: 1.6756 seconds,Total True Reward = 15.0000
Execution time: 1.6672 seconds,Total True Reward = 14.0000
Execution time: 1.6892 seconds,Total True Reward = 16.0000
Execution time: 1.6905 seconds,Total True Reward = 18.0000
Execution time: 1.6792 seconds,Total True Reward = 12.0000
Execution time: 2.2708 seconds,Total True Reward = 200.0000
Execution time: 1.6821 seconds,Total True Reward = 44.0000
Execution time: 1.6894 seconds,Total True Reward = 200.0000
Execution time: 1.6735 seconds,Total True Reward = 200.0000
Execution time: 1.6885 seconds,Total True Reward = 200.0000
Execution time: 1.6716 seconds,Total True Reward = 200.0000
Execution time: 1.6765 seconds,Total True Reward = 49.0000
Execution time: 2.3139 seconds,Total True Reward = 200.0000
Execution time: 1.6801 seconds,Total True Reward = 40.0000
Execution time: 1.6939 seconds,Total True Reward = 41.0000
Execution time: 1.6963 seconds,Total True Reward = 200.0000
Execution time: 1.6921 seconds,Total True Reward = 200.0000
Execution time: 1.6749 seconds,Total True Reward = 47.0000
Execution time: 1.6895 seconds,Total True Reward = 200.0000
Execution time: 1.6260 seconds,Total True Reward = 200.0000
Execution time: 2.3849 seconds,Total True Reward = 200.0000
Execution time: 1.6842 seconds,Total True Reward = 200.0000
Execution time: 1.6738 seconds,Total True Reward = 200.0000
Execution time: 1.6846 seconds,Total True Reward = 200.0000
Execution time: 1.6859 seconds,Total True Reward = 200.0000
Execution time: 1.6895 seconds,Total True Reward = 200.0000
Execution time: 1.6994 seconds,Total True Reward = 200.0000
Execution time: 1.6961 seconds,Total True Reward = 200.0000
Execution time: 1.6692 seconds,Total True Reward = 55.0000
Execution time: 1.6823 seconds,Total True Reward = 87.0000
Execution time: 2.4196 seconds,Total True Reward = 200.0000
Execution time: 1.6832 seconds,Total True Reward = 200.0000
Execution time: 1.6801 seconds,Total True Reward = 87.0000
Execution time: 1.6740 seconds,Total True Reward = 152.0000
Execution time: 1.6851 seconds,Total True Reward = 174.0000
Execution time: 1.6814 seconds,Total True Reward = 102.0000
Execution time: 1.6916 seconds,Total True Reward = 84.0000
Execution time: 1.6934 seconds,Total True Reward = 89.0000
Execution time: 1.6911 seconds,Total True Reward = 200.0000
Execution time: 1.6894 seconds,Total True Reward = 86.0000
Execution time: 2.5745 seconds,Total True Reward = 87.0000
Execution time: 1.6735 seconds,Total True Reward = 85.0000
Execution time: 1.6745 seconds,Total True Reward = 94.0000
Execution time: 1.6726 seconds,Total True Reward = 88.0000
Execution time: 1.6756 seconds,Total True Reward = 32.0000
Execution time: 1.6686 seconds,Total True Reward = 42.0000
Execution time: 1.6967 seconds,Total True Reward = 20.0000
Execution time: 1.6948 seconds,Total True Reward = 32.0000
Execution time: 1.6876 seconds,Total True Reward = 30.0000
Execution time: 1.6839 seconds,Total True Reward = 23.0000
Execution time: 1.6852 seconds,Total True Reward = 41.0000
Execution time: 2.5848 seconds,Total True Reward = 45.0000
Execution time: 1.6961 seconds,Total True Reward = 47.0000
Execution time: 1.6773 seconds,Total True Reward = 51.0000
Execution time: 1.6741 seconds,Total True Reward = 44.0000
Execution time: 1.6745 seconds,Total True Reward = 35.0000
Execution time: 1.6810 seconds,Total True Reward = 40.0000
Execution time: 1.6920 seconds,Total True Reward = 49.0000
Execution time: 1.6940 seconds,Total True Reward = 39.0000
Execution time: 1.7119 seconds,Total True Reward = 39.0000
Execution time: 1.6967 seconds,Total True Reward = 39.0000
Execution time: 1.6927 seconds,Total True Reward = 43.0000
Execution time: 1.6782 seconds,Total True Reward = 42.0000
Execution time: 1.6849 seconds,Total True Reward = 42.0000
Execution time: 2.8256 seconds,Total True Reward = 43.0000
Execution time: 1.6781 seconds,Total True Reward = 52.0000
Execution time: 1.6905 seconds,Total True Reward = 44.0000
Execution time: 1.7013 seconds,Total True Reward = 36.0000
Execution time: 1.6849 seconds,Total True Reward = 41.0000
Execution time: 1.6862 seconds,Total True Reward = 45.0000
Execution time: 1.6703 seconds,Total True Reward = 33.0000
Execution time: 1.6835 seconds,Total True Reward = 14.0000
Execution time: 1.6833 seconds,Total True Reward = 15.0000
Execution time: 1.6964 seconds,Total True Reward = 57.0000
Execution time: 1.6946 seconds,Total True Reward = 57.0000
Execution time: 1.6853 seconds,Total True Reward = 200.0000
Execution time: 1.7010 seconds,Total True Reward = 200.0000
Execution time: 1.6746 seconds,Total True Reward = 200.0000
Execution time: 2.8972 seconds,Total True Reward = 200.0000
Execution time: 1.6722 seconds,Total True Reward = 200.0000
