[CudaDevice(id=0)]
Using AIRL:  False
Using GAIL:  False
Using RGCL:  False
Experiment State @  2025-07-28 11:08:19.483787-05:00
Experiment Saved @  results/experiment_130
Experiment Settings Saved @  results/experiment_130
130
Using cuda device
Wrapping the env with a `Monitor` wrapper
Wrapping the env in a DummyVecEnv.
Wrapping the env with a `Monitor` wrapper
Wrapping the env in a DummyVecEnv.
t: 0, State: [[-4.68485135e-03 -1.03089491e-01 -2.80358662e-02  2.30965538e-01
   7.65938798e-02 -4.52726469e-01 -2.99906641e-01 -1.14761362e-01
  -1.58391071e-01  9.71385601e-02 -7.26614227e-01  2.13108478e-01
   6.96003102e+00  1.10510576e+00 -9.57250047e+00 -6.22978514e+00
  -3.67421816e+00 -5.77197754e+00]], Action: [[ 1.         0.4408968 -1.        -1.        -0.7880664 -0.8550145]], Reward: [-0.36146748],Reward_sum: -0.36146748065948486, Done: [False]
==========
t: 1, State: [[-0.02680247 -0.16509689 -0.02518507  0.14005623  0.50485636 -0.42220427
  -0.62177167 -0.15092887 -0.25768654 -0.57912553 -1.40564549  0.08610362
  -5.03793603  9.1374161   0.64278156 -4.98744156  0.42198145  0.33637286]], Action: [[-0.34360242  1.         -1.         -0.54896456  0.0349036  -0.02989204]], Reward: [-0.6845061],Reward_sum: -1.045973539352417, Done: [False]
==========
t: 2, State: [[-0.02672389 -0.22787285 -0.09059032 -0.32058271  0.74108555  0.36349823
  -0.23026115  0.09991598 -0.47403471  0.47365034 -1.32559652 -1.86080625
  -9.28681717  0.62657369 17.96418636 13.54872772  7.64414266 -5.53560316]], Action: [[-1.         1.         1.         0.7476592  1.        -1.       ]], Reward: [-0.55432767],Reward_sum: -1.6003012657165527, Done: [False]
==========
t: 3, State: [[  0.08742444  -0.18641176  -0.0277738    0.19562467   0.17051905
    0.77673714   0.44384866  -0.15100689  -0.54166307   2.87017683
    1.28907981   1.90753156  16.36296693 -19.44924975   2.30551482
   12.52938722  -3.25734714   4.95255077]], Action: [[ 1.         -1.          1.          0.99087787  0.52907604 -0.18746693]], Reward: [1.8532761],Reward_sum: 0.25297486782073975, Done: [False]
==========
t: 4, State: [[  0.17150176  -0.10771644   0.05734544   0.71551729  -0.55707635
    0.33657475   0.33053196  -0.20857386   0.152086     0.7319815
    1.94635086   1.20872008   5.12935795  -9.45890626 -11.7164532
   -7.84120641  -2.05613926  16.26572828]], Action: [[ 1.         -1.          0.20223022 -1.         -1.          0.6416174 ]], Reward: [1.2362894],Reward_sum: 1.4892642498016357, Done: [False]
==========
t: 5, State: [[  0.15415256  -0.03999297   0.12460775   0.5389797   -0.25188478
   -0.5207486   -0.41947356  -0.26977653   0.5275132   -0.59688141
    0.81051033   1.76552222  -6.06360016  10.41230121 -14.75239242
  -16.45679129  -1.43111207  -1.08795014]], Action: [[ 1.         -0.00235866 -1.         -1.         -1.          0.16629116]], Reward: [-0.74974996],Reward_sum: 0.7395142912864685, Done: [False]
==========
t: 6, State: [[  0.11453644  -0.02694124   0.21052821  -0.24203866   0.60789715
   -0.43674934  -1.03143595  -0.11499266  -0.13633618  -0.12468523
    0.02705242   0.20090774 -15.16874764  14.36248209   1.3901976
   -0.5069772    1.32342853 -18.28680833]], Action: [[-1.          1.         -1.         -1.          0.05956448 -1.        ]], Reward: [-1.292677],Reward_sum: -0.5531627535820007, Done: [False]
==========
t: 7, State: [[ 1.81148643e-01 -4.49041559e-03  1.28767615e-01 -5.41378247e-01
   7.68441638e-01  2.90356743e-01 -3.74090097e-01  1.25322400e-01
  -5.42987857e-01  2.08468463e+00  5.74129571e-01 -1.65251367e+00
   5.47142394e-01 -3.23500479e+00  1.67070112e+01  1.68312307e+01
   7.80638457e+00  3.04275860e+00]], Action: [[-0.59073895  1.          1.          0.30949187  1.         -0.29122442]], Reward: [0.979287],Reward_sum: 0.4261243939399719, Done: [False]
==========
t: 8, State: [[ 3.27256341e-01  2.77974332e-02  2.25679243e-01  2.43329593e-01
  -3.89248811e-01  7.11188380e-01  2.53295013e-01  2.93544267e-01
  -1.42896550e-02  2.80493383e+00 -1.57060402e-01  2.16976229e+00
   1.66986163e+01 -2.57620641e+01  2.43464554e+00  9.66929450e+00
   1.79146288e+00  1.30511945e+01]], Action: [[ 1.         -1.          1.         -0.10010767 -0.17314486  0.19684987]], Reward: [2.6142788],Reward_sum: 3.040403127670288, Done: [False]
==========
t: 9, State: [[ 3.87133699e-01 -9.64799432e-03  2.75783186e-01  6.14118166e-01
  -8.19883971e-01  3.17783813e-02  2.40175193e-01  1.41056806e-01
   6.24845348e-01  3.05496417e-01 -8.17117619e-01  6.03363173e-01
   5.77794936e-01  3.44653045e+00 -1.69659973e+01 -5.65253546e+00
  -5.29800403e+00 -1.40248263e+00]], Action: [[ 1.         -1.         -0.38897938 -1.         -1.          1.        ]], Reward: [0.6824166],Reward_sum: 3.7228198051452637, Done: [False]
==========
t: 10, State: [[ 3.57123359e-01 -1.51029333e-02  2.23369451e-01  1.02402926e-01
   3.45840440e-01 -4.53406037e-01  1.74484633e-01  8.01726413e-02
   4.34162075e-01 -9.65447444e-01  2.51618365e-01 -1.53056239e+00
  -1.17501499e+01  2.27584115e+01  1.04226165e+00 -1.09506838e+00
   5.60488400e-01 -5.69175539e+00]], Action: [[-0.05206089  1.         -1.         -1.         -0.736662   -1.        ]], Reward: [-1.054745],Reward_sum: 2.6680748462677, Done: [False]
==========
t: 11, State: [[ 3.16866703e-01  1.27276190e-02  1.59460240e-01 -5.51447061e-01
   8.27813181e-01  3.28437948e-01  8.40942260e-03  5.12002376e-01
  -1.38486512e-01 -4.63067758e-01  7.10561402e-01 -5.62057859e-01
  -1.01432435e+01 -7.98779718e-01  1.75861671e+01 -4.15906777e+00
   1.00468752e+01 -1.35507104e+01]], Action: [[-1.          1.          1.         -0.3683996   1.         -0.99318546]], Reward: [-1.3173467],Reward_sum: 1.350728154182434, Done: [False]
==========
t: 12, State: [[  0.34433412   0.06268753   0.21259745  -0.20779748   0.25553362
    0.7114694   -0.02265498   0.63946256  -0.4973323    0.8497312
    0.73116413   1.02635146  10.39130256 -12.15538789   1.3604097
    1.61165248  -1.54508538  -2.42318174]], Action: [[ 0.09188159  0.4478042   1.          0.11413139  0.9605224  -0.2650593 ]], Reward: [0.32786268],Reward_sum: 1.6785907745361328, Done: [False]
==========
t: 13, State: [[ 3.70766559e-01  7.34890959e-02  2.55372965e-01  3.94441725e-01
  -2.96401704e-01  2.30059879e-01 -1.18540749e-01 -6.54184706e-03
   1.00892462e-01  3.24826566e-02 -3.24255475e-01  3.37109396e-01
   9.67563798e+00 -6.39785651e+00 -1.15186251e+01 -5.79609576e+00
  -1.55622805e+01  1.74728759e+01]], Action: [[ 1.         -0.09549122  0.22896862 -1.         -1.          1.        ]], Reward: [0.12249423],Reward_sum: 1.8010849952697754, Done: [False]
==========
t: 14, State: [[  0.33908222   0.018813     0.26818808   0.57354351  -0.09466518
   -0.52071942  -0.69979231  -0.56269432   0.55170948  -0.75960408
   -1.49605345   0.40254473   0.8704824    7.7195143  -12.13841962
  -13.33082979  -6.96059986  -1.20230061]], Action: [[ 0.78891754  0.10287346 -1.         -1.         -1.          0.24320762]], Reward: [-1.002899],Reward_sum: 0.7981859445571899, Done: [False]
==========
t: 15, State: [[ 2.83381601e-01 -3.68782181e-02  2.43020377e-01  4.65377395e-03
   6.45661412e-01 -4.18013330e-01 -9.67052344e-01 -1.07333336e-01
  -1.50511141e-01 -1.01169903e+00 -1.00676248e+00 -1.56324495e+00
  -1.49232067e+01  1.23606228e+01  1.96559668e+00  1.91066721e+00
   1.43033161e+01 -1.80865380e+01]], Action: [[-0.9090998   1.         -1.         -0.3727016   0.94943154 -0.77278715]], Reward: [-1.5604113],Reward_sum: -0.7622253894805908, Done: [False]
==========
t: 16, State: [[ 0.2945643  -0.09475814  0.06967182 -0.5826987   0.72660013  0.35338513
  -0.2791386   0.26853215 -0.62957783  0.51596603 -1.06748483 -4.69809227
  -7.51591404 -4.02676318 17.14970648 13.60372946 -9.2182613  -0.5330762 ]], Action: [[-1.         0.8816084  1.         0.4866231  1.        -1.       ]], Reward: [-0.2777495],Reward_sum: -1.0399749279022217, Done: [False]
==========
t: 17, State: [[ 3.87849447e-01 -6.10068368e-02  5.38472032e-02 -1.75639489e-02
  -1.26490864e-01  6.28232304e-01  3.33841356e-01 -2.45298879e-01
  -1.49609044e-02  2.69855788e+00  1.85451192e+00  2.62343213e+00
   1.25184101e+01 -1.23520708e+01 -2.80202329e+00  9.19935159e+00
  -6.88896275e+00  1.72382644e+01]], Action: [[ 1.         -1.          1.          0.30508435 -0.36499238  0.98452145]], Reward: [1.446145],Reward_sum: 0.406170129776001, Done: [False]
==========
t: 18, State: [[ 4.77259316e-01  1.45768178e-02  1.40228226e-01  5.49855819e-01
  -6.73451637e-01 -2.96886285e-01  8.73849969e-02 -2.72256400e-01
   6.20244635e-01  1.06352902e+00  1.15713401e+00  1.14810187e+00
   7.43176875e+00 -6.17824463e+00 -2.00871270e+01 -1.12779281e+01
   2.00225723e+00 -1.86993835e+00]], Action: [[ 1.        -1.        -1.        -1.        -1.         0.7550722]], Reward: [1.2311839],Reward_sum: 1.6373540163040161, Done: [False]
==========
t: 19, State: [[  0.46648925   0.03167461   0.2137153    0.10051786   0.28506995
   -0.43952155  -0.67303697  -0.12165948  -0.0322657   -0.43414574
   -0.2873645    1.82183647 -12.01310758  22.38713338   1.34286695
  -14.6882195    1.85078007 -17.3218222 ]], Action: [[-0.3658136   1.         -1.         -1.         -0.56111145 -1.        ]], Reward: [-0.6602679],Reward_sum: 0.9770861268043518, Done: [False]
==========
t: 20, State: [[ 0.51443925  0.02502253  0.20442672 -0.38504459  0.86421799  0.2049481
  -0.41446086  0.01608635 -0.56816541  1.92066737  0.22768671 -0.57388952
  -6.54257438 -0.86162492 14.73038957 15.07175798  3.05775159  1.96661721]], Action: [[-1.         1.         0.5691452  1.         1.        -1.       ]], Reward: [0.4266073],Reward_sum: 1.403693437576294, Done: [False]
==========
t: 21, State: [[  0.67609119   0.04594031   0.33638899   0.19749359  -0.28256296
    0.66300054   0.25722648   0.19182371  -0.14025863   3.29676692
   -0.25638115   3.17879274  15.07906371 -27.36491931   4.12968757
   10.83281616   4.83341502  11.17621254]], Action: [[ 1.         -1.          1.          0.2202074   0.10999866  0.05203865]], Reward: [2.926709],Reward_sum: 4.330402374267578, Done: [False]
==========
t: 22, State: [[ 7.60326843e-01  6.50536041e-03  4.37759413e-01  5.26808194e-01
  -8.31535899e-01  4.17856739e-01  2.46826438e-01  1.85794136e-01
   6.47827042e-01  8.28658910e-01 -8.47383563e-01  1.37215903e+00
   1.20531002e-01  2.47250000e+00 -7.82863556e+00 -6.04906518e+00
  -3.84137480e+00  1.52779830e+01]], Action: [[ 1.        -1.         0.5891293 -1.        -1.         0.8707147]], Reward: [1.1741912],Reward_sum: 5.504593849182129, Done: [False]
==========
t: 23, State: [[ 7.59102654e-01 -1.82482188e-04  4.14711631e-01 -7.23047847e-02
   3.81791965e-01 -3.92977799e-01  1.50682185e-01  2.93447631e-01
   4.55841071e-01 -2.93672263e-01  2.53854178e-01 -1.14251283e+00
  -1.37464930e+01  2.36981009e+01 -1.51580504e+01 -7.58167446e-01
   4.01146140e+00 -5.89970857e+00]], Action: [[-0.66636026  1.         -1.         -1.         -0.30071932 -1.        ]], Reward: [-0.4779306],Reward_sum: 5.026662826538086, Done: [False]
==========
t: 24, State: [[ 7.78740406e-01  1.48743612e-02  4.13172086e-01 -5.80798374e-01
   7.69394496e-01 -1.69716524e-01  1.36299655e-01  5.98470927e-01
  -1.83389677e-01  1.26086231e+00  5.40845726e-01  1.48395469e+00
   1.70790339e-01 -4.73704372e+00  1.07576373e+01 -2.25403733e-01
   5.21958627e+00 -1.49106485e+01]], Action: [[-1.          1.          0.5000581   0.05510068  1.         -1.        ]], Reward: [-0.03255438],Reward_sum: 4.9941086769104, Done: [False]
==========
t: 25, State: [[  0.87356131   0.02432728   0.53184124  -0.1919638    0.17704275
    0.50734224   0.39197561   0.3505068   -0.20581863   1.96425221
   -0.30554702   2.02884661   8.82697689 -11.47949924  11.27721167
    7.03565373  -7.46277502   7.58522143]], Action: [[-0.0692194   0.39030126  1.          0.84556353  0.51081043  1.        ]], Reward: [1.583115],Reward_sum: 6.577223777770996, Done: [False]
==========
t: 26, State: [[  0.96108712   0.02040646   0.62830995   0.41867549  -0.64824556
    0.53247234   0.22042454  -0.08906381   0.51748696   1.22240561
   -0.16549575   1.11117091  10.26120011 -12.70104208  -4.50831622
   -9.66894889  -8.41038989  15.43814469]], Action: [[ 1.        -1.         0.6289705 -0.8427636 -1.         1.       ]], Reward: [1.2399306],Reward_sum: 7.817154407501221, Done: [False]
==========
t: 27, State: [[  0.98373121   0.02781854   0.59370847   0.52124722  -0.13836374
   -0.37099383   0.16580802   0.03031324   0.56183476  -0.03677011
    0.42105562  -0.94486525  -0.84808478  16.97903728 -18.36874307
   -1.76112028   3.48276886  -1.44060929]], Action: [[ 1.          0.5170507  -1.         -1.         -1.          0.60055864]], Reward: [-0.00991951],Reward_sum: 7.807234764099121, Done: [False]
==========
t: 28, State: [[  0.94813663   0.10990366   0.60430585  -0.15851015   0.71903498
   -0.45191833  -0.07856401   0.35928667   0.22931887  -0.83682005
    1.93944911   0.74179869 -17.4785212   10.64767544   1.66525186
   -5.32431742   6.6210986   -9.27373561]], Action: [[-0.9298531   1.         -1.         -1.          0.06135119 -1.        ]], Reward: [-1.1987306],Reward_sum: 6.608504295349121, Done: [False]
==========
t: 29, State: [[  0.95132616   0.19068734   0.68741656  -0.58924473   0.61399169
    0.2647309   -0.29642578   0.67001253  -0.38138512   0.80816428
    1.48019629   2.57564786   2.11192065  -8.55821224  15.52820507
   -3.5192236    3.53287037 -12.23309697]], Action: [[-1.          1.          1.         -0.59641457  1.         -1.        ]], Reward: [-0.47178042],Reward_sum: 6.13672399520874, Done: [False]
==========
t: 30, State: [[  1.01647263   0.20596429   0.77459905  -0.20544475   0.32762375
    0.67431142   0.14867668   0.08249057  -0.23114508   1.25043632
   -0.42102316   1.04745062   8.30520148  -2.30110813   2.75890389
   13.19846671 -14.12411747  10.78188895]], Action: [[-0.15034042  1.          1.          0.86037064  0.07406734  1.        ]], Reward: [0.92609674],Reward_sum: 7.062820911407471, Done: [False]
==========
t: 31, State: [[  1.08207174   0.2075335    0.88635198   0.46866733  -0.42179884
    0.17984103   0.12319096  -0.33244679   0.36074628   0.87731551
    0.20078928   1.78265136  11.9363227  -16.14116928 -12.71444797
   -8.61579141  -4.65474891  10.26529241]], Action: [[ 1.         -1.         -0.0623669  -1.         -1.          0.29059404]], Reward: [0.90314883],Reward_sum: 7.965969085693359, Done: [False]
==========
t: 32, State: [[ 1.06431969  0.22783833  0.93932973  0.50167992 -0.22277408 -0.45815888
  -0.45906601 -0.44317603  0.44384637 -0.73788991  0.99835453  0.91294412
  -5.10537834 11.68253382 -1.63260187 -2.34069467 -3.80306543  1.58988226]], Action: [[ 0.68294185  0.19402076 -1.         -1.         -1.         -0.36353785]], Reward: [-0.71866226],Reward_sum: 7.247306823730469, Done: [False]
==========
t: 33, State: [[  0.99866334   0.30856242   0.96496179  -0.26171629   0.63547513
   -0.41926385  -0.76409074   0.05585665  -0.11649558  -1.35550297
    1.48627174   0.02517963 -16.97643409  12.86696676   0.32274414
   -5.44574304  14.03346206 -16.3984791 ]], Action: [[-1.          1.         -1.         -1.          0.95313334 -1.        ]], Reward: [-1.9039733],Reward_sum: 5.3433332443237305, Done: [False]
==========
t: 34, State: [[ 1.00713874  0.32283233  0.92828793 -0.53693684  0.69368938  0.25392303
  -0.39858551  0.4638413  -0.56762896  0.87145274 -0.30738741 -0.56150433
   1.38200874 -4.19819018 16.1943282  12.08710313  4.39170211  2.12405812]], Action: [[-1.          1.          1.          0.17853361  1.         -0.990718  ]], Reward: [-0.33183166],Reward_sum: 5.011501789093018, Done: [False]
==========
t: 35, State: [[  1.09088419   0.28709983   1.05453637   0.23535586  -0.4541977
    0.68786733   0.06400318   0.21106217  -0.030576     1.22890054
   -1.14004485   2.31866798  16.3632159  -24.6746478    3.06247432
    6.68040931  -7.14273947  13.60549684]], Action: [[ 1.         -1.          1.         -0.58037233 -0.4502784   0.26760286]], Reward: [1.3137896],Reward_sum: 6.325291633605957, Done: [False]
==========
t: 36, State: [[  1.08378489   0.24743999   1.09474947   0.61410282  -0.7172808
   -0.20560206  -0.02716839  -0.17559011   0.53426969  -0.74301049
   -0.45680475   0.48106272   1.55171801   5.53577568 -21.99485034
   -7.16861089  -6.84188215   0.48587758]], Action: [[ 1.         -0.6295553  -1.         -1.         -1.          0.61679935]], Reward: [-0.6196641],Reward_sum: 5.70562744140625, Done: [False]
==========
t: 37, State: [[  1.00589835   0.25009626   1.13172996   0.13060055   0.40971841
   -0.48835158  -0.45430035  -0.44051993   0.07592665  -1.7089551
    0.48062355   0.82699005 -11.30162825  21.35627829   3.06306613
   -0.06635207  -5.01309696  -9.91910333]], Action: [[-0.02635424  1.         -1.         -1.         -0.99175954 -1.        ]], Reward: [-2.056159],Reward_sum: 3.649468421936035, Done: [False]
==========
t: 38, State: [[  0.950068     0.27727566   1.17309924  -0.5050241    0.80339544
    0.29888419  -0.5685749   -0.02820661  -0.54390097  -0.5581373
    0.564062     0.87165818 -10.13242567  -2.36673422  16.81026876
   -1.37419523   8.34452948 -15.38870889]], Action: [[-1.          1.          0.82616436 -0.6752287   1.         -0.60456973]], Reward: [-1.5670058],Reward_sum: 2.082462787628174, Done: [False]
==========
t: 39, State: [[ 0.97213404  0.26850021  1.20995338 -0.28393287  0.39667828  0.69090904
  -0.42178397  0.3221535  -0.49631296  0.66910855 -0.72771676  0.43862174
   9.32030456 -8.15520019  1.6003692   4.91800711  6.98254826  1.93206343]], Action: [[ 0.0603447   0.8569458   1.         -0.34196854  0.86699843 -0.8161362 ]], Reward: [0.11405041],Reward_sum: 2.1965136528015137, Done: [False]
==========
t: 40, State: [[ 1.00574149e+00  2.06455580e-01  1.30409502e+00  4.31304580e-01
  -5.32415443e-01  5.64150510e-01 -2.52347786e-01  1.08092672e-02
  -2.30812994e-02  7.97071996e-02 -1.32153111e+00  1.60814393e+00
   1.23614433e+01 -1.74213708e+01 -3.64491908e+00  1.29200627e+00
  -1.08065934e+01  1.17717357e+01]], Action: [[ 1.         -1.          1.         -1.         -1.          0.18840514]], Reward: [0.16859935],Reward_sum: 2.3651130199432373, Done: [False]
==========
t: 41, State: [[ 9.67761627e-01  1.60002245e-01  1.32379340e+00  6.44167468e-01
  -4.81898636e-01 -3.36269576e-01 -2.21414030e-01 -5.14428010e-01
   5.66205933e-01 -9.24045309e-01 -4.87334161e-01  8.73138856e-03
  -3.86398712e-01  8.92187534e+00 -1.90605210e+01  1.57408965e+00
  -8.31694430e+00  1.05153741e+01]], Action: [[ 1.         -0.36165684 -1.         -0.6936782  -1.          0.6132094 ]], Reward: [-1.1583984],Reward_sum: 1.2067146301269531, Done: [False]
==========
t: 42, State: [[  0.9161052    0.17225759   1.32607651   0.37004677   0.35198733
   -0.44972807  -0.19340033  -0.53434655   0.23409366  -0.99039502
    0.5507202    0.25050388  -5.17817784  14.62661882   1.61543091
   -0.5215896    2.56936689 -11.38831633]], Action: [[ 0.8363486  0.7963584 -1.        -1.        -1.        -1.       ]], Reward: [-1.5664952],Reward_sum: -0.35978055000305176, Done: [False]
==========
t: 43, State: [[  0.8863278    0.1945042    1.335958    -0.28758828   0.79048465
    0.38526845  -0.09657747   0.11799278  -0.57757529  -0.47518947
   -0.04986232   0.08280844 -14.10675314   2.80473862  18.41153515
    3.68636005  16.22013615 -15.21654103]], Action: [[-1.          1.          1.          0.39636147  1.         -1.        ]], Reward: [-1.1112583],Reward_sum: -1.471038818359375, Done: [False]
==========
t: 44, State: [[  0.91403181   0.1281905    1.45823101  -0.02075911   0.02194169
    0.75289591   0.09750505   0.60149202  -0.39941985   0.60091367
   -1.89363133   3.13033952  11.59272207 -19.83024851   0.1031032
    4.27919247   5.16650997   5.93954202]], Action: [[ 0.747409   -0.32452196  1.          0.07206351  0.63414156 -0.54438156]], Reward: [0.31731862],Reward_sum: -1.1537201404571533, Done: [False]
==========
t: 45, State: [[ 9.15595022e-01  5.00526647e-02  1.59457797e+00  4.93331776e-01
  -7.93560391e-01  7.75410975e-03  1.32561639e-01  1.83897360e-01
   1.71134391e-01 -3.93464914e-01 -1.11734911e+00  1.97169824e+00
   6.19546235e+00 -8.95504924e+00 -1.72703075e+01 -2.78785302e+00
  -1.32025492e+01  1.20803473e+01]], Action: [[ 1.         -1.         -0.36910343 -0.83383304 -1.          0.17020069]], Reward: [-0.35478404],Reward_sum: -1.5085041522979736, Done: [False]
==========
t: 46, State: [[ 0.8894408   0.08044243  1.57254415  0.39504    -0.32151623 -0.48717021
  -0.36071598 -0.28068631  0.55452415 -0.67187242  0.47693597 -0.10960721
  -3.18706599 12.86568645  2.1178168  -5.23671549 -2.42534747  1.31574749]], Action: [[ 1.         -0.0788136  -1.         -1.         -1.          0.39528418]], Reward: [-0.9393305],Reward_sum: -2.4478347301483154, Done: [False]
==========
t: 47, State: [[  0.86597173   0.15283831   1.52825788  -0.25509888   0.62764094
   -0.19435798  -0.50716254   0.23323312   0.07608905  -0.52807807
    1.35119928  -0.96143662 -14.7986914   14.45491121   5.3186542
   -3.97154598  14.33590733 -15.79083549]], Action: [[-1.          1.         -0.47220737 -0.81510186  1.         -1.        ]], Reward: [-0.9581187],Reward_sum: -3.4059536457061768, Done: [False]
==========
t: 48, State: [[ 0.86473189  0.14668214  1.49878134 -0.57565756  0.73169563  0.41229078
  -0.27801755  0.57610593 -0.57474321  0.43626333 -0.92891552  0.05288273
   1.73892019 -4.7027468  11.52920836  8.08774847  1.56272562  0.28535445]], Action: [[-1.         1.         1.         0.0957371  1.        -1.       ]], Reward: [-0.52571326],Reward_sum: -3.931666851043701, Done: [False]
==========
t: 49, State: [[  0.91863347   0.04925025   1.60982611   0.24268809  -0.40315365
    0.65291893   0.31818414   0.09492537   0.07553197   0.48902242
   -1.56361189   1.03248724  16.16485045 -23.62901599   0.66494384
   11.20250358 -10.09119532  17.92768118]], Action: [[ 1.         -1.          1.          0.39783424 -0.26037008  0.9981672 ]], Reward: [0.6557912],Reward_sum: -3.2758755683898926, Done: [False]
==========
t: 50, State: [[  0.91554693   0.12020994   1.57035823   0.55238762  -0.82012516
   -0.23965659   0.1252671   -0.23128739   0.59205702  -0.16265271
    1.95337305  -1.15728494   1.12784378   0.52738749 -21.18737272
  -10.74656119  -3.60387396  -2.76797396]], Action: [[ 1.        -1.        -0.9921647 -0.9732543 -1.         1.       ]], Reward: [-0.65489215],Reward_sum: -3.930767774581909, Done: [False]
==========
t: 51, State: [[  0.86161967   0.25557233   1.52903839  -0.23709627   0.3640826
   -0.43220461  -0.68437483  -0.18304246  -0.07858697  -1.81394888
    2.34354497  -0.86646874 -18.17471625  23.49514128   0.98419647
  -15.67858492   2.20866732 -17.23992126]], Action: [[-0.94281137  1.         -1.         -1.         -0.5451722  -1.        ]], Reward: [-1.5971558],Reward_sum: -5.527923583984375, Done: [False]
==========
t: 52, State: [[ 0.82700155  0.28382686  1.4270701  -0.53509291  0.78989435  0.25993642
  -0.33688298  0.20507587 -0.54018162 -0.05112505 -0.3817249  -2.03927303
   1.82250477  0.30118985 16.5312717  12.11375928  7.96985399  0.28983876]], Action: [[-1.          1.          1.          0.41917777  1.         -0.50577474]], Reward: [-1.1355143],Reward_sum: -6.663437843322754, Done: [False]
==========
t: 53, State: [[  0.86654114   0.21281139   1.48324973   0.30460831  -0.28607239
    0.7173088    0.21193543   0.31418434  -0.2625113    0.33289546
   -1.72031658   1.22566043  17.66444791 -25.42569012   3.39300097
    9.61375949   0.30379705   7.68876393]], Action: [[ 1.         -1.          1.          0.01268333  0.0320404  -0.3232466 ]], Reward: [0.48022422],Reward_sum: -6.183213710784912, Done: [False]
==========
t: 54, State: [[  0.85146447   0.19021347   1.50886905   0.69001152  -0.83293826
    0.34989159   0.17506401   0.06416291   0.40781931  -0.44465322
    0.32707581   0.40087874   0.28893292   0.53442306 -10.25797765
   -7.2628908   -7.46749889  13.9335172 ]], Action: [[ 1.         -1.          0.3511281  -1.         -1.          0.62678355]], Reward: [-0.7531483],Reward_sum: -6.936362266540527, Done: [False]
==========
t: 55, State: [[ 7.88823773e-01  2.53932625e-01  1.54115388e+00 -1.38663106e-02
   3.39477252e-01 -4.65644553e-01 -5.00797265e-01 -3.07567001e-01
   3.24657609e-01 -1.84388787e+00  1.15197580e+00  8.25835824e-01
  -1.56683462e+01  2.36906577e+01 -1.43508629e+01 -1.53819921e+01
  -6.35616135e+00 -1.06686801e+01]], Action: [[-0.38677585  1.         -1.         -1.         -1.         -1.        ]], Reward: [-1.7677734],Reward_sum: -8.704134941101074, Done: [False]
==========
t: 56, State: [[  0.73589586   0.24238556   1.52172056  -0.58484269   0.8071002
   -0.40695423  -0.49924267  -0.07469162  -0.540455    -0.26314057
   -1.02114286  -0.66463132  -6.05764215  -2.03090305   1.65779745
    8.94757145   9.05147072 -17.32909633]], Action: [[-1.          1.         -0.7601455   0.31566966  1.         -1.        ]], Reward: [-1.5263051],Reward_sum: -10.230440139770508, Done: [False]
==========
t: 57, State: [[  0.78046318   0.10791554   1.58670256   0.07900866  -0.24671352
    0.25508741   0.08664125   0.34126085  -0.33964173   0.45188965
   -3.45223467   1.2880588   16.95240174 -24.04823917  15.84450548
   12.04372581   8.73920836   7.83763748]], Action: [[ 1.         -0.644288    1.          0.37622637  0.6353148  -0.12221523]], Reward: [0.593825],Reward_sum: -9.636614799499512, Done: [False]
==========
t: 58, State: [[ 0.74680269  0.07863418  1.55581325  0.45399267 -0.80658824  0.70633125
   0.39058055  0.13427555  0.48270948 -0.96070889  1.28964782 -1.8970713
   1.59387709 -1.26889197  2.92085732  1.6460847  -9.96744893 17.87747617]], Action: [[ 1.         -1.          1.         -0.16755557 -1.          1.        ]], Reward: [-1.1760175],Reward_sum: -10.81263256072998, Done: [False]
==========
t: 59, State: [[  0.70129194   0.16912665   1.46501663   0.44051803  -0.58956975
   -0.19967567  -0.05851976  -0.21044312   0.55193454  -1.0809444
    2.00929701  -1.35785806  -1.11918104   4.64447381 -22.41139821
  -14.98251134  -5.21639056  -2.42562975]], Action: [[ 0.9868902 -1.        -1.        -1.        -1.         1.       ]], Reward: [-1.5076101],Reward_sum: -12.320242881774902, Done: [False]
==========
t: 60, State: [[  0.59852018   0.2905499    1.41135884  -0.30506432   0.43497374
   -0.48833786  -0.66028024  -0.08632025   0.03836194  -2.31670816
    2.32419989  -1.30650277 -17.50808514  18.65979749   2.91836903
   -1.80113675   5.39430074  -9.94496748]], Action: [[-1.          1.         -1.         -1.         -0.26324475 -1.        ]], Reward: [-2.562365],Reward_sum: -14.882608413696289, Done: [False]
==========
t: 61, State: [[ 0.53479394  0.3421602   1.35131934 -0.56279271  0.65946842  0.26118366
  -0.59152243  0.38367813 -0.4923241  -0.6747128   0.40156436 -0.72767576
   2.60636502 -2.28612449 16.9434162   2.55534763  9.56427103 -8.70723654]], Action: [[-1.          1.          1.         -0.6974931   1.         -0.71321315]], Reward: [-1.7740419],Reward_sum: -16.65665054321289, Done: [False]
==========
t: 62, State: [[  0.54606621   0.29753671   1.37590067   0.11115328  -0.25942655
    0.75618874   0.07440425   0.33016878  -0.31435634  -0.12711499
   -1.49799728   0.54884563  13.75293088 -20.62952771   3.82123909
   16.9655855   -3.3194741    9.4879121 ]], Action: [[ 0.26186937 -1.          1.          0.8096795   0.63415384  0.39645737]], Reward: [-0.10290309],Reward_sum: -16.759553909301758, Done: [False]
==========
t: 63, State: [[ 0.50104069  0.26686329  1.39613019  0.50309918 -0.8164862   0.49066478
   0.32760201  0.07345355  0.27590816 -1.15106285  0.02463735 -0.09913416
   2.45798073 -0.98796744 -8.08666439 -2.6977307  -5.67632699 10.8554448 ]], Action: [[ 1.         -1.          0.7273603  -1.         -1.          0.02332763]], Reward: [-1.3534702],Reward_sum: -18.113021850585938, Done: [False]
==========
t: 64, State: [[  0.40569022   0.3063473    1.35949384   0.12148445   0.23599112
   -0.42941354  -0.21628963  -0.19133968   0.22421703  -2.378424
    0.8436989   -0.46500806  -8.34631564  22.67125447 -17.36644601
  -14.70181643  -4.84362808  -8.00542924]], Action: [[ 0.19049758  0.96197873 -1.         -1.         -1.         -1.        ]], Reward: [-2.4031787],Reward_sum: -20.51620101928711, Done: [False]
==========
t: 65, State: [[  0.3004565    0.31417772   1.37243082  -0.3915428    0.8414613
   -0.42198554  -0.81446958   0.03518239  -0.47117966  -1.48150742
   -0.52706314   0.76242817  -8.12735358  -0.09060273   0.64285225
   -7.0008776    6.58589028 -14.64051579]], Action: [[-1.          1.         -1.         -0.41301522  0.7350383  -1.        ]], Reward: [-2.5757606],Reward_sum: -23.091960906982422, Done: [False]
==========
t: 66, State: [[ 3.07455182e-01  2.20940026e-01  1.30967247e+00  3.55354988e-03
   3.01033081e-01  2.54401104e-01 -1.25113657e-01 -1.76099460e-02
  -4.26970341e-01  4.30318308e-01 -2.73376289e+00 -2.21371882e+00
   1.30968214e+01 -1.30404647e+01  1.63770896e+01  2.04504119e+01
   2.86077456e+00  8.28138812e+00]], Action: [[0.62106717 0.3417982  1.         1.         1.         0.3050363 ]], Reward: [-0.21958613],Reward_sum: -23.311546325683594, Done: [False]
==========
t: 67, State: [[  0.29823688   0.09296583   1.28164742   0.58674172  -0.57442656
    0.73735133   0.42779903  -0.04050277   0.43028572  -0.65973616
   -2.08993689  -0.31800042   7.74689294 -13.54682042   3.68446896
    4.77872307  -1.91532736  19.04005592]], Action: [[ 1.         -1.          1.         -0.30325457 -1.          1.        ]], Reward: [-0.6935623],Reward_sum: -24.005107879638672, Done: [False]
==========
t: 68, State: [[  0.2550873    0.04293246   1.2734198    0.61557953  -0.67848686
   -0.16507859   0.08273056  -0.08809154   0.54748645  -1.05446806
   -0.474414     0.15751882  -3.63011123   2.66153906 -22.75984158
  -12.95820258  -1.88178242  -1.56198479]], Action: [[ 1. -1. -1. -1. -1.  1.]], Reward: [-1.4629916],Reward_sum: -25.46809959411621, Done: [False]
==========
t: 69, State: [[  0.18574763   0.06713433   1.21038139  -0.3248506    0.38154817
   -0.47831178  -0.09489814   0.13851251   0.238032    -1.69923179
    0.36434689  -2.31110412 -21.51252829  19.5155987    2.52897604
   -1.505449     6.1725596  -11.19754759]], Action: [[-1.          1.         -1.         -0.58353543  0.11584063 -1.        ]], Reward: [-1.8221868],Reward_sum: -27.290287017822266, Done: [False]
==========
t: 70, State: [[ 0.16983622  0.02252151  1.12673241 -0.58019402  0.48545422  0.23111688
  -0.02325316  0.55267801 -0.24517733  0.40753783 -1.37398869 -0.83701413
   4.40639421 -4.79327525 16.1401887   1.83275823  7.24285817 -7.19768585]], Action: [[-0.75983334  0.82245725  1.         -0.10502289  1.         -0.22712334]], Reward: [-0.64986795],Reward_sum: -27.940155029296875, Done: [False]
==========
t: 71, State: [[  0.2145671   -0.07932782   1.15050725  -0.02950783  -0.35394144
    0.73272514   0.37276969   0.49995146  -0.04573529   0.61506522
   -2.45573586   0.3323489   10.47021691 -17.04100708   4.33610631
   10.30295837  -3.12881392   9.65384361]], Action: [[-0.10422485 -1.          1.          1.          0.994203    1.        ]], Reward: [0.39468732],Reward_sum: -27.54547119140625, Done: [False]
==========
t: 72, State: [[ 0.19512894 -0.08755473  1.01882315  0.31867432 -0.8033518   0.59159677
   0.27763753  0.11497518  0.58879292 -0.80813629  0.54100791 -3.5376899
   4.61016251 -2.83201272 -5.37658023 -8.57394355 -9.02348646  7.40562476]], Action: [[ 1.        -1.         1.        -0.9154621 -1.         0.8595782]], Reward: [-0.9464577],Reward_sum: -28.491928100585938, Done: [False]
==========
t: 73, State: [[  0.10222662  -0.03562707   0.81066764  -0.15329971   0.27923798
   -0.33627151   0.20381365   0.1788505    0.46043297  -2.29255307
    1.19807337  -4.20294624 -12.66746667  22.92823382 -18.79721374
   -0.207875     3.37969035  -5.01266831]], Action: [[-0.77951133  1.         -1.         -1.         -1.         -1.        ]], Reward: [-2.4188101],Reward_sum: -30.910737991333008, Done: [False]
==========
t: 74, State: [[ 0.02254512  0.03312639  0.63825441 -0.53870413  0.71418692 -0.45085992
  -0.02963037  0.73620178  0.01919234 -1.13822097  1.48325183 -2.17644199
  -2.5715421  -0.17421308  1.59903563 -6.13974387 11.8911573  -9.52510543]], Action: [[-0.55875635  1.         -1.         -1.          0.7252833  -1.        ]], Reward: [-2.0774546],Reward_sum: -32.98819351196289, Done: [False]
==========
t: 75, State: [[-0.02177126  0.11409478  0.61007818 -0.51743133  0.37105149  0.30854965
  -0.22416429  0.89351074 -0.24965712 -0.94033789  1.58845467 -0.11393463
   0.76395242 -7.6735753  17.4913169  -2.32541178 -2.11571323 -2.54716723]], Action: [[-1.          0.73502153  1.         -0.9222588   1.         -0.7372548 ]], Reward: [-1.379764],Reward_sum: -34.367958068847656, Done: [False]
==========
t: 76, State: [[ -0.05209646   0.1619595    0.58827842  -0.20469573   0.12449972
    0.7021582   -0.13919909   0.36624471   0.13636335  -0.59665866
    0.49026742  -0.94253815   7.38622003  -1.30980133   1.41878487
    2.28922946 -11.64445455  11.58450843]], Action: [[ 0.00376932  0.70648646  1.         -0.21001816  0.4713797   1.        ]], Reward: [-0.8830484],Reward_sum: -35.251007080078125, Done: [False]
==========
t: 77, State: [[ -0.10729137   0.18745441   0.61141359   0.08791118  -0.09553826
   -0.18240951  -0.3495387   -0.34341253   0.53547636  -1.52124411
    0.38819564   0.97732657   2.99365862  -4.90918855 -21.32663257
   -8.90603911 -12.70846613   4.03888154]], Action: [[-0.22853808 -0.38229316 -1.         -1.         -1.          0.36168563]], Reward: [-1.4368176],Reward_sum: -36.68782424926758, Done: [False]
==========
t: 78, State: [[ -0.19993585   0.17174089   0.5936116   -0.02875103   0.29980504
   -0.48414944  -0.85917875  -0.47738559   0.20304285  -1.74410254
   -0.71022321  -0.9962687   -2.93153161  11.41756568   2.71548243
   -8.28083856   1.99400719 -10.86927299]], Action: [[-0.07707886  1.         -1.         -1.         -0.45576572 -0.24245144]], Reward: [-2.180134],Reward_sum: -38.867958068847656, Done: [False]
==========
t: 79, State: [[-2.39955428e-01  1.32750107e-01  3.97864770e-01 -2.77706352e-01
   7.60114550e-01  3.85862075e-01 -2.80358710e-01  4.00821696e-03
  -4.72753960e-01 -2.14201428e-01 -1.03405976e+00 -4.77678394e+00
  -5.04108337e+00  4.71102502e+00  1.93622897e+01  1.88287402e+01
   1.31521533e+01 -1.13341379e+01]], Action: [[-1.          1.          1.          1.          1.         -0.44380277]], Reward: [-1.3200878],Reward_sum: -40.18804168701172, Done: [False]
==========
t: 80, State: [[ -0.1883599    0.0713311    0.34672061   0.27363544  -0.14553996
    0.80602659   0.50401524   0.60413025  -0.40587257   0.89151544
   -1.71700064   0.40779     13.8090718  -23.91842521   0.41053878
   12.89441323  10.17156167   6.40888339]], Action: [[ 0.97890943 -1.          1.          0.59879255  0.67781216 -0.501519  ]], Reward: [0.6291338],Reward_sum: -39.55890655517578, Done: [False]
==========
t: 81, State: [[-2.20698723e-01  3.18360287e-03  3.40096553e-01  5.91265032e-01
  -8.22702739e-01  5.32713138e-01  5.76716364e-01  5.18367197e-01
   3.08006774e-01 -1.44630587e+00 -1.03369019e+00 -8.73985273e-01
   7.67469980e-02 -1.65813877e+00 -6.88742832e+00 -5.31657630e+00
  -8.11836893e+00  1.57074990e+01]], Action: [[ 1.         -1.          0.9215185  -1.         -1.          0.33128917]], Reward: [-1.1426713],Reward_sum: -40.701576232910156, Done: [False]
==========
t: 82, State: [[ -0.34203261  -0.03909974   0.24268375   0.24701479  -0.09567246
   -0.40575489   0.11480027   0.14869868   0.56592436  -2.17575645
    0.22869777  -4.51518602  -5.12353072  15.66309226 -18.3349634
    5.12132805  -3.12093498   3.92234944]], Action: [[ 0.5801889   0.25481534 -1.         -1.         -0.61648905 -0.53295875]], Reward: [-2.7332432],Reward_sum: -43.434818267822266, Done: [False]
==========
t: 83, State: [[-4.60448164e-01 -1.30037780e-02  4.20110711e-02  8.92299682e-02
   2.94269235e-01 -4.64491686e-01 -1.01935733e-02  1.97234416e-01
   2.04475898e-01 -2.44982753e+00  6.08561870e-01 -3.43917540e+00
  -9.37219246e-01  2.17152123e+00  2.12074527e+00 -6.70014856e+00
   1.94030082e+00 -1.21715126e+01]], Action: [[ 0.5059739   0.3416326  -1.         -1.         -0.20199849 -1.        ]], Reward: [-2.7096636],Reward_sum: -46.14448165893555, Done: [False]
==========
t: 84, State: [[ -0.57378475  -0.02251625  -0.15068277  -0.29282305   0.55695507
    0.37053169   0.02259081   0.25964019  -0.55580527  -1.95111239
   -0.62353386  -4.37853854  -8.84666842   4.39421671  18.50250471
    5.08091751   0.87067966 -14.02418859]], Action: [[-1.          1.          1.          0.9082291   1.         -0.86803573]], Reward: [-2.8245685],Reward_sum: -48.969051361083984, Done: [False]
==========
t: 85, State: [[-0.63672413 -0.02452924 -0.31632849 -0.32541603  0.39430664  0.78424799
   0.3476973   0.34119574 -0.41130266 -0.63887364  0.96464163 -1.19118443
  -1.88282471  4.35753384  0.3541897   6.49551904  2.93653165  5.07047497]], Action: [[-0.29212254  0.16099568  1.          0.7643013   1.         -0.3274405 ]], Reward: [-1.5390506],Reward_sum: -50.50810241699219, Done: [False]
==========
t: 86, State: [[ -0.67496645   0.10716206  -0.19592824   0.10494035  -0.27432558
    0.47594487   0.13922705   0.31896545  -0.15387776  -0.87430719
    2.87253973   3.08240324  12.08285308 -19.72151362  -6.3227646
   -9.08174592  -3.00526401   4.12749458]], Action: [[ 1.         -1.          1.         -1.         -0.47293007 -0.8122965 ]], Reward: [-1.2531952],Reward_sum: -51.76129913330078, Done: [False]
==========
t: 87, State: [[ -0.73032852   0.18010055  -0.10195506   0.4901173   -0.60167204
   -0.41443952  -0.40550269  -0.16599937   0.1058531   -1.18453627
    0.59802282   1.50215722   3.96464412   2.33501689 -17.69528302
  -12.26667851 -11.60914252   4.31714979]], Action: [[ 1.         -0.44326705 -1.         -0.8944433  -1.         -0.06040187]], Reward: [-1.5072578],Reward_sum: -53.26856231689453, Done: [False]
==========
t: 88, State: [[-8.17760119e-01  1.66384006e-01 -3.69298699e-02  1.27599957e-02
   4.75525555e-01 -4.32093815e-01 -1.08485796e+00 -3.67914979e-01
  -4.21259237e-02 -1.70933458e+00 -5.26930704e-01  8.79946028e-01
  -1.17325206e+01  2.16414172e+01  2.09516395e+00 -1.03498793e+01
  -3.68818565e-01 -6.74012833e+00]], Action: [[-0.8294867  1.        -1.        -1.        -0.2843293 -0.6150501]], Reward: [-2.1633499],Reward_sum: -55.43191146850586, Done: [False]
==========
t: 89, State: [[-0.85341621  0.20141902 -0.13232446 -0.42018163  0.79304831  0.38610139
  -0.40118735 -0.05004976 -0.59136298 -0.06332488  1.10533315 -2.32372088
  -5.85706127 -3.00663601 18.15629014 20.72341241 11.62042358 -8.03076439]], Action: [[-1.          1.          1.          0.74749684  1.         -0.9755654 ]], Reward: [-1.2641698],Reward_sum: -56.696083068847656, Done: [False]
==========
t: 90, State: [[ -0.80348306   0.26454172  -0.05082429   0.18097626  -0.35478562
    0.75943336   0.415762     0.47675269  -0.29577931   1.09365026
    0.34887718   2.70690241  14.62967896 -26.23063648   0.36180283
   13.00906854   9.28118684   9.12967022]], Action: [[ 1.         -1.          1.          0.4095366   0.2663671  -0.40748966]], Reward: [0.658191],Reward_sum: -56.03789138793945, Done: [False]
==========
t: 91, State: [[-0.82692968  0.23855045  0.02407351  0.48785986 -0.84766953  0.35179832
   0.5012655   0.46054988  0.5804214  -1.30133089 -0.66528589  0.6324924
   0.10324493  3.07962488 -9.79196964 -4.64467681 -6.19889329 18.67349964]], Action: [[ 1.         -1.          0.5439988  -1.         -1.          0.89030176]], Reward: [-0.9777897],Reward_sum: -57.015682220458984, Done: [False]
==========
t: 92, State: [[-9.51913301e-01  1.74520969e-01  2.46421879e-02  1.59393201e-02
   2.96004807e-01 -4.74854596e-01 -8.64237339e-02  1.34839446e-01
   1.78925363e-01 -2.95311297e+00 -1.83714202e+00  4.73241187e-01
  -9.88160742e+00  2.27891432e+01 -1.46096362e+01 -1.58347840e+01
  -6.80317034e+00 -1.39231693e+01]], Action: [[-0.00370868  0.97644144 -1.         -1.         -0.5855806  -1.        ]], Reward: [-2.929308],Reward_sum: -59.94499206542969, Done: [False]
==========
t: 93, State: [[-1.04991697  0.06677107  0.08278855 -0.44185567  0.8599571  -0.19804812
  -0.45472552 -0.014545   -0.5617607  -1.14321906 -1.8204925   1.41063669
  -5.82876884 -0.78734558  8.997321   -0.63330299 -2.13578057 -4.08009504]], Action: [[-1.          1.         -0.07481852  0.6468183   0.87037456 -1.        ]], Reward: [-2.3782256],Reward_sum: -62.323219299316406, Done: [False]
==========
t: 94, State: [[-1.05529564e+00  2.50637127e-05  1.54417130e-01 -3.60780715e-01
   1.88085330e-01  5.27508092e-01  1.54606643e-02  7.31265601e-02
  -2.38115561e-01  2.72206962e-01 -1.55044457e+00  1.35048794e+00
   4.18281998e+00 -1.59958724e+01  1.28896142e+01  1.29727714e+01
   5.53703369e+00  1.03754744e+01]], Action: [[-0.6969905  -0.15307133  1.          1.          1.          0.45822805]], Reward: [-0.47949335],Reward_sum: -62.802711486816406, Done: [False]
==========
t: 95, State: [[ -1.03248977  -0.06532935   0.22946493   0.20280369  -0.7277865
    0.62864211   0.51088107  -0.25309344   0.15187188   0.51861822
   -0.53109824   1.8878149    8.62604876  -8.24592151  -7.0533564
    5.55371945 -10.27883209   5.0393286 ]], Action: [[ 1.         -1.          1.         -0.07495746 -1.          0.30538797]], Reward: [0.04622934],Reward_sum: -62.75647735595703, Done: [False]
==========
t: 96, State: [[ -1.06030547  -0.07533259   0.19164175   0.28601979  -0.16435498
   -0.14080447   0.32934557  -0.3862841    0.29904057  -1.15957544
    0.30659006  -1.9297124    0.05954359  16.14093798 -14.0164476
   -6.18878065   0.60275992   2.2541557 ]], Action: [[ 0.5520152   0.30422336 -0.3574558  -0.9882463  -1.         -0.4262966 ]], Reward: [-0.82465476],Reward_sum: -63.58113098144531, Done: [False]
==========
t: 97, State: [[ -1.18072498  -0.02607807   0.07752072  -0.18099486   0.72293945
   -0.45812321  -0.23456592   0.26053223  -0.0253678   -2.74495719
    1.00771526  -1.67415164 -13.33166021  11.93198178   1.34377642
  -13.41256032  17.28606838 -10.92544411]], Action: [[-1.         1.        -1.        -0.8128973  1.        -1.       ]], Reward: [-2.9744704],Reward_sum: -66.55560302734375, Done: [False]
==========
t: 98, State: [[-1.25732673e+00  1.14375282e-02  2.82363408e-02 -5.73835949e-01
   7.03891389e-01  2.96419391e-01 -3.31365168e-01  6.05433207e-01
  -5.97145131e-01 -7.15387944e-01  8.53928882e-01 -5.96331782e-01
   8.16359415e-01 -6.65888253e+00  1.65590007e+01  4.69649672e+00
   7.22152662e-02 -9.61303431e+00]], Action: [[-1.          1.          1.          0.28683466  1.         -0.92676896]], Reward: [-2.0261526],Reward_sum: -68.58175659179688, Done: [False]
==========
t: 99, State: [[ -1.24015116   0.07408302   0.07703064   0.2507044   -0.44898095
    0.7068609    0.16772668   0.08666639  -0.07432663   0.55679017
    0.55284677   0.15383265  17.91105024 -23.70564396   2.31786696
   11.21756944 -10.49259975  16.56048835]], Action: [[ 1.         -1.          1.          0.35355228 -0.00812476  1.        ]], Reward: [-0.06899533],Reward_sum: -68.65074920654297, Done: [False]
==========
t: 100, State: [[ -1.28798551   0.06371974   0.02464739   0.68663674  -0.79465945
   -0.19841937   0.09747031  -0.24712812   0.6390433   -1.86952612
   -0.47248175  -1.21411701   1.7788449    3.62696341 -22.06754791
   -8.52001361  -3.7357489   -1.76996823]], Action: [[ 1. -1. -1. -1. -1.  1.]], Reward: [-1.5566869],Reward_sum: -70.20743560791016, Done: [False]
==========
t: 101, State: [[-1.43136103e+00 -6.99534903e-04 -2.11230050e-02  6.77015084e-02
   4.00934546e-01 -4.86807523e-01 -5.57415333e-01 -1.65042601e-01
   5.34729664e-02 -2.86639645e+00 -1.91852567e+00 -7.97532047e-01
  -1.41223133e+01  2.30827687e+01  2.93611728e+00 -1.25986503e+01
   3.16688709e+00 -1.54324144e+01]], Action: [[-0.3015399   1.         -1.         -0.76220465 -0.3123563  -0.6399724 ]], Reward: [-3.1854117],Reward_sum: -73.3928451538086, Done: [False]
==========
t: 102, State: [[-1.51043906 -0.08076049 -0.12303806 -0.50619692  0.80787554  0.36748493
  -0.44897653  0.11726519 -0.62420387 -0.82800821 -1.17220547 -2.48922337
  -7.17727699 -2.64297188 18.80517876  9.95409948  4.97973562  1.48806477]], Action: [[-1.          0.9020309   1.          0.56420064  1.         -1.        ]], Reward: [-2.0947587],Reward_sum: -75.48760223388672, Done: [False]
==========
t: 103, State: [[-1.45984801e+00 -5.90263382e-02 -4.13679700e-02  3.53513649e-03
  -1.03376284e-03  6.81567436e-01  4.08260547e-01  4.02960768e-02
  -1.03558750e-01  2.14704725e+00  1.19628296e+00  4.99533709e+00
   1.00668565e+01 -1.26782636e+01 -2.73552724e+00  1.79029753e+01
  -1.11927606e+00  1.38648644e+01]], Action: [[ 1.         -1.          1.          0.9768131  -0.06608389  0.42064673]], Reward: [0.5982735],Reward_sum: -74.88933563232422, Done: [False]
==========
t: 104, State: [[ -1.41100923  -0.0209033    0.21365916   0.46739968  -0.70652411
    0.05242768   0.45996253   0.16608408   0.25220035   0.23601689
    0.57645928   4.26815086   6.48832585  -9.74059466 -13.28650283
   -7.32971907   1.34741241   1.93964535]], Action: [[ 1.         -1.         -0.11256379 -1.         -1.         -0.9163024 ]], Reward: [0.49154744],Reward_sum: -74.39778900146484, Done: [False]
==========
t: 105, State: [[-1.43836449e+00  9.80920570e-03  3.07410933e-01  4.49482014e-01
  -4.49932156e-02 -5.13130930e-01  1.05473008e-01  1.20831983e-02
   6.06644767e-01 -7.71060597e-01  1.07359644e+00  6.74681167e-01
  -9.36245152e-01  1.90277034e+01  4.97223954e-01 -3.43562446e+00
  -4.71717274e+00  9.82097483e+00]], Action: [[ 0.9914535   0.6903056  -1.         -1.         -1.          0.39918995]], Reward: [-1.0089908],Reward_sum: -75.40677642822266, Done: [False]
==========
t: 106, State: [[ -1.53047906   0.11416972   0.39941994  -0.13993652   0.77469313
   -0.3896079   -0.21606607   0.12454825   0.27002589  -2.11655134
    2.42880671   2.60118413 -15.70136882   9.68635909   1.26083139
   -8.15124441   3.57467932 -11.52829435]], Action: [[-1.          1.         -1.         -1.          0.02377027 -1.        ]], Reward: [-2.3423479],Reward_sum: -77.7491226196289, Done: [False]
==========
t: 107, State: [[ -1.5733327    0.21512747   0.53750792  -0.57875748   0.65977745
    0.31043176  -0.19591635   0.29302557  -0.53352423   0.04976713
    1.81216908   2.99593166   0.88227161  -7.88811525  15.0420736
    5.14841144   2.96831474 -15.46831547]], Action: [[-1.         1.         1.         0.4995365  1.        -0.9533037]], Reward: [-1.3729051],Reward_sum: -79.12202453613281, Done: [False]
==========
t: 108, State: [[-1.52100988e+00  2.63879387e-01  7.12541267e-01  1.57662301e-01
  -1.21146403e-01  6.46397881e-01  3.54388534e-01  2.85012713e-02
  -9.07854372e-02  8.75793098e-01  1.51780837e-02  2.52399640e+00
   1.62234093e+01 -1.42170696e+01  1.48547476e+00  1.25683241e+01
  -5.41112251e+00  1.55660544e+01]], Action: [[ 1.          0.07342951  1.          0.6820675  -0.1797968   1.        ]], Reward: [0.6961629],Reward_sum: -78.42586517333984, Done: [False]
==========
t: 109, State: [[ -1.53454013   0.29040694   0.81071712   0.69450904  -0.65474562
    0.06568727   0.25240555  -0.08888959   0.62800476  -0.96091731
    0.99655956   1.77138113   5.08692925  -4.97811207 -14.18298987
   -9.34947648  -1.22129999  -1.31122035]], Action: [[ 1.         -1.         -0.31346065 -1.         -1.          1.        ]], Reward: [-0.78043085],Reward_sum: -79.206298828125, Done: [False]
==========
t: 110, State: [[ -1.64426352   0.34997239   0.90168704   0.33607473   0.24165431
   -0.50794836  -0.51286828  -0.13948323   0.23377672  -2.6089852
    0.86320623   2.35124878  -9.28879864  21.26835401   0.28036624
  -16.4903892   -1.75404334 -10.75176291]], Action: [[ 0.4335932   1.         -1.         -1.         -0.70165807 -0.1917928 ]], Reward: [-2.5661788],Reward_sum: -81.77247619628906, Done: [False]
==========
t: 111, State: [[ -1.72257345   0.35788861   0.96523929  -0.23225073   0.84868784
   -0.01790742  -0.50240343  -0.02074667  -0.59289536  -0.53475071
   -0.2796932    0.84396735 -10.37448558  -0.08960405  11.22451548
   10.44137794   3.93328152 -16.29692652]], Action: [[-1.          1.          0.02737698  0.88177824  1.         -0.9263913 ]], Reward: [-2.029847],Reward_sum: -83.80232238769531, Done: [False]
==========
t: 112, State: [[-1.71555604  0.30898008  1.04557714 -0.190012    0.44734276  0.54044388
  -0.07936504  0.39397425 -0.48900935  0.21533325 -1.43543117  2.12742474
   5.32208911 -9.64418363  7.96852867  6.28827677 10.21277694  2.82099128]], Action: [[ 0.1622986   0.8235938   1.         -0.18981937  0.85947716 -1.        ]], Reward: [-0.20758979],Reward_sum: -84.0099105834961, Done: [False]
==========
t: 113, State: [[ -1.70757639   0.20012469   1.22822189   0.32516067  -0.50069345
    0.64497936   0.39142974   0.21718523   0.21169113  -0.42787162
   -2.41151775   3.58647223   9.14661817 -17.76327119  -1.32702944
    9.54862272  -7.87273601  17.63740439]], Action: [[ 0.74203026 -1.          1.          0.43744117 -0.3823026   1.        ]], Reward: [-0.22921896],Reward_sum: -84.23912811279297, Done: [False]
==========
t: 114, State: [[ -1.75233071   0.12158302   1.36073851   0.51758547  -0.79616111
   -0.28261612   0.26182513  -0.06080717   0.51456955  -1.02601841
   -1.08372123   2.21167589  -0.12776676   1.27181798 -20.98564516
   -9.70292011  -4.80369126  -1.47732393]], Action: [[ 1.         -1.         -1.         -0.96909535 -1.          0.432867  ]], Reward: [-1.4077383],Reward_sum: -85.64686584472656, Done: [False]
==========
t: 115, State: [[ -1.82848241   0.11616099   1.44330171  -0.23154389   0.36738447
   -0.4384547   -0.35093683   0.06127979   0.06715822  -1.0115926
    0.73102373  -0.06750624 -16.82912242  22.79292017   1.33704337
    5.36872827   2.10394706  -7.60380364]], Action: [[-0.8514272   1.         -1.         -0.9678243   0.21437444 -0.69096434]], Reward: [-1.941534],Reward_sum: -87.5884017944336, Done: [False]
==========
t: 116, State: [[-1.83763962  0.11018183  1.50082839 -0.54861197  0.70677045  0.25418486
  -0.31573645  0.50385457 -0.45321254  0.37509035 -0.58617424  2.28067015
   1.37788911 -1.88581547 16.08136416 -1.80079966  9.8613984  -9.90056647]], Action: [[-1.          1.          1.         -0.82867914  1.         -1.        ]], Reward: [-0.7518151],Reward_sum: -88.34021759033203, Done: [False]
==========
t: 117, State: [[-1.81845388  0.056767    1.59745416 -0.30119446  0.35930373  0.74373341
   0.08858554  0.47223026 -0.28273618 -0.10581262  0.93039477 -0.60731399
   0.67291193 -4.11258886  4.29141372  9.25568174 -2.93681763 10.76092713]], Action: [[-0.5565276   0.37905437  1.          1.          1.          0.7367914 ]], Reward: [-0.01591184],Reward_sum: -88.35613250732422, Done: [False]
==========
t: 118, State: [[ -1.78454868   0.09252818   1.66797842   0.23486823  -0.53175722
    0.53492072   0.13998089   0.03565834   0.22571231   0.63330072
    0.83849835   1.16939476  11.73774525 -18.57470053  -6.82679168
   -4.35313628  -9.8312356    7.85988333]], Action: [[ 1.        -1.         0.835744  -1.        -1.        -0.2462617]], Reward: [0.20219272],Reward_sum: -88.15393829345703, Done: [False]
==========
t: 119, State: [[ -1.79939249   0.15857903   1.64537957   0.43975667  -0.34117256
   -0.42641044  -0.40273439  -0.35068435   0.46087376  -0.8044808
    1.37835067  -0.7201998    0.98455441  12.87422388 -18.85117094
  -13.97055523  -5.91371407   1.52993193]], Action: [[ 0.94674635  0.22106822 -1.         -1.         -1.          0.3204106 ]], Reward: [-0.7016625],Reward_sum: -88.85559844970703, Done: [False]
==========
t: 120, State: [[ -1.84140142   0.26334507   1.66201999  -0.13047762   0.64416203
   -0.42225316  -0.72656073  -0.24004994   0.2169252   -0.80307727
    2.10522206   0.75405728 -14.54657939  15.52229349   0.66365156
   -3.46653455   3.15085626 -10.82197093]], Action: [[-1.         1.        -1.        -1.        -0.5082163 -1.       ]], Reward: [-1.3660071],Reward_sum: -90.22160339355469, Done: [False]
==========
t: 121, State: [[ -1.84651966   0.30866617   1.6831354   -0.58889043   0.72669764
    0.29531831  -0.62908569   0.23700561  -0.54943015   0.49571231
   -0.07881653   0.75211259   0.77067366  -6.871882    15.6945948
    4.80013861  11.0274392  -14.62141427]], Action: [[-1.          1.          1.         -0.45882797  1.         -1.        ]], Reward: [-0.62341714],Reward_sum: -90.84502410888672, Done: [False]
==========
t: 122, State: [[-1.80608164e+00  2.27976896e-01  1.77045486e+00 -1.32698320e-02
  -2.35386704e-01  7.28639477e-01  8.43851824e-02  3.52561574e-01
  -1.18499189e-01  1.42085334e-01 -2.10382284e+00  1.94757286e+00
   1.18682249e+01 -1.98686664e+01  2.84855570e+00  1.71664306e+01
   5.94674831e-01  1.49385300e+01]], Action: [[ 0.11458431 -0.7426543   1.          0.8344151   0.6692176   0.9119565 ]], Reward: [0.45471746],Reward_sum: -90.39030456542969, Done: [False]
==========
t: 123, State: [[ -1.82205466   0.16987509   1.87205351   0.39396418  -0.83049276
    0.18491988   0.38345718   0.2196357    0.56342267  -0.35329048
   -0.54870622   1.21644996   3.18899952  -0.63775081 -14.10153178
   -0.87934655  -4.4911748   10.40673196]], Action: [[ 1.         -1.          0.02809578 -1.         -1.          0.13613395]], Reward: [-0.7213927],Reward_sum: -91.1116943359375, Done: [False]
==========
t: 124, State: [[ -1.84273293   0.17543956   1.8724448    0.23727488   0.16035967
   -0.49604475  -0.03585769  -0.05739963   0.1674795   -0.50105357
    0.33054839   0.17098556  -2.65423517  22.1323347   -0.62205593
  -12.99350229  -6.148809   -13.3091278 ]], Action: [[ 0.7701887  0.9635532 -1.        -1.        -1.        -1.       ]], Reward: [-0.9657279],Reward_sum: -92.07742309570312, Done: [False]
==========
t: 125, State: [[ -1.86827749   0.15668312   1.91013227  -0.13667838   0.82727751
    0.37972694  -0.25790368  -0.05152656  -0.64987205  -0.20839711
   -1.28929404   1.19061461  -8.21838758   0.68982487  21.1490581
    2.4830483    2.59195752 -14.6129365 ]], Action: [[-1.         1.         1.         1.         1.        -0.8714612]], Reward: [-1.0868357],Reward_sum: -93.16426086425781, Done: [False]
==========
t: 126, State: [[-1.85292436e+00  7.55129584e-02  1.98745682e+00 -8.97446358e-02
   2.13498782e-01  8.21200446e-01  1.06465886e-01  1.70426928e-01
  -1.96815384e-01  5.56669179e-01 -7.01183269e-03  1.06571886e+00
   1.56560013e+00 -1.37711850e+01 -9.06926500e-01  6.39612927e+00
   6.05393148e+00  1.39579987e+01]], Action: [[ 0.16621564 -0.355712    1.          1.          1.          0.650376  ]], Reward: [-0.05065216],Reward_sum: -93.21491241455078, Done: [False]
==========
t: 127, State: [[-1.81325031e+00  8.49693076e-02  2.07531316e+00  2.88972869e-01
  -7.12131893e-01 -1.13835668e-02  3.94085001e-02  1.10058919e-01
   5.59212253e-01  6.73396176e-01  5.11872696e-01  1.18930105e+00
   7.10670854e+00 -1.54797907e+01 -1.88964704e+01 -4.95018844e+00
  -5.13691307e+00  1.29378455e+01]], Action: [[ 1.         -1.         -0.3872161  -1.         -1.          0.48130745]], Reward: [0.35532168],Reward_sum: -92.8595962524414, Done: [False]
==========
t: 128, State: [[-1.80050651e+00  1.29798559e-01  2.08202413e+00  2.82982776e-01
  -4.16262219e-01 -5.09838936e-01 -3.64980118e-01 -2.22965482e-01
   3.15324885e-01 -1.21395990e-02  8.46073559e-01  5.62377315e-02
  -1.77525614e+00  1.36115002e+01  2.81513600e+00 -1.01854565e+01
  -7.07574373e+00 -8.47268934e+00]], Action: [[ 1.          0.10851826 -1.         -1.         -1.         -0.19484808]], Reward: [-0.15009813],Reward_sum: -93.00968933105469, Done: [False]
==========
t: 129, State: [[ -1.80986699   0.17116372   2.01322501  -0.17945905   0.63482358
    0.400024    -0.6523145    0.02200531  -0.47226296  -0.23351548
    0.48193459  -2.21036866 -10.04633618  16.65054991  20.33110259
   -0.88336622   8.97369923 -16.69948782]], Action: [[-1.          1.          1.         -0.08726278  1.         -1.        ]], Reward: [-0.6879711],Reward_sum: -93.69766235351562, Done: [False]
==========
t: 130, State: [[-1.80847973  0.11214716  1.9002376  -0.41235827  0.77748935  0.8127212
  -0.04651885  0.27141991 -0.44846106  0.10317869 -2.0111049  -1.43815482
  -1.79284553 -4.11323352 -1.8769739  16.46921064  4.28156744  6.28188916]], Action: [[-1.          0.7945042   1.          1.          1.         -0.20669205]], Reward: [-0.43965077],Reward_sum: -94.13731384277344, Done: [False]
==========
t: 131, State: [[ -1.7653131    0.09302625   1.96454626   0.05056023  -0.31707962
    0.52812413   0.47530396  -0.04225644   0.05975308   1.06906975
    1.18405475   0.98408527  11.18408941 -25.53185608  -6.11903112
    5.89863175  -9.43751849  10.24328361]], Action: [[ 1.         -1.          1.          0.11269504 -1.         -0.05396724]], Reward: [0.46177152],Reward_sum: -93.67554473876953, Done: [False]
==========
t: 132, State: [[ -1.7146749    0.18870866   1.88327594   0.36995655  -0.67714635
   -0.41309791   0.10143573  -0.22398738   0.58674461   0.94792191
    2.33791148  -2.44656206   1.89048857   4.16071561 -19.03665281
  -14.39543504  -1.11933079   8.38635403]], Action: [[ 1.         -0.26984912 -1.         -1.         -1.          0.6003019 ]], Reward: [0.56944585],Reward_sum: -93.1061019897461, Done: [False]
==========
t: 133, State: [[ -1.70847513   0.34003612   1.80403177  -0.17782104   0.41223861
   -0.45010328  -0.74616562  -0.22794311   0.08703088  -0.5759935
    2.75333358  -1.08308279 -12.25805787  20.94537921   1.74305501
  -15.70297843  -0.6722151  -15.98543606]], Action: [[-0.7392328   1.         -1.         -1.         -0.90294385 -1.        ]], Reward: [-0.4121819],Reward_sum: -93.5182876586914, Done: [False]
==========
t: 134, State: [[-1.70499033  0.37454662  1.62722026 -0.51242083  0.8224845   0.35044569
  -0.44756923 -0.04311513 -0.57027239  0.73025563 -0.40641151 -4.4061643
  -2.1034278  -1.85317753 18.40381082 16.52647956  4.96177601  0.36919225]], Action: [[-1.          1.          1.          1.          1.         -0.56175053]], Reward: [-0.46186033],Reward_sum: -93.98014831542969, Done: [False]
==========
t: 135, State: [[ -1.62346462   0.29303946   1.56905276   0.26439759  -0.30872981
    0.7656337    0.20892369   0.10257578  -0.14826908   1.30809341
   -1.86210452  -0.87107523  17.68068203 -25.85773972   1.41127069
   10.11199231   2.73053267  11.73762081]], Action: [[ 1.         -1.          1.         -0.04249102 -0.21397792  0.1610492 ]], Reward: [1.3231612],Reward_sum: -92.656982421875, Done: [False]
==========
t: 136, State: [[ -1.58773158   0.26060068   1.48709862   0.66392556  -0.8026416
    0.33648714   0.18718701   0.03900496   0.51864282   0.55289799
    0.0826817   -1.78574575   0.68597819   2.14196547 -10.72307679
   -6.4788199   -3.91387126  11.69710961]], Action: [[ 1.         -1.          0.39965904 -0.9059336  -1.          0.4704427 ]], Reward: [0.29448482],Reward_sum: -92.36249542236328, Done: [False]
==========
t: 137, State: [[ -1.60391739   0.30927628   1.41113005   0.03345062   0.34690426
   -0.47917749  -0.43219214  -0.19359318   0.19096504  -0.96812455
    0.84288179  -1.197638   -14.31625546  22.71278834 -14.169663
  -14.44578965  -4.69224038 -13.37003264]], Action: [[-0.2278565  1.        -1.        -1.        -0.9380013 -1.       ]], Reward: [-0.8168926],Reward_sum: -93.17938995361328, Done: [False]
==========
t: 138, State: [[-1.6166175   0.2653117   1.27812045 -0.52536729  0.80856417 -0.31631794
  -0.39624047 -0.05926935 -0.54237987  0.54942367 -1.79338818 -3.38651868
  -6.6573083  -1.60468028  5.40048472  9.67059828  4.57035381 -1.24526966]], Action: [[-1.         1.        -0.4117648  0.8505409  1.        -1.       ]], Reward: [-0.7432992],Reward_sum: -93.92269134521484, Done: [False]
==========
t: 139, State: [[ -1.51188473   0.10938778   1.21513608   0.14642823  -0.34485306
    0.3618619    0.33183388   0.1550358   -0.2507293    1.90195181
   -3.80167929  -1.20801683  17.47719319 -26.46830672  14.34248384
   15.11778815   5.6734258    9.353642  ]], Action: [[ 1.         -1.          1.          0.8238859   0.39396712  0.09952493]], Reward: [1.710265],Reward_sum: -92.2124252319336, Done: [False]
==========
t: 140, State: [[-1.46889404 -0.03502359  1.09904515  0.57453082 -0.82687363  0.700919
   0.43657392  0.22815335  0.50097444  0.49577342 -2.25861536 -2.88246127
   2.06481749  3.47247316  1.03187427 -5.05252523 -2.12640052 15.37120473]], Action: [[ 1.        -1.         1.        -0.9039279 -1.         0.6589746]], Reward: [0.3346805],Reward_sum: -91.87774658203125, Done: [False]
==========
t: 141, State: [[ -1.45244478  -0.10890639   0.99835573   0.46901813  -0.4654325
   -0.19912563   0.2122217    0.19031854   0.55311539   0.47840032
   -0.9730186   -1.44045357  -3.6343548    5.12128322 -21.39960573
    2.74851757   3.77694792  -1.86038591]], Action: [[ 0.7091204 -1.        -1.        -1.        -1.        -1.       ]], Reward: [-0.22129998],Reward_sum: -92.09904479980469, Done: [False]
==========
t: 142, State: [[-1.45520758 -0.1604155   0.91327054  0.10409702  0.28504312 -0.49210807
   0.41051716  0.24769889  0.25451939 -0.13695086 -1.1305251  -1.54925868
  -5.91145665 14.336855    2.97279724  4.21686878  0.31991351 -6.91086091]], Action: [[ 0.70504487  1.         -1.         -0.47331667 -1.         -1.        ]], Reward: [-0.52736765],Reward_sum: -92.62641143798828, Done: [False]
==========
t: 143, State: [[ -1.45587426  -0.2106941    0.8809778   -0.4146838    0.56064498
    0.36948211   0.4683329    0.53553001  -0.25800771   0.14774081
   -1.0897328   -0.16787278  -9.9896164   -0.93670642  18.62550585
    0.07530802   7.15798317 -10.22512084]], Action: [[-1.          0.6050123   1.          0.41312742  1.         -0.8260502 ]], Reward: [-0.435241],Reward_sum: -93.0616455078125, Done: [False]
==========
t: 144, State: [[-1.4410918  -0.2506121   0.81253257 -0.41499266  0.27774551  0.75349349
   0.54544397  0.61904181 -0.29878463  0.27067019 -0.57283822 -2.43614442
   4.64640311 -6.16095547  0.36382805  2.18326478 -1.32389007  4.47545336]], Action: [[-0.17788301  0.51087517  1.          1.          1.          0.27222997]], Reward: [-0.04102531],Reward_sum: -93.10266876220703, Done: [False]
==========
t: 145, State: [[ -1.40101621  -0.2685066    0.7666572    0.31140907  -0.59077752
   -0.24308867   0.55690759   0.26610536   0.60642223   0.452733
   -0.49248617  -1.41987363  13.9809137  -17.11185404 -22.90773044
   -0.55658074  -7.30202487  22.83486911]], Action: [[ 1.        -1.        -1.        -0.3527761 -1.         1.       ]], Reward: [0.28906673],Reward_sum: -92.8135986328125, Done: [False]
==========
t: 146, State: [[-1.41572595 -0.2558353   0.68343565  0.51064621 -0.67075753 -0.435678
   0.54043603  0.34482125  0.53544949 -0.46525554  0.71875763 -1.72890921
  -0.37858264  6.47831111  1.06385578 -2.13223881  3.61032501 -0.884992  ]], Action: [[ 1.         -0.61837643 -1.         -1.         -1.         -0.27736342]], Reward: [-0.74012685],Reward_sum: -93.55372619628906, Done: [False]
==========
t: 147, State: [[ -1.47794341  -0.18675047   0.56814514  -0.22515978   0.4405798
    0.32050598   0.18129516   0.99081565   0.25391963  -1.53797457
    1.37256135  -2.68436594 -17.72034519  19.25587849  17.06021263
   -7.44526953  14.04067014  -7.47079862]], Action: [[-1.         1.         0.847136  -0.9092204  1.        -1.       ]], Reward: [-1.7987812],Reward_sum: -95.35250854492188, Done: [False]
==========
t: 148, State: [[-1.50123141 -0.12998271  0.53937559 -0.52584789  0.45783499  0.74017801
   0.27181589  0.75834512  0.07604394  0.10535424  1.23911531  0.68933082
   2.01127189 -8.06667641  1.73315845  2.37447879 -7.45133139 -2.77629967]], Action: [[-0.52352786  0.29102904  1.          0.27845907  1.          0.05718784]], Reward: [-0.70971894],Reward_sum: -96.06222534179688, Done: [False]
==========
t: 149, State: [[ -1.46539686  -0.05372974   0.64130202   0.1860682   -0.43041485
   -0.12396648   0.28047445   0.17352372   0.52297555   0.45979272
    1.20546785   1.0923595   14.56154317 -16.58005652 -20.34014927
   -2.08842242 -11.46481157  12.9147844 ]], Action: [[ 1.         -0.4667142  -0.66529864 -0.8386755  -1.          0.85839313]], Reward: [0.30662495],Reward_sum: -95.75559997558594, Done: [False]
==========
t: 150, State: [[-1.48323602e+00  2.46873055e-03  6.22564271e-01  4.83072029e-01
  -3.04260014e-01 -4.58805227e-01  2.19469023e-01  7.46856889e-02
   5.19312047e-01 -8.01412221e-01  1.32829072e+00 -6.69300977e-01
   1.83733320e+00  1.10421997e+01  1.79225334e+00 -2.65508402e+00
   2.44720042e-01 -6.37164455e-01]], Action: [[ 1.          0.256518   -1.         -1.         -1.         -0.29861945]], Reward: [-0.7722807],Reward_sum: -96.52787780761719, Done: [False]
==========
t: 151, State: [[ -1.56777834   0.12351272   0.59616414  -0.1304321    0.59320731
    0.4111341   -0.19000804   0.60086091   0.14736339  -2.01398814
    2.62450234  -0.33931682 -16.58939837  13.94213321  19.10429976
   -9.34709161  12.56502014 -10.89628045]], Action: [[-1.  1.  1. -1.  1. -1.]], Reward: [-2.2908463],Reward_sum: -98.81874084472656, Done: [False]
==========
t: 152, State: [[-1.61670652e+00  2.06007202e-01  6.01706075e-01 -5.85309880e-01
   7.70100188e-01  8.16589539e-01 -4.62354305e-03  5.33262947e-01
  -2.63941798e-01 -7.27283350e-02  1.33227257e+00  9.63139998e-01
   7.85754259e-01 -3.89535605e+00 -5.50611365e-01  9.42036281e+00
  -6.70761318e+00 -5.26039158e+00]], Action: [[-1.          1.          1.          0.8429117   1.          0.05776535]], Reward: [-1.4499472],Reward_sum: -100.26868438720703, Done: [False]
==========
t: 153, State: [[ -1.57324826   0.27114843   0.7804282    0.24652047  -0.33473462
   -0.03230974   0.43376284  -0.23678507   0.02657564   0.56802012
    0.75057124   2.63897163  17.47234136 -25.10025169 -19.26080951
    6.55995869 -14.49482461  10.77259008]], Action: [[ 1.         -0.8272933  -0.46157008  0.14591283 -1.          0.8035123 ]], Reward: [0.5127267],Reward_sum: -99.7559585571289, Done: [False]
==========
t: 154, State: [[-1.61231725e+00  3.21523718e-01  7.74731217e-01  5.54821711e-01
  -4.12709033e-01 -5.04625101e-01 -5.58957093e-04 -4.47459286e-01
   3.14105323e-01 -1.38163659e+00  1.18943147e+00 -5.04911632e-01
  -2.36696911e-02  1.05304638e+01  2.69361819e+00 -1.63913338e+01
   4.79609019e-01  1.61175181e+00]], Action: [[ 1.          0.18276139 -1.         -1.         -1.         -0.25743455]], Reward: [-1.1913472],Reward_sum: -100.94730377197266, Done: [False]
==========
t: 155, State: [[ -1.71454119   0.3732878    0.75061743  -0.05064932   0.62847986
   -0.16289472  -0.60396573   0.1288383   -0.09719405  -2.0047707
    0.6309708   -0.73407179 -14.89681608  17.54149689   6.46508402
   -5.95182152  13.36808584 -11.91196724]], Action: [[-1.          1.         -0.47217345  0.03213161  1.         -0.65082204]], Reward: [-2.4092336],Reward_sum: -103.35653686523438, Done: [False]
==========
t: 156, State: [[-1.75795816  0.36982122  0.71866056 -0.57211625  0.74426047  0.48890608
  -0.43336766  0.50334356 -0.55710632 -0.11389181 -0.41018907 -0.1912098
  -4.06956872 -5.92273291 11.85462533  7.91422454  3.3744673  -4.54090616]], Action: [[-1.          0.92581457  1.         -0.00105375  1.         -0.6157731 ]], Reward: [-1.2919706],Reward_sum: -104.64850616455078, Done: [False]
==========
t: 157, State: [[ -1.69165078   0.31790034   0.81379238   0.13452343  -0.41795312
    0.6711204    0.30732692   0.28533092  -0.06575777   1.14342482
   -1.90754234   1.73803849  16.4955361  -25.01118488  -1.10610669
   16.41741521  -3.90901707  15.98771029]], Action: [[ 0.88943917 -1.          1.          0.8040067   0.51211417  1.        ]], Reward: [0.8561687],Reward_sum: -103.7923355102539, Done: [False]
==========
t: 158, State: [[ -1.70851279   0.23734255   0.82949849   0.54784854  -0.83440392
   -0.27648052   0.52533798   0.10250628   0.57753759  -0.91033052
   -1.1859758   -0.50077968   1.97697471   3.63519355 -21.51743239
   -2.83541483  -3.43442436  -0.49739409]], Action: [[ 1.         -1.         -1.         -0.78883266 -1.          0.48649067]], Reward: [-0.82313323],Reward_sum: -104.61547088623047, Done: [False]
==========
t: 159, State: [[ -1.79832218   0.20016135   0.79105817   0.17937416   0.26814001
   -0.44094441  -0.09690793  -0.07880884   0.06685402  -2.34158238
   -0.90585776  -0.27200502  -7.41050797  21.92522924   1.33512604
  -16.94033102  -3.90672833 -14.45242693]], Action: [[ 0.44642794  0.95199305 -1.         -1.         -1.         -1.        ]], Reward: [-2.3067467],Reward_sum: -106.9222183227539, Done: [False]
==========
t: 160, State: [[-1.88481947e+00  1.50756808e-01  7.55973369e-01 -3.33943563e-01
   8.45696136e-01  3.84345629e-01  6.09390827e-02  5.42076095e-03
  -5.84372954e-01 -1.02477194e+00 -1.13204048e+00 -4.22880568e-01
  -9.23558339e+00 -3.54839581e-01  1.88325905e+01  1.00152943e+01
   5.25969472e+00 -1.03564899e+01]], Action: [[-1.         1.         1.         1.         1.        -0.6447335]], Reward: [-2.271514],Reward_sum: -109.19373321533203, Done: [False]
==========
t: 161, State: [[-1.88195791e+00  7.72385204e-02  8.45417173e-01 -9.24282598e-02
   1.61201364e-02  7.99971138e-01  5.36066927e-01  4.16133457e-01
  -1.01375054e-01  4.38545434e-02 -1.82787863e+00  2.55473953e+00
   8.61417633e+00 -2.00807515e+01  7.13950274e-01  8.05145890e+00
   9.57925141e+00  1.57952401e+01]], Action: [[ 0.20297441 -0.44321734  1.          1.          1.          0.8986476 ]], Reward: [-0.34728968],Reward_sum: -109.54102325439453, Done: [False]
==========
t: 162, State: [[-1.90519952e+00  2.20934385e-03  9.41527956e-01  3.60706794e-01
  -8.62497687e-01  5.42137125e-01  5.00822654e-01  4.06722864e-01
   6.59597615e-01 -8.29761443e-01 -1.32842692e+00  8.28479068e-01
   6.37895456e+00 -9.97686477e+00 -6.35078051e+00 -4.43406023e+00
  -5.40371980e+00 -1.98637844e+00]], Action: [[ 1.         -1.          1.         -0.77850306 -1.          1.        ]], Reward: [-1.0254388],Reward_sum: -110.56645965576172, Done: [False]
==========
t: 163, State: [[ -1.98488619  -0.05584368   0.90110797   0.24906765  -0.13138759
   -0.41197551   0.25337626  -0.02885478   0.57614934  -1.1815834
   -0.84040004  -2.29218322  -2.04602997  19.61810154 -18.47125518
    9.4567919   -2.95007374   3.24714354]], Action: [[ 0.6067309   0.50931543 -1.         -0.56776565 -1.          1.        ]], Reward: [-1.9887216],Reward_sum: -112.55518341064453, Done: [False]
==========
t: 164, State: [[-2.02167013 -0.04189328  0.85222188  0.12564325  0.21034421 -0.45201
   0.24942772  0.19780616  0.28322532 -0.34808049  0.91316446 -0.26707431
  -2.36269741 -1.07222612  1.71177235 -3.11305376  7.55836786 -8.26144936]], Action: [[ 0.14608337 -0.17076556 -1.         -1.         -0.2235759  -1.        ]], Reward: [-1.0457276],Reward_sum: -113.60091400146484, Done: [False]
==========
t: 165, State: [[-2.06186534e+00  1.51873178e-02  8.16790232e-01 -3.97644502e-01
   4.26781247e-01  3.53497470e-01 -5.26445456e-03  7.10518069e-01
  -1.34619028e-01 -9.62893531e-01  9.75632400e-01 -9.75219673e-01
  -1.18107340e+01  4.25078532e+00  1.77025835e+01 -4.50727218e+00
   8.83416437e+00 -7.09730833e+00]], Action: [[-1.          1.          1.         -0.4357299   1.         -0.45788395]], Reward: [-1.2438561],Reward_sum: -114.84477233886719, Done: [False]
==========
t: 166, State: [[-2.07986449  0.01541918  0.77519138 -0.54943154  0.47483839  0.724488
   0.22463872  0.58083739 -0.24768529 -0.03954922 -0.44649717 -0.65469629
   1.73697061 -0.04906686  0.67616181  8.09938754 -6.46432213  0.80275077]], Action: [[-1.          1.          1.          0.8249513   1.          0.07663052]], Reward: [-0.8286246],Reward_sum: -115.67339324951172, Done: [False]
==========
t: 167, State: [[ -2.03509077   0.02413914   0.86466586   0.22986644  -0.46825597
    0.17917084   0.22330481   0.04614137   0.13300796   0.82405852
    0.11419398   1.13644432  16.72885846 -21.80338579 -12.64663106
    0.09883478  -6.8904208   13.68507981]], Action: [[ 1.         -1.          0.09356707 -1.         -1.          0.1457683 ]], Reward: [0.49247396],Reward_sum: -115.18091583251953, Done: [False]
==========
t: 168, State: [[-2.05473445  0.04057369  0.81617483  0.49811936 -0.32266038 -0.46463936
   0.13728225 -0.03814326  0.54802583 -0.81745152  0.7026707  -1.2271377
  -0.46021842 13.44136298 -1.45641511 -2.6003213   0.77319181  4.13778225]], Action: [[ 0.85068256  0.31648177 -1.         -1.         -1.         -0.81910664]], Reward: [-0.84234923],Reward_sum: -116.02326202392578, Done: [False]
==========
t: 169, State: [[ -2.12562551   0.13769469   0.75343021  -0.1527579    0.64553945
   -0.29320171  -0.22167253   0.53787055   0.21578233  -1.59456947
    2.17674198  -1.09128443 -16.86581941  14.44195995   3.81612413
   -8.17416456  13.8818984  -11.20060985]], Action: [[-1.         1.        -0.6428723 -1.         1.        -1.       ]], Reward: [-1.9591497],Reward_sum: -117.98241424560547, Done: [False]
==========
t: 170, State: [[ -2.15756112   0.20477043   0.74199221  -0.57556885   0.68773681
    0.3488842   -0.27340072   0.72880087  -0.4835507    0.16882826
    1.00785      0.60672168   1.64954642  -6.47226794  12.82643444
    2.45744013  -2.14026618 -13.21196096]], Action: [[-1.          1.          1.         -0.16841888  1.         -1.        ]], Reward: [-1.1415486],Reward_sum: -119.12396240234375, Done: [False]
==========
t: 171, State: [[ -2.10102237   0.22268884   0.82464648   0.19647939  -0.15633156
    0.62803013   0.10848873  -0.08437777  -0.22747066   0.95288979
   -0.34854218   0.71627586  16.70280627 -16.17775208   1.14095465
    8.25636493 -17.34130809  13.50554676]], Action: [[ 1.         -0.13767593  1.          0.09204328 -0.5935677   0.9296376 ]], Reward: [0.8063774],Reward_sum: -118.31758880615234, Done: [False]
==========
t: 172, State: [[ -2.11917781   0.21643966   0.7843495    0.66911064  -0.22148526
   -0.24011703  -0.13904992  -0.54048875   0.5606433   -1.05123232
    0.09591809  -1.05703799   4.34342384   6.43419792 -20.31223152
  -12.64416123  -4.09665273  14.00548361]], Action: [[ 1.          0.17810102 -1.         -1.         -1.          0.85089904]], Reward: [-0.8386837],Reward_sum: -119.1562728881836, Done: [False]
==========
t: 173, State: [[ -2.19235189   0.22561968   0.80677561   0.39352966   0.33215466
   -0.45750281  -0.87628514  -0.38080228   0.07877328  -1.35775062
   -0.08798603   1.05039652  -8.10121416   9.16896235   1.86134976
  -12.43199405   4.91297114 -16.1986907 ]], Action: [[ 0.22520287  0.5095765  -1.         -1.         -0.62575626 -1.        ]], Reward: [-1.8336772],Reward_sum: -120.98995208740234, Done: [False]
==========
t: 174, State: [[ -2.21063412   0.20556928   0.70832797  -0.25108074   0.71225448
    0.39067708  -0.40580685   0.05177111  -0.54030344   0.19215772
   -0.9692817   -3.52740668 -12.78300301   3.78360353  18.78731671
   19.11150787   9.95582494  -1.91419971]], Action: [[-1.          1.          1.          0.96789753  1.         -0.27320772]], Reward: [-0.8667914],Reward_sum: -121.85674285888672, Done: [False]
==========
t: 175, State: [[ -2.13406769   0.11595341   0.71581306   0.11401727  -0.2510208
    0.77522204   0.44927143   0.44118257  -0.30708997   1.380015
   -2.29911485   1.63416533  12.6930622  -25.03580071   0.25224014
   14.0961832    6.70091685   7.48887434]], Action: [[ 1.         -1.          1.          0.4486481   0.25664753 -0.43729287]], Reward: [1.1854908],Reward_sum: -120.6712417602539, Done: [False]
==========
t: 176, State: [[ -2.1286899    0.0230553    0.7352709    0.44472355  -0.82136476
    0.28916276   0.53936628   0.41608233   0.35310027  -0.42751517
   -1.47563834  -0.6867715    1.28678607   1.03079643 -11.57108647
   -5.17267208  -5.17913521  13.70891063]], Action: [[ 1.         -1.          0.38510904 -1.         -1.          0.27213436]], Reward: [-0.31468084],Reward_sum: -120.98592376708984, Done: [False]
==========
t: 177, State: [[ -2.1802977   -0.02874019   0.64994736   0.21745377  -0.04707353
   -0.53132341   0.13589875   0.1544937    0.56413616  -0.35175128
   -0.14190897  -3.77555679  -2.64828037  16.02266478 -13.42598458
    7.49032206  -0.92383229  13.08271756]], Action: [[ 0.55877286  0.31115508 -1.         -1.         -0.7069568  -1.        ]], Reward: [-1.4230392],Reward_sum: -122.40896606445312, Done: [False]
==========
t: 178, State: [[-2.18672417e+00  1.86999273e-03  5.58966215e-01  1.83247465e-01
  -4.03241663e-02 -4.43146459e-01  1.37175831e-01  3.83985017e-01
   3.13929857e-01 -7.65063477e-02  9.91085714e-01 -8.35023928e-01
   3.91415672e-01 -7.09092661e+00  1.39518008e+00 -2.45663388e+00
   6.85816742e+00 -7.37187224e+00]], Action: [[ 0.4472896  -0.61596894 -1.         -1.         -0.11455037 -1.        ]], Reward: [-0.48779023],Reward_sum: -122.89675903320312, Done: [False]
==========
t: 179, State: [[-2.17320011  0.02107215  0.52523488  0.3819194  -0.57620606  0.30048813
   0.26776481  0.31677279  0.214526    0.2652803  -0.0352793  -1.02474649
   4.52472899 -8.76375338 17.10337172  4.65698393 -4.42657774  1.36433612]], Action: [[ 1.         -1.          1.          0.609854    0.38092747  1.        ]], Reward: [-0.18122153],Reward_sum: -123.0779800415039, Done: [False]
==========
t: 180, State: [[-2.18228904  0.01827187  0.44419042  0.49081418 -0.66166258  0.73841634
   0.16529671  0.27444433  0.46226063 -0.44117314 -0.11638047 -1.81968155
   0.82386032  2.29083313  2.3113221  -5.45120853  0.53323798  5.95168435]], Action: [[ 1.         -1.          1.         -0.32905298  0.33495843  1.        ]], Reward: [-0.6038261],Reward_sum: -123.68180847167969, Done: [False]
==========
t: 181, State: [[-2.24811064e+00  1.70445388e-02  3.15963750e-01 -1.01167716e-01
   2.33605072e-01  5.48012890e-01 -1.04991090e-02  5.40015938e-01
   4.47042152e-01 -1.53665908e+00 -1.58082405e-01 -2.93510463e+00
  -1.49614522e+01  1.71421419e+01 -5.32783013e+00 -1.78283796e+00
   6.13580604e+00 -4.48359025e+00]], Action: [[-1.          0.4073847   0.7727543  -0.17865613  1.         -0.24810013]], Reward: [-1.6020904],Reward_sum: -125.28389739990234, Done: [False]
==========
t: 182, State: [[-2.28715462e+00 -1.15785457e-02  1.83800231e-01 -5.50772000e-01
   5.00269977e-01  4.12530501e-01  1.55926545e-01  6.21980757e-01
  -1.87839504e-01 -1.02841916e-01 -5.21783796e-01 -1.89841532e+00
  -3.00506383e-01 -3.55253429e+00 -1.81244739e+00  4.98803863e+00
  -6.91699872e-01 -1.53063444e+01]], Action: [[-0.78304183  0.6106106   1.          0.3415035   1.         -1.        ]], Reward: [-1.1911418],Reward_sum: -126.47503662109375, Done: [False]
==========
t: 183, State: [[ -2.26647088  -0.03050495   0.12852891   0.08007577   0.07729686
   -0.0816966    0.29691492   0.1032258   -0.46048277   0.4485242
   -0.72480462  -1.7588206   14.96195552  -6.88627519  -9.8832831
    0.02095223 -12.3667163    0.57847992]], Action: [[ 1.          0.63330096 -0.12862128 -0.25266072 -0.640682   -0.17185865]], Reward: [0.22152865],Reward_sum: -126.2535171508789, Done: [False]
==========
t: 184, State: [[ -2.30605942  -0.10158357   0.02209739   0.37120983   0.30841938
   -0.47877548  -0.30498916  -0.37784871   0.16279012  -1.34213738
   -1.9095482   -1.37802511   0.40863256   8.91741961   0.19803428
  -18.46108122  -6.79959479  16.51936106]], Action: [[ 0.28357363  1.         -1.         -1.         -0.99977875  1.        ]], Reward: [-1.299768],Reward_sum: -127.55328369140625, Done: [False]
==========
t: 185, State: [[-2.37584109e+00 -2.12800682e-01 -5.95887412e-03 -1.35229662e-01
   7.02689380e-01 -6.10448169e-02 -1.05876129e+00 -1.41710876e-01
   3.35787123e-01 -6.63650458e-01 -2.15038611e+00 -2.04522025e+00
  -1.13386095e+01  5.18165576e+00  9.44558716e+00  1.79686805e-01
   5.06902128e+00 -5.42115317e+00]], Action: [[-1.          1.         -0.09405917 -0.91982037  0.36074924 -0.35378706]], Reward: [-1.7066556],Reward_sum: -129.25994873046875, Done: [False]
==========
t: 186, State: [[-2.32154606e+00 -2.56333978e-01 -1.40268821e-01 -3.23250174e-01
   8.52186713e-01  5.28616279e-01 -1.59781974e-01  1.76589837e-01
  -3.87246487e-01  2.22555855e+00  4.45191253e-03 -4.50790997e-01
   1.57723150e+00 -1.89249098e+00  1.05341111e+01  2.20820282e+01
   8.47023858e+00 -1.57655075e+01]], Action: [[-0.5856539   1.          1.          0.92617905  1.         -0.9360048 ]], Reward: [0.57821023],Reward_sum: -128.68173217773438, Done: [False]
==========
t: 187, State: [[ -2.20584333  -0.1941657   -0.05601412   0.22601931   0.1929125
    0.77494745   0.2528358   -0.05859051  -0.51864989   2.32846189
    1.52867576   2.22951526  12.13332306 -16.04999273   1.36319278
    2.79178107  -2.34880414   3.46249186]], Action: [[ 0.5536162  -0.61301595  1.         -0.18962532  0.1829582  -0.44753033]], Reward: [2.1188552],Reward_sum: -126.56287384033203, Done: [False]
==========
t: 188, State: [[-2.13145959e+00 -1.40308530e-01  3.97639465e-02  6.70394644e-01
  -2.76836873e-01 -1.59985575e-01  5.22397980e-03 -2.88911146e-01
   3.84241539e-02  8.19739457e-01  7.08457738e-01  1.82103900e+00
   4.50826478e+00 -4.78405386e+00 -2.29110823e+01 -9.63921553e+00
  -5.11423454e+00  1.36084678e+01]], Action: [[ 1.         -0.2646402  -1.         -0.64328927 -1.          0.47128344]], Reward: [1.1170782],Reward_sum: -125.44579315185547, Done: [False]
==========
t: 189, State: [[ -2.13631393  -0.13797236   0.15374721   0.29762137   0.28298834
   -0.48082702  -0.70273271  -0.43787769   0.13353185  -0.10276632
   -0.39671281   2.42970797  -9.8243383   14.2837278    2.61764736
  -13.73005943  -2.02008727  -5.2840757 ]], Action: [[ 0.27007824  0.9640697  -1.         -1.         -1.         -0.9879947 ]], Reward: [-0.5949372],Reward_sum: -126.04073333740234, Done: [False]
==========
t: 190, State: [[ -2.09534091  -0.14375337   0.13394502  -0.31273249   0.79284536
    0.34683383  -0.38148033  -0.11857652   0.02932105   1.55702785
   -0.12267674  -1.79140598 -11.231114     4.77542919  18.03878856
   16.09599876  10.68473797   0.85479363]], Action: [[-1.         1.         0.8930977  1.         1.         1.       ]], Reward: [0.23969786],Reward_sum: -125.80103302001953, Done: [False]
==========
t: 191, State: [[-1.96790596e+00 -9.29793796e-02  1.22063762e-01  1.56609233e-01
  -1.53448280e-01  7.62139292e-01  3.04805927e-02 -1.29893208e-01
  -4.05034125e-01  2.86195753e+00  1.01173389e+00 -6.10191555e-03
   1.55582873e+01 -2.53727251e+01  1.50018649e+00  6.36654106e+00
   3.90019433e+00 -4.74085786e+00]], Action: [[ 1.         -1.          1.         -0.06954515  0.14999749 -0.15302585]], Reward: [2.2436237],Reward_sum: -123.55740356445312, Done: [False]
==========
t: 192, State: [[-1.87494441 -0.07409542  0.11114972  0.64118723 -0.73415506  0.4952871
  -0.11461221 -0.14047437  0.04910965  1.21849372  0.08817121  0.03890639
   4.44554272 -1.1039076  -6.99981553 -8.00307534 -2.91018383 15.01308408]], Action: [[ 1.        -1.         0.6656462 -1.        -1.         0.9976867]], Reward: [1.3153847],Reward_sum: -122.24201965332031, Done: [False]
==========
t: 193, State: [[ -1.86512344  -0.09744115   0.17501321   0.27889407  -0.14457392
   -0.35695431  -0.71331708  -0.38394216   0.4852512    0.03027041
   -0.81654197   1.88958114 -10.35899969  11.96730719 -16.86461916
  -12.18122087  -5.37834627   3.21132418]], Action: [[-0.16998725 -0.3436659  -1.         -1.         -1.          0.10536306]], Reward: [-0.11939093],Reward_sum: -122.36141967773438, Done: [False]
==========
t: 194, State: [[ -1.83870964  -0.14841918   0.12428671  -0.40575912   0.64149096
   -0.44673021  -0.61965657  -0.09196722  -0.12228698   1.10586315
   -1.09406391  -2.54443727 -12.42461425  11.58845414   1.50627539
    9.88129332  10.37392193 -17.87116636]], Action: [[-1.          1.         -1.          0.18869475  0.8843125  -1.        ]], Reward: [0.04651451],Reward_sum: -122.31490325927734, Done: [False]
==========
t: 195, State: [[-1.72899423 -0.1799264  -0.01898579 -0.42841081  0.66671073  0.26162593
  -0.0798522   0.13305072 -0.6536064   2.43040979 -0.25967942 -3.35750645
   6.0207285  -4.27828467 16.49578525  8.56283397 -1.82033558  4.22673048]], Action: [[-0.16688167  1.          1.          0.28914464  1.         -1.        ]], Reward: [1.7831628],Reward_sum: -120.53173828125, Done: [False]
==========
t: 196, State: [[-1.57689595e+00 -1.10719474e-01 -5.31597674e-03  2.70566922e-01
  -5.40465880e-02  6.20392217e-01 -7.55355310e-02 -2.18560970e-03
   6.96403294e-02  3.31572523e+00  1.91700720e+00  1.65888043e+00
   1.40879490e+01 -1.57413397e+01  1.72636760e+00 -4.73914088e+00
  -2.06097755e+00  1.83987078e+01]], Action: [[ 1.         -1.          1.         -0.9212103  -0.2665689   0.92486924]], Reward: [2.5644584],Reward_sum: -117.96728515625, Done: [False]
==========
t: 197, State: [[-1.43847735e+00 -5.91180545e-02  7.48728302e-02  6.78938741e-01
  -5.56648929e-01 -1.90197733e-01 -2.64482151e-01 -3.70368595e-01
   5.22770026e-01  2.32887163e+00  5.70981016e-01  1.61626528e+00
   2.68211298e+00 -4.33747325e+00 -1.97169617e+01 -3.58126301e+00
  -8.48176651e+00 -4.02869370e-03]], Action: [[ 0.67996687 -0.9168859  -1.         -0.3253714  -1.         -0.01282789]], Reward: [2.4274654],Reward_sum: -115.5398178100586, Done: [False]
==========
t: 198, State: [[ -1.36651946  -0.06264743   0.13868147   0.21163023   0.27686751
   -0.47170128  -0.6670216   -0.56861426   0.05926474   1.36251938
   -0.44847666   0.96192894 -10.87733333  19.51680037   2.3269207
   -8.5254288   -1.48060831 -13.09873953]], Action: [[ 0.16575421  1.         -1.         -1.         -1.         -0.6199205 ]], Reward: [0.9979801],Reward_sum: -114.54183959960938, Done: [False]
==========
t: 199, State: [[-1.25311622 -0.06729322  0.06927248 -0.37340743  0.82534871  0.38225416
  -0.20602267 -0.10262951 -0.53599054  3.07004831  0.10482617 -1.827463
  -9.45983377  0.16332982 19.11736284 16.18737303 13.76292546 -1.09210683]], Action: [[-1.          1.          1.          1.          1.         -0.56992203]], Reward: [1.7355838],Reward_sum: -112.80624389648438, Done: [False]
==========
HalfCheetah-v4 - Steps: 200, Return: -112.80624389648438, State: [[-1.25311622 -0.06729322  0.06927248 -0.37340743  0.82534871  0.38225416
  -0.20602267 -0.10262951 -0.53599054  3.07004831  0.10482617 -1.827463
  -9.45983377  0.16332982 19.11736284 16.18737303 13.76292546 -1.09210683]]
