[CudaDevice(id=0)]
Using AIRL:  False
Using GAIL:  False
Using RGCL:  False
Experiment State @  2025-07-28 11:09:19.131746-05:00
Experiment Saved @  results/experiment_131
Experiment Settings Saved @  results/experiment_131
131
Using cuda device
Wrapping the env with a `Monitor` wrapper
Wrapping the env in a DummyVecEnv.
Wrapping the env with a `Monitor` wrapper
Wrapping the env in a DummyVecEnv.
t: 0, State: [[ 2.79333897e-02  7.19343622e-03  7.35608577e-04  1.86351235e-01
  -6.13955269e-02 -3.80183617e-01 -1.98164488e-01 -1.01648965e-01
  -5.02509315e-02 -7.26647818e-02 -6.10048547e-01 -1.16280971e-01
   7.03535115e+00  1.42339505e+00 -1.09048955e+01 -8.47009423e+00
  -3.79263228e+00 -2.28704404e+00]], Action: [[ 1.          0.26051795 -0.91244525 -1.         -0.88403225 -0.48838252]], Reward: [-0.41923198],Reward_sum: -0.41923198103904724, Done: [False]
==========
t: 1, State: [[-1.05567751e-02 -5.93424738e-02 -8.23384375e-03  9.81836659e-03
   5.08616539e-01 -4.32517553e-01 -6.94745467e-01 -6.58879870e-02
  -1.49827060e-01 -8.88268690e-01 -1.60076548e+00 -2.75678538e-02
  -7.17152595e+00  1.18598772e+01  1.03740758e+00 -8.45991225e+00
   2.02533650e+00 -1.61117583e+00]], Action: [[-0.69765985  1.         -1.         -0.66217047  0.17908396 -0.16135655]], Reward: [-1.068134],Reward_sum: -1.487365961074829, Done: [False]
==========
t: 2, State: [[-7.57935820e-03 -1.27539251e-01 -9.76110506e-02 -3.93748635e-01
   7.88562453e-01  3.55444185e-01 -3.05399546e-01  1.20869941e-01
  -4.88900327e-01  6.63749773e-01 -1.30551819e+00 -2.43548228e+00
  -6.78809749e+00  5.37931422e-01  1.79973645e+01  1.51507219e+01
   5.22164419e+00 -7.87026701e+00]], Action: [[-1.         1.         1.         0.8084607  1.        -1.       ]], Reward: [-0.5058126],Reward_sum: -1.9931786060333252, Done: [False]
==========
t: 3, State: [[ 8.38639965e-02 -1.24570615e-01  9.50282079e-04 -7.73809622e-02
   9.56932254e-02  7.74095696e-01  4.07309554e-01  1.69094020e-01
  -4.56611997e-01  2.45684325e+00  1.40443390e+00  3.92841392e+00
   8.15247819e+00 -1.10304128e+01  1.43618523e+00  1.20990936e+01
  -8.69978744e+00 -3.81952279e+00]], Action: [[ 0.42981052 -1.          1.          0.5082538   0.32456633  0.07705973]], Reward: [1.573433],Reward_sum: -0.4197455644607544, Done: [False]
==========
t: 4, State: [[  0.17481962  -0.05587666   0.17654168   0.44177188  -0.59100842
    0.16320923   0.37426039  -0.16732461  -0.09171988   1.2627582
    1.15610412   2.49438241   8.49320312 -10.27674509 -14.7626144
   -8.3154023   -5.5577842   11.91481434]], Action: [[ 1.         -0.86811143 -0.04117912 -0.6941503  -1.          0.4175043 ]], Reward: [1.4779657],Reward_sum: 1.0582201480865479, Done: [False]
==========
t: 5, State: [[ 1.79732235e-01 -5.03369228e-03  2.33249355e-01  4.37981255e-01
  -2.15611133e-01 -4.98279221e-01 -2.41959141e-01 -4.29233125e-01
   4.13140994e-01 -3.59831363e-01  1.03074846e+00  9.45746431e-01
  -3.29123986e+00  1.28177149e+01 -5.44961409e-01 -1.36151626e+01
  -4.55970906e+00  6.84995012e+00]], Action: [[ 0.76710784  0.11604322 -1.         -1.         -1.          0.1266921 ]], Reward: [-0.26354486],Reward_sum: 0.7946752905845642, Done: [False]
==========
t: 6, State: [[  0.13758866   0.03401016   0.26249917  -0.161528     0.67837337
   -0.40850079  -0.82769227   0.05934605   0.12120884  -0.63996387
    0.61040507   0.2069872  -13.61087826  13.74193256   0.96915914
   -6.73843851  13.78374357 -11.57900988]], Action: [[-1.         1.        -1.        -0.4912752  1.        -0.5364992]], Reward: [-1.2957897],Reward_sum: -0.5011144280433655, Done: [False]
==========
t: 7, State: [[  0.17651203   0.06596823   0.24027615  -0.5642487    0.73605669
    0.31501358  -0.50325793   0.46117245  -0.59975826   1.71145992
    0.70146052  -0.16654126   0.27954354  -6.33311185  15.92117421
   12.36213532   4.43760766 -12.90552159]], Action: [[-1.          1.          1.          0.11313727  1.         -1.        ]], Reward: [0.27718732],Reward_sum: -0.22392702102661133, Done: [False]
==========
t: 8, State: [[  0.30612735   0.09191401   0.342892     0.06794623  -0.2382999
    0.70416261   0.24832925   0.25553307  -0.07838624   2.51695536
   -0.25557249   2.25860968  13.28377078 -20.04637026   1.90657428
   14.34009645  -4.45243055  16.81669133]], Action: [[ 0.5511522  -0.54090315  1.          0.3222826   0.13189907  0.90655893]], Reward: [2.3383605],Reward_sum: 2.114433526992798, Done: [False]
==========
t: 9, State: [[ 3.67833127e-01  6.64961430e-02  4.20861114e-01  5.11971451e-01
  -8.23065420e-01 -8.21470889e-03  3.41674429e-01  5.75491729e-02
   6.37243310e-01  4.67918391e-01 -4.75858884e-01  9.02650204e-01
   4.22220832e+00 -3.44686771e+00 -1.73503036e+01 -4.92580359e+00
  -3.44909919e+00 -1.74598693e+00]], Action: [[ 1.        -1.        -0.4610409 -1.        -1.         0.8026566]], Reward: [0.748434],Reward_sum: 2.862867593765259, Done: [False]
==========
t: 10, State: [[ 3.33333430e-01  6.05959108e-02  3.90969034e-01  7.82468349e-02
   2.50467488e-01 -4.75745936e-01 -1.19385780e-02  4.83303350e-02
   5.27625264e-01 -9.33561810e-01  4.57640593e-01 -1.82145881e+00
  -1.01737451e+01  2.37270979e+01  1.85782028e+00 -1.71041200e+00
   1.29646582e+00  1.77886993e+00]], Action: [[-0.08240376  1.         -1.         -1.         -0.37907904 -0.07066466]], Reward: [-1.0055424],Reward_sum: 1.8573251962661743, Done: [False]
==========
t: 11, State: [[  0.28857615   0.09849891   0.32337929  -0.49367631   0.82181889
   -0.05457723  -0.20826741   0.51085091   0.11129324  -0.54199787
    0.95991739  -0.41357656  -9.16135186  -0.0883252    8.59525977
   -4.24419716  10.41739165 -13.04245564]], Action: [[-1.          1.         -0.02180913 -0.647693    1.         -1.        ]], Reward: [-1.3371438],Reward_sum: 0.52018141746521, Done: [False]
==========
t: 12, State: [[  0.32064965   0.13401107   0.3475867   -0.33659389   0.37940382
    0.48988055   0.06028521   0.53796134  -0.52036525   1.05828788
    0.35418901   0.57882225   7.46646341 -10.25107159   9.01035143
    9.55454293  -3.19878303  -9.99195831]], Action: [[-0.15541433  0.6380439   1.          0.70269436  1.         -0.6394598 ]], Reward: [0.30807576],Reward_sum: 0.8282572031021118, Done: [False]
==========
t: 13, State: [[  0.38225274   0.13879689   0.42064296   0.36347458  -0.58840015
    0.59142811   0.5104107   -0.15592868  -0.06446472   0.82843258
   -0.33696295   0.61798799  12.91645117 -17.00749961  -1.58406662
    6.17410232 -14.56001947  16.18020362]], Action: [[ 1.         -1.          0.90031916  0.17568082 -1.          1.        ]], Reward: [0.7479179],Reward_sum: 1.5761750936508179, Done: [False]
==========
t: 14, State: [[ 3.64350520e-01  1.32860247e-01  3.90830935e-01  6.37917660e-01
  -7.24700671e-01 -2.86813749e-01  5.09405156e-03 -4.24027543e-01
   6.22335295e-01 -1.06271144e+00 -1.21555320e-01 -4.62445313e-01
   2.75107155e-01  4.40333079e+00 -1.97193147e+01 -1.74118752e+01
  -4.70126773e-02 -1.44813534e+00]], Action: [[ 1.       -0.959354 -1.       -1.       -1.        1.      ]], Reward: [-0.9500804],Reward_sum: 0.6260946989059448, Done: [False]
==========
t: 15, State: [[  0.26563983   0.09049541   0.38201161  -0.13273132   0.48052079
   -0.43443115  -0.76194443  -0.04044483  -0.10564365  -1.90587904
   -1.55463218  -0.60121779 -17.64781227  22.7395466    1.13867318
   -9.77934475   8.49230621 -19.16024416]], Action: [[-1.          1.         -1.         -0.4570999   0.20339788 -1.        ]], Reward: [-2.399245],Reward_sum: -1.7731499671936035, Done: [False]
==========
t: 16, State: [[ 2.63829682e-01  9.08514814e-03  2.81173853e-01 -5.53657625e-01
   8.17799820e-01  2.90515029e-01 -4.52092803e-01  2.52575616e-01
  -6.08710059e-01  1.10308849e+00 -1.44699953e+00 -2.06662433e+00
   9.41218019e-01 -3.31472437e+00  1.63882395e+01  1.31183440e+01
   3.97742054e+00  3.45856701e+00]], Action: [[-1.          1.          1.          0.40681368  1.         -1.        ]], Reward: [-0.55275273],Reward_sum: -2.3259027004241943, Done: [False]
==========
t: 17, State: [[  0.3753972   -0.03582146   0.2412622    0.30473111  -0.29963464
    0.72327919   0.39684411  -0.28667373  -0.2247368    2.23549989
   -1.36588676  -1.44200662  18.71347792 -24.96093961   2.85462252
   16.89864361  -8.83272939  12.63810786]], Action: [[ 1.         -1.          1.          0.78065515 -0.21796261  1.        ]], Reward: [1.7656574],Reward_sum: -0.5602452754974365, Done: [False]
==========
t: 18, State: [[  0.39740254  -0.10106217   0.11006502   0.74678977  -0.80958939
    0.23910875   0.2541954   -0.3168722    0.62665103  -0.59177174
   -1.20713931  -2.74221361   1.42349156   0.3404939  -12.60256767
  -13.26464552   2.45430955  16.5256562 ]], Action: [[ 1.         -1.          0.06529704 -1.         -1.          1.        ]], Reward: [-0.06031963],Reward_sum: -0.6205649375915527, Done: [False]
==========
t: 19, State: [[  0.28249101  -0.11062843  -0.08643398   0.0339927    0.49333321
   -0.44989358  -0.11284983   0.09205402   0.27360831  -2.94978834
   -0.59719844  -3.6971464  -18.48029828  24.47343857 -11.07138444
  -11.6906084   10.04688924 -13.75944274]], Action: [[-0.7466613   1.         -1.         -1.         -0.03054582 -1.        ]], Reward: [-2.7540743],Reward_sum: -3.3746392726898193, Done: [False]
==========
t: 20, State: [[  0.22190135  -0.14901094  -0.27037349  -0.60171774   0.72889244
    0.11091173  -0.03248431   0.37765478  -0.61109601  -0.02809965
   -0.23650458  -3.14004063   0.6174254   -7.45983195  16.31839753
    8.61599996   2.46771925 -16.39256643]], Action: [[-1.         1.         1.         0.9658166  1.        -1.       ]], Reward: [-1.8050735],Reward_sum: -5.179712772369385, Done: [False]
==========
t: 21, State: [[ 2.63614191e-01  6.99718423e-03 -7.48534979e-02 -2.13352636e-02
  -1.69418476e-01  1.46871297e-01  2.41344028e-01  2.01695786e-01
  -8.48261517e-02  1.28176624e+00  3.37601679e+00  4.67904139e+00
   1.60931953e+01 -2.63938437e+01  3.17365049e+00  3.99849154e+00
  -3.52892421e+00  1.70846885e+01]], Action: [[ 1.         -1.          1.          0.15261215  0.16309978  1.        ]], Reward: [0.42926767],Reward_sum: -4.7504448890686035, Done: [False]
==========
t: 22, State: [[  0.2891572    0.10985482   0.04126518   0.49363721  -0.70837348
   -0.30659774   0.04718319  -0.04888849   0.52957233  -0.12000304
    1.41027049   1.33521189   5.01014259   1.2615748  -12.00253822
   -8.63869423  -5.91905293   7.17680798]], Action: [[ 1.         -0.45308286 -1.         -1.         -1.         -0.07852413]], Reward: [0.08971515],Reward_sum: -4.660729885101318, Done: [False]
==========
t: 23, State: [[  0.22967448   0.13221618   0.12251732   0.1383115    0.37205082
   -0.43846111  -0.61916192  -0.34720237   0.09890859  -1.36169718
   -0.09898654   2.14510753  -8.44784614  22.17509155   1.36190878
  -14.84388077  -5.51776386 -14.73423336]], Action: [[-0.22188316  1.         -1.         -1.         -1.         -1.        ]], Reward: [-1.6945777],Reward_sum: -6.355307579040527, Done: [False]
==========
t: 24, State: [[ 0.21876085  0.15901671  0.14400164 -0.27149446  0.8333193   0.40757327
  -0.4321403  -0.17377785 -0.55608172  0.54707245  1.00541882 -0.20830017
  -6.97436503 -1.72580725 19.23211579 14.07386939  7.87926349 -9.15439951]], Action: [[-1.          1.          1.          1.          1.         -0.14847574]], Reward: [-0.72047704],Reward_sum: -7.075784683227539, Done: [False]
==========
t: 25, State: [[  0.29994699   0.21513639   0.26458798   0.04497894  -0.1175329
    0.81296982   0.19654649   0.33355284  -0.29018799   1.73546767
    0.54380472   3.51430225   9.28556637 -22.54590159  -0.47865917
   10.03441891  10.74983936   8.98499494]], Action: [[ 0.37584776 -0.74374247  1.          0.4036299   0.54582137 -0.10843356]], Reward: [1.4070218],Reward_sum: -5.668763160705566, Done: [False]
==========
t: 26, State: [[ 0.32913945  0.21017918  0.42845778  0.35879124 -0.85088918  0.51674491
   0.24770277  0.34938011  0.55272943 -0.17888844 -0.41225505  2.25008662
   1.04341478 -0.90578314 -7.20578741 -3.45497996 -5.74031586 17.91965756]], Action: [[ 1.         -1.          1.         -1.         -1.          0.91454476]], Reward: [0.00021002],Reward_sum: -5.668553352355957, Done: [False]
==========
t: 27, State: [[ 2.67248319e-01  1.74393664e-01  5.10229889e-01 -9.12319326e-03
   5.92512113e-02 -4.07466292e-01 -1.98329329e-01 -1.03657662e-02
   2.89246691e-01 -1.63798829e+00 -1.01744765e+00  1.86220688e+00
  -7.69110863e+00  1.94182207e+01 -1.79185926e+01 -1.24154839e+01
  -7.77514119e+00 -9.71554611e+00]], Action: [[-0.05075826  0.53531563 -1.         -1.         -0.70936304 -0.46267915]], Reward: [-1.5384634],Reward_sum: -7.207016944885254, Done: [False]
==========
t: 28, State: [[ 1.86387608e-01  1.35557969e-01  5.98755403e-01 -3.25640914e-01
   7.37333375e-01 -4.58800495e-01 -7.77845228e-01 -1.57159198e-02
  -4.89794925e-01 -1.34526704e+00 -5.05302935e-01  1.66567378e+00
  -3.49093901e+00  7.07292724e+00  2.00112392e+00 -8.99443467e+00
   2.75829693e+00 -1.61909218e+01]], Action: [[-0.56612563  1.         -1.         -1.          0.7748086  -1.        ]], Reward: [-2.1092968],Reward_sum: -9.316313743591309, Done: [False]
==========
t: 29, State: [[  0.18103248   0.10490782   0.56342117  -0.42868104   0.75850098
    0.35935436  -0.30500872  -0.06259619  -0.56225991   0.21266436
   -0.43536749  -2.32577823  -1.49610197  -2.81041242  18.46205244
   16.09568472 -10.64295016  -1.16450331]], Action: [[-1.         1.         1.         1.         1.        -0.6004916]], Reward: [-0.64316165],Reward_sum: -9.95947551727295, Done: [False]
==========
t: 30, State: [[ 2.41684533e-01  9.67628573e-02  5.65946067e-01  2.69963569e-01
  -3.36554863e-01  7.68239047e-01  2.29540446e-01 -3.32652685e-01
   2.37718366e-05  1.08240332e+00 -4.03562806e-01 -2.46191278e-01
   1.61353784e+01 -2.44499159e+01  1.21686249e+00  6.01569259e+00
  -4.92184108e-01  1.64579723e+01]], Action: [[ 1.         -1.          1.         -0.15557587 -0.45085233  1.        ]], Reward: [0.79029405],Reward_sum: -9.169181823730469, Done: [False]
==========
t: 31, State: [[  0.22600968   0.06779469   0.4923673    0.67328777  -0.72758156
   -0.21087593   0.02345963  -0.25586602   0.56617054  -1.1012507
   -0.61277183  -1.62909297   1.62404351   2.35058926 -23.20320519
   -8.93548904   1.38105295   5.8849964 ]], Action: [[ 1.         -0.75367874 -1.         -0.7480421  -1.          0.15721057]], Reward: [-0.7287285],Reward_sum: -9.897909164428711, Done: [False]
==========
t: 32, State: [[ 1.04187006e-01  8.35990491e-02  3.71471758e-01 -7.70562121e-02
   3.88973444e-01 -4.75582089e-01 -2.01736546e-01 -9.90170322e-02
   2.37774482e-01 -2.96785234e+00  1.53189909e-02 -2.64347113e+00
  -1.85771900e+01  2.12134817e+01  2.48465997e+00 -7.06625703e+00
   3.22715344e+00 -1.24293046e+01]], Action: [[-0.62111145  1.         -1.         -1.         -0.62052333 -1.        ]], Reward: [-2.9135363],Reward_sum: -12.811445236206055, Done: [False]
==========
t: 33, State: [[  0.02838446   0.05852768   0.21369612  -0.56654831   0.67921059
    0.28272581  -0.1943559    0.28183274  -0.55308124  -0.41362052
   -0.46930952  -2.81922161   1.31098064  -3.60837777  16.17488959
    4.16626155   7.97492122 -14.55601557]], Action: [[-1.          0.8452929   1.          0.30685735  1.         -0.902683  ]], Reward: [-1.9784027],Reward_sum: -14.789848327636719, Done: [False]
==========
t: 34, State: [[  0.06401018   0.04643645   0.15420207   0.14500228  -0.31193062
    0.73077029   0.3383423    0.32984967  -0.24905099   0.88488476
   -0.81695418  -1.32211137  15.29823427 -21.52841838   3.18742801
   13.09633809  -0.19824397  10.60233403]], Action: [[ 0.4874596  -1.          1.          1.          0.71733266  0.37594378]], Reward: [0.3231626],Reward_sum: -14.46668529510498, Done: [False]
==========
t: 35, State: [[ 3.94220804e-02 -6.79022866e-03  4.75610137e-02  5.76246196e-01
  -8.20016215e-01  5.19858131e-01  3.62816570e-01  1.39639402e-01
   6.21299257e-01 -1.36245209e+00 -1.11845086e+00 -2.55341442e+00
   2.81692915e+00  7.89589350e-02 -6.45274186e+00 -7.17514811e+00
  -5.69383205e+00  1.79094245e+01]], Action: [[ 1.         -1.          0.82343686 -1.         -1.          1.        ]], Reward: [-1.0595667],Reward_sum: -15.526251792907715, Done: [False]
==========
t: 36, State: [[-7.55595003e-02 -7.60537798e-02  9.04063164e-03  2.01686170e-01
   7.39703701e-02 -4.21217612e-01 -3.60722304e-01 -2.90485810e-02
   1.40439533e-01 -2.57969032e+00 -2.03938989e+00  1.81818160e-01
  -8.97788182e+00  1.68097755e+01 -1.76602157e+01 -1.73308604e+01
  -2.89362922e+00 -1.56698011e+01]], Action: [[ 0.15630735  0.27927232 -1.         -1.         -0.58195114 -1.        ]], Reward: [-2.643741],Reward_sum: -18.169992446899414, Done: [False]
==========
t: 37, State: [[-0.15271617 -0.19733828 -0.03933892 -0.30953241  0.7707536  -0.42607544
  -0.58858438  0.04204962 -0.59245768 -0.84694034 -2.30766213 -2.11069921
  -8.31525798  8.43539566  0.89051679  4.62790659  1.51778703  0.2979101 ]], Action: [[-0.8518138  1.        -0.9253625  0.5707338  1.        -1.       ]], Reward: [-2.0338955],Reward_sum: -20.203887939453125, Done: [False]
==========
t: 38, State: [[-0.1494216  -0.24391335 -0.05312269 -0.3613657   0.78386743  0.03816909
  -0.32821805  0.17704987 -0.55468972  0.18332549  0.15843235  0.22484864
   2.67858851 -2.96807618 11.44770298  2.55670693 -7.38571002 -3.14665887]], Action: [[-0.21243273  0.9864573   1.         -0.2584103   0.9909526  -1.        ]], Reward: [-0.34080735],Reward_sum: -20.544694900512695, Done: [False]
==========
t: 39, State: [[ -0.08328703  -0.20289942   0.03927863   0.30534275   0.08978689
    0.48782871  -0.06669112  -0.39773985  -0.12484927   1.53080258
    0.43421233   1.25792656  14.9991119  -17.04793859   7.99660597
    5.34034413  -9.74840872  13.48339945]], Action: [[ 1.         -0.13505356  1.         -0.08205491 -0.7148138   0.7332426 ]], Reward: [1.0153338],Reward_sum: -19.529361724853516, Done: [False]
==========
t: 40, State: [[-4.85750853e-02 -1.96741812e-01  1.00567142e-01  8.15725878e-01
  -5.12643405e-01 -9.57651907e-02 -1.66707932e-01 -6.79477973e-01
   5.86503866e-01  5.80313641e-03  7.27417952e-02  1.26133826e+00
   4.98243771e+00 -6.11850876e+00 -1.73052805e+01 -6.03869418e+00
  -3.72220315e+00  1.17569607e+01]], Action: [[ 1.        -1.        -1.        -0.5888156 -1.         1.       ]], Reward: [0.15956858],Reward_sum: -19.369792938232422, Done: [False]
==========
t: 41, State: [[ -0.10068391  -0.21755187   0.16048123   0.44009638   0.25114602
   -0.47796474  -0.67040054  -0.5478444    0.1265031   -1.18245677
   -0.75772646   1.14023088  -9.84205743  19.00055564   2.1009645
   -9.75136135   4.32184827 -14.86920725]], Action: [[ 0.5751512   1.         -1.         -1.         -1.         -0.82584286]], Reward: [-1.543458],Reward_sum: -20.913249969482422, Done: [False]
==========
t: 42, State: [[ -0.13087886  -0.2334487    0.11165637  -0.28446058   0.82998936
    0.39681858  -0.47457784  -0.0974594   -0.5953077   -0.11530228
    0.29173253  -3.47211964 -13.47585405   2.55214616  19.61109977
    5.09913659  -1.62746764   0.34952276]], Action: [[-1.          1.          1.          0.62192214  1.         -1.        ]], Reward: [-1.1425779],Reward_sum: -22.055828094482422, Done: [False]
==========
t: 43, State: [[-4.02430111e-02 -1.60274084e-01  1.41436270e-02  1.60628556e-01
  -5.41334501e-03  8.17832478e-01  8.96870863e-02 -1.91834420e-01
  -2.02025456e-01  3.03909994e+00  2.25184814e+00 -3.50477838e-01
   1.29266638e+01 -8.92028467e+00  1.18960209e+00  1.25867080e+01
   6.76333323e-02  1.09172467e+01]], Action: [[ 1.         -1.          1.          0.58602506  0.28461027  0.6425241 ]], Reward: [1.4289905],Reward_sum: -20.6268367767334, Done: [False]
==========
t: 44, State: [[ 0.05709842 -0.05862632  0.03128844  0.63375813 -0.53668713  0.50467294
   0.04541761 -0.19239276  0.0401682   1.16563177  1.82843863  0.66427175
   5.16061264 -7.89179619 -7.96116091 -7.8564351  -0.12266561  1.44336333]], Action: [[ 1.         -1.          0.73614854 -1.         -1.         -0.7603776 ]], Reward: [1.4348198],Reward_sum: -19.1920166015625, Done: [False]
==========
t: 45, State: [[ 7.02887304e-02 -1.24579012e-02  6.08475438e-02  4.59950624e-01
  -2.53982650e-02 -4.25549690e-01 -5.69840315e-01 -2.95829594e-01
   1.26656119e-01  1.33539923e-01  3.64774659e-01  7.74608787e-01
  -5.40214149e+00  1.43837464e+01 -1.78691264e+01 -1.29604184e+01
  -3.34857756e+00  1.18953195e+00]], Action: [[ 0.75710166  0.46138775 -1.         -1.         -1.          0.07349621]], Reward: [-0.11534219],Reward_sum: -19.30735969543457, Done: [False]
==========
t: 46, State: [[ 7.15676063e-02 -8.07225078e-04  8.97147000e-02 -2.34647428e-01
   7.20142789e-01 -4.23587522e-01 -9.66044939e-01 -1.40910637e-01
  -2.57388516e-01  3.36137380e-01  1.83666797e-01 -1.44911940e-01
  -1.49200154e+01  9.87212218e+00  6.64668727e-01 -1.92518009e+00
   4.73745481e+00 -1.11794270e+01]], Action: [[-1.         1.        -1.        -0.6799624  0.264027  -1.       ]], Reward: [-0.4276284],Reward_sum: -19.734987258911133, Done: [False]
==========
t: 47, State: [[ 0.14615055  0.03039353  0.0169979  -0.545559    0.69778545  0.2797895
  -0.56524926  0.24423434 -0.5367354   2.12218807  0.82713278 -1.55040032
   0.76133198 -5.60343113 16.3019552  11.15613516  8.87230819  1.60492949]], Action: [[-0.6904311  1.         1.        -0.2121808  1.        -0.6872868]], Reward: [1.0922511],Reward_sum: -18.642738342285156, Done: [False]
==========
t: 48, State: [[ 3.18239914e-01  7.61271247e-02  5.21807126e-02  2.62454428e-01
  -4.21079423e-01  7.02892586e-01  2.85207684e-01  2.12670210e-01
   1.17696755e-03  3.63694587e+00 -8.52936415e-02  8.39096733e-01
   1.70721675e+01 -2.37523974e+01  2.67525447e+00  1.79035700e+01
  -2.21467312e+00  1.41764348e+01]], Action: [[ 1.         -1.          1.          0.609938   -0.05057495  0.535886  ]], Reward: [3.0756116],Reward_sum: -15.567127227783203, Done: [False]
==========
t: 49, State: [[ 0.4111487   0.03908225  0.05894895  0.60124101 -0.81247858  0.45783507
   0.45778242  0.13880942  0.56798418  0.90378507 -0.74450584 -0.24409352
   0.17230666  3.38367792 -7.01597732 -4.55829985 -1.85767319 -1.00453389]], Action: [[ 1.        -1.         0.7000468 -1.        -1.         1.       ]], Reward: [1.309169],Reward_sum: -14.25795841217041, Done: [False]
==========
t: 50, State: [[ 3.86828912e-01 -2.97440178e-02  3.49396826e-02  6.47722252e-02
   3.43325950e-01 -4.00612257e-01 -1.86327856e-01  1.68394402e-02
   3.57985976e-02 -9.10137470e-01 -2.00780032e+00  5.26682764e-02
  -1.17814320e+01  2.26802547e+01 -1.66889085e+01 -1.63851960e+01
  -3.18145816e+00 -1.47359578e+01]], Action: [[-0.03401802  1.         -1.         -1.         -0.73128283 -1.        ]], Reward: [-0.93998885],Reward_sum: -15.19794750213623, Done: [False]
==========
t: 51, State: [[ 0.40442808 -0.1379123   0.03962621 -0.45968573  0.81493053 -0.37433929
  -0.40796032  0.02692079 -0.61694525  1.21400724 -1.83720151 -0.16578091
  -7.24720816 -1.4218913   5.33255964  3.99667728  0.37818622  1.27344886]], Action: [[-1.         1.        -0.4685539  0.8283293  1.        -1.       ]], Reward: [-0.1385838],Reward_sum: -15.336531639099121, Done: [False]
==========
t: 52, State: [[  0.55314688  -0.14074365   0.11920465   0.10192582  -0.07137277
    0.12856249   0.12722911  -0.28744113  -0.35047433   3.80603098
    0.89678614   2.47035067  14.87069815 -16.44081891   6.41479629
   11.98047018  -7.67820364   5.51292761]], Action: [[ 1.         -1.          1.          1.          0.5974251   0.88957053]], Reward: [2.4595509],Reward_sum: -12.876980781555176, Done: [False]
==========
t: 53, State: [[ 0.68668494 -0.11612976  0.17863243  0.61745811 -0.65313885  0.22633858
   0.15383173 -0.51045187  0.03303145  1.87247623  0.37105452  0.42777404
   5.66289064 -4.61967696 -0.66520278 -5.86386778 -2.23849645  8.21906707]], Action: [[ 1.         -0.8946174   0.18703836 -0.6645887  -1.          0.24968998]], Reward: [2.3368266],Reward_sum: -10.540154457092285, Done: [False]
==========
t: 54, State: [[  0.74432631  -0.11007929   0.20914323   0.57364288  -0.43670507
   -0.3276342   -0.33563362  -0.47175738   0.38402219   0.94624363
   -0.08552525   0.93191645  -3.42611967   6.235885   -12.78231467
   -9.9759645    1.82848084   5.03453669]], Action: [[ 0.71318966 -0.81888336 -1.         -0.5003201  -0.8132283   0.5372312 ]], Reward: [0.8148786],Reward_sum: -9.725275993347168, Done: [False]
==========
t: 55, State: [[ 7.47393607e-01 -1.37682056e-01  2.49184907e-01 -2.33526950e-01
   5.16206562e-01 -4.24365597e-01 -8.72631758e-01 -1.92783315e-02
  -5.04050141e-03  1.37540390e-01 -1.01668286e+00  3.05431641e-01
  -1.80375073e+01  1.68520705e+01  6.76159728e-01 -7.45924452e+00
   9.82948866e+00 -1.34356294e+01]], Action: [[-1.          1.         -1.         -1.          0.19943942 -1.        ]], Reward: [-0.44263166],Reward_sum: -10.16790771484375, Done: [False]
==========
t: 56, State: [[ 0.82898952 -0.16454538  0.15873457 -0.53994909  0.7384463   0.25091102
  -0.55788851  0.05241963 -0.55147904  2.23544718 -0.12784151 -2.76146888
   1.50133812 -1.82295011 16.16084243 10.24865475 -4.08332652  0.49313668]], Action: [[-1.          1.          1.          0.12635875  1.         -1.        ]], Reward: [1.1303216],Reward_sum: -9.037586212158203, Done: [False]
==========
t: 57, State: [[  0.98793253  -0.13279717   0.08650538   0.31509504  -0.30838022
    0.70801636  -0.0459225   -0.24744527  -0.09673013   3.2213831
    0.30997236  -2.2799973   18.75044711 -23.42578277   3.64798943
    8.8552216   -3.94268505  12.62099027]], Action: [[ 1.         -1.          1.         -0.02948308  0.01932557  1.        ]], Reward: [2.7787359],Reward_sum: -6.25885009765625, Done: [False]
==========
t: 58, State: [[  1.11590623  -0.10811631   0.06224195   0.79171474  -0.55807311
   -0.05467008  -0.15042401  -0.37571656   0.63348785   1.74112643
    0.30362149   0.04409376   3.79174224  -0.70715155 -19.40234647
   -8.26478263  -1.57600736  13.08544781]], Action: [[ 1.         -1.         -0.77400297 -0.9466993  -1.          1.        ]], Reward: [2.0099418],Reward_sum: -4.248908042907715, Done: [False]
==========
t: 59, State: [[  1.15222658  -0.12415838   0.09805904   0.307856     0.34768541
   -0.49987583  -0.6988309   -0.39078338   0.0952916    0.68138689
   -0.73445908   0.94413968 -12.21351953  19.47906483   2.70661903
  -10.40722346  -0.58791594 -16.8230878 ]], Action: [[ 0.19578092  1.         -1.         -1.         -1.         -1.        ]], Reward: [0.22257404],Reward_sum: -4.026333808898926, Done: [False]
==========
t: 60, State: [[  1.23970625  -0.14455018   0.02323396  -0.37047807   0.84346634
    0.38533127  -0.28047706  -0.0577516   -0.63250646   2.5984374
   -0.21085372  -2.30498843 -11.24951844  -0.62209439  19.58046872
   16.92543592   9.26254891   1.78292984]], Action: [[-1.        1.        1.        1.        1.       -0.859421]], Reward: [1.1757327],Reward_sum: -2.8506011962890625, Done: [False]
==========
t: 61, State: [[ 1.42438545e+00 -1.02279174e-01  5.32965320e-02  1.20320662e-01
  -1.52661903e-01  8.16050660e-01  2.94373604e-01  1.18357347e-02
  -4.94020228e-01  4.27885240e+00  1.49038141e+00  1.89439772e+00
   1.37335141e+01 -1.40806369e+01  3.16014739e+00  7.73943657e+00
  -1.99924679e+00  3.24980143e+00]], Action: [[ 1.         -1.          1.          0.19320846  0.11998428 -0.10153253]], Reward: [3.3873806],Reward_sum: 0.5367794036865234, Done: [False]
==========
t: 62, State: [[  1.58250415  -0.04624123   0.12158716   0.62645774  -0.65451573
    0.09796373   0.06514964  -0.13586275   0.24368629   2.35072948
    0.83544057   1.15038864   5.50731719  -4.61825287 -18.08469044
  -11.31786281  -3.78505814  18.47195705]], Action: [[ 1.         -0.982925   -0.35110182 -1.         -1.          1.        ]], Reward: [2.6534326],Reward_sum: 3.1902120113372803, Done: [False]
==========
t: 63, State: [[  1.6477588   -0.04975358   0.19548278   0.25663987   0.19629822
   -0.4480941   -0.67748264  -0.33619658   0.40329691   1.24381413
   -0.62692019   1.85602794  -9.71642316  19.9695452    0.75256069
  -14.52576516  -4.15446174  -6.39302892]], Action: [[ 0.16123407  0.827388   -1.         -1.         -1.         -0.8446162 ]], Reward: [0.8626986],Reward_sum: 4.052910327911377, Done: [False]
==========
t: 64, State: [[  1.76233349  -0.06667669   0.17658495  -0.25611013   0.8293414
   -0.20254375  -0.42320466  -0.12060618  -0.32134411   3.16234491
    0.0322916   -0.90834571  -8.96001279   0.64951423   5.18753786
   15.12273536   8.17258414 -15.58792376]], Action: [[-1.          1.         -0.47245586  1.          1.         -0.5209605 ]], Reward: [1.8420324],Reward_sum: 5.894942760467529, Done: [False]
==========
t: 65, State: [[  1.9446193   -0.03257594   0.16873447  -0.09255241   0.15690016
    0.39933129  -0.04495613   0.19696415  -0.51994361   3.55429425
    0.9928927   -0.72000566   7.8485555  -16.30941509  12.11285611
    3.43975087   4.23966461   2.9157627 ]], Action: [[ 0.38354123  0.03879583  1.         -0.39520967  0.98376906 -0.19102784]], Reward: [3.4148068],Reward_sum: 9.309749603271484, Done: [False]
==========
t: 66, State: [[ 2.10433841e+00 -1.46006417e-03  1.44872637e-01  4.18517898e-01
  -7.15778952e-01  6.65118630e-01 -9.57424345e-02 -2.02313972e-02
   2.08366189e-01  2.73568647e+00  1.15452622e-01 -8.94851678e-01
   8.11696598e+00 -1.17095656e+01  6.04013392e-01 -4.24795625e+00
  -7.50412339e+00  1.85217647e+01]], Action: [[ 1.         -1.          1.         -0.87975913 -0.9093192   1.        ]], Reward: [2.6342986],Reward_sum: 11.944047927856445, Done: [False]
==========
t: 67, State: [[  2.21238576  -0.0353549    0.09742453   0.57545752  -0.69097859
   -0.24849266  -0.52089277  -0.37549838   0.5338185    1.97750973
   -1.16130751  -0.79680292   0.43626986   5.38126322 -21.44379153
  -10.35006337  -6.03235376  -1.53643682]], Action: [[ 1. -1. -1. -1. -1.  1.]], Reward: [1.5609468],Reward_sum: 13.50499439239502, Done: [False]
==========
t: 68, State: [[  2.28762295  -0.12668407   0.02359996   0.03498292   0.45549406
   -0.43049835  -0.99551661  -0.23260564  -0.1388459    1.63483796
   -2.15699482  -2.1148452  -11.63160432  21.89464325   0.99463505
   -5.89934298   5.64661451 -17.6288678 ]], Action: [[-0.44360983  1.         -1.         -0.99750507 -0.04366683 -1.        ]], Reward: [1.0853724],Reward_sum: 14.59036636352539, Done: [False]
==========
t: 69, State: [[ 2.43061475 -0.19724514 -0.2042963  -0.43167492  0.84115753  0.36259394
  -0.27385988  0.10655363 -0.59761266  3.65948285 -1.04344888 -4.74494165
  -5.95572763 -3.45383773 18.32856123 21.28271675  7.95139873  3.31780246]], Action: [[-1.          1.          1.          0.95335495  1.         -0.8385113 ]], Reward: [2.2986374],Reward_sum: 16.88900375366211, Done: [False]
==========
t: 70, State: [[  2.68321147  -0.14498281  -0.11941363   0.28166451   0.13000169
    0.81699481   0.45322918   0.21273142  -0.31993063   5.17766221
    1.30731295   2.2601037   18.00124687 -21.35408959   0.06536452
    9.70685688  -3.64100853   2.1720453 ]], Action: [[ 1.         -1.          1.          0.17944628  0.17463492 -0.06298919]], Reward: [4.745268],Reward_sum: 21.6342716217041, Done: [False]
==========
t: 71, State: [[ 2.87349811e+00 -8.86487340e-02 -8.07062290e-04  8.18275534e-01
  -5.82146572e-01  1.94168852e-01  2.42933365e-01 -3.32887737e-02
   2.05863170e-01  2.69741073e+00  1.02194633e+00  2.57325966e+00
   3.59763598e+00 -8.91472711e+00 -1.62797136e+01 -1.24529093e+01
  -6.04950339e+00  1.29909690e+01]], Action: [[ 1.         -0.9773175  -0.22244662 -1.         -1.          0.57882637]], Reward: [3.3717656],Reward_sum: 25.006038665771484, Done: [False]
==========
t: 72, State: [[  2.95470289  -0.08509409   0.14490786   0.38815932   0.07325186
   -0.50761875  -0.65354115  -0.33514603   0.48855352   1.66086941
   -0.61214221   3.19287345 -10.7886113   17.76242423  -0.43719642
  -18.28825693  -5.62265496  -0.14537274]], Action: [[ 0.6102464   0.76086086 -1.         -1.         -1.          0.0293806 ]], Reward: [1.2288783],Reward_sum: 26.23491668701172, Done: [False]
==========
t: 73, State: [[ 3.08867463e+00 -1.07681337e-01  1.66523983e-01 -2.48215703e-01
   8.20188183e-01 -2.23488262e-03 -5.19211626e-01 -1.62065053e-01
   9.54631667e-02  3.44218486e+00 -3.25773813e-01 -1.19243171e+00
  -1.20201324e+01  8.82884022e+00  1.17811303e+01  1.46984469e+01
   7.72004897e+00 -9.98476735e+00]], Action: [[-1.          1.          0.13505542  1.          1.          0.30569887]], Reward: [2.2682657],Reward_sum: 28.50318145751953, Done: [False]
==========
t: 74, State: [[  3.26884076  -0.07088476   0.16176109  -0.3779917    0.29848866
    0.6040477   -0.09841534   0.14224902  -0.6328466    3.49935513
    1.12220381   0.39452497   2.76962706 -16.86639247   8.75027018
    3.37881718   8.29388509   1.50208275]], Action: [[-0.43021393 -0.09033416  1.         -0.4523517   0.9701718  -1.        ]], Reward: [3.2694125],Reward_sum: 31.772594451904297, Done: [False]
==========
t: 75, State: [[ 3.43717582e+00 -1.01941672e-02  1.68204878e-01  1.02166717e-01
  -7.28848345e-01  6.44201491e-01  1.31924992e-03  3.41063883e-02
  -4.59345696e-02  3.13351242e+00  6.76670817e-01 -7.11978835e-01
   8.89811617e+00 -1.53324678e+01 -3.17902760e+00 -2.56399666e-01
  -3.72244618e+00  1.80820006e+01]], Action: [[ 0.5412985  -1.          1.         -0.5431572  -0.45072663  1.        ]], Reward: [2.9875832],Reward_sum: 34.76017761230469, Done: [False]
==========
t: 76, State: [[ 3.57444936e+00 -1.14721535e-02  1.03075053e-01  3.51391127e-01
  -5.21560559e-01 -3.43905834e-01 -2.69147585e-01 -2.23107396e-01
   5.47301526e-01  2.53164712e+00 -4.89571140e-01 -1.41353749e+00
   3.54326098e+00  1.08429743e+01 -2.11204963e+01 -8.08506670e+00
  -5.23640290e+00  3.05342627e+00]], Action: [[ 1.         -0.30281788 -1.         -1.         -1.          0.14668272]], Reward: [2.3341494],Reward_sum: 37.09432601928711, Done: [False]
==========
t: 77, State: [[  3.67997225  -0.07583987   0.0473999    0.26016367   0.49991885
   -0.44659605  -0.76870909  -0.43244956   0.04844736   2.13454372
   -1.58521699  -0.60866359  -1.49407814  17.94462732   2.58542701
   -9.99113982  -3.42429523 -15.76636479]], Action: [[ 0.15069117  1.         -1.         -1.         -1.         -1.        ]], Reward: [1.6081872],Reward_sum: 38.7025146484375, Done: [False]
==========
t: 78, State: [[ 3.81656664 -0.10833842 -0.05864277 -0.11982924  0.83251679  0.45291596
  -0.35169397 -0.14346911 -0.62278358  3.20903224 -0.22692682 -2.70255314
  -9.58906357 -2.48230175 19.7029932  16.96929688  9.53694206  1.92332448]], Action: [[-1.         1.         1.         1.         1.        -0.9759883]], Reward: [2.1366324],Reward_sum: 40.83914566040039, Done: [False]
==========
t: 79, State: [[  4.0370356   -0.10268395  -0.02940074   0.26914713  -0.11319724
    0.82395577   0.30531692   0.28902752  -0.21955579   5.01655709
    0.11569975   2.86636683  12.88107516 -10.73986793   0.90649103
    9.8919722    7.22570883  10.33913148]], Action: [[ 1.         -1.          1.          0.17950591  0.04032965 -0.23990305]], Reward: [4.100239],Reward_sum: 44.93938446044922, Done: [False]
==========
t: 80, State: [[ 4.22658892 -0.10521419  0.12959529  0.66559449 -0.60846518  0.52192491
   0.36453918  0.28057761  0.44102141  3.08093888  0.1825066   2.93228099
   3.65691978 -6.10023297 -7.53369399 -1.55214531 -3.46586582 14.37490764]], Action: [[ 1.         -1.          0.79289174 -1.         -1.          0.10004263]], Reward: [3.3271978],Reward_sum: 48.26658248901367, Done: [False]
==========
t: 81, State: [[  4.33130738  -0.07904561   0.23398925   0.40484981   0.01858304
   -0.40492545   0.32038313   0.22390782   0.55341372   1.67874012
    0.83568118   1.95761324  -7.33995386  15.85869784 -17.93544119
   -0.82013614   0.04212204  -0.96246653]], Action: [[ 0.6541719   0.5797854  -1.         -1.         -1.          0.17999174]], Reward: [1.7147204],Reward_sum: 49.98130416870117, Done: [False]
==========
t: 82, State: [[ 4.38548176e+00  1.14357205e-03  3.60414248e-01 -3.78345924e-01
   6.70250643e-01 -4.59419667e-01  8.48510040e-02  5.21275301e-01
   3.11598018e-01  1.10474544e+00  1.86390786e+00  2.81238718e+00
  -1.62974248e+01  6.49154075e+00  1.95621618e+00 -5.43156086e+00
   7.16465452e+00 -6.82083731e+00]], Action: [[-1.          1.         -1.         -1.          0.16980387 -1.        ]], Reward: [0.58060426],Reward_sum: 50.56190872192383, Done: [False]
==========
t: 83, State: [[  4.51695146   0.12814531   0.64581968  -0.24153148  -0.22416952
    0.25249654  -0.19088615   0.75088914  -0.24451505   3.18058797
    2.40619692   6.21568524  10.18191586 -24.12132227  16.60268396
   -4.57824535   1.38163111 -12.00689385]], Action: [[ 0.4496671  -0.8091631   1.         -0.5109398   0.97305495 -1.        ]], Reward: [2.22291],Reward_sum: 52.784820556640625, Done: [False]
==========
t: 84, State: [[ 4.64383673e+00  1.71842423e-01  8.02980144e-01 -4.59410864e-03
  -1.78051928e-01  6.58186383e-01 -1.14616019e-01  1.29617952e-01
  -1.73640902e-01  2.09043154e+00  2.01805659e-01  1.74102519e+00
   2.94649121e+00  1.25940295e+01  2.14345863e+00  2.47419473e+00
  -1.58809713e+01  7.99029007e+00]], Action: [[ 0.408714    1.          1.         -0.4638162  -0.55969     0.57060736]], Reward: [2.2356036],Reward_sum: 55.020423889160156, Done: [False]
==========
t: 85, State: [[ 4.70252903e+00  2.19400799e-01  8.85177420e-01 -1.07510972e-01
   6.76137588e-01 -1.35568480e-01 -2.69634444e-01 -3.72640560e-03
  -4.24810946e-02  9.53328302e-01  1.59125873e+00  2.35200679e+00
  -4.37788923e+00  1.37227283e+01 -1.93065646e+01 -5.49733132e+00
   3.19954505e+00 -1.06320761e+00]], Action: [[-1.          1.         -1.         -1.          0.33635443 -1.        ]], Reward: [0.66253275],Reward_sum: 55.68295669555664, Done: [False]
==========
t: 86, State: [[ 4.7649684   0.30511453  1.1078646  -0.43885102  0.74579111 -0.44894174
  -0.58802638 -0.11553756 -0.27127063  1.51461473  1.57048591  5.45575037
  -6.21060023 -5.04282601  1.43183306 -6.88807474 -5.11104054 -6.35853652]], Action: [[-1.         1.        -1.        -1.        -0.6650989 -1.       ]], Reward: [0.7045516],Reward_sum: 56.387508392333984, Done: [False]
==========
t: 87, State: [[ 4.86919866  0.34922701  1.33068051 -0.53856402  0.45780068  0.20299245
  -0.63901834 -0.21547044 -0.40746105  2.33403024  0.39802223  3.5888921
   0.76594072 -4.76948837 14.64242398  2.89058479  0.35527972 -0.2031279 ]], Action: [[-1.          1.          0.75017947 -0.39662218  0.10225289 -0.24328633]], Reward: [1.8056331],Reward_sum: 58.193138122558594, Done: [False]
==========
t: 88, State: [[  5.02362868   0.29311582   1.50842651   0.20399104  -0.36444867
    0.6364921   -0.09387758  -0.34211894   0.0883758    2.53150926
   -1.90830505   2.48695661  16.71055051 -16.45105384   3.9503247
   13.16688344  -1.09541463  14.10783601]], Action: [[ 1.         -0.60721195  1.          0.17383593 -0.6701244   1.        ]], Reward: [2.7038012],Reward_sum: 60.89693832397461, Done: [False]
==========
t: 89, State: [[ 5.10266218  0.23911943  1.6126242   0.66623668 -0.73650228  0.60211155
  -0.04569708 -0.22049948  0.58007536  1.27757346 -0.47623758  2.12107234
   3.58207338 -0.00783719 -2.58927513 -5.05572859  2.82324663 -1.16541554]], Action: [[ 1.       -1.        1.       -1.       -1.        0.571179]], Reward: [1.0480455],Reward_sum: 61.944984436035156, Done: [False]
==========
t: 90, State: [[ 5.14192582e+00  2.71400837e-01  1.73958086e+00  1.78694054e-01
   3.77626038e-01 -2.72087347e-01 -5.36492970e-01 -2.51617013e-01
  -7.03969865e-03  5.60085737e-01  8.11133208e-01  3.08207733e+00
  -1.16719144e+01  2.32808791e+01 -1.88098375e+01 -1.11282748e+01
  -2.97093615e+00 -1.59985125e+01]], Action: [[-0.26450634  1.         -1.         -1.         -0.9958526  -1.        ]], Reward: [0.27910423],Reward_sum: 62.224090576171875, Done: [False]
==========
t: 91, State: [[ 5.20439215  0.26261174  1.89563763 -0.41721506  0.83044836 -0.33821675
  -0.78452589 -0.10508387 -0.56037959  1.83073643 -1.04102347  3.10565654
  -9.72718605 -2.55964225  6.42345749  0.36642736  4.23574056  1.03552771]], Action: [[-1.          1.         -0.08219373 -0.3242363   0.59708494 -1.        ]], Reward: [0.90248704],Reward_sum: 63.12657928466797, Done: [False]
==========
t: 92, State: [[  5.31612519   0.0744186    2.0829755    0.14660259  -0.32679682
    0.37507422   0.0591229   -0.26341634   0.04913917   1.38352423
   -4.52625268   3.5714693   16.0202309  -26.96213706  14.57800277
   21.91529165  -1.79678005  16.70728293]], Action: [[ 1.         -1.          1.          0.9688699  -0.50413585  1.        ]], Reward: [1.7153746],Reward_sum: 64.84195709228516, Done: [False]
==========
t: 93, State: [[ 5.41450375  0.07345591  2.209323    0.3066403  -0.82897499  0.68407786
   0.19357341 -0.13048798  0.58195562  2.27422517  1.15791571  1.76846044
  -1.53607527  1.42682666 -0.04939424 -4.37191696  3.11108536 -1.51559259]], Action: [[ 1.        -1.         1.        -0.8133136 -1.         0.4277647]], Reward: [1.4831251],Reward_sum: 66.32508087158203, Done: [False]
==========
t: 94, State: [[ 5.53108818e+00  1.83520111e-01  2.25510580e+00 -3.80800246e-01
   3.35809176e-01  2.19603835e-01 -3.20927061e-01  2.03598173e-02
   4.67986844e-03  2.11210664e+00  2.40296343e+00  9.73382918e-01
  -1.46834301e+01  2.31492362e+01 -1.04936395e+01 -1.18466336e+01
   1.34813164e+00 -1.54987246e+01]], Action: [[-1.          1.          0.18318862 -1.         -0.524945   -1.        ]], Reward: [1.9007759],Reward_sum: 68.22586059570312, Done: [False]
==========
t: 95, State: [[ 5.63619688  0.22949304  2.3470145  -0.54161531  0.8050735  -0.09536547
  -0.77065639  0.29661653 -0.60997429  2.23374244 -0.00992588  2.24509125
   3.13084874  1.58678962 -2.06707172 -5.80930592  4.52281953  1.35077465]], Action: [[-1.          1.          0.15896046 -0.60492843  1.         -1.        ]], Reward: [1.6630535],Reward_sum: 69.88890075683594, Done: [False]
==========
t: 96, State: [[ 5.74378596  0.19923006  2.47757051 -0.38740181  0.64136892 -0.26025468
  -0.76563383  0.01147671 -0.47188653  2.08651285 -0.8681357   2.57426257
   1.7723544  -4.69951921 -2.97975184  2.74203856 -8.91699134  2.43370924]], Action: [[-1.          1.         -0.5947231  -0.81963044 -0.27955312 -1.        ]], Reward: [1.7414176],Reward_sum: 71.63031768798828, Done: [False]
==========
t: 97, State: [[  5.81662832   0.08677823   2.60830905   0.25166473  -0.14773248
    0.15979101  -0.30118598  -0.57803533  -0.17992817   1.00986813
   -2.2895789    1.71609417  13.92451697 -16.14365166  12.08916262
   10.85135136  -8.93406547   6.65200002]], Action: [[ 1.         -0.26130015  0.8099703  -0.30257022 -1.         -0.10640414]], Reward: [1.1741271],Reward_sum: 72.804443359375, Done: [False]
==========
t: 98, State: [[ 5.88265633e+00 -3.20666358e-03  2.65444481e+00  6.94190910e-01
  -6.67803215e-01  6.52211070e-01 -1.02178596e-02 -6.75282198e-01
   3.77270866e-01  1.70623270e+00 -1.54050290e+00  6.05568285e-01
   4.20184136e+00 -3.57060049e+00  5.85265721e+00  1.63450705e+00
   2.11886525e+00  1.18842498e+01]], Action: [[ 1.         -1.          1.         -0.28669596 -1.          1.        ]], Reward: [0.8123408],Reward_sum: 73.61678314208984, Done: [False]
==========
t: 99, State: [[  6.00066408  -0.07780535   2.71206747   0.65059859  -0.51335665
    0.24475894  -0.24901537  -0.43049876   0.54361234   2.61747785
   -1.55408098   1.63112555  -2.90441367   4.4097297  -12.21746761
   -6.83010219   4.65246718  -1.82349386]], Action: [[ 1.         -1.         -0.02502078 -0.66952735 -1.          1.        ]], Reward: [1.9152657],Reward_sum: 75.53205108642578, Done: [False]
==========
t: 100, State: [[  6.17100874  -0.12267767   2.81915769  -0.20193028   0.47588238
   -0.49211041  -0.70624182  -0.32287941  -0.06817742   3.27869517
   -0.77436855   2.00949114 -19.60571084  18.14835299 -12.1830296
   -7.77859117  -0.20361001 -16.11271044]], Action: [[-1.  1. -1. -1. -1. -1.]], Reward: [2.806893],Reward_sum: 78.33894348144531, Done: [False]
==========
t: 101, State: [[ 6.2847286  -0.24978183  2.86052152 -0.54236753  0.71002763 -0.07627288
  -0.63068735  0.03265379 -0.55935069  1.83203851 -3.59825618  0.54885756
   1.53244403 -2.00576481 13.44771037  5.65039249  9.57286316  1.75649158]], Action: [[-1.          1.          0.5657702  -0.2855145   0.90192616 -1.        ]], Reward: [1.8528886],Reward_sum: 80.19183349609375, Done: [False]
==========
t: 102, State: [[ 6.34756671e+00 -4.08637090e-01  3.11848999e+00  1.66578309e-01
  -4.08246745e-01  5.48364760e-01 -1.64333291e-02 -1.88186595e-01
   4.24391989e-02  5.45926267e-01 -2.37049045e+00  5.14095371e+00
   1.68654838e+01 -2.52050544e+01  9.16353066e+00  1.67532218e+01
  -5.59137976e+00  1.57793415e+01]], Action: [[ 1.         -1.          1.          0.89854836 -0.31336194  0.93597895]], Reward: [0.778598],Reward_sum: 80.97042846679688, Done: [False]
==========
t: 103, State: [[ 6.4393742  -0.4758357   3.31791392  0.55615633 -0.84032937  0.64446658
   0.13048559 -0.15549053  0.59883298  2.68859657 -1.19839562  3.40363649
   1.60771123  3.96045093 -2.10246466 -4.21136154  2.38655864 -1.62433605]], Action: [[ 1.        -1.         1.        -1.        -1.         0.6353467]], Reward: [1.2957833],Reward_sum: 82.26622009277344, Done: [False]
==========
t: 104, State: [[ 6.64189093e+00 -5.09135538e-01  3.41979249e+00 -6.14968151e-02
   5.57012164e-01  4.78663706e-01 -3.06662587e-01  8.44803503e-02
  -2.49561973e-02  3.63430532e+00  1.83389404e+00 -2.30914532e+00
  -1.02845327e+01  3.60149210e+01 -2.08474232e+00 -3.90507798e+00
   4.92767420e+00 -1.65162536e+01]], Action: [[-1.          1.          0.81982434 -0.79770416 -0.05966328 -1.        ]], Reward: [3.6191344],Reward_sum: 85.8853530883789, Done: [False]
==========
t: 105, State: [[ 6.78513758 -0.49173279  3.48053013 -0.34423437  0.8045206   0.61355082
  -0.62945111  0.40445311 -0.55680969  2.51445728  0.31273291  1.08008503
  -4.80215901 -1.96291417  2.53172682 -4.76250798  5.08176362  1.03135545]], Action: [[-1.        1.        1.       -0.747468  1.       -1.      ]], Reward: [2.3090622],Reward_sum: 88.19441223144531, Done: [False]
==========
t: 106, State: [[ 6.80266519e+00 -4.64039814e-01  3.51816552e+00  2.99851756e-01
  -8.25157438e-02  5.82795212e-01  9.69818313e-04 -1.95414690e-01
  -2.48186090e-01 -7.23021447e-02  8.28452488e-01  5.35372498e-01
   1.59115731e+01 -2.21916871e+01 -2.11643619e+00  1.80370398e+01
  -1.45304052e+01  7.91092508e+00]], Action: [[ 1.         -0.74244994  1.          0.6724989  -0.6478692  -0.10962676]], Reward: [0.00702823],Reward_sum: 88.2014389038086, Done: [False]
==========
t: 107, State: [[  6.88336525  -0.4474327    3.52342693   0.66683916  -0.64199618
   -0.03939243   0.10672604  -0.47566998   0.39571896   2.53344025
   -0.19336188  -0.18115865   1.02497148  -2.1881378  -13.5787944
   -7.50304461  -1.10184687  13.3747322 ]], Action: [[ 1.         -0.68041193 -0.35644823 -0.9616599  -1.          0.79634887]], Reward: [1.1991036],Reward_sum: 89.40054321289062, Done: [False]
==========
t: 108, State: [[ 7.07679538e+00 -4.66097296e-01  3.51894659e+00  2.61341475e-04
   3.13614091e-01 -4.41278507e-01 -5.55721214e-01 -3.79604497e-01
   2.91520431e-01  4.10258330e+00 -1.45932813e-01 -9.26131434e-02
  -1.58338872e+01  2.03688827e+01  6.51317480e-01 -1.31648680e+01
   2.43160784e+00 -1.05949133e+01]], Action: [[-0.31853908  1.         -1.         -1.         -1.         -1.        ]], Reward: [3.358456],Reward_sum: 92.75900268554688, Done: [False]
==========
t: 109, State: [[  7.20857082  -0.4855829    3.40858619  -0.57885647   0.81324952
    0.23302805  -0.39085019   0.0747135   -0.56761246   1.50807833
   -0.82310936  -2.69998635  -4.6999189    0.13142955  15.27516344
   11.41418502  10.71950189 -17.00594709]], Action: [[-1.          1.          0.8051827   0.63494134  1.         -1.        ]], Reward: [2.1303618],Reward_sum: 94.88936614990234, Done: [False]
==========
t: 110, State: [[  7.24421978  -0.5491477    3.35042241  -0.22056916   0.13408072
    0.71200799   0.10458409   0.55267895  -0.48020244   0.52042036
   -0.65640511  -1.72703331   9.66625701 -14.36625572   4.3769247
    9.64783156   8.80232858   2.77477617]], Action: [[-0.16976772 -0.32796603  1.          0.02249119  0.8218126  -1.        ]], Reward: [0.4317527],Reward_sum: 95.32112121582031, Done: [False]
==========
t: 111, State: [[  7.2852786   -0.57685237   3.3033639    0.3726501   -0.69647437
    0.6010154    0.29294718   0.30151407   0.21663876   0.73843577
    0.13555393   1.56328573   9.06354454 -14.46459465  -4.59946265
    0.41459146 -12.64885948  17.00430862]], Action: [[ 0.9101248 -1.         1.        -1.        -1.         0.6898483]], Reward: [0.29075456],Reward_sum: 95.61187744140625, Done: [False]
==========
t: 112, State: [[  7.36696353  -0.55885076   3.31445666   0.51636791  -0.58154041
   -0.3588915   -0.11458914  -0.23725601   0.53344973   2.15018732
    0.32641812   0.34669263  -0.52915754   8.27565467 -19.9914763
  -13.75803234  -8.72041179  -1.22192856]], Action: [[ 1.        -0.5934463 -1.        -1.        -1.         0.9367338]], Reward: [1.1107337],Reward_sum: 96.72261047363281, Done: [False]
==========
t: 113, State: [[  7.50730993  -0.52710407   3.3668717   -0.10303163   0.52328449
   -0.45216164  -0.96157473  -0.40836108  -0.09937877   2.53871195
    0.76725071   1.07369756 -13.30466404  19.77551897   2.14152458
  -14.84334241  -1.00923108 -16.98674705]], Action: [[-0.7887445  1.        -1.        -1.        -0.750059  -1.       ]], Reward: [2.2884574],Reward_sum: 99.01107025146484, Done: [False]
==========
t: 114, State: [[ 7.57063879 -0.55741375  3.29840661 -0.53761497  0.78714436  0.35347829
  -0.74552984 -0.07882046 -0.59494243  0.62495593 -1.4353772  -2.33927293
  -4.53413317 -3.00294891 17.97346013 12.62003634  9.79863194  2.97358237]], Action: [[-1.         1.         1.         0.051963   0.9999919 -1.       ]], Reward: [0.7663088],Reward_sum: 99.77738189697266, Done: [False]
==========
t: 115, State: [[ 7.55404200e+00 -5.64379849e-01  3.29510993e+00  1.24976144e-01
  -1.42375409e-01  7.58935962e-01  1.56639342e-01 -6.14042333e-03
   2.03963560e-02 -4.87721218e-01  1.21610855e+00 -6.94978467e-01
   1.70945432e+01 -2.07322383e+01  1.53968127e+00  1.97957305e+01
   1.37167413e+00  1.57305895e+01]], Action: [[ 1.         -1.          1.          0.7567073  -0.11112987  0.68734616]], Reward: [-0.73767596],Reward_sum: 99.03970336914062, Done: [False]
==========
t: 116, State: [[ 7.60959142 -0.50234355  3.27079573  0.60375991 -0.79567543  0.56078427
   0.38268735  0.12465241  0.56020843  2.10902826  0.92234015 -0.67385228
   3.5353421  -4.52502549 -5.36551106 -3.6834172   1.00922336  6.14249656]], Action: [[ 1.         -1.          0.9600809  -1.         -1.         -0.13551174]], Reward: [0.6169766],Reward_sum: 99.65667724609375, Done: [False]
==========
t: 117, State: [[  7.76752698  -0.4651344    3.231428     0.44799978  -0.27494108
   -0.3729567   -0.14054504  -0.0223115    0.28434996   3.5782334
    0.80432799  -0.32831843  -4.58456149  12.76144985 -19.14139414
  -13.83193141  -5.35593854  -9.02320665]], Action: [[ 1.         -0.10051264 -0.98093146 -1.         -1.         -0.37391096]], Reward: [2.7474973],Reward_sum: 102.4041748046875, Done: [False]
==========
t: 118, State: [[  7.95877665  -0.40584499   3.27226191  -0.17757467   0.59475619
   -0.45737631  -0.93326158  -0.3169265   -0.3817312    3.3127612
    1.27836078   0.98392161 -12.15373644  13.41617764   1.94595488
  -14.18324821  -5.94649898 -13.58835091]], Action: [[-0.64623207  1.         -1.         -1.         -0.8365284  -1.        ]], Reward: [3.3132539],Reward_sum: 105.7174301147461, Done: [False]
==========
t: 119, State: [[ 8.06301523 -0.41014839  3.15716491 -0.55476053  0.79759644  0.29693019
  -0.58805405 -0.18079762 -0.53457887  1.42670491 -0.95655089 -3.62457387
  -3.10496645 -2.60245373 17.02192191 16.99117859  8.24794206  1.17853587]], Action: [[-1.         1.         0.8928598  0.5803438  1.        -1.       ]], Reward: [1.5713718],Reward_sum: 107.2887954711914, Done: [False]
==========
t: 120, State: [[ 8.08991147e+00 -4.97933752e-01  3.19966099e+00  1.73994471e-01
  -3.91021108e-01  7.12051010e-01 -1.16276059e-03  1.45892326e-01
  -2.64839947e-01  5.59341968e-01 -9.19596689e-01  2.84216808e+00
   1.59823680e+01 -2.75250453e+01  1.96911782e+00  7.85943521e+00
   4.08328880e+00  6.80367939e+00]], Action: [[ 1.         -1.          1.         -0.24625613 -0.01348351 -0.3567462 ]], Reward: [0.21911566],Reward_sum: 107.5079116821289, Done: [False]
==========
t: 121, State: [[ 8.17770907e+00 -5.07621144e-01  3.27668264e+00  5.24308836e-01
  -8.25257174e-01  3.81449066e-01  4.30964702e-03  3.83503737e-02
   4.66914867e-01  2.48605809e+00 -1.02410293e-01  1.11231583e+00
   8.64327956e-01  3.83374255e+00 -8.59090013e+00 -4.54465330e+00
  -5.54872208e+00  1.61708545e+01]], Action: [[ 1.         -1.          0.58217764 -1.         -1.          0.9789086 ]], Reward: [1.2262325],Reward_sum: 108.73414611816406, Done: [False]
==========
t: 122, State: [[  8.3746965   -0.5053863    3.32519037  -0.16948297   0.45377561
   -0.40380711  -0.51194987  -0.0284265    0.24937003   4.27488727
    0.16248016   1.15235455 -16.18582651  24.47054668 -14.3717301
  -11.69119015   0.06761323 -13.46473156]], Action: [[-1.          1.         -1.         -1.         -0.15676247 -1.        ]], Reward: [3.4372914],Reward_sum: 112.17144012451172, Done: [False]
==========
t: 123, State: [[  8.51823501  -0.54338837   3.39125618  -0.55795807   0.82693179
   -0.04862845  -0.71653925   0.19773218  -0.61787336   1.88421556
   -1.61896774   1.64127129   1.10140383  -3.5241081   14.73285262
    1.17510981   5.1929214  -16.21460644]], Action: [[-1.          1.          0.8166306  -0.27538317  1.         -1.        ]], Reward: [2.396498],Reward_sum: 114.56793975830078, Done: [False]
==========
t: 124, State: [[  8.51181882  -0.55928433   3.28196082   0.16401954   0.31671618
    0.63772647   0.21189164   0.0219269   -0.10823265  -0.53719592
   -0.18094425  -1.71991943  16.7419366  -15.46738286   9.53103505
   21.32886297  -3.3171303   16.4931411 ]], Action: [[0.6287838  0.02854107 1.         1.         0.1341538  1.        ]], Reward: [-0.46974182],Reward_sum: 114.09819793701172, Done: [False]
==========
t: 125, State: [[ 8.54657974e+00 -5.78685018e-01  3.30226336e+00  6.93667025e-01
  -5.84206850e-01  7.14325668e-01  4.47735913e-01  7.28001003e-04
   6.44273682e-01  1.54886887e+00 -3.52991293e-01 -1.62139131e-01
   6.33251197e+00 -1.19926063e+01 -2.93887329e+00 -3.39418072e+00
   1.36845833e+00 -1.56020567e+00]], Action: [[ 1. -1.  1. -1. -1.  1.]], Reward: [0.09521832],Reward_sum: 114.19341278076172, Done: [False]
==========
t: 126, State: [[  8.66502427  -0.55922568   3.31020672   0.56277717  -0.12142917
   -0.31201428  -0.08380607  -0.07636426   0.44287467   3.02864939
    0.30441361   0.48782445  -6.10827403  14.87106942 -22.15134261
  -15.21819501  -3.0635462   -4.46833969]], Action: [[ 1.          0.4080208  -1.         -1.         -0.95789516  0.49345064]], Reward: [1.9361367],Reward_sum: 116.12954711914062, Done: [False]
==========
t: 127, State: [[  8.82386742  -0.5199862    3.38285307  -0.07222811   0.68919933
   -0.43861658  -0.87085923  -0.30135884  -0.19816969   2.52422059
    1.35617012   0.95844083 -11.11290288  12.34757651   2.03695077
  -12.74865082  -5.25032774 -15.47427795]], Action: [[-0.4167055  1.        -0.8369495 -1.        -0.8831427 -1.       ]], Reward: [2.711456],Reward_sum: 118.84100341796875, Done: [False]
==========
t: 128, State: [[ 8.88973596 -0.50907605  3.30199839 -0.49841975  0.76876504  0.36087633
  -0.63724038 -0.14024853 -0.53511249  0.69364297 -0.46923392 -2.93304113
  -5.04989447 -4.13635395 17.89085218 13.70150357  7.80031852  1.10306923]], Action: [[-1.         1.         1.         0.3793087  1.        -1.       ]], Reward: [0.8029832],Reward_sum: 119.64398956298828, Done: [False]
==========
t: 129, State: [[  8.85914703  -0.5797507    3.29586964   0.20037251  -0.38945635
    0.74655547   0.05768165  -0.05884119  -0.12737381  -0.77095415
   -1.13344714   0.13031386  16.89137895 -25.48411997   0.9066765
   12.46766028  -0.07673295  10.8341509 ]], Action: [[ 1.         -1.          1.         -0.09264782 -0.69859624  0.07678287]], Reward: [-0.96203005],Reward_sum: 118.68196105957031, Done: [False]
==========
t: 130, State: [[ 8.90399927 -0.56871494  3.29215988  0.54949868 -0.81558374  0.54071775
   0.10082322 -0.1397872   0.55322641  1.71483828  0.09102163 -0.44992279
   0.81210531  3.00020818 -5.24170462 -6.0975672  -1.55329211 12.93625597]], Action: [[ 1.        -1.         1.        -1.        -1.         0.7644225]], Reward: [0.33861062],Reward_sum: 119.02056884765625, Done: [False]
==========
t: 131, State: [[  9.05848911  -0.54452377   3.30623418  -0.18503581   0.42742458
   -0.3228686   -0.47997566  -0.15201156   0.12397317   3.4091106
    0.73811341   0.46136062 -17.29080723  24.0387023  -17.70220392
  -13.02091361  -0.04892712 -14.66041861]], Action: [[-0.9896784  1.        -1.        -1.        -0.5998077 -1.       ]], Reward: [2.5558734],Reward_sum: 121.5764389038086, Done: [False]
==========
t: 132, State: [[ 9.15183799 -0.552716    3.31348886 -0.58400962  0.81660696 -0.12163464
  -0.68511839  0.13862494 -0.56758705  0.84388589 -1.1274951   0.25305518
   1.98685073 -2.84739727 12.60348685  1.81432748  5.97980414 -0.25435463]], Action: [[-1.          1.          0.76980764 -0.1531024   1.         -1.        ]], Reward: [1.4053732],Reward_sum: 122.9818115234375, Done: [False]
==========
t: 133, State: [[ 9.13217289e+00 -5.62900344e-01  3.31110943e+00  2.36870306e-01
  -1.35857943e-01  5.56411095e-01  1.76377031e-01 -2.94663994e-01
   1.17149219e-02 -6.24714172e-01  8.05420945e-01  2.09292471e-01
   1.84846864e+01 -2.41952717e+01  1.07005715e+01  2.15737793e+01
  -1.05530120e+01  1.60670914e+01]], Action: [[ 1.         -1.          1.          1.         -0.64972603  1.        ]], Reward: [-0.9355165],Reward_sum: 122.04629516601562, Done: [False]
==========
t: 134, State: [[ 9.19399239 -0.5328295   3.29570251  0.69045078 -0.80411945  0.70000126
   0.30824839 -0.28986559  0.55785735  2.29797512  0.17508565 -0.55778756
   2.20845444 -3.20211025 -1.77692621 -7.54592551  4.0614387  -1.0163593 ]], Action: [[ 1.       -1.        1.       -1.       -1.        0.843207]], Reward: [0.6652903],Reward_sum: 122.71158599853516, Done: [False]
==========
t: 135, State: [[  9.35108328  -0.50988602   3.23284148   0.46161037   0.09014778
   -0.30498356  -0.19289934  -0.21335899   0.15605524   3.33516278
    0.6836861   -1.25281488  -4.23561362  20.58658119 -21.93961318
  -10.05076601  -0.88446646 -10.88809702]], Action: [[ 1.          0.7441206  -1.         -0.51605403 -1.         -0.4060579 ]], Reward: [2.7433267],Reward_sum: 125.45491790771484, Done: [False]
==========
t: 136, State: [[ 9.53912292e+00 -4.93821394e-01  3.26475094e+00 -2.62228348e-01
   8.29380048e-01 -3.04086783e-01 -8.50705931e-01 -1.90797252e-01
  -5.02131987e-01  3.38537042e+00  1.75807806e-01  1.04968307e+00
  -1.62920565e+01  6.98799586e+00  6.73435926e+00 -1.13178085e+01
  -1.21735167e-02 -1.22877491e+01]], Action: [[-1.          1.         -0.18371648 -1.         -0.40737203 -1.        ]], Reward: [3.3408225],Reward_sum: 128.79574584960938, Done: [False]
==========
t: 137, State: [[ 9.61111708 -0.53915301  3.23982128 -0.43650029  0.6048005   0.42156017
  -0.31474937 -0.24823281 -0.29050545  0.27294271 -0.57603184  2.85784772
   2.76626149 -9.91494029 13.61727885 16.59551473 -3.56440233 11.00275306]], Action: [[-0.40308547  1.          1.          1.          0.5554822   0.9549628 ]], Reward: [1.0015839],Reward_sum: 129.79733276367188, Done: [False]
==========
t: 138, State: [[  9.61527352  -0.52964356   3.35878422   0.24484813  -0.35404108
    0.69539581   0.19038894  -0.25281036   0.52710672   0.45126493
    1.11474977   0.60424066  14.44840374 -18.07807661   0.46402233
    5.51052293   2.18336079  16.7394802 ]], Action: [[ 1.         -1.          1.         -0.47700107 -1.          1.        ]], Reward: [-0.43962422],Reward_sum: 129.3577117919922, Done: [False]
==========
t: 139, State: [[  9.7005902   -0.48131497   3.36696416   0.63186133  -0.74744624
    0.11763728  -0.02566699  -0.11513537   0.49439723   2.48654276
    0.7778002    0.22395537   2.30799634  -0.30336135 -13.6403729
   -9.59267481   0.61816933  -1.45822432]], Action: [[ 1.        -1.        -0.1037356 -1.        -1.         0.5702172]], Reward: [1.2727427],Reward_sum: 130.6304473876953, Done: [False]
==========
t: 140, State: [[  9.87863604  -0.4281063    3.39030068   0.12747256   0.32064304
   -0.48252327  -0.63991862  -0.24904253  -0.06125423   3.63017201
    1.27689038   0.75954069 -11.65214761  22.58621535  -0.58005415
  -12.2723004   -4.50314636 -14.93850985]], Action: [[-0.0501474  1.        -1.        -1.        -1.        -1.       ]], Reward: [3.0606654],Reward_sum: 133.6911163330078, Done: [False]
==========
t: 141, State: [[10.0102454  -0.40538424  3.36267166 -0.42560371  0.81879413  0.28476869
  -0.65298834 -0.12180919 -0.54368105  1.89928499 -0.27945826 -1.15791982
  -8.27842191 -0.98168788 18.28032546  7.39093005  5.00384504  1.13337212]], Action: [[-1.          1.          0.90673304  0.17838448  0.80628693 -1.        ]], Reward: [2.1817787],Reward_sum: 135.87289428710938, Done: [False]
==========
t: 142, State: [[ 10.02384522  -0.47572003   3.41172706   0.18742596  -0.28897196
    0.74222787  -0.090757    -0.08061033  -0.05344171  -0.07620137
   -1.26730804   1.04099189  16.64347217 -26.07463594   2.42425749
   11.49082448   0.64138245  13.24536962]], Action: [[ 1.         -1.          1.         -0.02392182 -0.329139    0.5152475 ]], Reward: [-0.06544202],Reward_sum: 135.8074493408203, Done: [False]
==========
t: 143, State: [[ 1.00909186e+01 -5.21659252e-01  3.42438974e+00  5.77423504e-01
  -8.10221391e-01  5.68011840e-01 -1.00032182e-02 -9.78422086e-02
   5.99127010e-01  2.19397544e+00 -9.89920064e-01 -6.12288808e-02
   1.01545562e+00  2.28652941e+00 -5.32051519e+00 -3.84283082e+00
  -1.53214670e+00  8.89078441e+00]], Action: [[ 1.        -1.         1.        -1.        -1.         0.6315766]], Reward: [0.80157816],Reward_sum: 136.60902404785156, Done: [False]
==========
t: 144, State: [[ 10.2330443   -0.52164397   3.367743     0.20752924   0.04235761
   -0.10571919  -0.36239641  -0.19382303   0.12306221   3.35368525
   -0.20749228  -0.02847148 -10.98729174  14.70352045 -12.85370917
  -10.58654234  -2.83169644 -15.18503904]], Action: [[-0.36959958 -0.13808917 -0.4637323  -1.         -0.84848696 -1.        ]], Reward: [2.5334494],Reward_sum: 139.14247131347656, Done: [False]
==========
t: 145, State: [[ 10.37001644  -0.53006883   3.29958592  -0.4735571    0.68594119
    0.09213837  -0.42133977  -0.25836603  -0.56374961   2.11328305
   -0.37855287  -2.33533099 -12.00352637   7.61406011  10.18667167
    5.1014301   -1.39840066  -0.31537871]], Action: [[-1.          1.          0.79652476  0.25194758  0.02565245 -1.        ]], Reward: [2.3695843],Reward_sum: 141.51205444335938, Done: [False]
==========
t: 146, State: [[10.39722636 -0.58688103  3.30599604 -0.08922863  0.12806653  0.5202927
  -0.1420258  -0.07585752 -0.33258789 -0.16089835  0.29209972 -2.08983332
  13.71312725 -9.67180926  6.06358816  7.62051171  7.49989144  7.03962598]], Action: [[ 0.7018398  -0.16763629  1.         -0.14874199  0.49584782 -0.03995647]], Reward: [0.36517167],Reward_sum: 141.87722778320312, Done: [False]
==========
t: 147, State: [[ 10.42178287  -0.56113922   3.31806524   0.4785753   -0.56518881
    0.49801816  -0.16720173  -0.0957806    0.2921837    1.11781025
    0.54240938   0.34962074   7.3882689  -10.30955836  -3.28590142
   -4.60081774  -3.52775824  13.44404158]], Action: [[ 0.7334351  -1.          0.6876341  -1.         -1.          0.60790056]], Reward: [0.05309901],Reward_sum: 141.93032836914062, Done: [False]
==========
t: 148, State: [[ 1.05231107e+01 -5.33383729e-01  3.34434996e+00  3.73131376e-01
  -3.49784105e-01  9.07018272e-03 -5.89108002e-01 -2.58866450e-01
   4.91484245e-01  2.28638894e+00  5.19421074e-01  7.71454013e-01
  -5.56605679e+00  8.72367200e+00 -9.92336698e+00 -9.27329741e+00
  -3.03037384e+00 -3.07761380e+00]], Action: [[ 0.32615107 -0.39244735 -0.14064184 -1.         -0.69504476  0.04799758]], Reward: [1.8500001],Reward_sum: 143.7803192138672, Done: [False]
==========
t: 149, State: [[ 10.65626238  -0.50071175   3.3488105   -0.31355602   0.550144
   -0.32537975  -0.93147377  -0.31591626  -0.17364844   2.43272371
    0.58628748  -0.49435254 -14.40069836  15.31732909  -3.71028933
   -3.51276935  -0.73746769 -16.74507483]], Action: [[-1.         1.        -0.5032812 -1.        -0.5189607 -1.       ]], Reward: [2.2107728],Reward_sum: 145.9910888671875, Done: [False]
==========
t: 150, State: [[10.72041715 -0.52828145  3.27513419 -0.53880545  0.71905221  0.20743088
  -0.68640372 -0.09344712 -0.58618478  0.76056454 -1.25136455 -1.66167402
   1.61109268 -2.6150849  14.7834816   8.02838579  6.83570935  2.77402409]], Action: [[-1.          1.          1.         -0.48758915  0.5488078  -1.        ]], Reward: [0.82920223],Reward_sum: 146.82029724121094, Done: [False]
==========
t: 151, State: [[ 10.69372093  -0.56647627   3.2959021    0.27171982  -0.23755181
    0.67002105   0.23494425  -0.23253254  -0.09092081  -0.34627396
    0.98700554  -0.99218042  17.05942686 -18.42378233   4.53399234
   21.8090353   -2.39530955  12.55499429]], Action: [[ 1.         -1.          1.          0.9985719  -0.47812587  0.3510548 ]], Reward: [-0.9688234],Reward_sum: 145.85147094726562, Done: [False]
==========
t: 152, State: [[10.76586064 -0.53390991  3.25666438  0.6750436  -0.72963148  0.5999823
   0.37219372 -0.05910528  0.36103797  2.45891663  0.15729291 -0.70727934
   1.78793611 -2.16300107 -3.80682597 -7.17351873  3.8317443   5.48739738]], Action: [[ 1.         -1.          0.94487315 -1.         -1.         -0.2908287 ]], Reward: [0.9450575],Reward_sum: 146.79653930664062, Done: [False]
==========
t: 153, State: [[ 10.93307395  -0.53245497   3.27034095   0.50201666  -0.44432929
   -0.32043432  -0.28311633  -0.08695817   0.33460049   3.61362249
    0.15069396   1.14915685  -4.96380184   6.22450204 -19.81969503
  -14.95232133  -3.69493153  -4.34483731]], Action: [[ 1.         -0.68168384 -0.97873455 -0.9775034  -1.         -0.21203192]], Reward: [2.9019578],Reward_sum: 149.698486328125, Done: [False]
==========
t: 154, State: [[ 11.10360263  -0.49983644   3.31730277   0.07936223   0.38940289
   -0.4480625   -0.93055767  -0.37597918  -0.24169977   2.85626145
    0.74577969   0.50453431  -5.63962493  15.9654973    1.59745323
   -9.82643119  -6.59833462 -13.76156279]], Action: [[ 0.29403102  1.         -1.         -1.         -1.         -1.        ]], Reward: [2.9019282],Reward_sum: 152.6004180908203, Done: [False]
==========
t: 155, State: [[11.23561537 -0.5151847   3.27344776 -0.3484775   0.81261068  0.25538778
  -0.9730029  -0.22881532 -0.53148099  2.44357402 -1.02752907 -1.17471354
  -8.33937459  0.08014256 15.68788228  2.89135406  7.63995889  0.97916348]], Action: [[-1.          1.          0.6976126  -0.9991362   0.61602473 -1.        ]], Reward: [2.1538124],Reward_sum: 154.75424194335938, Done: [False]
==========
t: 156, State: [[ 1.12591053e+01 -5.80385956e-01  3.31818147e+00  2.20455329e-01
  -1.88267808e-01  6.99420783e-01 -8.19766081e-02 -2.54259849e-01
   1.88887542e-02 -2.39793620e-02  9.43955680e-01 -8.73597778e-01
   1.64238707e+01 -1.83882443e+01  3.32062593e+00  2.38041790e+01
   3.79297425e-01  1.51789295e+01]], Action: [[ 1.         -1.          1.          1.         -0.10563146  1.        ]], Reward: [-0.03131739],Reward_sum: 154.72293090820312, Done: [False]
==========
t: 157, State: [[ 1.13369954e+01 -5.19867029e-01  3.33045342e+00  6.35256709e-01
  -7.38680439e-01  4.35297515e-01  2.52713879e-01 -6.64464608e-03
   3.99753553e-01  2.57554956e+00  9.75398539e-01  5.83073391e-01
   2.15049973e+00 -3.57847389e+00 -7.73190249e+00 -2.20957799e+00
   4.37581879e+00  2.13067852e+00]], Action: [[ 1.         -1.          0.574725   -1.         -1.         -0.56255764]], Reward: [1.093124],Reward_sum: 155.81605529785156, Done: [False]
==========
t: 158, State: [[ 11.51533036  -0.48273936   3.35641464   0.43581642  -0.24176819
   -0.43377327  -0.18078852  -0.04355307   0.3179708    3.92246324
    0.68697596   0.81903158  -4.9854259   11.9446403  -16.65751288
  -11.36124314  -4.07637908  -3.93045294]], Action: [[ 1.         -0.06409763 -0.97360224 -1.         -1.         -0.06029457]], Reward: [3.171135],Reward_sum: 158.9871826171875, Done: [False]
==========
t: 159, State: [[ 11.73611899  -0.44387815   3.44369766  -0.24531855   0.5960427
   -0.42203472  -0.83854823  -0.30970172  -0.23326739   4.1224293
    0.8498575    1.87805282 -13.62656472  12.92447655   0.65576867
  -11.86423603  -5.60730383 -13.35066129]], Action: [[-0.8207051  1.        -0.9624571 -1.        -0.800989  -1.       ]], Reward: [3.8916261],Reward_sum: 162.87881469726562, Done: [False]
==========
t: 160, State: [[11.86590137 -0.45079893  3.41375304 -0.54439605  0.78029433  0.13817271
  -0.50742028 -0.31060495 -0.56464496  1.76304803 -0.82556674 -1.50569342
   0.68112369 -2.24221648 12.81124121 15.52214232  3.9071728   2.05835802]], Action: [[-1.          1.          0.6028274   0.46661037  0.47279376 -1.        ]], Reward: [2.2151816],Reward_sum: 165.093994140625, Done: [False]
==========
t: 161, State: [[ 1.18903897e+01 -5.15710165e-01  3.44143841e+00  2.88682177e-01
  -2.97597327e-01  5.88279677e-01  1.62747162e-01 -6.13702689e-02
  -2.99532952e-02  1.82482351e-02  3.06068880e-01 -1.67121686e+00
   1.98457780e+01 -2.03494405e+01  5.08989824e+00  1.32987022e+01
   6.65047942e+00  1.41015815e+01]], Action: [[ 1.         -1.          0.93843466 -0.02308628 -0.3993229   0.44555277]], Reward: [0.16584882],Reward_sum: 165.25982666015625, Done: [False]
==========
t: 162, State: [[11.97811138 -0.51426381  3.36732811  0.73695041 -0.7457238   0.62177914
   0.17752021  0.1004118   0.63056014  2.74951536 -0.43764783 -0.98997871
   1.38487153 -0.14002234 -1.65051274 -5.56035395  0.1784193  -1.53992923]], Action: [[ 0.95740014 -1.          1.         -1.         -1.          1.        ]], Reward: [1.1627729],Reward_sum: 166.422607421875, Done: [False]
==========
t: 163, State: [[ 1.21839466e+01 -5.35957367e-01  3.33120164e+00  8.55448988e-02
   3.48633585e-01  1.25033925e-01 -2.28655967e-01 -1.11180658e-01
  -3.45368519e-03  4.43426147e+00 -2.01774474e-01 -6.46565035e-01
  -1.53113645e+01  2.26395124e+01 -1.06246486e+01 -8.75933740e+00
  -5.76777487e+00 -1.70613732e+01]], Action: [[-0.27799416  1.          0.00817174 -0.5060642  -0.70415676 -1.        ]], Reward: [3.8337765],Reward_sum: 170.25637817382812, Done: [False]
==========
t: 164, State: [[ 1.23726731e+01 -5.63303761e-01  3.29838438e+00 -6.00740853e-01
   8.28168319e-01  7.82939380e-03 -6.49945349e-01  7.42404676e-03
  -5.43853985e-01  3.07721864e+00 -1.06052104e+00 -4.78709720e-01
  -9.27290810e+00 -9.52042116e-01  1.70977068e+00 -5.72269219e+00
   4.38716728e+00  8.57176612e-01]], Action: [[-1.          1.          0.36352032 -0.513569    0.66031575 -1.        ]], Reward: [3.3913383],Reward_sum: 173.64773559570312, Done: [False]
==========
t: 165, State: [[ 12.36497028  -0.56360351   3.30439982   0.05467103  -0.10496221
    0.387156     0.02675065  -0.3452341   -0.28875279  -1.24226969
    0.50048444  -0.17316381  19.01878965 -24.85614846   8.64271108
   20.73455271  -6.12706866   7.06265802]], Action: [[ 0.90636307 -1.          1.          1.         -0.26352903  0.01227577]], Reward: [-0.5431662],Reward_sum: 173.10455322265625, Done: [False]
==========
t: 166, State: [[12.37842153 -0.52604726  3.25202454  0.62552812 -0.82566976  0.48087848
   0.23143098 -0.29451702  0.43615017  1.25862313  0.64007576 -1.65268554
   4.64931727 -2.5988914  -1.98474641 -5.53328761  3.27808912 16.23895735]], Action: [[ 1.        -1.         0.6333407 -0.9067006 -1.         1.       ]], Reward: [-0.25329766],Reward_sum: 172.85125732421875, Done: [False]
==========
t: 167, State: [[ 12.48683858  -0.50374258   3.22239563   0.52089949  -0.54273732
   -0.23193834  -0.38101477  -0.0205522    0.43777618   2.45385054
    0.49239543   0.45294827  -4.57591554   6.35996453 -15.82483831
  -13.80647126   3.93456683  -5.58154209]], Action: [[ 0.7821479  -1.         -0.8132817  -1.         -0.461795    0.13571559]], Reward: [1.8178554],Reward_sum: 174.66912841796875, Done: [False]
==========
t: 168, State: [[ 12.63180838  -0.4516771    3.25355701  -0.29759482   0.4786776
   -0.45496065  -0.9219992   -0.16043337  -0.22757795   2.53276466
    1.24234898   0.18615146 -17.45043272  18.35884971   1.72340894
   -7.09999361  -6.30331439 -15.51650491]], Action: [[-1.          1.         -0.99418    -1.         -0.76277053 -1.        ]], Reward: [2.3423748],Reward_sum: 177.01150512695312, Done: [False]
==========
t: 169, State: [[12.69782874 -0.45375744  3.21700049 -0.55036375  0.71469304  0.25481084
  -0.96488688 -0.09488566 -0.52592796  0.81138495 -0.90118832 -1.08636421
   2.53809625 -2.00499362 16.62092133  2.91066299  5.18893661  0.8218824 ]], Action: [[-0.95321524  1.          1.         -0.89411944  0.74113274 -1.        ]], Reward: [0.79467255],Reward_sum: 177.80618286132812, Done: [False]
==========
t: 170, State: [[ 1.26604946e+01 -5.29532705e-01  3.26044158e+00  3.07586287e-01
  -3.23262172e-01  7.21285434e-01 -1.10417453e-02 -4.47309021e-01
   3.69225993e-02 -8.77723072e-01 -7.95905073e-02  3.41997026e+00
   1.63955986e+01 -2.48867113e+01  3.26200428e+00  2.17017487e+01
  -9.79993357e+00  1.49028789e+01]], Action: [[ 1.         -1.          1.          1.         -0.68552345  1.        ]], Reward: [-1.2936767],Reward_sum: 176.51251220703125, Done: [False]
==========
t: 171, State: [[12.70687787 -0.51311569  3.40655559  0.6131821  -0.80133737  0.54616964
   0.16328394 -0.34745542  0.52962463  1.89245415  0.13869023  2.59414169
  -0.5715892   2.20783844 -5.75576602 -6.13696852  5.98124335  0.25385848]], Action: [[ 1.        -1.         0.8947266 -1.        -1.         0.2831877]], Reward: [0.43959194],Reward_sum: 176.95208740234375, Done: [False]
==========
t: 172, State: [[ 12.85043663  -0.48086695   3.49805432   0.15480777   0.19309438
   -0.34931146  -0.36670677  -0.17571514   0.03042385   3.19043171
    0.76993804   2.22327139 -10.16698786  19.00360604 -17.8434487
  -12.0390157    0.41231308 -14.30578694]], Action: [[-0.20282875  0.39286286 -1.         -1.         -1.         -1.        ]], Reward: [2.451627],Reward_sum: 179.40371704101562, Done: [False]
==========
t: 173, State: [[ 12.98808023  -0.43562198   3.59804393  -0.43582647   0.83700791
   -0.26486615  -0.78621695  -0.18900429  -0.55696633   2.23014747
    0.63213525   2.0533981  -10.32046602   5.27157047   8.13480929
   -5.03838362  -2.15563907  -0.10776231]], Action: [[-1.          1.         -0.01208013 -0.7212157  -0.24648242 -1.        ]], Reward: [2.3947668],Reward_sum: 181.79849243164062, Done: [False]
==========
t: 174, State: [[13.01420488 -0.4164347   3.63820652 -0.22882073  0.58953433  0.43486674
  -0.37789188 -0.37188654 -0.28804465 -0.05012711  0.25133312  0.33942751
   9.41957311 -7.88766581 13.09906785 12.78311357 -1.7656553   7.68640142]], Action: [[ 0.09717169  0.91868126  1.          0.06055024 -0.33326805  0.01571395]], Reward: [0.3256532],Reward_sum: 182.1241455078125, Done: [False]
==========
t: 175, State: [[ 13.01971834  -0.40003835   3.67192213   0.50182128  -0.34459507
    0.6417501   -0.14910159  -0.36084882   0.41216449   0.65449066
    0.28860078   0.47762061  12.88275545 -19.33460058  -1.21286945
   -0.96569343   1.20455054  15.26815284]], Action: [[ 1.         -1.          0.77755225 -0.9220917  -1.          1.        ]], Reward: [-0.43521476],Reward_sum: 181.68890380859375, Done: [False]
==========
t: 176, State: [[ 1.31058959e+01 -3.93979177e-01  3.69236346e+00  7.11005218e-01
  -6.78356894e-01 -8.70335174e-03 -4.35285056e-01 -2.93725727e-01
   4.39125728e-01  2.17457414e+00  1.22641179e-01  4.57098504e-01
  -1.19037969e+00  1.24585931e+00 -1.47341334e+01 -7.33594952e+00
   1.80770958e-01 -4.61982520e+00]], Action: [[ 0.78423977 -1.         -0.3780108  -1.         -0.92661625  0.18604903]], Reward: [1.3584349],Reward_sum: 183.04733276367188, Done: [False]
==========
t: 177, State: [[ 13.26230134  -0.3759702    3.69535086  -0.11807835   0.45344091
   -0.44346231  -0.78871111  -0.39546107  -0.20253054   3.30688385
    0.51247713  -0.39516032 -20.22434573  21.88894959   0.49448431
   -5.5550353   -3.14770462 -15.35293425]], Action: [[-1.  1. -1. -1. -1. -1.]], Reward: [2.5281093],Reward_sum: 185.575439453125, Done: [False]
==========
t: 178, State: [[13.34671489 -0.37148477  3.58260583 -0.5993603   0.78519202  0.24469073
  -0.51966626 -0.13263817 -0.54328025  0.50092805 -0.46261486 -2.39532112
   2.44314776 -3.07064018 15.54309078  9.88856508  9.35104124  1.40783398]], Action: [[-1.          1.          1.         -0.10163799  0.74595046 -1.        ]], Reward: [1.2315938],Reward_sum: 186.80703735351562, Done: [False]
==========
t: 179, State: [[ 13.30239433  -0.42058826   3.57695695   0.30865518  -0.34387912
    0.69200095   0.09046167   0.05801772  -0.25822047  -0.86004775
   -0.54787897  -0.301028    18.96901105 -25.08920952   3.68515101
   12.28715073   1.91798725   7.36690613]], Action: [[ 1.         -1.          1.          0.15085477 -0.33584404 -0.34917617]], Reward: [-1.2121584],Reward_sum: 185.59487915039062, Done: [False]
==========
t: 180, State: [[ 1.33476161e+01 -4.66465171e-01  3.53731597e+00  6.93009616e-01
  -7.92961740e-01  5.98706954e-01  1.15332156e-01 -9.04789364e-03
   4.62950803e-01  1.84144530e+00 -1.41027101e+00 -7.34599828e-01
   8.60600135e-03  2.76959509e+00 -4.00665820e+00 -6.25395533e+00
  -3.59616181e+00  1.56387434e+01]], Action: [[ 1.        -1.         1.        -1.        -1.         0.8982293]], Reward: [0.3237545],Reward_sum: 185.91864013671875, Done: [False]
==========
t: 181, State: [[ 13.45464911  -0.48938567   3.47531683   0.44711443  -0.21224116
    0.03916025  -0.32364477  -0.24018024   0.28326163   2.24380751
   -0.05861553  -0.98825155  -6.28752054  10.71798258 -11.1788541
  -10.39325852  -5.21903225 -11.98248326]], Action: [[ 0.20956464 -0.7385333  -0.14935726 -0.9455273  -1.         -0.8627232 ]], Reward: [1.8156626],Reward_sum: 187.73431396484375, Done: [False]
==========
t: 182, State: [[ 13.58678534  -0.48349077   3.4257279   -0.26172837   0.57988912
   -0.23873641  -0.90363955  -0.3185431   -0.48881319   2.30184543
    0.24367608  -1.47450703 -14.60544284  12.3036313   -1.90768358
   -8.96427473  -0.53719811 -14.77369595]], Action: [[-0.83778083  1.         -0.24479908 -0.9618523  -0.52730054 -1.        ]], Reward: [2.2462234],Reward_sum: 189.98052978515625, Done: [False]
==========
t: 183, State: [[13.63388799 -0.51657218  3.23911211 -0.57216242  0.70850759  0.24060171
  -0.60066784 -0.12718397 -0.54486169  0.12803049 -1.37993634 -4.42329576
   1.93119607 -3.20695847 11.95853057 12.64727406  6.91861409  1.95206296]], Action: [[-1.         1.         0.9001512  0.0280301  0.6046958 -1.       ]], Reward: [0.5243815],Reward_sum: 190.50491333007812, Done: [False]
==========
t: 184, State: [[ 13.59917959  -0.55801601   3.3494434    0.20805581  -0.46330537
    0.59854151   0.15316663  -0.33551818  -0.08967836  -0.93356104
    0.06639378   2.68996896  16.99973838 -25.05990672   3.3591301
   16.89766285  -3.34918123  11.89175739]], Action: [[ 1.         -1.          0.99295384  0.7489308  -0.5101981   0.45779008]], Reward: [-1.0958408],Reward_sum: 189.4090576171875, Done: [False]
==========
t: 185, State: [[13.64734555 -0.52263688  3.35963578  0.58319941 -0.80791445  0.56154761
   0.19540095 -0.17326448  0.54606052  1.83674521  0.43596869 -0.03609949
   1.31632174  3.56096767 -2.37038827 -7.12912424  4.78406156  0.88833452]], Action: [[ 1. -1.  1. -1. -1.  1.]], Reward: [0.3633192],Reward_sum: 189.77236938476562, Done: [False]
==========
t: 186, State: [[ 13.7749465   -0.50823885   3.38912798   0.50791771  -0.34751747
   -0.305029    -0.38943996  -0.13334471   0.22800549   2.75956054
    0.29675535   1.31245307  -1.68916426   8.14486686 -19.06584285
  -12.96418061  -2.41172433  -9.76374783]], Action: [[ 1.         -0.6378322  -0.9898502  -1.         -1.         -0.38605827]], Reward: [2.0984514],Reward_sum: 191.87081909179688, Done: [False]
==========
t: 187, State: [[ 13.93068044  -0.48994028   3.47798552  -0.04146593   0.53257661
   -0.28406779  -0.99344921  -0.35562679  -0.4388594    2.83155769
    0.29561882   1.57161169 -11.71176734  15.53204526   6.98955411
   -9.03439392  -5.47918589 -13.21701268]], Action: [[-0.5468445   1.         -0.14291337 -1.         -0.8333725  -1.        ]], Reward: [2.7132816],Reward_sum: 194.5841064453125, Done: [False]
==========
t: 188, State: [[14.02565644 -0.51642461  3.41642873 -0.4934116   0.81559107  0.49101303
  -0.70176106 -0.14011834 -0.52975153  1.2577078  -1.21166521 -1.98487049
  -5.36428986 -2.6441111  14.97891258 12.3057151  10.20089224  1.03607735]], Action: [[-1.          1.          1.         -0.01051828  1.         -1.        ]], Reward: [1.399509],Reward_sum: 195.98361206054688, Done: [False]
==========
t: 189, State: [[ 13.99467814  -0.55675856   3.32706187   0.23263619  -0.12870474
    0.76747005   0.37910614   0.02403985  -0.03568451  -0.89337654
   -0.13848861  -1.12663757  17.92877921 -23.8207385   -0.58035399
   22.01632131   2.1713765   13.4854355 ]], Action: [[ 1.         -1.          1.          0.8875079  -0.45663244  0.4258371 ]], Reward: [-1.037318],Reward_sum: 194.9462890625, Done: [False]
==========
t: 190, State: [[14.04064531 -0.57356695  3.30256177  0.65235736 -0.84746313  0.41273761
   0.59545463  0.20886241  0.45936301  1.43338809 -0.07594511  2.08802887
   0.58966253 -6.70109076 -7.97305867 -2.93138035  0.03598535  5.82119677]], Action: [[ 1.        -1.         0.6414313 -1.        -1.        -0.2761458]], Reward: [0.4705743],Reward_sum: 195.4168701171875, Done: [False]
==========
t: 191, State: [[ 14.1409076   -0.55465822   3.28382438   0.4561424   -0.25147064
   -0.25328962   0.08153838   0.07201522   0.50084218   2.44534354
    0.43213817  -0.50373289  -4.85978351  14.6798304  -11.23250523
  -14.54120473  -5.0770268   -2.06080959]], Action: [[ 1.         -0.06389533 -0.43639553 -1.         -1.          0.43967742]], Reward: [1.6664618],Reward_sum: 197.08334350585938, Done: [False]
==========
t: 192, State: [[ 14.3019647   -0.5162503    3.34192844  -0.29155449   0.65178189
   -0.41148158  -0.84108597  -0.03554869  -0.117255     2.87896048
    1.05576907   1.88764026 -16.05712608  12.87522671   0.87125384
  -17.27897725  -1.52333577 -16.19918391]], Action: [[-1.          1.         -0.57194376 -1.         -0.20758186 -1.        ]], Reward: [2.7841208],Reward_sum: 199.86746215820312, Done: [False]
==========
t: 193, State: [[14.34042987 -0.51422556  3.31817913 -0.53968062  0.75803084  0.28971631
  -0.57229389 -0.29237126 -0.577839   -0.13986156 -0.71311183 -1.69816172
   1.81100929 -3.28219389 16.51577461 16.88708417 -4.9783481   2.34728384]], Action: [[-1.          1.          1.          0.66517925  0.17098011 -1.        ]], Reward: [0.3221338],Reward_sum: 200.18959045410156, Done: [False]
==========
t: 194, State: [[ 14.2943523   -0.57129848   3.28819596   0.28942596  -0.24655556
    0.72498966   0.27606212  -0.38555032   0.08616441  -0.5512169
   -0.25455817  -2.3360174   17.54450877 -20.00081414   3.04192812
   14.21453118   2.50303266  17.57779904]], Action: [[ 1.         -1.          1.          0.20786458 -0.73847884  0.9390134 ]], Reward: [-1.368582],Reward_sum: 198.82101440429688, Done: [False]
==========
t: 195, State: [[14.34366456 -0.56213336  3.28574295  0.65834166 -0.79140009  0.59728697
   0.17632924 -0.18591738  0.54919529  1.92050724 -0.1278782  -0.08414525
   1.02896401 -1.79139343 -4.43206137 -9.75618729  4.97212469 -1.55443353]], Action: [[ 1.         -1.          1.         -1.         -1.          0.63497597]], Reward: [0.44592586],Reward_sum: 199.26693725585938, Done: [False]
==========
t: 196, State: [[ 14.46997163  -0.55246103   3.32038035   0.44117789  -0.25412502
   -0.2919133   -0.47227715  -0.15880422   0.14478763   2.57602937
    0.42790237   1.17009338  -4.46585431  12.14499492 -18.55218868
  -13.26966815  -2.52571209 -10.75485054]], Action: [[ 1.         -0.1303419  -0.82943004 -1.         -1.         -0.41090626]], Reward: [2.1387627],Reward_sum: 201.40570068359375, Done: [False]
==========
t: 197, State: [[ 14.61188561  -0.53133469   3.39417676  -0.24579403   0.63257728
   -0.31284645  -1.05389878  -0.29191051  -0.51470485   2.48587375
    0.26632096   1.08070659 -14.88429555  13.83588665   7.520045
   -7.53077825  -3.28223969 -12.4298139 ]], Action: [[-1.          1.          0.03400481 -1.         -0.54280365 -1.        ]], Reward: [2.4087002],Reward_sum: 203.8144073486328, Done: [False]
==========
t: 198, State: [[14.67205343 -0.56955398  3.32398032 -0.52940302  0.74718357  0.44090574
  -0.66248915 -0.14839577 -0.52982225  0.63727759 -1.45954071 -1.77020751
   0.43089678 -4.24912429 14.39999387 12.02132683  8.22581015  1.12181642]], Action: [[-0.6488353   1.          1.         -0.24866596  0.72151035 -1.        ]], Reward: [0.80301654],Reward_sum: 204.61741638183594, Done: [False]
==========
t: 199, State: [[ 14.64781988  -0.54901153   3.32458069   0.22519394  -0.17305599
    0.73521843   0.30863798  -0.12048128  -0.10095329  -0.68139901
    1.30855455   0.75593338  17.5869577  -23.06895155   0.18490976
   20.46788917   1.30754975  11.77551531]], Action: [[ 1.         -1.          1.          1.         -0.22499646  0.39460498]], Reward: [-0.9053048],Reward_sum: 203.7121124267578, Done: [False]
==========
HalfCheetah-v4 - Steps: 200, Return: 203.7121124267578, State: [[ 14.64781988  -0.54901153   3.32458069   0.22519394  -0.17305599
    0.73521843   0.30863798  -0.12048128  -0.10095329  -0.68139901
    1.30855455   0.75593338  17.5869577  -23.06895155   0.18490976
   20.46788917   1.30754975  11.77551531]]
