Running on node: v010
CUDA_VISIBLE_DEVICES = 0,1,2,3,4,5,6,7
[CudaDevice(id=0), CudaDevice(id=1), CudaDevice(id=2), CudaDevice(id=3), CudaDevice(id=4), CudaDevice(id=5), CudaDevice(id=6), CudaDevice(id=7)]
Using AIRL:  True
Using GAIL:  False
Using RGCL:  False
Experiment State @  2025-11-19 08:09:50.021555-05:00
Experiment Saved @  results/experiment_123
Experiment Settings Saved @  results/experiment_123
123
Loaded data from expert_agents/CartPole-v1/ppo.pkl.
CartPole-v1 - Steps: 200, Return: 200.0, State: [ 0.03423196 -1.16533408 -0.05399973  1.81037105]
rewards_demo [  1.   2.   3.   4.   5.   6.   7.   8.   9.  10.  11.  12.  13.  14.
  15.  16.  17.  18.  19.  20.  21.  22.  23.  24.  25.  26.  27.  28.
  29.  30.  31.  32.  33.  34.  35.  36.  37.  38.  39.  40.  41.  42.
  43.  44.  45.  46.  47.  48.  49.  50.  51.  52.  53.  54.  55.  56.
  57.  58.  59.  60.  61.  62.  63.  64.  65.  66.  67.  68.  69.  70.
  71.  72.  73.  74.  75.  76.  77.  78.  79.  80.  81.  82.  83.  84.
  85.  86.  87.  88.  89.  90.  91.  92.  93.  94.  95.  96.  97.  98.
  99. 100. 101. 102. 103. 104. 105. 106. 107. 108. 109. 110. 111. 112.
 113. 114. 115. 116. 117. 118. 119. 120. 121. 122. 123. 124. 125. 126.
 127. 128. 129. 130. 131. 132. 133. 134. 135. 136. 137. 138. 139. 140.
 141. 142. 143. 144. 145. 146. 147. 148. 149. 150. 151. 152. 153. 154.
 155. 156. 157. 158. 159. 160. 161. 162. 163. 164. 165. 166. 167. 168.
 169. 170. 171. 172. 173. 174. 175. 176. 177. 178. 179. 180. 181. 182.
 183. 184. 185. 186. 187. 188. 189. 190. 191. 192. 193. 194. 195. 196.
 197. 198. 199. 200.]
Execution time: 1.8766 seconds,Total True Reward = 109.0000
Execution time: 1.6345 seconds,Total True Reward = 200.0000
Execution time: 2.0245 seconds,Total True Reward = 200.0000
Execution time: 1.6683 seconds,Total True Reward = 200.0000
Execution time: 1.6593 seconds,Total True Reward = 200.0000
Execution time: 1.6581 seconds,Total True Reward = 200.0000
Execution time: 1.6644 seconds,Total True Reward = 200.0000
Execution time: 2.0554 seconds,Total True Reward = 200.0000
Execution time: 1.6827 seconds,Total True Reward = 200.0000
Execution time: 1.6846 seconds,Total True Reward = 200.0000
Execution time: 1.6694 seconds,Total True Reward = 200.0000
Execution time: 2.0619 seconds,Total True Reward = 200.0000
Execution time: 1.6770 seconds,Total True Reward = 200.0000
Execution time: 1.6539 seconds,Total True Reward = 200.0000
Execution time: 1.6769 seconds,Total True Reward = 200.0000
Execution time: 1.6719 seconds,Total True Reward = 190.0000
Execution time: 1.6884 seconds,Total True Reward = 198.0000
Execution time: 2.1410 seconds,Total True Reward = 200.0000
Execution time: 1.6945 seconds,Total True Reward = 200.0000
Execution time: 1.6701 seconds,Total True Reward = 200.0000
Execution time: 1.6770 seconds,Total True Reward = 200.0000
Execution time: 1.6792 seconds,Total True Reward = 200.0000
Execution time: 1.6626 seconds,Total True Reward = 200.0000
Execution time: 2.2039 seconds,Total True Reward = 200.0000
Execution time: 1.6561 seconds,Total True Reward = 200.0000
Execution time: 1.6833 seconds,Total True Reward = 200.0000
Execution time: 1.6256 seconds,Total True Reward = 200.0000
Execution time: 1.6846 seconds,Total True Reward = 200.0000
Execution time: 1.6683 seconds,Total True Reward = 200.0000
Execution time: 1.6623 seconds,Total True Reward = 200.0000
Execution time: 2.2687 seconds,Total True Reward = 200.0000
Execution time: 1.6630 seconds,Total True Reward = 200.0000
Execution time: 1.6812 seconds,Total True Reward = 200.0000
Execution time: 1.6693 seconds,Total True Reward = 200.0000
Execution time: 1.6663 seconds,Total True Reward = 200.0000
Execution time: 1.6361 seconds,Total True Reward = 200.0000
Execution time: 1.6720 seconds,Total True Reward = 200.0000
Execution time: 2.3402 seconds,Total True Reward = 200.0000
Execution time: 1.6818 seconds,Total True Reward = 200.0000
Execution time: 1.6731 seconds,Total True Reward = 200.0000
Execution time: 1.6730 seconds,Total True Reward = 200.0000
Execution time: 1.6693 seconds,Total True Reward = 200.0000
Execution time: 1.6749 seconds,Total True Reward = 200.0000
Execution time: 1.6753 seconds,Total True Reward = 200.0000
Execution time: 1.6725 seconds,Total True Reward = 200.0000
Execution time: 1.6840 seconds,Total True Reward = 200.0000
Execution time: 2.4201 seconds,Total True Reward = 100.0000
Execution time: 1.6847 seconds,Total True Reward = 200.0000
Execution time: 1.6835 seconds,Total True Reward = 200.0000
Execution time: 1.6800 seconds,Total True Reward = 200.0000
Execution time: 1.6661 seconds,Total True Reward = 200.0000
Execution time: 1.6626 seconds,Total True Reward = 200.0000
Execution time: 1.6861 seconds,Total True Reward = 200.0000
Execution time: 1.6702 seconds,Total True Reward = 200.0000
Execution time: 1.6520 seconds,Total True Reward = 200.0000
Execution time: 1.6917 seconds,Total True Reward = 200.0000
Execution time: 2.5099 seconds,Total True Reward = 200.0000
Execution time: 1.6735 seconds,Total True Reward = 200.0000
Execution time: 1.6826 seconds,Total True Reward = 200.0000
Execution time: 1.6705 seconds,Total True Reward = 200.0000
Execution time: 1.6823 seconds,Total True Reward = 200.0000
Execution time: 1.6635 seconds,Total True Reward = 168.0000
Execution time: 1.6648 seconds,Total True Reward = 200.0000
Execution time: 1.6650 seconds,Total True Reward = 200.0000
Execution time: 1.6626 seconds,Total True Reward = 200.0000
Execution time: 1.6613 seconds,Total True Reward = 200.0000
Execution time: 1.6559 seconds,Total True Reward = 200.0000
Execution time: 2.6031 seconds,Total True Reward = 200.0000
Execution time: 1.6584 seconds,Total True Reward = 200.0000
Execution time: 1.6677 seconds,Total True Reward = 200.0000
Execution time: 1.6799 seconds,Total True Reward = 200.0000
Execution time: 1.6896 seconds,Total True Reward = 200.0000
Execution time: 1.6899 seconds,Total True Reward = 200.0000
Execution time: 1.6859 seconds,Total True Reward = 200.0000
Execution time: 1.6672 seconds,Total True Reward = 200.0000
Execution time: 1.6776 seconds,Total True Reward = 200.0000
Execution time: 1.6654 seconds,Total True Reward = 200.0000
Execution time: 1.6658 seconds,Total True Reward = 200.0000
Execution time: 1.6807 seconds,Total True Reward = 200.0000
Execution time: 2.7105 seconds,Total True Reward = 200.0000
Execution time: 1.6670 seconds,Total True Reward = 200.0000
Execution time: 1.6726 seconds,Total True Reward = 200.0000
Execution time: 1.6611 seconds,Total True Reward = 200.0000
Execution time: 1.6748 seconds,Total True Reward = 200.0000
Execution time: 1.6754 seconds,Total True Reward = 200.0000
Execution time: 1.6777 seconds,Total True Reward = 200.0000
Execution time: 1.6760 seconds,Total True Reward = 200.0000
Execution time: 1.6543 seconds,Total True Reward = 200.0000
Execution time: 1.6868 seconds,Total True Reward = 200.0000
Execution time: 1.7033 seconds,Total True Reward = 200.0000
Execution time: 1.6835 seconds,Total True Reward = 200.0000
Execution time: 1.6551 seconds,Total True Reward = 200.0000
Execution time: 1.6749 seconds,Total True Reward = 200.0000
Execution time: 2.8867 seconds,Total True Reward = 200.0000
Execution time: 1.6776 seconds,Total True Reward = 200.0000
Execution time: 1.6842 seconds,Total True Reward = 200.0000
Execution time: 1.6827 seconds,Total True Reward = 200.0000
Execution time: 1.6822 seconds,Total True Reward = 200.0000
Execution time: 1.6696 seconds,Total True Reward = 200.0000
Execution time: 1.6725 seconds,Total True Reward = 200.0000
