[CudaDevice(id=0)]
Using AIRL:  False
Using GAIL:  False
Using RGCL:  True
Experiment State @  2025-07-26 17:00:28.673672-05:00
Experiment Saved @  results/experiment_129
Experiment Settings Saved @  results/experiment_129
129
Using cuda device
Wrapping the env with a `Monitor` wrapper
Wrapping the env in a DummyVecEnv.
Wrapping the env with a `Monitor` wrapper
Wrapping the env in a DummyVecEnv.
t: 0, State: [[ -0.03214588  -0.07182301   0.07753245   0.25964042   0.22699435
   -0.41978644  -0.20694972  -0.16345571   0.09756107  -0.3124721
   -0.72766354   0.01767662   5.32294551   4.64231373 -10.8658454
   -8.90971812  -4.27138904   0.1909379 ]], Action: [[ 1.          0.81106204 -1.         -1.         -1.         -0.05580463]], Reward: [-0.6462766],Reward_sum: -0.646276593208313, Done: [False]
==========
t: 1, State: [[-7.90125011e-02 -1.23280359e-01  1.17257437e-01 -5.07795055e-03
   6.04063637e-01 -4.22493675e-01 -7.30538480e-01 -1.44847044e-01
  -1.13450564e-01 -9.67044678e-01 -1.18782727e+00  1.05450417e+00
  -8.95407474e+00  6.20262703e+00  6.29828219e-01 -8.64991095e+00
   1.84820316e+00 -6.05505403e+00]], Action: [[-0.70448446  1.         -1.         -0.69063365  0.02781058 -0.48162037]], Reward: [-1.257933],Reward_sum: -1.9042096138000488, Done: [False]
==========
t: 2, State: [[-0.07615103 -0.17515367  0.03410489 -0.44490387  0.7138838   0.34362436
  -0.30710467 -0.08698551 -0.21044212  0.40033397 -0.96862384 -3.46225915
  -7.11146914 -0.40654083 17.63632966 12.05056572 -7.74226356 -7.18528887]], Action: [[-1.          1.          1.          1.          1.          0.85297084]], Reward: [-0.5155264],Reward_sum: -2.419735908508301, Done: [False]
==========
t: 3, State: [[ 1.16235270e-02 -1.44131361e-01  5.43633852e-02  7.46090046e-02
  -2.45934001e-02  7.51888777e-01  2.19881741e-01 -3.41654470e-01
  -1.90891428e-01  2.27255097e+00  1.10061186e+00  1.89399420e+00
   1.49028929e+01 -1.79966361e+01  1.83877006e+00  8.07353689e+00
  -1.35779787e+00  4.68577899e+00]], Action: [[ 0.7963258  -1.          1.          0.14083523 -0.40561098  0.4190554 ]], Reward: [1.4560814],Reward_sum: -0.9636545181274414, Done: [False]
==========
t: 4, State: [[  0.08214477  -0.08185495   0.13045497   0.60442715  -0.63153102
    0.33291606   0.05404489  -0.3748056    0.36184129   0.56432351
    1.18475831   0.84427538   6.41929948  -7.2806236  -10.49828461
   -9.30586756  -0.81462882  12.66677945]], Action: [[ 1.         -1.          0.34218195 -1.         -1.          1.        ]], Reward: [0.89871603],Reward_sum: -0.064938485622406, Done: [False]
==========
t: 5, State: [[  0.06603393  -0.06856705   0.14965738   0.49269673   0.03451301
   -0.5035264   -0.59472465  -0.3465758    0.40275518  -0.46996866
   -0.2932789    0.52478653  -3.55677957  17.7669234  -14.33829262
  -12.80003216   0.21151984  -6.28030629]], Action: [[ 0.8587887   0.641005   -1.         -1.         -1.         -0.48546892]], Reward: [-0.76062536],Reward_sum: -0.8255638480186462, Done: [False]
==========
t: 6, State: [[ 4.28837601e-02 -7.32242896e-02  1.74894432e-01 -8.03504283e-02
   8.03469701e-01 -4.24635610e-01 -8.65646645e-01  7.99008556e-03
  -3.69973752e-01 -1.29634066e-01  6.12216590e-03  2.22743692e-02
  -1.32412399e+01  9.16570270e+00  1.46728276e+00  1.03787144e+00
   8.21111397e+00 -1.74741607e+01]], Action: [[-0.84599435  1.         -1.         -0.343608    0.67360777 -1.        ]], Reward: [-0.89175546],Reward_sum: -1.7173192501068115, Done: [False]
==========
t: 7, State: [[ 0.11744593 -0.06461553  0.13430134 -0.11250866  0.64251327  0.28117052
  -0.31237963  0.36143607 -0.51295877  2.17102062 -0.04777413 -0.75042794
   5.31027482 -6.90347841 16.29635783 13.80299723  7.41336082  1.25176093]], Action: [[ 0.34038436  1.          1.          0.14615756  1.         -1.        ]], Reward: [1.0775211],Reward_sum: -0.6397983431816101, Done: [False]
==========
t: 8, State: [[ 2.21995959e-01 -4.47617578e-02  1.34473020e-01  4.70089310e-01
  -3.60988114e-01  7.43039464e-01  7.86378669e-02 -1.01063977e-01
  -2.58943272e-01  1.74033578e+00  1.31658696e-01  1.68510271e-02
   1.12855622e+01 -2.08446494e+01  3.26060297e+00  3.86749084e+00
  -8.17417351e+00  1.19630286e+01]], Action: [[ 1.         -1.          1.         -0.4072691  -0.46080035  0.65446126]], Reward: [1.7103481],Reward_sum: 1.070549726486206, Done: [False]
==========
t: 9, State: [[  0.2483984   -0.06259858   0.11901648   0.68413527  -0.75165062
   -0.16990046  -0.19158389  -0.42015724   0.54219391  -0.10114928
   -0.68262382  -0.32312069  -0.96279903   0.11594337 -22.79460103
  -10.23355295  -4.56604442  15.25915576]], Action: [[ 1.        -1.        -1.        -0.8264648 -1.         1.       ]], Reward: [-0.04025567],Reward_sum: 1.0302940607070923, Done: [False]
==========
t: 10, State: [[  0.2189016   -0.14407958   0.07813452   0.13509435   0.27413285
   -0.48814958  -0.74338796  -0.45305798   0.10528168  -0.36529068
   -2.22792255  -1.31425484 -10.5555338   21.6893258    2.92603499
   -9.16365547   0.33327261 -15.1915468 ]], Action: [[ 0.26581162  1.         -1.         -1.         -1.         -1.        ]], Reward: [-1.0970016],Reward_sum: -0.06670749187469482, Done: [False]
==========
t: 11, State: [[ 0.25261896 -0.23431713 -0.11451848 -0.37650864  0.85337892  0.38889993
  -0.25729059 -0.04634553 -0.53587565  1.46938454 -1.41674599 -4.30606169
  -7.57761031 -0.5189291  19.57302466 17.34565599 10.96839085 -1.03340122]], Action: [[-1.          1.          1.          1.          1.         -0.46569616]], Reward: [0.1526599],Reward_sum: 0.08595240116119385, Done: [False]
==========
t: 12, State: [[  0.42683289  -0.19678234  -0.10438699   0.21074736   0.28112965
    0.81098782   0.5589028   -0.04302264  -0.52764836   4.0286662
    1.39121487   1.41735116  17.54511171 -18.74332872   0.45122958
   13.77126635  -3.35268707   3.45200103]], Action: [[ 1.         -1.          1.          0.98281837  0.34046108 -0.11840482]], Reward: [3.0746922],Reward_sum: 3.16064453125, Done: [False]
==========
t: 13, State: [[ 5.66147430e-01 -1.17387052e-01 -1.60460206e-02  8.19259061e-01
  -4.54414216e-01  2.10281486e-01  3.44115793e-01 -8.10684543e-02
   1.47271599e-01  1.72111089e+00  1.63569650e+00  2.07068810e+00
   6.00558704e+00 -1.11401863e+01 -1.57722793e+01 -1.39696456e+01
  -1.13166366e+00  1.66569473e+01]], Action: [[ 1.         -1.         -0.3144796  -1.         -1.          0.62837404]], Reward: [2.3369155],Reward_sum: 5.497560024261475, Done: [False]
==========
t: 14, State: [[  0.5897587   -0.06971006   0.08107027   0.55285934   0.06390771
   -0.49965884  -0.4973972   -0.24442448   0.53732024   0.29655395
    0.37479278   2.28591283  -8.39116063  16.23839681  -0.75864199
  -17.02446708  -4.14187551  -1.34107545]], Action: [[ 1.          0.834888   -1.         -1.         -1.         -0.14969422]], Reward: [0.0002808],Reward_sum: 5.497840881347656, Done: [False]
==========
t: 15, State: [[  0.63763796  -0.0482896    0.12116831  -0.15934777   0.79023615
   -0.15928167  -0.53585671  -0.0901485    0.13545165   1.60886995
    0.47232063  -0.59898121 -14.96802948   8.9492035    7.78704553
   10.01601884   6.0962681   -9.75486849]], Action: [[-1.          1.         -0.29345733  0.8483523   1.          0.4161554 ]], Reward: [0.5596848],Reward_sum: 6.057525634765625, Done: [False]
==========
t: 16, State: [[  0.76443328  -0.01718057   0.13640837  -0.40508765   0.51375381
    0.47047047  -0.08403755   0.39099755  -0.58742675   2.76315141
    0.74353297   0.84146451   1.19417869 -10.9698109   11.23324268
    6.96108723   7.44139437 -16.17021136]], Action: [[-0.3033306   0.55853707  1.         -0.11790842  1.         -1.        ]], Reward: [2.1941187],Reward_sum: 8.251644134521484, Done: [False]
==========
t: 17, State: [[ 9.43432781e-01  4.32450364e-03  2.36825748e-01  2.46691920e-01
  -5.76670087e-01  6.50385034e-01  4.97811271e-01  2.17368115e-01
  -7.37530123e-02  3.51160110e+00 -3.84920251e-01  1.38852593e+00
   1.37196767e+01 -2.01941698e+01 -8.25111321e-01  1.25217514e+01
  -5.34164403e+00  1.70162341e+01]], Action: [[ 1.         -1.          1.          0.7964134  -0.00655483  1.        ]], Reward: [3.1165583],Reward_sum: 11.368202209472656, Done: [False]
==========
t: 18, State: [[ 1.05025341e+00 -1.77757795e-02  2.29694980e-01  5.52848081e-01
  -7.58761671e-01 -2.75383251e-01  4.02362521e-01  5.05282955e-02
   6.01819099e-01  1.40073402e+00 -2.99269643e-01 -5.94819769e-01
   1.24605499e+00  4.66222805e+00 -2.10081807e+01 -9.53722398e+00
  -2.64170219e+00 -1.11985143e+00]], Action: [[ 1.         -1.         -1.         -1.         -1.          0.52662677]], Reward: [1.608679],Reward_sum: 12.97688102722168, Done: [False]
==========
t: 19, State: [[ 1.05942425e+00 -6.79520544e-03  1.47774184e-01 -5.47670935e-02
   4.04934964e-01 -4.35853581e-01  4.12007003e-02  2.01863766e-01
   4.64007656e-01 -1.72863835e-01  5.73180506e-01 -2.51788755e+00
  -1.40059255e+01  2.18181387e+01  1.16117520e+00 -3.13027410e+00
   5.21345281e+00 -2.38783036e+00]], Action: [[-0.5606962   1.         -1.         -1.         -0.22080962 -0.94718945]], Reward: [-0.24261369],Reward_sum: 12.734267234802246, Done: [False]
==========
t: 20, State: [[  1.0726501    0.02086154   0.06396896  -0.58951481   0.78164228
    0.17403825  -0.21427106   0.6060868   -0.12621281   0.98696252
    0.85883819  -0.4097678    0.22078321  -3.28989388  12.3695762
   -4.82954266   6.80976958 -15.00440085]], Action: [[-1.          1.          0.69830966 -0.5263013   1.         -1.        ]], Reward: [-0.21194604],Reward_sum: 12.522320747375488, Done: [False]
==========
t: 21, State: [[ 1.14703436e+00  4.28572111e-02  4.11631800e-02 -4.71995902e-01
   5.45962814e-01  6.51180594e-01 -7.49403053e-03  4.19352579e-01
  -4.46922053e-01  1.67218481e+00  1.03994139e-01 -7.02769252e-01
   2.45097210e+00 -3.86327976e+00  5.47558954e+00  7.92021913e+00
  -6.91073110e+00 -5.77283782e-01]], Action: [[-1.          1.          1.          0.6348578   0.86096233  0.16567896]], Reward: [1.0705101],Reward_sum: 13.592830657958984, Done: [False]
==========
t: 22, State: [[  1.25980835   0.0655007    0.10331055   0.27854412  -0.44279812
    0.49720035   0.3629679   -0.3057       0.11692918   2.20994102
   -0.03252718   0.57554155  15.86872666 -21.13570486  -5.923965
    5.22769245 -13.65599241  15.71006359]], Action: [[ 1.        -1.         0.7212098  0.1418252 -1.         1.       ]], Reward: [1.8014541],Reward_sum: 15.394285202026367, Done: [False]
==========
t: 23, State: [[  1.30332565   0.03157677   0.0343125    0.61570815  -0.51113694
   -0.3902923   -0.09565637  -0.48640429   0.53509936   0.16293176
   -1.06505903  -1.53194532   1.09020688   8.32637805 -17.81984783
  -15.87737571   1.38538295  -1.20804899]], Action: [[ 1.         -0.25528473 -1.         -1.         -1.          0.64281654]], Reward: [0.42250755],Reward_sum: 15.816793441772461, Done: [False]
==========
t: 24, State: [[ 1.26661415e+00 -6.19095289e-02  1.57167826e-02 -9.77952050e-02
   5.64555731e-01 -4.49229138e-01 -9.55073515e-01 -4.09218592e-02
  -1.09474679e-01 -5.38105647e-01 -2.42322464e+00 -2.43323022e-01
  -1.73749213e+01  1.86113473e+01  2.32225573e+00 -1.30194405e+01
   9.38872733e+00 -1.70787364e+01]], Action: [[-1.          1.         -1.         -0.94775015  0.02475728 -1.        ]], Reward: [-1.2241142],Reward_sum: 14.592679023742676, Done: [False]
==========
t: 25, State: [[ 1.32353015 -0.14771952 -0.11407192 -0.58321898  0.74770634  0.32942553
  -0.5685542   0.22681551 -0.5880276   2.14963541 -1.08741953 -3.20298371
   0.68777568 -5.47662316 16.54600836 16.93985456  3.24491903  2.75141904]], Action: [[-1.          1.          1.          0.48228568  1.         -1.        ]], Reward: [0.61506],Reward_sum: 15.207738876342773, Done: [False]
==========
t: 26, State: [[ 1.51520710e+00 -9.95100637e-02  1.78604036e-02  1.33856259e-01
  -4.57036801e-02  5.58346114e-01  2.87499043e-01 -4.13454779e-02
   1.59760539e-02  4.14908156e+00  1.32415906e+00  3.11975558e+00
   1.79389723e+01 -2.21689739e+01  1.13927363e+00  1.43153758e+01
  -1.48952951e+01  7.91624189e+00]], Action: [[ 1.         -1.          1.          0.31064337 -0.242209    0.92041165]], Reward: [3.4333067],Reward_sum: 18.64104461669922, Done: [False]
==========
t: 27, State: [[  1.65986285  -0.07491523   0.08697359   0.68206394  -0.589372
    0.02675059   0.39709723  -0.41659784   0.58760648   2.03258712
    0.26263223   0.54950741   4.96292127  -1.41885972 -12.92705785
   -5.8593634   -3.55233887  11.23707669]], Action: [[ 1.         -0.55760974 -0.3314647  -0.45381624 -1.          1.        ]], Reward: [2.53044],Reward_sum: 21.171483993530273, Done: [False]
==========
t: 28, State: [[ 1.68668065e+00 -8.17098504e-02  1.31024916e-01  2.64021678e-01
   3.32204532e-01 -4.89238329e-01 -3.77787867e-01 -3.48835177e-01
   1.25227532e-01  1.64472080e-01 -6.01064245e-01  1.62893183e+00
  -1.15414225e+01  2.00678307e+01 -2.34686273e-03 -1.83238754e+01
   2.53535290e+00 -1.50856714e+01]], Action: [[ 0.14722916  0.9988211  -1.         -1.         -1.         -1.        ]], Reward: [0.03442406],Reward_sum: 21.205907821655273, Done: [False]
==========
t: 29, State: [[ 1.75680225 -0.11383279  0.14747902 -0.35068411  0.84913176  0.10040903
  -0.39601107  0.01702775 -0.60274641  2.3545321  -0.40971707 -0.30145294
  -9.98974308 -0.56844407 13.79891067 10.03873017  6.97890344  0.63222762]], Action: [[-1.          1.          0.39032483  1.          1.         -1.        ]], Reward: [0.88719654],Reward_sum: 22.09310531616211, Done: [False]
==========
t: 30, State: [[  1.93046733  -0.08181354   0.18556887   0.15909654  -0.25971637
    0.6209249    0.05465179  -0.13023192  -0.47008294   3.68404948
    0.57637563   0.0874938   15.67230174 -26.4296095    6.17155615
    8.01163364  -1.91192064   4.54730222]], Action: [[ 1.         -1.          1.          0.19262677  0.37349123 -0.03819372]], Reward: [3.155496],Reward_sum: 25.24860191345215, Done: [False]
==========
t: 31, State: [[ 2.05156966 -0.07666163  0.13144971  0.58976285 -0.79185464  0.63403761
  -0.03768    -0.28755266  0.21857073  1.77232818 -0.03677068 -1.08685692
   3.037234    2.59711306 -2.24445174 -8.23646563 -2.92536149 17.09288172]], Action: [[ 1. -1.  1. -1. -1.  1.]], Reward: [1.8220464],Reward_sum: 27.070650100708008, Done: [False]
==========
t: 32, State: [[  2.0991164   -0.12182963   0.08595273   0.35362503   0.15605282
   -0.28036224  -0.6335655   -0.35229672   0.30967932   0.850025
   -1.39784744  -0.4685612   -5.12078229  19.11407837 -19.80897183
  -12.00918073  -1.04455432  -7.31534007]], Action: [[ 0.38374376  0.4989918  -0.9916244  -1.         -0.95486325 -1.        ]], Reward: [0.5218014],Reward_sum: 27.592451095581055, Done: [False]
==========
t: 33, State: [[  2.15659068  -0.18415613   0.0457119   -0.09446052   0.8291566
   -0.43288241  -0.84963806  -0.08073791  -0.42919799   1.55564568
   -1.07038508  -1.24981652  -9.26252076   6.66006911   0.99653232
    1.81720293   6.74336534 -16.02324392]], Action: [[-0.58967555  1.         -1.         -0.41462943  0.46165442 -1.        ]], Reward: [0.7762096],Reward_sum: 28.36865997314453, Done: [False]
==========
t: 34, State: [[ 2.29938032 -0.21721886 -0.06327395 -0.08132671  0.61896125  0.2909597
  -0.25686751  0.29626328 -0.5168555   3.40975664 -0.80970855 -2.2633644
   4.49755744 -6.77326055 16.87904359 14.39529225  8.81081087  2.23111537]], Action: [[ 0.18941073  1.          1.          0.28881848  1.         -0.9561315 ]], Reward: [2.4524448],Reward_sum: 30.821104049682617, Done: [False]
==========
t: 35, State: [[ 2.49199567e+00 -1.87676006e-01 -7.50294422e-02  4.69862580e-01
   1.29286111e-02  7.73228103e-01  1.77317092e-01 -1.36033864e-01
  -2.38425422e-01  3.92633379e+00  8.00769618e-01  8.98923532e-01
   1.19557664e+01 -1.53562596e+01  4.78181814e+00  4.61728138e+00
  -6.71625868e+00  1.24199010e+01]], Action: [[ 1.         -1.          1.         -0.22797391 -0.3606872   0.75184745]], Reward: [3.477573],Reward_sum: 34.298675537109375, Done: [False]
==========
t: 36, State: [[ 2.64426550e+00 -1.57808491e-01  1.81630698e-02  8.47187876e-01
  -4.50700623e-01 -8.81905353e-03 -7.18732680e-03 -4.40535328e-01
   5.54332917e-01  2.37541333e+00  4.74202198e-01  2.50878312e+00
   2.43812630e+00 -6.00486412e+00 -2.20518362e+01 -8.50370293e+00
  -5.00627358e+00  1.48168559e+01]], Action: [[ 1.         -1.         -1.         -0.49247438 -1.          1.        ]], Reward: [2.5211434],Reward_sum: 36.819820404052734, Done: [False]
==========
t: 37, State: [[  2.70739365  -0.16288659   0.16101923   0.27898064   0.25286628
   -0.51389678  -0.66913742  -0.4739092    0.1082707    1.22990479
   -0.56472259   2.76950577 -13.82710402  17.53069487   3.06724517
  -12.95992181   0.64088507 -15.31746802]], Action: [[ 0.25576323  1.         -1.         -1.         -1.         -1.        ]], Reward: [0.7560214],Reward_sum: 37.57583999633789, Done: [False]
==========
t: 38, State: [[  2.82433805  -0.18494298   0.15672514  -0.42201255   0.81566231
    0.3721933   -0.32937635  -0.04343958  -0.59934776   3.20619184
   -0.50994957  -1.31812709 -11.46485416   4.54294602  19.20552365
   16.04967254  12.10505405  -9.28238994]], Action: [[-1.          1.          1.          0.96009123  1.         -0.3555339 ]], Reward: [1.8340701],Reward_sum: 39.409908294677734, Done: [False]
==========
t: 39, State: [[ 2.98820169e+00 -1.20019661e-01  1.43332804e-01 -1.50516402e-01
  -1.09240075e-01  8.08266822e-01  9.31758473e-03 -1.34577343e-01
  -5.46462082e-01  3.26575536e+00  1.68146337e+00 -7.99256055e-02
   1.14050618e+01 -2.49051920e+01  5.16234145e-01  3.68816034e+00
   3.76805825e+00  1.39960532e+00]], Action: [[ 0.13924892 -0.98982733  1.         -0.2128796   0.66928923 -1.        ]], Reward: [2.9280314],Reward_sum: 42.33794403076172, Done: [False]
==========
t: 40, State: [[  3.14453689  -0.04121365   0.17536176   0.46532379  -0.66611274
    0.32130951  -0.17177304  -0.18027153   0.09488821   2.74370516
    1.16231215   0.51847633   9.9607092   -4.18750609 -13.03789967
   -7.65903317  -3.00206589  17.28782032]], Action: [[ 1.         -0.9901162   0.13294414 -1.         -1.          0.8978035 ]], Reward: [2.6462986],Reward_sum: 44.9842414855957, Done: [False]
==========
t: 41, State: [[  3.22711505  -0.01358616   0.24601956   0.33800551  -0.21686416
   -0.37360347  -0.7257692   -0.39750734   0.42613773   1.36773001
    0.29387464   2.15205983  -7.17003515  10.91831039 -10.44350152
  -11.38508526  -4.74616804  -0.89789198]], Action: [[-0.22341602 -0.46438575 -0.7103841  -1.         -1.         -0.38615227]], Reward: [1.3596303],Reward_sum: 46.3438720703125, Done: [False]
==========
t: 42, State: [[ 3.28719943e+00 -1.47822376e-02  2.90159059e-01 -3.31304438e-01
   6.17248100e-01 -4.30262762e-01 -1.03765371e+00 -2.16749794e-01
  -1.90350960e-01  1.56560911e+00 -1.11371201e-01 -2.87017601e-01
  -1.30542827e+01  1.33220287e+01  9.12872146e-01  1.01759245e+00
   5.46322100e+00 -1.65486062e+01]], Action: [[-1.         1.        -1.        -1.         0.1724075 -1.       ]], Reward: [0.69871515],Reward_sum: 47.04258728027344, Done: [False]
==========
t: 43, State: [[ 3.44057645e+00 -5.05172818e-05  2.18960379e-01 -3.91226645e-01
   7.18391504e-01  2.65285917e-01 -4.60480119e-01  2.30888876e-01
  -5.25431406e-01  3.80713756e+00  3.12015895e-01 -1.25867758e+00
   5.41935292e+00 -3.82605524e+00  1.64645988e+01  1.38358217e+01
   1.09661306e+01  1.14918280e+00]], Action: [[-0.17519711  1.          1.         -0.01681447  1.         -1.        ]], Reward: [2.6644428],Reward_sum: 49.70703125, Done: [False]
==========
t: 44, State: [[ 3.65809412e+00  2.29405868e-02  2.50559184e-01  3.93611947e-01
  -3.41802770e-01  7.28286619e-01  8.71431339e-02 -9.23682400e-03
  -2.37940025e-01  4.07506665e+00  3.80731387e-03  3.58642443e-01
   1.54904876e+01 -2.30623378e+01  3.43896251e+00  8.41031676e+00
  -7.37076555e+00  1.00848051e+01]], Action: [[ 1.         -1.          1.         -0.25378832 -0.45517558  0.53193504]], Reward: [3.9948986],Reward_sum: 53.70193099975586, Done: [False]
==========
t: 45, State: [[ 3.78377315e+00  5.04352872e-03  2.40764126e-01  7.03452709e-01
  -7.25794360e-01  1.32665158e-02 -7.75330208e-02 -3.01557438e-01
   5.30169214e-01  1.67296302e+00 -4.88008203e-01 -1.30480653e-01
  -2.79811908e-01  1.80908451e+00 -1.82252489e+01 -1.00176737e+01
  -4.60756553e+00  1.54038146e+01]], Action: [[ 1.         -0.84591895 -0.52159077 -1.         -1.          1.        ]], Reward: [2.014817],Reward_sum: 55.71674728393555, Done: [False]
==========
t: 46, State: [[  3.82866355  -0.06130382   0.22996526   0.18772135   0.31726211
   -0.47999329  -0.69345428  -0.3996777    0.11497894   0.99164719
   -1.92181398  -0.29514813 -10.49943235  21.43414885   1.91931051
  -11.50539558  -1.3207638  -14.76149397]], Action: [[ 0.27546  1.      -1.      -1.      -1.      -1.     ]], Reward: [0.39022022],Reward_sum: 56.10696792602539, Done: [False]
==========
t: 47, State: [[ 3.93800819 -0.14293343  0.10096352 -0.35013521  0.84462808  0.38079989
  -0.31411334 -0.07667775 -0.60993611  3.04807001 -1.3676905  -3.23756808
  -8.5814901  -0.91051937 19.50063199 16.37663353  8.97403506  0.90688252]], Action: [[-1.  1.  1.  1.  1. -1.]], Reward: [1.5868928],Reward_sum: 57.69386291503906, Done: [False]
==========
t: 48, State: [[ 4.15911338 -0.1589142   0.02804987  0.2138321  -0.04888922  0.83964832
   0.48229358 -0.20616962 -0.4039785   5.37944397  0.2789952   0.17227795
  14.49665222 -8.27785224  4.38092226 15.12790819 -0.87947435  7.84738617]], Action: [[ 1.         -1.          1.          1.          0.20415409  0.32788914]], Reward: [4.0071845],Reward_sum: 61.701045989990234, Done: [False]
==========
t: 49, State: [[ 4.35950399 -0.12300123  0.03323441  0.708733   -0.52275725  0.63910295
   0.4544819  -0.09303681  0.3410381   3.10945038  1.23725577 -0.15770247
   5.04341704 -6.72562592 -5.72552866 -5.65381148  2.12142179 17.24266085]], Action: [[ 1.        -1.         1.        -1.        -1.         0.5174522]], Reward: [3.4810364],Reward_sum: 65.18208312988281, Done: [False]
==========
t: 50, State: [[ 4.45851922e+00 -4.35420653e-02  4.80993308e-02  6.10535766e-01
  -5.27158950e-01 -2.66638536e-01 -2.40471654e-02  7.47426239e-03
   5.67891766e-01  1.41677504e+00  1.73856690e+00  5.37037989e-01
  -5.44504532e+00  1.69581493e+00 -1.86756886e+01 -9.78712657e+00
   6.02302309e-01 -3.55360653e+00]], Action: [[ 0.895621   -0.9224201  -0.8497854  -0.98251766 -0.78494954  0.33984768]], Reward: [1.573093],Reward_sum: 66.75517272949219, Done: [False]
==========
t: 51, State: [[ 4.47963413e+00 -1.30452841e-02  8.24460054e-02 -3.78642276e-01
   3.65738554e-01 -4.29166818e-01 -6.31739032e-01 -1.20438781e-01
  -9.12978758e-02  6.34746629e-01 -3.10145327e-01  1.95272454e-01
  -2.13345679e+01  1.68428509e+01  8.05141969e-01 -1.10822261e+01
  -4.12878781e+00 -1.65967916e+01]], Action: [[-1.          1.         -1.         -1.         -0.70955014 -1.        ]], Reward: [-0.12804794],Reward_sum: 66.62712097167969, Done: [False]
==========
t: 52, State: [[ 4.61955134e+00  8.78224308e-03  6.36953062e-03 -5.27008632e-01
   6.08604096e-01  1.50022310e-01 -5.12997896e-01  3.55456965e-03
  -5.77751195e-01  3.41999241e+00  7.09694467e-01 -2.49382475e+00
   2.40817117e+00  1.36226424e+00  1.50321972e+01  8.61795431e+00
   5.41234230e+00  2.34183518e+00]], Action: [[-1.          1.          0.81638944  0.22803581  1.         -1.        ]], Reward: [2.3264952],Reward_sum: 68.95361328125, Done: [False]
==========
t: 53, State: [[  4.83302547   0.07611506  -0.02249494   0.3116455   -0.32243587
    0.66168889  -0.13881296   0.30539604  -0.25752086   4.44778771
    0.8179293   -0.82395623  18.09157561 -21.86543438   5.55527758
    6.49121772   6.12365286   7.95721229]], Action: [[ 1.         -1.          1.         -0.3152825   0.49861825 -0.27690858]], Reward: [3.9270122],Reward_sum: 72.88062286376953, Done: [False]
==========
t: 54, State: [[ 4.99227265  0.06277511 -0.05896056  0.73006288 -0.77338468  0.48870644
  -0.10224319  0.05913829  0.49997779  2.34982945 -0.70500126 -0.31332605
   1.32721821  0.37483175 -6.62983502 -3.55658355 -9.67000231 16.16869751]], Action: [[ 1.        -1.         0.6271118 -1.        -1.         1.       ]], Reward: [2.6456165],Reward_sum: 75.52623748779297, Done: [False]
==========
t: 55, State: [[ 5.03847331e+00 -2.02031778e-02 -5.63441074e-02 -4.69274015e-02
   4.05640236e-01 -3.53613931e-01 -5.89520695e-01 -2.16744523e-01
   2.42740485e-01  7.39927912e-01 -2.34176158e+00 -4.39381744e-02
  -1.87057670e+01  2.34537591e+01 -1.66758833e+01 -1.11647467e+01
  -2.82284781e+00 -1.44972416e+01]], Action: [[-0.7781969   1.         -1.         -1.         -0.43718222 -1.        ]], Reward: [0.4443415],Reward_sum: 75.97059631347656, Done: [False]
==========
t: 56, State: [[  5.1472344   -0.11139468  -0.12415011  -0.55449035   0.80319775
   -0.29221269  -0.63471568   0.06318341  -0.66364462   3.11247818
   -1.05757603  -1.54797996   0.78551309  -2.62125448   6.97063681
    5.35762931   8.177447   -15.81667437]], Action: [[-1.          1.          0.07172692 -0.08023888  1.         -1.        ]], Reward: [1.7740633],Reward_sum: 77.74465942382812, Done: [False]
==========
t: 57, State: [[ 5.36031365 -0.10582975 -0.1173949  -0.06246448  0.38468863  0.19884122
  -0.10378143  0.32950854 -0.35499447  5.02929803  0.78052005  2.19182608
   9.47386531 -4.46805918  5.22220182 11.39764889  4.87432931  8.94756788]], Action: [[ 0.40254867  0.17149048  1.          0.24985981  0.7711228  -0.18369012]], Reward: [4.0733595],Reward_sum: 81.8180160522461, Done: [False]
==========
t: 58, State: [[  5.58543028  -0.06419787   0.04675075   0.51324369  -0.44981352
    0.46288844   0.16818655   0.02057823   0.10993829   3.77608011
    0.75492725   2.76703321   9.2207529  -16.80089357   3.9114636
    0.82111174  -9.90865396   7.7735899 ]], Action: [[ 1.         -1.          0.8073251  -1.         -1.         -0.09645639]], Reward: [4.036225],Reward_sum: 85.85424041748047, Done: [False]
==========
t: 59, State: [[  5.7278209   -0.06496469   0.1320284    0.6029927   -0.36931533
   -0.08558815  -0.06223513  -0.44859677   0.53872182   2.44951079
   -0.36457417   1.40540396  -1.5456168    9.29417708 -14.43273324
   -7.74945871  -7.65833163   7.10013107]], Action: [[ 1.         -0.10157482 -0.61645633 -0.42835724 -1.          0.8420201 ]], Reward: [2.5195303],Reward_sum: 88.37377166748047, Done: [False]
==========
t: 60, State: [[  5.7995336   -0.09941451   0.23923013  -0.03966456   0.56602805
   -0.45188811  -0.73234261  -0.47778537   0.06905267   1.45047599
   -0.96962301   2.43857666 -15.02732187  15.80204959   1.11171143
  -13.1523452    2.32383845 -15.70737828]], Action: [[-0.6276177  1.        -1.        -1.        -0.7415012 -1.       ]], Reward: [0.93988115],Reward_sum: 89.31365203857422, Done: [False]
==========
t: 61, State: [[ 5.93934880e+00 -1.32274884e-01  2.51747285e-01 -5.80901987e-01
   7.99778509e-01  3.22997570e-01 -5.45721954e-01  1.68888886e-02
  -6.36699280e-01  3.64929005e+00 -4.37028741e-01 -5.29295670e-01
  -5.57552446e+00 -3.03189313e+00  1.76944593e+01  1.15130417e+01
   1.15144856e+01  1.84088527e+00]], Action: [[-1.          1.          1.          0.39639527  1.         -1.        ]], Reward: [2.280591],Reward_sum: 91.59424591064453, Done: [False]
==========
t: 62, State: [[ 6.15433608e+00 -8.65681878e-02  2.57564921e-01  1.49838407e-01
  -3.48125896e-01  7.28211296e-01  1.85348053e-02 -3.20995248e-01
  -4.23052754e-01  4.47942148e+00  6.21531418e-01 -7.08239672e-01
   1.85752192e+01 -2.58402449e+01  1.65523876e+00  1.06535934e+01
  -2.78879200e+00  6.17915237e+00]], Action: [[ 1.         -1.          1.          0.07764447  0.04873956  0.02948554]], Reward: [3.9988182],Reward_sum: 95.59306335449219, Done: [False]
==========
t: 63, State: [[  6.30254838  -0.08651802   0.14175524   0.64084879  -0.80408733
    0.21651931  -0.04738307  -0.37252115   0.27916268   2.09438136
   -0.27011941  -2.73666089   2.9282861    3.19868134 -12.69247132
   -8.49300229   0.30123853  16.62941253]], Action: [[ 1.         -1.          0.11369768 -1.         -1.          1.        ]], Reward: [2.4629533],Reward_sum: 98.05601501464844, Done: [False]
==========
t: 64, State: [[ 6.34820628e+00 -1.44856193e-01  1.78728269e-02  7.36518877e-02
   4.09243350e-01 -4.17259329e-01 -6.78873328e-01 -1.27842454e-01
   3.08633329e-01  8.00106842e-01 -1.84188559e+00 -2.25584754e+00
  -1.36336349e+01  2.37196654e+01 -8.92923041e+00 -1.16552076e+01
   5.29444663e+00 -8.57091265e+00]], Action: [[-0.42250562  1.         -0.7404961  -1.         -0.39464194 -1.        ]], Reward: [0.52489924],Reward_sum: 98.58091735839844, Done: [False]
==========
t: 65, State: [[  6.46798364  -0.21987244  -0.18081126  -0.48463421   0.83885022
    0.17759523  -0.29075816   0.14382084  -0.50915468   3.34617017
   -1.11887861  -4.28732125  -7.19823217  -3.26508451  18.20908297
   16.49920019   5.29454958 -17.00743376]], Action: [[-1.  1.  1.  1.  1. -1.]], Reward: [1.7955471],Reward_sum: 100.37646484375, Done: [False]
==========
t: 66, State: [[  6.69104883  -0.13811566  -0.06909781   0.17432042   0.16474353
    0.65686596   0.15103825   0.20527716  -0.45988101   4.47630713
    1.76878699   2.14160655  17.20262621 -21.81131394   5.15237733
    4.30924976  -2.22262044   4.73544226]], Action: [[ 0.9349775  -0.50802064  1.         -0.33355838  0.3355792   0.3911379 ]], Reward: [4.2103906],Reward_sum: 104.58685302734375, Done: [False]
==========
t: 67, State: [[  6.86620761  -0.08294894   0.0363885    0.77744901  -0.61432724
    0.26087659  -0.0437081   -0.14945848   0.29286784   2.63301906
    0.66421766   2.16098092   5.95410049  -8.94611438 -12.73968998
   -9.39413349  -8.68416731  17.91144416]], Action: [[ 1.         -1.         -0.15304583 -0.8940922  -1.          1.        ]], Reward: [3.020893],Reward_sum: 107.60774230957031, Done: [False]
==========
t: 68, State: [[  6.94419936  -0.09568918   0.14156432   0.41334143   0.20003122
   -0.51709725  -0.7303411   -0.46438894   0.42442752   1.47450085
   -0.77538303   2.08282329  -9.45725803  21.2717358  -10.81262188
  -13.66265335  -4.47740373  -6.61929252]], Action: [[ 0.4354403   1.         -1.         -1.         -1.         -0.33153027]], Reward: [1.1298829],Reward_sum: 108.73762512207031, Done: [False]
==========
t: 69, State: [[  7.04092283  -0.11039835   0.19159957  -0.27496466   0.83739341
   -0.29308367  -0.82173023  -0.14727543  -0.41062454   2.59069541
    0.11964765   0.46395983 -13.08857753   0.26442817   5.98714934
    6.09371339   9.81106081 -18.79673752]], Action: [[-1.          1.         -0.49556226 -0.09949997  0.75079817 -1.        ]], Reward: [1.5525514],Reward_sum: 110.29017639160156, Done: [False]
==========
t: 70, State: [[ 7.22389172 -0.08761395  0.17979592 -0.0527997   0.44679309  0.3457237
  -0.40544309  0.09751131 -0.55767153  3.66892232  0.66003188 -1.40118906
  10.72489422 -8.90561143 12.75692945  8.32287927 -2.63811335  1.60274758]], Action: [[ 0.8475188   0.9321434   1.         -0.58372015  0.76033324 -0.86321765]], Reward: [3.2342618],Reward_sum: 113.5244369506836, Done: [False]
==========
t: 71, State: [[ 7.41345644e+00 -7.04423023e-02  1.57010108e-01  6.03394365e-01
  -4.38749080e-01  6.02651357e-01 -1.40951564e-02 -3.55215052e-01
   1.12306171e-01  3.36062716e+00 -5.16842164e-02 -4.70650147e-01
   1.04693927e+01 -1.62516272e+01  1.41878302e-01  5.23088638e+00
  -9.29877600e+00  1.75187548e+01]], Action: [[ 1.         -1.          0.7371994  -0.28635153 -1.          1.        ]], Reward: [3.3287485],Reward_sum: 116.85318756103516, Done: [False]
==========
t: 72, State: [[  7.51858757  -0.08443733   0.14575788   0.71451959  -0.67324557
   -0.21374109  -0.27781338  -0.52004158   0.57795202   1.49903777
   -0.46175999   0.08406035  -2.85504113   1.31804868 -19.23819627
   -9.75922535   0.15031774  -2.42009885]], Action: [[ 1.         -1.         -0.9335609  -0.94151044 -1.          1.        ]], Reward: [1.5268248],Reward_sum: 118.38001251220703, Done: [False]
==========
t: 73, State: [[  7.56481042  -0.15091073   0.12648973   0.046977     0.32522625
   -0.47653895  -0.7770684   -0.42680399  -0.08870564   1.12761988
   -1.92385489  -1.00249626 -13.35042877  20.31226911   2.49968438
   -7.42944909   1.53353963 -17.20133698]], Action: [[-0.01426522  1.         -1.         -1.         -1.         -1.        ]], Reward: [0.42443657],Reward_sum: 118.80445098876953, Done: [False]
==========
t: 74, State: [[ 7.68197575e+00 -2.31761938e-01 -6.28566646e-02 -5.04358186e-01
   8.34494342e-01  3.57277404e-01 -2.21382928e-01 -1.15309747e-02
  -5.79240378e-01  3.20147640e+00 -1.35169309e+00 -4.25536563e+00
  -6.93086376e+00 -3.96996185e-01  1.86475070e+01  1.78520904e+01
   1.12852310e+01  2.60942514e+00]], Action: [[-1.         1.         1.         0.9350904  1.        -0.8626825]], Reward: [1.7814451],Reward_sum: 120.58589935302734, Done: [False]
==========
t: 75, State: [[  7.92521165  -0.18267123  -0.05455297   0.19450235   0.18191972
    0.79101896   0.49784706  -0.13079478  -0.43987874   5.46103205
    1.43150056   1.33099061  19.70616551 -19.71699372   3.24287955
   12.77485676  -1.28738205   5.7013868 ]], Action: [[ 1.         -1.          1.          0.89756346  0.22469206  0.03849952]], Reward: [4.478959],Reward_sum: 125.06485748291016, Done: [False]
==========
t: 76, State: [[ 8.12658744e+00 -1.17631821e-01 -5.78577685e-04  8.05725389e-01
  -5.83965970e-01  5.93657533e-01  2.70799411e-01 -9.49052623e-02
   3.55402991e-01  2.93178800e+00  1.25012033e+00  1.20757094e+00
   5.18472230e+00 -9.27900793e+00 -7.09903286e+00 -1.31756250e+01
  -1.21592962e-01  1.88335350e+01]], Action: [[ 1.         -1.          0.71764356 -1.         -1.          1.        ]], Reward: [3.4760146],Reward_sum: 128.54087829589844, Done: [False]
==========
t: 77, State: [[ 8.19581990e+00 -3.10984720e-02  1.74164427e-02  3.89839695e-01
   1.51046437e-02 -3.64942467e-01 -2.66532417e-01  6.05626424e-02
   3.41180064e-01  8.03346125e-01  1.32291558e+00  7.58482984e-01
  -1.27755659e+01  1.58327283e+01 -1.92011189e+01 -1.36861395e+01
   3.76454733e+00 -1.02959559e+01]], Action: [[ 0.32106346  0.48573184 -1.         -1.         -0.2185186  -0.71319073]], Reward: [1.0951085],Reward_sum: 129.635986328125, Done: [False]
==========
t: 78, State: [[ 8.23839282e+00 -3.54749468e-03  5.94341974e-02 -5.19975035e-01
   6.54133299e-01 -4.56204159e-01 -8.97180328e-01  3.78447028e-01
  -4.27134141e-01  1.48967744e+00  1.55592629e-01  5.21829112e-01
  -1.62028943e+01  6.53777718e+00  1.83527165e+00 -8.63552299e+00
   4.77211510e+00 -1.55482861e+01]], Action: [[-1.         1.        -1.        -1.         0.7835218 -1.       ]], Reward: [0.29006773],Reward_sum: 129.92605590820312, Done: [False]
==========
t: 79, State: [[ 8.41284689e+00  4.58619157e-02  1.29244660e-02 -4.21599617e-01
   5.55745658e-01  2.42540272e-01 -4.61699215e-01  2.69012764e-01
  -5.30799449e-01  4.24058044e+00  1.08076507e+00 -1.65828763e+00
   7.90942224e+00 -4.06478220e+00  1.68094448e+01  1.57028681e+01
  -2.42974997e+00  1.15692399e+00]], Action: [[-0.34698564  1.          1.          0.38129163  1.         -1.        ]], Reward: [3.062503],Reward_sum: 132.98855590820312, Done: [False]
==========
t: 80, State: [[  8.63957431   0.09424936   0.04762211   0.39329997  -0.43819159
    0.72113315   0.12653755  -0.17961036   0.15222968   4.19152035
    0.30186518   0.572995    15.10947209 -20.56152534   3.71631176
    7.43736702  -8.92114894  18.18294405]], Action: [[ 1.        -1.         1.        -0.5209631 -1.         1.       ]], Reward: [4.007408],Reward_sum: 136.9959716796875, Done: [False]
==========
t: 81, State: [[ 8.78733609e+00  7.55623764e-02  4.17407794e-02  7.28986616e-01
  -7.44521480e-01 -8.35458207e-03  5.51977494e-02 -4.17429530e-01
   5.94112179e-01  2.23186950e+00 -6.20226740e-01 -1.07803037e-01
   7.03371969e-01  2.39772115e+00 -1.86395040e+01 -6.33137521e+00
  -2.20934242e+00 -2.98605949e+00]], Action: [[ 1.         -1.         -0.5963046  -0.58876824 -1.          1.        ]], Reward: [2.4850128],Reward_sum: 139.48098754882812, Done: [False]
==========
t: 82, State: [[ 8.85622753e+00  5.33001241e-03  2.89565184e-02  2.88375560e-01
   3.12340184e-01 -4.73079532e-01 -5.44100955e-01 -3.80488132e-01
  -6.49378761e-02  1.38465605e+00 -1.94281707e+00 -1.19204163e-01
  -8.88877037e+00  2.16036461e+01  1.93163936e+00 -1.28643883e+01
   1.28015252e+00 -1.68722633e+01]], Action: [[ 0.53407985  1.         -0.87068087 -1.         -1.         -1.        ]], Reward: [0.8734961],Reward_sum: 140.35447692871094, Done: [False]
==========
t: 83, State: [[  8.97225949  -0.0713889   -0.05402011  -0.27825111   0.8474033
    0.39918414  -0.31705342  -0.03070715  -0.57690295   3.08590345
   -1.17025513  -2.18178039 -10.20878726  -0.92551838  19.66820116
   13.52901737   8.52512325   2.30976853]], Action: [[-1.  1.  1.  1.  1. -1.]], Reward: [1.7206391],Reward_sum: 142.0751190185547, Done: [False]
==========
t: 84, State: [[ 9.20227874e+00 -1.01432525e-01  3.94832337e-03  1.89038209e-01
  -1.03936782e-01  8.27748196e-01  4.32667685e-01  2.76758930e-01
  -4.34529939e-02  5.39714955e+00 -5.77658433e-01  3.66173298e+00
   1.29942996e+01 -1.16735364e+01  2.44996766e+00  1.36974718e+01
   5.62337172e+00  1.37995307e+01]], Action: [[ 1.         -1.          1.          0.7448771   0.23530765  0.38554138]], Reward: [4.2244997],Reward_sum: 146.29962158203125, Done: [False]
==========
t: 85, State: [[ 9.39992239 -0.14580794  0.20281601  0.60702417 -0.64830396  0.5784725
   0.44700544  0.32935098  0.58631069  3.11498891 -0.85310577  3.76934415
   4.168093   -6.60816079 -7.04228846 -6.04987163 -2.78258921 -0.56294494]], Action: [[ 1.         -1.          0.892548   -1.         -1.          0.64400136]], Reward: [3.431735],Reward_sum: 149.73135375976562, Done: [False]
==========
t: 86, State: [[  9.53498985  -0.15954337   0.28123854   0.50437156   0.024484
   -0.05566513   0.45961939   0.35753415   0.4995928    2.33165547
    0.11439647   1.23900213  -3.53199465  17.78633656 -10.93498911
    0.70792191   1.91887047  -2.20609991]], Action: [[ 1.          0.76329535 -0.11169383 -1.         -1.         -1.        ]], Reward: [2.2418396],Reward_sum: 151.9731903076172, Done: [False]
==========
t: 87, State: [[  9.61291731  -0.10136166   0.43494371  -0.18292622   0.73845935
   -0.43775581   0.24724904   0.64035049   0.29384541   1.51852103
    1.61035161   3.92908912 -16.50037644   7.23766774  -5.07081339
   -5.32951273   5.77750241  -4.71836435]], Action: [[-0.89132535  1.         -0.8046836  -1.         -0.03524237 -1.        ]], Reward: [1.1142273],Reward_sum: 153.08740234375, Done: [False]
==========
t: 88, State: [[ 9.72985847 -0.01955184  0.7084742  -0.58238528  0.53954813  0.15136281
   0.14657267  0.5844499  -0.06789009  3.00212095  1.6781554   6.54577192
   1.93321932 -9.33947635 15.6342239  -1.03736118 -4.95744389 -8.28951269]], Action: [[-1.          1.          1.         -0.28270078  0.13088037 -1.        ]], Reward: [1.9291183],Reward_sum: 155.0165252685547, Done: [False]
==========
t: 89, State: [[  9.89255124   0.01854993   1.02416282  -0.11164936   0.09832902
    0.62769555   0.315234    -0.23477265   0.10762792   2.96874378
    0.07058844   5.19704251  10.60769913  -5.15950078   4.43171045
    3.43542707 -17.70004947   8.41697601]], Action: [[ 0.27725142  0.8127729   1.          0.33556545 -1.          1.        ]], Reward: [2.868848],Reward_sum: 157.8853759765625, Done: [False]
==========
t: 90, State: [[ 10.02184906   0.04046673   1.23604267   0.38211811  -0.13246037
    0.09712169   0.11594817  -0.45717204   0.5644047    2.27013199
    0.86285498   3.69165973   6.83654285  -2.34082305 -14.15234063
   -5.60957977   2.61664347   0.19914164]], Action: [[ 0.47637266 -0.06577949 -0.33522666 -0.8646274  -1.          0.53070295]], Reward: [2.3486702],Reward_sum: 160.23403930664062, Done: [False]
==========
t: 91, State: [[ 10.10894943   0.12212894   1.40498094   0.38260261   0.31741717
   -0.49385995  -0.21384789  -0.18706704   0.237412     1.61361562
    1.9174235    3.93045331  -2.95897552  11.46740979  -0.23765535
   -7.04943583   5.08298755 -10.01452474]], Action: [[ 0.52291054  1.         -1.         -1.         -1.         -1.        ]], Reward: [1.2146637],Reward_sum: 161.44869995117188, Done: [False]
==========
t: 92, State: [[ 10.20117288   0.23856057   1.6674443   -0.25674348   0.70077057
    0.34485559  -0.75979863   0.28537927  -0.44352859   1.91891672
    2.05453749   5.66501162 -14.0640567    2.92782872  19.28703947
  -10.29657192   8.35973963 -13.49894101]], Action: [[-1.         1.         1.        -1.         0.6429697 -1.       ]], Reward: [1.303128],Reward_sum: 162.7518310546875, Done: [False]
==========
t: 93, State: [[10.32191118  0.27222539  1.92021039 -0.54637051  0.51157503  0.80894619
  -0.70751369  0.37755679 -0.52691204  2.63558017 -0.22461221  4.79982737
   0.35709507 -6.42488308  0.92544523  7.10837855 -0.49856968  1.12903603]], Action: [[-1.          0.63232756  1.         -0.1033451   1.         -1.        ]], Reward: [1.9737144],Reward_sum: 164.7255401611328, Done: [False]
==========
t: 94, State: [[ 10.43382739   0.18319963   2.23388707   0.17890167  -0.42885281
    0.53680176  -0.09762698  -0.22396384   0.0764444    1.25244511
   -1.90397053   5.65069402  15.7906592  -19.14500382  -6.55866607
   12.68432897 -12.33006667  15.93891996]], Action: [[ 1.         -0.6525519   1.         -0.21399847 -1.          0.7924641 ]], Reward: [1.8283621],Reward_sum: 166.5539093017578, Done: [False]
==========
t: 95, State: [[10.482228    0.14481157  2.44633845  0.63243336 -0.80324279  0.11513327
   0.084917   -0.45384861  0.57823579  1.17423285 -0.21254222  3.67065536
   3.88631238  1.38158439 -6.68879706 -1.99684405 -0.38207594 -1.41479427]], Action: [[ 1.         -1.          0.26696166 -0.6171652  -1.          0.63627833]], Reward: [0.582311],Reward_sum: 167.13623046875, Done: [False]
==========
t: 96, State: [[ 1.05925062e+01  1.86696919e-01  2.64151425e+00  4.84414508e-02
   4.05491099e-01 -6.46103518e-02 -4.56221832e-01 -3.84029415e-01
  -1.81073973e-02  2.45937286e+00  1.08725019e+00  4.36420048e+00
  -1.39862426e+01  2.43138861e+01 -9.46777847e-01 -1.36168347e+01
   1.18227862e+00 -1.61016947e+01]], Action: [[-0.654559    1.         -0.11533254 -1.         -1.         -1.        ]], Reward: [1.7613889],Reward_sum: 168.89761352539062, Done: [False]
==========
t: 97, State: [[10.71586791  0.18195253  2.88844498 -0.48456304  0.83695775  0.41975965
  -1.07380582  0.1420651  -0.53526761  2.30964652 -1.16765922  5.39814489
  -6.13570397 -2.81383255 11.63193275 -8.61063178 11.47971207  0.77334164]], Action: [[-1.         1.         1.        -0.9820999  0.9945127 -1.       ]], Reward: [1.8718768],Reward_sum: 170.7694854736328, Done: [False]
==========
t: 98, State: [[ 1.07292631e+01  1.36657258e-02  3.10923200e+00  2.83155209e-01
  -2.56911391e-01  6.79451214e-01 -2.95521636e-01 -3.69889765e-02
  -7.59831653e-02 -9.52259020e-01 -3.10918673e+00  3.36286157e+00
   1.91803816e+01 -2.57240158e+01  7.64089544e-01  2.46014584e+01
  -5.36174007e+00  1.26830004e+01]], Action: [[ 1.         -1.          1.          0.872478   -0.14325176  0.5708297 ]], Reward: [-0.1428542],Reward_sum: 170.6266326904297, Done: [False]
==========
t: 99, State: [[10.75678646 -0.06732352  3.3161417   0.65004235 -0.82842947  0.5433898
   0.17764717 -0.04190664  0.42786834  1.64103849 -1.39302608  4.37060786
  -0.55960472  0.82319331 -3.72716075  0.50049681  0.80367041  6.77265681]], Action: [[ 1.         -1.          1.         -1.         -1.         -0.06645672]], Reward: [0.05002504],Reward_sum: 170.67665100097656, Done: [False]
==========
t: 100, State: [[ 10.88735674  -0.15317293   3.53847699   0.36207074  -0.19745725
   -0.12708201  -0.17731002  -0.13383046   0.24307988   2.93753893
   -1.92089092   4.72611727  -5.42249158  12.88714708 -13.73472134
  -10.56266414  -3.89297007  -9.28584602]], Action: [[ 0.73304164 -0.13266616 -0.45393747 -1.         -1.         -0.7976838 ]], Reward: [2.2716746],Reward_sum: 172.9483184814453, Done: [False]
==========
t: 101, State: [[ 11.06378299  -0.26447275   3.81005316  -0.25525478   0.63979605
   -0.24877684  -0.85889801  -0.27710571  -0.42138782   3.33089603
   -2.38019233   5.75996848 -12.33122906  12.7196081    3.02752695
  -12.78265302  -2.72817099 -13.46744111]], Action: [[-1.          1.         -0.11387625 -1.         -0.5220119  -1.        ]], Reward: [3.0999787],Reward_sum: 176.0482940673828, Done: [False]
==========
t: 102, State: [[11.13441185 -0.32168626  3.87011707 -0.4669108   0.81506223  0.46261407
  -0.21884927 -0.36033599 -0.52433975  0.4923531  -0.11509248 -0.62142101
   0.16588756 -2.82208904 15.46601717 23.42971203  2.85411504  0.92644305]], Action: [[-1.          1.          1.          0.9312086   0.25807464 -1.        ]], Reward: [0.91920185],Reward_sum: 176.96749877929688, Done: [False]
==========
t: 103, State: [[ 11.14785657  -0.30622868   3.91642911   0.26286554  -0.17766703
    0.76382449   0.22474282   0.02438946   0.05313142   0.61801637
    0.35609501   0.89392787  16.38638115 -24.35735144  -0.10355619
    0.35246788   8.08393429  15.7381599 ]], Action: [[ 1.         -1.          1.         -0.8812609  -0.71852887  0.56231886]], Reward: [-0.19201621],Reward_sum: 176.7755126953125, Done: [False]
==========
t: 104, State: [[ 11.24016106  -0.29867697   3.93790636   0.56980423  -0.70858536
    0.02752865  -0.05926544   0.12825354   0.52876516   2.40672964
    0.15198526   0.42507887  -0.71775685  -0.83338834 -17.24539975
   -7.60431238  -2.1523251   -0.19246491]], Action: [[ 0.272938   -1.         -0.42953402 -1.         -0.827168    0.08309357]], Reward: [1.551079],Reward_sum: 178.32659912109375, Done: [False]
==========
t: 105, State: [[ 1.14102925e+01 -2.88021231e-01  3.94489239e+00  4.94472481e-04
   2.85691326e-01 -4.66773502e-01 -5.27527558e-01 -2.15095347e-01
  -1.91780771e-03  3.68305591e+00  3.63958097e-01  2.45329762e-01
  -1.25244111e+01  2.10577722e+01  1.41366596e+00 -1.03902254e+01
  -8.23591082e+00 -1.50097220e+01]], Action: [[-0.09222372  1.         -1.         -1.         -1.         -1.        ]], Reward: [2.9017787],Reward_sum: 181.22837829589844, Done: [False]
==========
t: 106, State: [[11.55783813 -0.27728226  3.9178886  -0.55020974  0.81510779  0.24836419
  -0.86985902 -0.05659343 -0.62517881  2.18375594 -0.054968   -0.83498046
  -7.07781185  0.78817802 16.17025643 -2.33990907  6.21558356  1.68134567]], Action: [[-1.          1.          0.79199696 -0.57821274  0.8581356  -1.        ]], Reward: [2.4811137],Reward_sum: 183.70948791503906, Done: [False]
==========
t: 107, State: [[ 11.54054581  -0.28889905   3.90491205   0.21415186  -0.22278211
    0.70313985  -0.18093108  -0.12145363  -0.15931543  -0.78816565
    0.2435607   -0.82219741  19.83701793 -25.22812351   3.5229073
   19.51253762  -1.48903687  12.30648715]], Action: [[ 1.         -1.          1.          0.58938986 -0.10901193  0.34353125]], Reward: [-0.6935742],Reward_sum: 183.0159149169922, Done: [False]
==========
t: 108, State: [[ 1.15910602e+01 -3.03651686e-01  3.86717154e+00  6.87200634e-01
  -8.26016217e-01  5.99949813e-01  1.11661805e-01 -1.08788255e-01
   5.45792422e-01  1.94480967e+00 -9.95946373e-01 -6.91911396e-01
   1.49108234e+00  1.14994351e-02 -4.22083892e+00 -2.08341731e+00
   1.07365685e-02  1.26156433e+01]], Action: [[ 1.         -1.          1.         -1.         -1.          0.58620995]], Reward: [0.47592294],Reward_sum: 183.49183654785156, Done: [False]
==========
t: 109, State: [[ 11.69099818  -0.32057462   3.81483115   0.68859739  -0.47570436
   -0.09998291  -0.14181708  -0.17292901   0.27015369   1.95685302
    0.13264984  -0.98379819  -0.1302874    7.61905556 -14.03110026
   -7.13108361  -2.62317851  -9.54211163]], Action: [[ 1.         -1.         -0.40794152 -0.9851154  -1.         -0.47787178]], Reward: [1.5622373],Reward_sum: 185.0540771484375, Done: [False]
==========
t: 110, State: [[ 11.84145726  -0.33389245   3.81208284  -0.09633291   0.57578704
   -0.28668981  -0.72138106  -0.29350236  -0.40365053   2.69490588
    1.08241508  -1.33265086 -16.44834856  20.48099943   1.53017004
   -8.33156351  -3.20819659 -13.78529771]], Action: [[-1.          1.         -0.24890476 -1.         -0.70098317 -1.        ]], Reward: [2.5538485],Reward_sum: 187.60792541503906, Done: [False]
==========
t: 111, State: [[11.90989186 -0.29896446  3.70270493 -0.59524854  0.74624201  0.3506014
  -0.75652028 -0.09879498 -0.51975455  0.25612178  0.2336291  -2.27829211
   0.91154958 -6.75775218 13.35344459  4.41608962  7.15656524  0.5909035 ]], Action: [[-1.          1.          1.         -0.46660483  0.67430925 -1.        ]], Reward: [0.90145075],Reward_sum: 188.5093536376953, Done: [False]
==========
t: 112, State: [[ 11.82944933  -0.29973081   3.62767679   0.30660925  -0.39065842
    0.67792968   0.11280963  -0.24472532   0.0341231   -1.71986913
    0.55547888  -1.95613211  19.43204665 -23.78020593   1.78232333
   21.05848388  -3.96967417  15.22679986]], Action: [[ 1.         -1.          1.          0.7447455  -0.7111833   0.85927415]], Reward: [-2.0887287],Reward_sum: 186.42062377929688, Done: [False]
==========
t: 113, State: [[11.83765926 -0.30440421  3.51668437  0.69611838 -0.78844622  0.56703111
   0.28422962 -0.14038238  0.60751442  1.10406939 -0.7844337  -2.15389128
   0.20627681  3.07157572 -3.48377121 -5.58589441  3.70491583 -1.55905332]], Action: [[ 1.         -1.          1.         -1.         -1.          0.61320233]], Reward: [-0.37340292],Reward_sum: 186.04722595214844, Done: [False]
==========
t: 114, State: [[ 11.90883124  -0.35374866   3.43306848   0.54764542  -0.45541867
    0.44424092   0.04619238  -0.12493456   0.03948175   1.47547143
   -1.06503973  -1.33889439  -3.25588073   5.76478097  -1.20870666
   -3.89178736  -1.87347868 -14.97984338]], Action: [[ 1.         -0.91851765  0.9588912   0.07890955 -0.584055   -0.71842355]], Reward: [1.0607768],Reward_sum: 187.10800170898438, Done: [False]
==========
t: 115, State: [[ 12.02798345  -0.40962274   3.33745483  -0.11160757   0.45474443
    0.49165975  -0.36088009   0.04522334  -0.56010767   2.44137793
   -1.00062034  -2.37286559 -14.28911864  16.92171436   1.58732111
   -8.09442493   3.89064946   0.02839545]], Action: [[-0.52847993  1.          1.         -0.4921553   0.2890508  -1.        ]], Reward: [2.0225382],Reward_sum: 189.1305389404297, Done: [False]
==========
t: 116, State: [[12.0959516  -0.47740488  3.19552908 -0.55910032  0.79598852  0.51342079
  -0.36702416  0.30990132 -0.51620067  0.46066025 -1.94972374 -2.62051322
  -0.1182349  -1.28803397 -1.17182652  4.58462247  5.00032986  0.39754672]], Action: [[-1.          1.          0.9327392   0.11763626  1.         -1.        ]], Reward: [0.870979],Reward_sum: 190.0015106201172, Done: [False]
==========
t: 117, State: [[ 12.0644883   -0.56772734   3.35930084   0.20183971  -0.38072309
    0.45130322   0.25962289  -0.14776143  -0.37663012  -0.95704366
   -1.04583762   3.51173488  17.10877519 -26.89147426  -0.6071379
   16.174523    -8.79473443   4.14859359]], Action: [[ 1.         -1.          1.          1.         -0.15344566 -0.39464265]], Reward: [-1.0471948],Reward_sum: 188.95431518554688, Done: [False]
==========
t: 118, State: [[12.11499748 -0.55270922  3.2842688   0.65263217 -0.75138132  0.41269737
   0.38994678 -0.24215549  0.18326984  1.87532315 -0.18123632 -1.78558965
   3.0171438   1.05012486 -0.29409478 -6.93945335 -0.04487923 13.00045256]], Action: [[ 1.         -0.9587949   0.84141386 -0.74555063 -1.          0.48607582]], Reward: [0.56824553],Reward_sum: 189.52256774902344, Done: [False]
==========
t: 119, State: [[ 12.2129187   -0.54822445   3.32879666   0.55367239  -0.53019774
    0.20261623  -0.09708534  -0.21103428   0.46490017   1.9828619
    0.08613224   1.72693332  -3.24596278   4.72406911  -4.92608515
  -10.10439898   1.14042118   0.51905893]], Action: [[ 0.9397898  -1.          0.26571476 -0.29751593 -0.4011824   0.09436181]], Reward: [1.7372068],Reward_sum: 191.25978088378906, Done: [False]
==========
t: 120, State: [[ 12.35723349  -0.5053717    3.38530937  -0.1784328    0.55217917
   -0.38463613  -0.66127696  -0.25910956  -0.03319567   2.8161564
    1.36639309   0.69861624 -15.91422658  20.38120535 -11.6981115
   -9.96913354  -2.44635027 -14.34953738]], Action: [[-1.          1.         -0.9969781  -1.         -0.87118673 -1.        ]], Reward: [2.3110025],Reward_sum: 193.57078552246094, Done: [False]
==========
t: 121, State: [[12.43087952 -0.48799909  3.41208422 -0.56144246  0.72349385  0.06674726
  -0.80189975 -0.12228143 -0.62123628  0.62149694 -0.49171369  0.49372481
   1.24119639 -5.6046427  15.731702    2.12813784  3.60004486  1.69806175]], Action: [[-1.          1.          1.         -0.5477888   0.43929636 -1.        ]], Reward: [1.0236152],Reward_sum: 194.5944061279297, Done: [False]
==========
t: 122, State: [[ 1.23912876e+01 -5.21528217e-01  3.36314848e+00  2.84218496e-01
  -2.53276279e-01  6.56444015e-01 -1.12811692e-02 -2.20957801e-01
   4.72849138e-02 -9.72436570e-01  8.75369788e-02 -2.50717270e+00
   1.89587134e+01 -2.06976160e+01  7.13404420e+00  1.95605177e+01
  -1.21154767e+00  1.78657851e+01]], Action: [[ 1.         -1.          1.          0.5658891  -0.42942402  1.        ]], Reward: [-1.2423023],Reward_sum: 193.3520965576172, Done: [False]
==========
t: 123, State: [[12.42829761 -0.52102416  3.26163226  0.73115837 -0.74922994  0.66383673
   0.18982134 -0.10225808  0.54952764  1.77582718 -0.35747816 -1.61909582
   1.74517374 -1.09964356 -3.18637008 -4.05924394  2.54415814 -1.50813821]], Action: [[ 1.         -1.          1.         -1.         -1.          0.66325516]], Reward: [0.19620985],Reward_sum: 193.54830932617188, Done: [False]
==========
t: 124, State: [[ 12.53836037  -0.52604707   3.28334316   0.49805013  -0.38757042
    0.22410571  -0.18438599  -0.25988963   0.08008977   2.17329388
    0.14435745   1.73467929  -5.96666835   7.89562426  -8.83556152
   -9.00190777  -5.73204806 -12.56200762]], Action: [[ 1.         -0.49156624  0.364259   -0.64983165 -1.         -0.6113802 ]], Reward: [1.8842163],Reward_sum: 195.43252563476562, Done: [False]
==========
t: 125, State: [[ 12.68351794  -0.51132431   3.36471343  -0.30358457   0.52464704
   -0.07428054  -0.82520813  -0.34762825  -0.58242999   2.69924941
    0.36824208   1.22674156 -16.81617159  15.78885863  -3.37128795
  -11.4064792   -0.40110768 -11.52879101]], Action: [[-0.98738766  1.         -0.0324612  -1.         -0.54314196 -1.        ]], Reward: [2.476052],Reward_sum: 197.90858459472656, Done: [False]
==========
t: 126, State: [[ 1.27405930e+01 -5.48396943e-01  3.34457811e+00 -5.41552610e-01
   7.45725885e-01 -1.63048913e-03 -6.02865939e-01 -2.72768939e-01
  -5.24724373e-01  3.90876573e-01 -1.46266703e+00 -8.69799561e-01
   1.99209442e+00 -1.48863869e+00  3.68853384e+00  1.15218817e+01
   3.98682726e+00  8.57651744e-01]], Action: [[-1.          1.          0.29354084  0.01810381  0.1610064  -1.        ]], Reward: [0.83025944],Reward_sum: 198.7388458251953, Done: [False]
==========
t: 127, State: [[ 1.27154546e+01 -5.70801057e-01  3.30869224e+00  2.14805108e-01
  -1.30343665e-01  4.28489884e-01  3.27381425e-01 -2.08922638e-01
   1.30290318e-03 -3.98398481e-01  9.63132797e-01  1.35149912e+00
   1.59860309e+01 -2.37289562e+01  8.82229757e+00  1.77888794e+01
   3.85276162e-02  1.40136382e+01]], Action: [[ 1.         -1.          1.          0.7783923  -0.33119214  0.75847095]], Reward: [-0.9318535],Reward_sum: 197.80697631835938, Done: [False]
==========
t: 128, State: [[ 1.27791304e+01 -5.33187269e-01  3.34955421e+00  6.15246710e-01
  -8.26630070e-01  6.37422656e-01  3.39738773e-01  8.42601832e-03
   6.03373845e-01  2.22944394e+00  3.87226783e-01  5.06593627e-01
   1.96546574e+00 -4.13778366e+00  5.93372632e-01 -7.72262060e+00
   4.27405044e+00 -1.14039472e+00]], Action: [[ 1.        -1.         1.        -1.        -1.         0.7426411]], Reward: [0.7183646],Reward_sum: 198.52532958984375, Done: [False]
==========
t: 129, State: [[ 12.93345978  -0.51875776   3.38200101   0.44780898  -0.39000212
   -0.13587083  -0.26811735  -0.07012286   0.41001208   3.35913009
    0.3857315    1.09410516  -4.08984665  10.67378523 -18.14461516
  -13.56773912  -5.19346842  -4.91127859]], Action: [[ 1.         -0.4087569  -0.6688791  -0.89288276 -1.          0.41385335]], Reward: [2.7282872],Reward_sum: 201.25363159179688, Done: [False]
==========
t: 130, State: [[ 13.1054201   -0.481438     3.44975324   0.04938074   0.50487841
   -0.44505037  -0.92355974  -0.40301653  -0.22873103   2.99649769
    0.76052378   1.35037989  -6.1746588   15.38568491   1.36874765
  -11.00793058  -6.90272459 -15.17927172]], Action: [[ 0.0023243  1.        -1.        -1.        -1.        -1.       ]], Reward: [2.939206],Reward_sum: 204.19284057617188, Done: [False]
==========
t: 131, State: [[13.23118238 -0.50062728  3.44837844 -0.36664487  0.7962263   0.28971697
  -0.96524981 -0.26476364 -0.52674055  2.2363844  -1.09026361 -0.42491821
  -7.83883149 -1.92285543 16.45045237  3.40810232  7.81940306  0.85083648]], Action: [[-1.          1.          0.7940382  -0.92557603  0.61139804 -1.        ]], Reward: [2.0291462],Reward_sum: 206.22198486328125, Done: [False]
==========
t: 132, State: [[ 13.21217248  -0.54586078   3.32836874   0.30164173  -0.08827408
    0.75647182   0.13940247  -0.13858664   0.05163174  -1.1030921
   -0.3403822   -2.20296067  17.92244474 -22.83869695   3.29790451
   24.92072664   3.86116371  16.317535  ]], Action: [[ 1.         -1.          1.          1.         -0.24580197  1.        ]], Reward: [-0.88623995],Reward_sum: 205.3357391357422, Done: [False]
==========
t: 133, State: [[13.25720209 -0.56687989  3.27724753  0.68919508 -0.78226707  0.55739834
   0.44128247  0.18121884  0.54033318  2.05482792 -0.87344662 -0.7803754
   0.69785907 -4.93091623 -6.29569852 -3.08622883  4.28227722  2.47182822]], Action: [[ 1.         -1.          0.8435205  -1.         -1.         -0.24581167]], Reward: [0.4233972],Reward_sum: 205.75914001464844, Done: [False]
==========
t: 134, State: [[ 13.34921267  -0.55144367   3.3179284    0.52202637  -0.58898527
   -0.07786271   0.30223277  -0.07476498   0.46439651   1.93309969
    0.51545564   0.06265211  -3.65342466   6.89547573 -11.86303664
   -4.53010239  -7.73212154  -2.18804914]], Action: [[ 1.         -0.9402345  -0.17786074 -0.22370711 -1.          0.53669864]], Reward: [1.514835],Reward_sum: 207.2739715576172, Done: [False]
==========
t: 135, State: [[ 13.50005279  -0.52591295   3.31637384  -0.11902427   0.41562653
   -0.4388431   -0.37625931  -0.23481278  -0.07904817   3.11140517
    0.70659907   0.33245266 -13.40235916  18.09188318   0.5813835
  -16.62435501  -1.14938237 -14.24728603]], Action: [[-0.29060078  1.         -1.         -1.         -0.7545633  -1.        ]], Reward: [2.551421],Reward_sum: 209.8253936767578, Done: [False]
==========
t: 136, State: [[13.58209692 -0.51437012  3.27076409 -0.55233556  0.81635758  0.28323528
  -0.47345212 -0.07246242 -0.53931459  0.6267373  -0.48866088 -1.54013046
  -1.18152081 -0.40576578 16.37120315  7.37899602  3.98273024  0.98625001]], Action: [[-1.          1.          0.94348025  0.6035632   0.73313165 -1.        ]], Reward: [1.16169],Reward_sum: 210.98709106445312, Done: [False]
==========
t: 137, State: [[ 13.55280604  -0.57625181   3.30035497   0.25492701  -0.22160471
    0.71850136   0.13615921  -0.18570003   0.07592021  -0.10483694
    0.66541314  -0.0349758   16.59679877 -20.66668304   2.9761833
   13.36076971  -4.69723639  16.37385059]], Action: [[ 1.         -1.          1.          0.35660434 -0.48266482  1.        ]], Reward: [-1.0218307],Reward_sum: 209.9652557373047, Done: [False]
==========
t: 138, State: [[13.62304663 -0.5509206   3.28237682  0.67554595 -0.76070357  0.46850434
   0.11252293 -0.2062008   0.56908017  2.32877269  0.2311717  -0.3279818
   2.08774861 -2.23232758 -7.25409934 -7.62823417  0.90381614 -1.957359  ]], Action: [[ 1.         -1.          0.66168904 -1.         -1.          1.        ]], Reward: [0.8610285],Reward_sum: 210.8262939453125, Done: [False]
==========
t: 139, State: [[ 13.79992476  -0.52381492   3.26587589   0.18085614   0.27199212
   -0.41065934  -0.51079785  -0.23283897  -0.0292781    3.71706699
    0.8575547   -0.11902237 -11.08635157  22.511848   -16.95123471
  -13.3971078   -1.8795633  -15.85097767]], Action: [[ 0.14072354  1.         -1.         -1.         -1.         -1.        ]], Reward: [3.0355823],Reward_sum: 213.86187744140625, Done: [False]
==========
t: 140, State: [[ 1.39464318e+01 -5.08382393e-01  3.24558486e+00 -4.58000057e-01
   8.44970616e-01 -5.51811807e-03 -7.79493344e-01 -2.36846717e-01
  -5.68487605e-01  2.21213092e+00 -4.02849658e-01 -5.95205534e-01
  -1.03708074e+01 -4.48727503e-01  1.64993785e+01  1.09974511e+00
  -6.76221299e-01  1.11934845e+00]], Action: [[-1.          1.          0.8293194  -0.29752877  0.03414513 -1.        ]], Reward: [2.552395],Reward_sum: 216.41427612304688, Done: [False]
==========
t: 141, State: [[ 1.39653110e+01 -5.76577595e-01  3.30582681e+00  1.27353211e-01
  -2.53648458e-01  6.32300520e-01 -5.59046958e-04 -3.95791260e-01
  -1.50064466e-02 -1.38507481e-01 -1.71797402e-01  1.19425720e-01
   1.69409860e+01 -2.31224154e+01  7.71316403e+00  2.10921018e+01
   4.70777624e-01  1.51561004e+01]], Action: [[ 1.         -1.          1.          1.         -0.06454569  1.        ]], Reward: [-0.1228324],Reward_sum: 216.29144287109375, Done: [False]
==========
t: 142, State: [[14.03091873 -0.56147505  3.29556148  0.58270094 -0.81958672  0.63921531
   0.20478694 -0.08435694  0.53842822  2.26210457  0.22201702 -0.38417036
   2.57415673 -0.20421967 -3.57351784 -4.08656215  6.61078791  0.15890338]], Action: [[ 1.         -1.          0.9847638  -1.         -1.          0.35884434]], Reward: [0.8023011],Reward_sum: 217.09373474121094, Done: [False]
==========
t: 143, State: [[ 14.18043605  -0.56168924   3.30645864   0.50682352  -0.50430773
    0.02552181  -0.20562664  -0.07563523   0.26406624   3.26054194
   -0.0850539    0.81038891  -2.55011338   6.57595995 -12.61784506
   -9.76633868  -3.92338037  -8.09887522]], Action: [[ 1.         -0.8717212  -0.12246615 -0.8199431  -1.         -0.2070384 ]], Reward: [2.6413398],Reward_sum: 219.73507690429688, Done: [False]
==========
t: 144, State: [[ 14.38208682  -0.54073383   3.33820737  -0.2260976    0.54191869
   -0.13117729  -0.80395242  -0.23007671  -0.37283943   3.80173761
    0.87476172  -0.07974631 -15.93231365  19.68762643   1.82870243
  -10.29052488  -2.86001444 -13.32424986]], Action: [[-1.         1.         0.0839614 -1.        -0.5283192 -1.       ]], Reward: [3.6043983],Reward_sum: 223.3394775390625, Done: [False]
==========
t: 145, State: [[14.5044195  -0.55480517  3.27908493 -0.56138438  0.77125133  0.31050384
  -0.7278398  -0.16548753 -0.5595409   1.6939797  -1.18955178 -1.50796726
   1.44931227 -3.71503939  9.29079014  7.94920723  3.70500257  2.17619641]], Action: [[-1.          1.          0.8146808  -0.21233445  0.5086368  -1.        ]], Reward: [2.0499034],Reward_sum: 225.38937377929688, Done: [False]
==========
t: 146, State: [[ 14.51179805  -0.56106402   3.28263259   0.27211616  -0.18055765
    0.60705872   0.10065527  -0.30955318   0.05688757  -0.25886199
    1.23191102  -1.02177082  18.53845068 -20.6623908    3.20187373
   19.30062595  -0.88645284  16.29825525]], Action: [[ 1.         -1.          1.          0.64916176 -0.36036015  1.        ]], Reward: [-0.30755606],Reward_sum: 225.08181762695312, Done: [False]
==========
t: 147, State: [[14.58494287 -0.50160324  3.24364614  0.70948341 -0.75090952  0.59007353
   0.22002453 -0.10779551  0.55247412  2.50295219  0.87230545 -0.52874349
   1.69757013 -2.80277302 -1.99582197 -5.91626816  4.36169857 -1.44559144]], Action: [[ 1.        -1.         1.        -1.        -1.         0.8659797]], Reward: [0.8879043],Reward_sum: 225.9697265625, Done: [False]
==========
t: 148, State: [[ 14.75182456  -0.45935555   3.23365157   0.48971215  -0.27962355
   -0.06963378  -0.28984808  -0.13605842   0.30785531   3.5421522
    0.93100218   0.20677166  -5.28596219  10.91536138 -14.37844366
  -11.41837799  -3.70870319  -6.44649842]], Action: [[ 1.         -0.24629544 -0.3809812  -0.84078    -1.          0.12074529]], Reward: [3.0449038],Reward_sum: 229.01461791992188, Done: [False]
==========
t: 149, State: [[ 14.95397681  -0.40303798   3.26535732  -0.28288141   0.59224196
   -0.28160645  -0.91873038  -0.21363672  -0.32676188   3.70413626
    1.17466981   0.3563396  -16.63245557  13.7588032    1.03432985
   -9.93624291  -1.16003376 -14.11726684]], Action: [[-1.          1.         -0.17738348 -1.         -0.39056087 -1.        ]], Reward: [3.6246448],Reward_sum: 232.63926696777344, Done: [False]
==========
t: 150, State: [[ 1.50656798e+01 -4.03393605e-01  3.20279131e+00 -5.36216909e-01
   7.19211145e-01  1.55947594e-01 -6.91772496e-01 -2.81913803e-01
  -5.48582864e-01  1.61836588e+00 -7.78043116e-01 -1.81019127e+00
   1.65168512e+00 -2.80571830e+00  1.02832310e+01  1.11020774e+01
   3.89838465e-04  1.69738198e+00]], Action: [[-1.          1.          0.62530273 -0.18891785  0.05627961 -1.        ]], Reward: [1.8910744],Reward_sum: 234.53033447265625, Done: [False]
==========
t: 151, State: [[ 1.50794554e+01 -4.98818272e-01  3.17590237e+00  3.09516709e-01
  -3.39918476e-01  5.50353538e-01  1.81039425e-01 -2.68981087e-01
   5.01789347e-02 -1.58011005e-02 -1.55117441e+00 -7.51942765e-01
   1.80974674e+01 -2.36710770e+01  4.98753585e+00  1.73569418e+01
   3.29830735e+00  1.61504031e+01]], Action: [[ 1.         -1.          0.92190903  0.5489616  -0.4152646   0.90319854]], Reward: [-0.13843702],Reward_sum: 234.39190673828125, Done: [False]
==========
t: 152, State: [[15.15124107 -0.52381203  3.25772266  0.60815503 -0.81268112  0.57062224
   0.23760013 -0.08110386  0.60286994  2.38956206 -0.65734456  1.36964537
  -0.99319108  2.8610985  -2.05341779 -6.67900497  4.34504977 -1.60239684]], Action: [[ 1.         -1.          0.964957   -1.         -1.          0.50682634]], Reward: [0.91691136],Reward_sum: 235.30880737304688, Done: [False]
==========
t: 153, State: [[ 15.30569383  -0.56120545   3.34302407   0.34453803  -0.23316678
    0.08354068  -0.27748886  -0.11860026   0.03637354   3.23019952
   -0.7340671    2.18963363  -4.90663119  11.00374757 -10.31400215
  -11.43353074  -4.04759545 -15.21782569]], Action: [[ 0.75816035 -0.29225928  0.00983533 -0.8345933  -1.         -0.91976374]], Reward: [2.7687721],Reward_sum: 238.07757568359375, Done: [False]
==========
t: 154, State: [[ 15.4397127   -0.51983907   3.29174645  -0.1072461    0.76647811
    0.11270529  -0.3712428   -0.34475722  -0.58716223   2.53952344
    0.45252736  -1.02418806 -11.34736303  14.52334459   5.807618
    1.72097337  -5.10345764   0.62900625]], Action: [[-1.          1.          0.5114449   0.21535027 -0.26931572 -1.        ]], Reward: [2.3423293],Reward_sum: 240.419921875, Done: [False]
==========
t: 155, State: [[15.53891113 -0.55239143  3.28805209 -0.32967088  0.70376884  0.49937312
  -0.45304971 -0.12266815 -0.51660597  1.74603807 -1.20698674  0.32572859
  -0.0957909  -6.62019654  6.09449841 -2.88481072  8.54778772  0.90762301]], Action: [[-0.3607825   1.          0.93436176 -0.74941623  0.3409592  -1.        ]], Reward: [1.6158612],Reward_sum: 242.0357666015625, Done: [False]
==========
t: 156, State: [[ 15.54447439  -0.55928529   3.29603623   0.35543138  -0.20472834
    0.61514733   0.19128316  -0.35853359  -0.03590619  -0.22012068
    1.18573491  -0.53201449  15.47321759 -19.15905971   0.0428197
   18.52726506  -7.41284562  12.80052343]], Action: [[ 1.         -1.          1.          1.         -0.76945776  0.6709451 ]], Reward: [-0.39295813],Reward_sum: 241.642822265625, Done: [False]
==========
t: 157, State: [[15.61860186 -0.52447272  3.26965651  0.67852838 -0.72919396  0.538105
   0.19397161 -0.31915221  0.58338995  2.43247663  0.25419091 -0.47656353
   0.34404626 -2.76147213 -1.97683306 -9.61867268  3.37997854 10.01861494]], Action: [[ 1.        -1.         1.        -1.        -1.         0.5329985]], Reward: [0.9541407],Reward_sum: 242.59695434570312, Done: [False]
==========
t: 158, State: [[ 15.77552155  -0.50770903   3.26650735   0.4683366   -0.36971638
   -0.2971891   -0.48755225  -0.2137907    0.51654464   3.21848087
    0.51408315   0.3385526   -4.68881349   8.29781407 -18.6016207
  -14.00150624  -0.37992144  -1.28651267]], Action: [[ 1.         -0.46014625 -0.9392685  -1.         -1.          0.96468407]], Reward: [2.635936],Reward_sum: 245.23287963867188, Done: [False]
==========
t: 159, State: [[ 15.94275519  -0.46764812   3.28181227  -0.20138388   0.51980273
   -0.43532313  -0.99573416  -0.38530323  -0.1001935    2.93891363
    0.79618668  -0.23187152 -13.5310641   15.48646609   1.08893503
   -5.7799776   -5.04479099 -16.49087125]], Action: [[-0.7387412  1.        -1.        -1.        -1.        -1.       ]], Reward: [2.790099],Reward_sum: 248.0229949951172, Done: [False]
==========
t: 160, State: [[16.05260344 -0.4844432   3.19923958 -0.55059333  0.74297291  0.28114755
  -0.93341708 -0.09919538 -0.58030524  1.71888467 -1.17932072 -1.93527264
   0.85656886 -2.76746327 16.09603005  4.01701383 10.16325832  2.46330369]], Action: [[-1.         1.         1.        -1.         0.8944282 -1.       ]], Reward: [1.6169648],Reward_sum: 249.63995361328125, Done: [False]
==========
t: 161, State: [[ 16.05196275  -0.55240785   3.29205318   0.2893853   -0.36853132
    0.70188705  -0.06923462  -0.35900118   0.06662493  -0.70930614
   -0.54651835   1.79148209  18.7422478  -24.44668839   2.78360025
   23.59488882  -6.05220484  16.71058459]], Action: [[ 1.        -1.         1.         1.        -0.6685859  1.       ]], Reward: [-0.5575146],Reward_sum: 249.0824432373047, Done: [False]
==========
t: 162, State: [[16.10535455 -0.54185136  3.36279859  0.670182   -0.78063927  0.57604124
   0.24115401 -0.17882383  0.54716352  1.7183456   0.80376391  0.0453902
   2.30027705  5.12757393 -4.6528295  -1.39546417  6.51911538 -1.29679417]], Action: [[ 1.        -1.         1.        -1.        -1.         0.7224334]], Reward: [0.5156451],Reward_sum: 249.59808349609375, Done: [False]
==========
t: 163, State: [[ 16.23410902  -0.5221216    3.40069888   0.55272625  -0.32451605
    0.27273466  -0.1871408   -0.02562058   0.08856237   2.56598785
    0.94251545   0.30183876  -1.42376085   9.37064208  -5.21864349
   -9.52255962  -0.03975839 -12.31928263]], Action: [[ 0.883548   -0.77118474  0.5378264  -1.         -0.87721324 -0.7430737 ]], Reward: [2.176459],Reward_sum: 251.77455139160156, Done: [False]
==========
t: 164, State: [[ 16.40294682  -0.48119416   3.44725203  -0.1334598    0.60559772
    0.24407192  -0.63921292  -0.09311933  -0.5852597    3.30479214
    0.78140962   0.88261194 -16.32224926  15.93546343   1.39593243
   -6.38707061  -2.41734834 -11.91357235]], Action: [[-1.          1.          0.514869   -0.47355884 -0.10995661 -1.        ]], Reward: [3.0266123],Reward_sum: 254.80116271972656, Done: [False]
==========
t: 165, State: [[16.50686814 -0.47690127  3.46999028 -0.58033152  0.73841891  0.27520525
  -0.49298273 -0.25215407 -0.52518813  1.17688122 -0.57068549  0.64807901
   0.64963079 -5.77441475 -1.00855716  7.79436578 -1.50153362  0.85788694]], Action: [[-1.          1.          0.47494718 -0.08742383 -0.00826736 -1.        ]], Reward: [1.7550979],Reward_sum: 256.5562744140625, Done: [False]
==========
t: 166, State: [[ 16.49980523  -0.4899832    3.4528537    0.22046556  -0.26733588
    0.413738     0.20669039  -0.29273192   0.06469991  -0.3124044
    0.17425264  -1.07468328  18.14685503 -23.48320477   4.12376302
   13.72872959   1.89403517  16.27459991]], Action: [[ 1.         -1.          1.          0.37462193 -0.48477203  1.        ]], Reward: [-0.57879275],Reward_sum: 255.9774627685547, Done: [False]
==========
t: 167, State: [[16.5633548  -0.49443     3.3700355   0.66249793 -0.81335734  0.5579534
   0.15875312 -0.07144562  0.56276233  2.21222098 -0.4290454  -1.66422466
   1.81235811 -0.11250596  1.26393407 -7.71819522  3.7212961  -1.74596298]], Action: [[ 1.         -1.          1.         -1.         -1.          0.94482285]], Reward: [0.68172234],Reward_sum: 256.6591796875, Done: [False]
==========
t: 168, State: [[ 16.69798399  -0.51562871   3.30934589   0.53954108  -0.39841822
    0.16386286  -0.23825234  -0.1063596    0.04818144   2.7633406
   -0.38539732  -0.81833694  -2.96696316   8.8284425   -9.6486114
   -7.39315939  -3.43308232 -13.52877295]], Action: [[ 1.         -0.6599279   0.06702995 -0.41802824 -0.7029607  -0.65586215]], Reward: [2.4386783],Reward_sum: 259.0978698730469, Done: [False]
==========
t: 169, State: [[ 1.68761884e+01 -5.29442928e-01  3.27812908e+00 -2.14104578e-01
   5.62089717e-01  2.75292295e-03 -7.13425714e-01 -2.04205939e-01
  -5.90192454e-01  3.44418817e+00 -1.87448173e-01 -9.90237494e-01
  -1.72464545e+01  1.64121413e+01  2.40649338e-01 -7.90643434e+00
  -1.80190957e+00 -7.77016739e+00]], Action: [[-1.          1.          0.19020683 -0.7493725  -0.2974706  -1.        ]], Reward: [3.1954665],Reward_sum: 262.2933349609375, Done: [False]
==========
t: 170, State: [[16.96104168 -0.56120093  3.2996915  -0.58072656  0.6899116   0.21977133
  -0.65795541 -0.28737586 -0.52725993  0.62623854 -1.13540372  1.75925097
   1.94231794 -4.76767244  4.55780185  5.97588317 -0.09948004  0.89047426]], Action: [[-1.          1.          0.641007   -0.10892016  0.3364133  -1.        ]], Reward: [1.3434719],Reward_sum: 263.6368103027344, Done: [False]
==========
t: 171, State: [[ 16.94130517  -0.56153053   3.31188782   0.19657716  -0.17610781
    0.49838383   0.24617966  -0.31672147   0.03298346  -0.64334409
    0.97525374   0.43339676  17.80029124 -22.08400403   4.76407433
   19.81862512   2.25124003  15.39811379]], Action: [[ 1.         -1.          1.          1.         -0.20726807  1.        ]], Reward: [-0.8990262],Reward_sum: 262.73779296875, Done: [False]
==========
t: 172, State: [[16.9950101  -0.5140618   3.3230503   0.64446375 -0.79990626  0.52877102
   0.31886607  0.02372242  0.60540176  2.07874688  0.62354435  0.14891143
   2.40898016 -3.21103701 -1.61426929 -6.67748983  6.14866134 -1.55702516]], Action: [[ 1.         -1.          0.85172814 -1.         -1.          0.51709104]], Reward: [0.57481617],Reward_sum: 263.3125915527344, Done: [False]
==========
t: 173, State: [[ 17.14532984  -0.4903913    3.34372204   0.45974638  -0.32504301
   -0.08229658  -0.24410763  -0.01747746   0.34181115   3.31396621
    0.52864213   0.92832001  -4.6571498   11.23714674 -13.39609403
  -12.82901852  -5.11823757  -7.01012887]], Action: [[ 1.         -0.29288405 -0.3904373  -0.93469703 -1.          0.10022564]], Reward: [2.6942022],Reward_sum: 266.00677490234375, Done: [False]
==========
t: 174, State: [[ 17.33773201  -0.45138938   3.42678604  -0.26131958   0.59774876
   -0.31152208  -0.94981368  -0.27569106  -0.31895371   3.5015819
    0.85800346   1.61576686 -15.28224284  14.93136693   0.25661348
  -12.0017868   -5.02834145 -14.5868502 ]], Action: [[-1.          1.         -0.29487675 -1.         -0.62485194 -1.        ]], Reward: [3.4003043],Reward_sum: 269.4071044921875, Done: [False]
==========
t: 175, State: [[17.43779266 -0.46205849  3.40813202 -0.56664493  0.7904065   0.07155672
  -0.70702211 -0.46075264 -0.55080167  1.20189784 -1.02572782 -1.03067141
   1.67599428 -2.88841516  8.72402087 13.36271533 -1.18263939  1.71919488]], Action: [[-1.          1.          0.40874365 -0.01613736 -0.09094618 -1.        ]], Reward: [1.6836528],Reward_sum: 271.09075927734375, Done: [False]
==========
t: 176, State: [[ 17.42848622  -0.53185909   3.37031159   0.3002202   -0.22733608
    0.52856694   0.26275625  -0.29646288   0.06372259  -0.21342023
   -0.24324069  -2.4772209   18.80415412 -20.82460173   7.36340949
   18.76694943   8.21790707  16.87268743]], Action: [[ 1.         -1.          0.9842058   0.60070676 -0.3956768   0.9559675 ]], Reward: [-0.6261233],Reward_sum: 270.4646301269531, Done: [False]
==========
t: 177, State: [[17.50829973 -0.55847728  3.26978119  0.73213466 -0.74743156  0.54170259
   0.31163705  0.14479936  0.53035925  2.6555594  -0.99107655 -1.57167602
   1.38152744 -1.66408682 -3.2045463  -6.5554055   5.48882426 -0.93751426]], Action: [[ 1.         -1.          0.7292543  -1.         -1.          0.30742466]], Reward: [1.133638],Reward_sum: 271.5982666015625, Done: [False]
==========
t: 178, State: [[17.61858634 -0.54448257  3.3527888   0.55509727 -0.52385179  0.2218346
   0.21324297 -0.21116491  0.26456491  2.05782716  0.7425827   0.79021659
  -2.95180419  7.39979392 -6.16801759 -0.84053017 -9.66739085 -6.93571297]], Action: [[ 1.         -0.89176923  0.43348128  0.13678277 -1.          0.07724835]], Reward: [1.9049487],Reward_sum: 273.50323486328125, Done: [False]
==========
t: 179, State: [[ 17.7767238   -0.51947647   3.38310182   0.04108569   0.44649879
   -0.42935229  -0.368149    -0.38203222  -0.30713273   3.34960418
    0.47672904   0.89035543 -10.27960025  17.69344492 -12.60646405
  -15.75137485  -0.5536155  -12.3254044 ]], Action: [[-0.05311684  1.         -1.         -1.         -0.8140987  -1.        ]], Reward: [2.6961915],Reward_sum: 276.19940185546875, Done: [False]
==========
t: 180, State: [[17.90031661 -0.51905459  3.419969   -0.48840742  0.82348533 -0.07915041
  -0.67798991 -0.3609384  -0.52499069  1.76481819 -0.51952191  0.48568446
  -7.80959643 -0.74219958 11.49481523  1.15076604  0.28510066  0.78850719]], Action: [[-1.          1.          0.31686783 -0.12799264 -0.2794898  -1.        ]], Reward: [2.152366],Reward_sum: 278.3517761230469, Done: [False]
==========
t: 181, State: [[ 1.78845328e+01 -5.49260203e-01  3.34432662e+00  1.75707674e-01
  -9.96870307e-02  5.47531109e-01  1.85007547e-01 -2.92674478e-01
   1.91298610e-02 -9.27761339e-01 -4.04530406e-01 -1.76877302e+00
   1.87615555e+01 -2.46752872e+01  9.89970025e+00  2.03202387e+01
   5.02731588e+00  1.53342330e+01]], Action: [[ 1.         -1.          1.          1.         -0.13403514  1.        ]], Reward: [-0.8174721],Reward_sum: 277.5343017578125, Done: [False]
==========
t: 182, State: [[17.91854828 -0.56055802  3.288573    0.66850247 -0.83884106  0.60937906
   0.33023468  0.05209335  0.592289    1.2436426   0.1853833   1.372026
   2.04827214 -6.30184537 -3.23928991 -3.38834893  3.05633579 -1.24621158]], Action: [[ 1.         -1.          0.8112896  -1.         -1.          0.47556597]], Reward: [0.19187364],Reward_sum: 277.7261657714844, Done: [False]
==========
t: 183, State: [[ 18.02552934  -0.55368062   3.33301981   0.46665279  -0.38822017
   -0.19516853  -0.15236723  -0.04190889   0.41319159   2.08086535
    0.9886733   -0.42080837  -3.09750432  14.13726964 -17.72239559
  -10.43557942  -4.46499317  -4.54393174]], Action: [[ 1.         -0.38209164 -0.6201238  -1.         -1.          0.34731668]], Reward: [1.7745036],Reward_sum: 279.50067138671875, Done: [False]
==========
t: 184, State: [[ 18.16911317  -0.49984346   3.36045915  -0.22833245   0.64074086
   -0.3983301   -0.84010467  -0.12596944  -0.22392822   2.67344187
    1.13775961   0.89144427 -15.65521356  15.82208385   2.97393787
  -12.65851177  -0.95140644 -15.29470747]], Action: [[-1.          1.         -0.3053779  -1.         -0.25404423 -1.        ]], Reward: [2.455897],Reward_sum: 281.95660400390625, Done: [False]
==========
t: 185, State: [[18.22675246 -0.49349443  3.35384414 -0.56006863  0.73340921  0.2023993
  -0.78949315 -0.25977342 -0.53605167  0.35924689 -0.68490439 -0.6318905
   1.32129011 -5.25771273 12.61635158  8.57495188 -2.56531463  1.11889925]], Action: [[-1.          1.          0.6638557  -0.22949195  0.0306255  -1.        ]], Reward: [0.8033549],Reward_sum: 282.75994873046875, Done: [False]
==========
t: 186, State: [[ 18.17146996  -0.5638094    3.32354979   0.2983767   -0.32444522
    0.6307976    0.12128147  -0.3276094    0.04927133  -1.18859769
   -0.48600724  -2.3108377   18.56166846 -20.69517184   4.67994254
   19.84373072   3.20218915  16.22002074]], Action: [[ 1.         -1.          1.          0.58677334 -0.35954496  1.        ]], Reward: [-1.5530076],Reward_sum: 281.2069396972656, Done: [False]
==========
t: 187, State: [[18.18307176 -0.56801933  3.30570714  0.68551704 -0.80719809  0.51850861
   0.27834237 -0.07690375  0.54034634  1.03686118 -0.12898717  0.95230709
   0.22692159 -0.64999136 -4.93517809 -4.91801544  3.88857215 -0.9153656 ]], Action: [[ 1.         -1.          0.75856805 -1.         -1.          0.5894706 ]], Reward: [-0.26025397],Reward_sum: 280.9466857910156, Done: [False]
==========
t: 188, State: [[ 18.26882663  -0.56387043   3.32502178   0.48647822  -0.25759202
   -0.09513669  -0.23033557  -0.0788385    0.27133917   1.96597536
    0.18238926   0.69554592  -4.29215254  11.54318211 -11.75422577
  -12.39727982  -3.05657099  -7.4296019 ]], Action: [[ 1.         -0.29904175 -0.27162164 -1.         -1.         -0.12051533]], Reward: [1.3973244],Reward_sum: 282.343994140625, Done: [False]
==========
t: 189, State: [[ 18.3878081   -0.53143616   3.36272944  -0.20727615   0.65799578
   -0.08134634  -0.84544387  -0.18377919  -0.36825543   2.10365027
    0.70978375   0.69539106 -15.51857637  14.12220858   5.37832701
   -9.84092552  -2.17312857 -13.7084394 ]], Action: [[-1.          1.          0.21118025 -0.8595506  -0.3497886  -1.        ]], Reward: [1.9890518],Reward_sum: 284.33306884765625, Done: [False]
==========
t: 190, State: [[ 1.84244283e+01 -5.45797650e-01  3.33582915e+00 -5.47932525e-01
   7.30314899e-01  4.10211852e-01 -6.73380549e-01 -2.83479793e-01
  -5.58821796e-01  3.48280426e-03 -1.04463988e+00 -9.58974841e-01
   8.37933287e-01 -5.11526422e+00  8.74936233e+00  1.01442433e+01
  -5.30882585e-01  2.20521567e+00]], Action: [[-1.          1.          0.8679332  -0.13324288  0.08578868 -1.        ]], Reward: [0.35456184],Reward_sum: 284.6876220703125, Done: [False]
==========
t: 191, State: [[ 18.3859097   -0.57225518   3.30784872   0.20898858  -0.2415841
    0.6209748    0.18852886  -0.358186     0.0660125   -0.53897226
    0.96787362   0.68615881  16.04761996 -22.5177979    0.84533817
   16.59169875  -1.09369529  16.0441808 ]], Action: [[ 1.        -1.         1.         0.6408974 -0.3478462  1.       ]], Reward: [-1.2235467],Reward_sum: 283.4640808105469, Done: [False]
==========
t: 192, State: [[18.43674545 -0.52545106  3.31462105  0.61262043 -0.81400702  0.33991198
   0.19865104 -0.13060163  0.5308778   1.94050956  0.6949448  -0.06829129
   1.81981853 -1.65385463 -7.0449072  -7.56587965  5.07476293 -0.90599072]], Action: [[ 1.        -1.         0.4931963 -1.        -1.         0.6271079]], Reward: [0.5530644],Reward_sum: 284.01715087890625, Done: [False]
==========
t: 193, State: [[ 18.57037782  -0.49282941   3.33105354   0.44552613  -0.38891008
   -0.23920318  -0.39424727  -0.11510218   0.30975673   2.82379026
    0.74524101   0.8364078   -3.92749915   9.62402634 -10.25582801
  -12.83321217  -3.13620249  -6.12284395]], Action: [[ 1.         -0.47656828 -0.4622422  -1.         -1.          0.09940475]], Reward: [2.3275807],Reward_sum: 286.3447265625, Done: [False]
==========
t: 194, State: [[ 18.73377693  -0.44406038   3.38251738  -0.24114301   0.57366379
   -0.33547213  -0.99461902  -0.2696627   -0.31831073   2.97277345
    0.96929493   0.71018084 -14.74274607  16.35463372   2.04310125
   -8.71645304  -3.40057987 -14.13283373]], Action: [[-1.          1.         -0.40465248 -1.         -0.56230336 -1.        ]], Reward: [2.8199892],Reward_sum: 289.1647033691406, Done: [False]
==========
t: 195, State: [[18.81669148 -0.45202319  3.33046232 -0.55833059  0.79862933  0.16466111
  -0.67390321 -0.36582995 -0.54771765  0.92855754 -0.98014456 -1.43982186
   1.29048275 -2.88759128 10.67416506 13.27272048  0.54467767  1.6316654 ]], Action: [[-1.          1.          0.57442534 -0.10720348  0.0425881  -1.        ]], Reward: [1.323964],Reward_sum: 290.4886779785156, Done: [False]
==========
t: 196, State: [[ 18.79093121  -0.54764974   3.34170527   0.2989988   -0.32383884
    0.58079183   0.21505217  -0.24376142   0.07226735  -0.71594875
   -1.43519278   0.11147871  18.28083704 -25.33700021   5.27489045
   16.60396234   5.82825076  16.86649442]], Action: [[ 1.        -1.         0.9759817  0.5340839 -0.4041365  0.9585964]], Reward: [-0.94720733],Reward_sum: 289.5414733886719, Done: [False]
==========
t: 197, State: [[18.82858464 -0.57852712  3.31292739  0.70158598 -0.80265384  0.61129697
   0.31991303  0.09593531  0.58191147  1.26821768 -0.14989464  1.56267315
   0.03340388 -0.64325809 -1.6568191  -3.43196082  2.47535384 -2.38094601]], Action: [[ 0.926728  -1.         1.        -1.        -1.         0.9459627]], Reward: [0.17770159],Reward_sum: 289.71917724609375, Done: [False]
==========
t: 198, State: [[ 1.89210721e+01 -5.54445239e-01  3.31122926e+00  5.34072721e-01
  -1.12539415e-01 -5.00530223e-02 -1.04931498e-01 -7.91485130e-03
   2.36945910e-01  2.33474332e+00  3.14442461e-01  6.64374020e-01
  -4.47783365e+00  1.38754462e+01 -1.40961194e+01 -1.22955489e+01
  -5.30717943e+00 -8.80467812e+00]], Action: [[ 1.         -0.02429883 -0.35965365 -1.         -1.         -0.23191796]], Reward: [1.5313772],Reward_sum: 291.25054931640625, Done: [False]
==========
t: 199, State: [[ 19.06181932  -0.51509655   3.37688815  -0.19412022   0.75895465
   -0.14746964  -0.84943824  -0.20760051  -0.40647111   2.25619193
    1.60538613   0.23319912 -14.98254085  14.41286455   3.62816148
  -12.18196752  -3.43901489 -13.10238018]], Action: [[-1.          1.          0.09707066 -1.         -0.44888568 -1.        ]], Reward: [2.3938515],Reward_sum: 293.6444091796875, Done: [False]
==========
HalfCheetah-v4 - Steps: 200, Return: 293.6444091796875, State: [[ 19.06181932  -0.51509655   3.37688815  -0.19412022   0.75895465
   -0.14746964  -0.84943824  -0.20760051  -0.40647111   2.25619193
    1.60538613   0.23319912 -14.98254085  14.41286455   3.62816148
  -12.18196752  -3.43901489 -13.10238018]]
