[CudaDevice(id=0)]
Using AIRL:  False
Using GAIL:  False
Using RGCL:  True
Experiment State @  2025-07-26 15:18:33.767550-05:00
Experiment Saved @  results/experiment_127
Experiment Settings Saved @  results/experiment_127
127
Using cuda device
Wrapping the env with a `Monitor` wrapper
Wrapping the env in a DummyVecEnv.
Wrapping the env with a `Monitor` wrapper
Wrapping the env in a DummyVecEnv.
t: 0, State: [[ -0.10192406  -0.08278614  -0.05725334   0.2383213    0.20087755
   -0.4300227   -0.18654403  -0.12047911  -0.12686695  -0.38909156
   -0.87861681  -0.26687591   4.97547876   6.16995548 -10.12698125
   -8.76609405  -5.47447471  -2.6132555 ]], Action: [[ 1.         0.8154551 -1.        -1.        -1.        -0.7040643]], Reward: [-0.80441475],Reward_sum: -0.8044147491455078, Done: [False]
==========
t: 1, State: [[-0.1240487  -0.1374447  -0.089256    0.23458118  0.60874204 -0.41771689
  -0.47597946  0.07180776 -0.36051832 -0.36895728 -1.09587275 -0.7471627
  -2.22316732  6.61361877  0.38488027 -2.24337496  7.09744247 -4.84978554]], Action: [[-0.09704159  1.         -1.          0.05356956  1.         -0.56148887]], Reward: [-0.7752485],Reward_sum: -1.5796632766723633, Done: [False]
==========
t: 2, State: [[ -0.12353442  -0.19399445  -0.13336707  -0.25185324   0.68062399
    0.37480554  -0.08682965   0.30197485  -0.5228162    0.32775256
   -1.35379583  -0.96196349 -11.05907023  -2.11671945  18.12958233
   12.35286213   3.60748525   0.6691739 ]], Action: [[-1.         0.9091875  1.         0.8062699  1.        -1.       ]], Reward: [-0.5373838],Reward_sum: -2.117047071456909, Done: [False]
==========
t: 3, State: [[ -0.02202095  -0.15270435  -0.01656327   0.14231729   0.10994488
    0.76342284   0.57586319  -0.21911288  -0.27959121   2.75157919
    1.21181293   3.83286605  13.56752405 -16.24903035   2.25753724
   12.88524685  -5.42113639  10.39617385]], Action: [[ 1.         -1.          1.          0.99767494 -0.05895524  0.53530663]], Reward: [1.601731],Reward_sum: -0.5153161287307739, Done: [False]
==========
t: 4, State: [[  0.05335325  -0.0879063    0.12295313   0.66702448  -0.64806676
   -0.09119608   0.34043668  -0.19341715   0.44268416   0.65063249
    1.55036165   1.53449697   6.1059377   -9.97696924 -20.8274289
   -9.04656978   0.10164438  15.8640182 ]], Action: [[ 1.         -1.         -0.8077262  -1.         -1.          0.50436896]], Reward: [1.016803],Reward_sum: 0.5014868974685669, Done: [False]
==========
t: 5, State: [[ 2.20642610e-02 -1.43009357e-02  1.47918217e-01  3.20137285e-01
   1.32895260e-01 -4.50850002e-01 -1.60830071e-01 -1.48341575e-01
   3.54408091e-01 -1.09979297e+00  1.10624221e+00  5.54941218e-01
  -9.58509133e+00  2.08656337e+01  1.47629352e+00 -1.25214961e+01
  -2.56454060e-01 -1.04708059e+01]], Action: [[ 0.58881885  1.         -1.         -1.         -1.         -0.7893489 ]], Reward: [-1.1227576],Reward_sum: -0.6212706565856934, Done: [False]
==========
t: 6, State: [[-2.94255007e-03  2.20212852e-02  1.54321024e-01 -3.24877046e-01
   8.48603217e-01  1.86447279e-01 -2.75168965e-01  8.73386274e-02
  -5.24681029e-01  1.74299063e-01  5.77912853e-01 -3.34964000e-01
  -1.20675535e+01  6.91811559e+00  1.39237827e+01  4.79709292e+00
   5.98213649e+00 -1.80059590e+01]], Action: [[-1.          1.          0.5137768   0.76233995  1.         -1.        ]], Reward: [-0.9846491],Reward_sum: -1.6059198379516602, Done: [False]
==========
t: 7, State: [[ 0.04798932  0.06062908  0.18567276 -0.45152293  0.61638173  0.66459321
   0.04650141  0.41945363 -0.50643174  1.29337114  0.62489864  1.16471362
   1.95918124 -7.0627082   4.46348707  6.68935985  7.16564516  1.19350943]], Action: [[-0.53895795  1.          1.          0.30050635  1.         -1.        ]], Reward: [0.58055943],Reward_sum: -1.025360345840454, Done: [False]
==========
t: 8, State: [[  0.1318043    0.10552867   0.35677826   0.24364377  -0.5231207
    0.58448754   0.15840498   0.22040405   0.1496574    1.44180836
    0.39584663   2.77123917  14.5612801  -23.34818482  -3.81908007
   -0.41415793  -8.15559147  17.29198424]], Action: [[ 1.         -1.          1.         -0.63136184 -0.7033285   0.8210055 ]], Reward: [1.2195657],Reward_sum: 0.1942054033279419, Done: [False]
==========
t: 9, State: [[  0.14172835   0.08482454   0.40574429   0.54047319  -0.61434677
   -0.35180421  -0.18736337  -0.21375023   0.53247945  -0.43196607
   -0.78635936   0.65784488   0.89710273   8.78365411 -19.81861561
  -10.97231784  -8.00039301  -1.25056552]], Action: [[ 1.         -0.33366305 -1.         -1.         -1.         -0.12408151]], Reward: [-0.21419185],Reward_sum: -0.019986450672149658, Done: [False]
==========
t: 10, State: [[  0.080822     0.02298797   0.45254134   0.0708296    0.51519824
   -0.44693737  -0.90592348  -0.18473353  -0.11106033  -1.18280798
   -1.60039989   1.08463456 -10.06899891  20.29127624   2.23782524
  -12.81811592   3.59905654 -17.2062909 ]], Action: [[-0.42214167  1.         -1.         -1.         -0.04747729 -1.        ]], Reward: [-1.6361727],Reward_sum: -1.6561591625213623, Done: [False]
==========
t: 11, State: [[ 0.09791293 -0.03775451  0.39264333 -0.36796614  0.7975024   0.39701649
  -0.49843291 -0.11538379 -0.62620912  0.85422664 -0.89710401 -2.74347755
  -7.37507488 -2.03034982 18.64416992 14.41186687 -9.59520529  0.40525726]], Action: [[-1.          1.          1.          0.91616416  1.         -1.        ]], Reward: [-0.24211712],Reward_sum: -1.8982763290405273, Done: [False]
==========
t: 12, State: [[  0.1991696   -0.05468129   0.3511765    0.21029603  -0.2972909
    0.78162686   0.09311656  -0.52636034  -0.12967678   2.02878733
   -0.4444702   -1.21660205  15.80015848 -25.10412839   0.43878864
    8.26225393  -4.27007118  13.74551044]], Action: [[ 1.         -1.          1.         -0.07150215 -0.43158507  1.        ]], Reward: [1.6059955],Reward_sum: -0.29228079319000244, Done: [False]
==========
t: 13, State: [[  0.22805918  -0.09320448   0.18743621   0.63452716  -0.64073474
   -0.23135184  -0.04136047  -0.55369395   0.48171798  -0.18675166
   -0.99097977  -3.81992791   2.67953796   3.76296276 -23.54265819
   -8.88104891   2.84847019  10.53267411]], Action: [[ 1.         -0.48945683 -1.         -0.780498   -1.          0.67743486]], Reward: [0.14702524],Reward_sum: -0.14525555074214935, Done: [False]
==========
t: 14, State: [[  0.15669612  -0.1782671    0.03155006  -0.06876418   0.44181273
   -0.43182865  -0.70198778  -0.12884427   0.22462352  -1.48630065
   -2.48657646  -3.06892961 -17.47931089  20.32938281   0.9734189
  -11.53777767   8.8308995  -13.00042481]], Action: [[-0.78416085  1.         -1.         -1.         -0.3771181  -1.        ]], Reward: [-1.9029738],Reward_sum: -2.048229217529297, Done: [False]
==========
t: 15, State: [[  0.18908683  -0.2417393   -0.12001335  -0.56258803   0.90772924
    0.17318805  -0.33231538   0.20092005  -0.65360886   2.15551984
    0.99219433   0.58735022   0.36188656  -0.9479493   10.44476609
   14.67934339   4.03871212 -16.46103248]], Action: [[-1.         1.         1.         0.8970883  1.        -1.       ]], Reward: [0.06733736],Reward_sum: -1.9808919429779053, Done: [False]
==========
t: 16, State: [[  0.33970427  -0.12474821   0.0675473    0.16630941  -0.09986517
    0.51085752   0.21027085  -0.158998    -0.44531473   3.28498784
    2.12442904   3.70409337  16.60874599 -25.60588226   5.09387073
    8.74664032  -5.37972517   7.27789581]], Action: [[ 0.8120681  -0.92017823  1.          0.20689684 -0.10269354 -0.15827374]], Reward: [2.7538903],Reward_sum: 0.7729983329772949, Done: [False]
==========
t: 17, State: [[  0.43443026  -0.05483272   0.16796138   0.67199067  -0.79256325
   -0.17815029   0.03757971  -0.3240643    0.35063258   0.91288161
    1.27032939   0.98045972   3.83724548  -3.40333531 -18.4737529
   -8.25613591  -4.10825201  17.91101741]], Action: [[ 1.       -0.930265 -1.       -1.       -1.        1.      ]], Reward: [1.3079805],Reward_sum: 2.0809788703918457, Done: [False]
==========
t: 18, State: [[ 4.30147472e-01 -2.73450874e-02  2.11318747e-01  2.35709038e-01
   2.50143991e-01 -4.61752731e-01 -5.96919326e-01 -3.97217602e-01
   3.59327119e-01 -2.09541715e-01 -7.47315081e-04  9.06420328e-01
  -9.59876328e+00  2.32579335e+01  2.02676500e+00 -1.26689980e+01
  -6.35098754e-01 -1.00061648e+01]], Action: [[ 0.27393186  1.         -1.         -1.         -1.         -1.        ]], Reward: [-0.5931596],Reward_sum: 1.4878191947937012, Done: [False]
==========
t: 19, State: [[ 4.73348536e-01 -1.50014628e-02  1.73415255e-01 -2.90579177e-01
   8.72556903e-01  4.04530490e-01 -3.32318556e-01 -4.13590486e-02
  -5.51214349e-01  1.79526457e+00  5.30967034e-01 -9.39862772e-01
  -8.80864604e+00 -8.21937395e-01  1.96856746e+01  1.41096145e+01
   1.00151863e+01 -1.86103630e+01]], Action: [[-1.         1.         1.         0.9901539  1.        -1.       ]], Reward: [0.26598075],Reward_sum: 1.7537999153137207, Done: [False]
==========
t: 20, State: [[  0.59676443   0.02098689   0.25168721  -0.14370027   0.10005289
    0.81551375   0.11306125   0.576359    -0.42109687   2.49755211
    0.52445701   2.43335406   6.56726633 -18.54209506  -0.53889702
    6.16284827  10.54972699   3.7128148 ]], Action: [[ 0.00943175 -0.22965218  1.          0.01983488  1.         -0.4905057 ]], Reward: [2.2389362],Reward_sum: 3.9927361011505127, Done: [False]
==========
t: 21, State: [[  0.69309484   0.02851086   0.38645887   0.30415893  -0.84291489
    0.52031581   0.1650151    0.33893735   0.30491247   1.36000865
   -0.20136532   1.89608863   6.78939859 -12.32509806  -6.65247396
   -2.50116722 -11.31036311  17.59644015]], Action: [[ 1.         -1.          1.         -1.         -1.          0.79680514]], Reward: [1.3631183],Reward_sum: 5.355854511260986, Done: [False]
==========
t: 22, State: [[ 7.36633785e-01  1.50619019e-02  3.96429249e-01  3.90735233e-01
  -5.45980993e-01 -4.22055240e-01  1.64247593e-01 -6.28391477e-03
   5.94986366e-01  6.98673883e-01  2.59943617e-02 -3.82103766e-01
   9.12184139e-01  9.53959470e+00 -1.82599040e+01  2.57430688e+00
  -2.26606102e+00 -2.36873676e+00]], Action: [[ 1.         -0.54547447 -1.         -1.         -1.          0.7949323 ]], Reward: [0.3778328],Reward_sum: 5.733687400817871, Done: [False]
==========
t: 23, State: [[ 0.73840343  0.04154897  0.34679866  0.19720339  0.34690557 -0.42779201
   0.06756637  0.27075685  0.23681177 -0.22225885  0.85420604 -0.96583877
  -3.46665077 15.55773925  0.88007635 -3.46517587  7.80844214 -8.77295827]], Action: [[ 0.339813    0.8005833  -1.         -1.         -0.04070264 -1.        ]], Reward: [-0.3404134],Reward_sum: 5.39327335357666, Done: [False]
==========
t: 24, State: [[  0.71283443   0.09070224   0.35360193  -0.34313803   0.77304966
    0.36505341  -0.12042081   0.63784643  -0.36025251  -0.43910519
    0.86073088   0.72060264 -11.90346023   2.26242737  17.76641649
   -3.12025576   4.64595716 -12.25476684]], Action: [[-1.          1.          1.         -0.27037036  1.         -1.        ]], Reward: [-1.0186901],Reward_sum: 4.3745832443237305, Done: [False]
==========
t: 25, State: [[ 0.72419782  0.12093488  0.42056776 -0.54301209  0.58832921  0.76268822
  -0.03726662  0.52133052 -0.50387966  0.60441149  0.46157112  1.6367917
   1.3813269  -5.73167351  0.74532441  3.66380227 -4.53933082  2.43037144]], Action: [[-0.9032029   1.          1.          0.26400203  1.         -0.5825177 ]], Reward: [-0.19521219],Reward_sum: 4.179370880126953, Done: [False]
==========
t: 26, State: [[  0.78561999   0.15639331   0.60497569   0.2241924   -0.46093166
   -0.10118359  -0.10508875  -0.12057986   0.21150248   0.9553202
    0.09667168   2.73581347  16.01550257 -22.1410901  -20.04163434
   -4.71510907 -13.66223609  18.15710923]], Action: [[ 1.         -0.8437987  -0.63061076 -0.9362234  -1.          1.        ]], Reward: [0.72982544],Reward_sum: 4.909196376800537, Done: [False]
==========
t: 27, State: [[ 0.77383512  0.1203313   0.6235156   0.46498707 -0.23220173 -0.45001839
  -0.52009079 -0.55144202  0.50652013 -0.67656028 -1.03419706 -0.30909102
   0.72588289 15.60216475  1.48133546 -9.60523832 -4.98461311 -4.02641894]], Action: [[ 0.8123185   0.5223109  -1.         -1.         -1.         -0.12642907]], Reward: [-0.6305629],Reward_sum: 4.2786335945129395, Done: [False]
==========
t: 28, State: [[ 7.32457776e-01  8.19065128e-02  5.58603899e-01  8.50194958e-03
   7.38985102e-01  2.83540162e-01 -5.64874871e-01 -1.33563745e-01
  -3.05957797e-01 -6.14509512e-01 -7.28943089e-01 -1.82293756e+00
  -1.25521307e+01  1.43510319e+01  1.63680963e+01  5.02882122e+00
   1.29080009e+01 -1.95052710e+01]], Action: [[-1.          1.          0.62038124  0.24004519  0.837703   -1.        ]], Reward: [-1.2419709],Reward_sum: 3.0366625785827637, Done: [False]
==========
t: 29, State: [[ 0.75624447  0.05494954  0.41289147 -0.34011897  0.7160393   0.79822904
   0.03374828 -0.05747577 -0.52409145  0.97242688 -0.52176806 -3.21461049
  -2.84715825 -5.99742279  3.83746252 14.46539782  2.32553149  2.11883769]], Action: [[-0.65829533  0.813719    1.          0.9099797   1.         -0.5521456 ]], Reward: [0.052892],Reward_sum: 3.08955454826355, Done: [False]
==========
t: 30, State: [[ 8.35249923e-01  4.74335837e-02  3.71240033e-01  2.58514144e-01
  -4.31046179e-01  6.18521756e-01  3.63891953e-01 -1.11681030e-02
   1.26236593e-01  1.33702698e+00 -3.65468406e-01 -1.08730132e+00
   1.42747964e+01 -2.46531852e+01 -6.02120787e+00  1.87223972e+00
   5.26320529e-01  1.69828663e+01]], Action: [[ 1.         -1.          1.         -0.22853307 -0.60252887  0.8352463 ]], Reward: [1.1688185],Reward_sum: 4.258373260498047, Done: [False]
==========
t: 31, State: [[ 8.30655310e-01  3.43235894e-03  2.31228036e-01  5.22036220e-01
  -5.40973401e-01 -3.84979084e-01 -3.79690489e-04 -3.60756038e-02
   5.25398622e-01 -8.46174134e-01 -1.19626122e+00 -2.95267989e+00
  -4.00404975e-01  8.84015786e+00 -2.04267505e+01 -1.17496526e+01
  -1.88635766e+00 -1.08882325e+00]], Action: [[ 1.         -0.08578764 -1.         -1.         -1.          0.01612596]], Reward: [-0.49265417],Reward_sum: 3.765719413757324, Done: [False]
==========
t: 32, State: [[  0.72625332  -0.02073554   0.01968274  -0.19706264   0.52492781
   -0.45769749  -0.28747959   0.16249045   0.19561661  -2.45114469
   -1.03417335  -4.16671317 -18.1989387   17.61990543   2.46439475
   -8.73227763   5.08458572 -13.17465407]], Action: [[-1.          1.         -1.         -1.          0.06311543 -1.        ]], Reward: [-2.5884383],Reward_sum: 1.177281141281128, Done: [False]
==========
t: 33, State: [[ 0.68917277 -0.07391603 -0.20145406 -0.56657088  0.65794908  0.28625989
  -0.22514809  0.3412325  -0.43261111  0.14147782 -0.70863346 -4.18590664
   2.79395892 -4.9958842  16.27505342  6.20586407  2.0634823  -9.7881287 ]], Action: [[-0.78495187  0.8479935   1.          0.45329094  1.         -0.33905953]], Reward: [-1.1071786],Reward_sum: 0.07010257244110107, Done: [False]
==========
t: 34, State: [[  0.77068408   0.02294956  -0.15535183   0.07185515  -0.028349
    0.38416478   0.28818235   0.21748173  -0.2036488    2.36807121
    2.67056966   2.83270989  14.06955811 -17.38276289  -3.3640968
   11.12278166  -1.8625641   12.02978131]], Action: [[ 1.        -1.         1.         0.7718289  0.6055623  1.       ]], Reward: [1.1339836],Reward_sum: 1.204086184501648, Done: [False]
==========
t: 35, State: [[  0.83317773   0.11140718  -0.06706584   0.5289343   -0.45973446
   -0.36781633   0.25646952   0.05147799   0.50914557   0.45798275
    1.36618072   1.15931523   4.48073261  -1.05432174 -15.79178783
   -7.46715417  -4.62136787  12.77350352]], Action: [[ 1.         -0.25846523 -1.         -1.         -1.          0.44376296]], Reward: [0.8235001],Reward_sum: 2.0275862216949463, Done: [False]
==========
t: 36, State: [[ 8.05489470e-01  1.40176588e-01  7.01983217e-03  2.65171965e-01
   3.09506291e-01 -4.47153294e-01 -4.08955182e-01 -2.27192899e-01
   2.48878772e-01 -7.53232777e-01  1.14783887e-02  2.09163921e+00
  -6.51543979e+00  1.70748170e+01  1.57636860e+00 -1.56522016e+01
  -5.84096881e+00 -1.32711537e+01]], Action: [[ 0.37341982  1.         -1.         -1.         -1.         -1.        ]], Reward: [-1.0677096],Reward_sum: 0.9598766565322876, Done: [False]
==========
t: 37, State: [[ 0.81217132  0.15045386  0.04665713 -0.22549411  0.82392788  0.40285904
  -0.43005832 -0.14319267 -0.2327253   0.81347978  0.51408457 -0.08780762
  -9.54003748  2.07474211 19.27375106  9.66665903  5.07090495 -5.47116176]], Action: [[-1.          1.          1.          1.          1.          0.64570695]], Reward: [-0.4080568],Reward_sum: 0.5518198609352112, Done: [False]
==========
t: 38, State: [[  0.8791366    0.19529337   0.15555329  -0.2137338    0.20080099
    0.81455444  -0.15997863   0.26876807  -0.51923645   1.42659673
    0.82546377   3.17965382   4.08992995 -16.38836221  -0.47116052
    2.67771098   8.27906959  -4.49919199]], Action: [[-0.19163679 -0.1068701   1.         -0.4561872   0.41093102 -1.        ]], Reward: [1.096794],Reward_sum: 1.6486139297485352, Done: [False]
==========
t: 39, State: [[ 9.60339166e-01  2.05425962e-01  3.20840002e-01  2.85671493e-01
  -7.68724029e-01  5.20977434e-01 -5.49322511e-02  1.57799699e-01
   4.10764467e-03  1.39943190e+00 -5.02308614e-01  2.39130934e+00
   9.07291646e+00 -1.42195457e+01 -6.63227273e+00  1.31251114e+00
  -6.48156969e+00  1.67797204e+01]], Action: [[ 1.         -1.          1.         -0.5297045  -0.52710116  1.        ]], Reward: [1.1682091],Reward_sum: 2.8168230056762695, Done: [False]
==========
t: 40, State: [[  0.98734806   0.13794088   0.3710689    0.39328432  -0.37955418
   -0.42867503  -0.24196748  -0.24125915   0.55586382   0.15110865
   -1.74951069   0.60914719   0.43497023  15.00817306 -18.49155873
   -6.97616757  -7.65826584   4.48091589]], Action: [[ 1.          0.08676942 -1.         -1.         -1.          0.1178063 ]], Reward: [0.13803712],Reward_sum: 2.954860210418701, Done: [False]
==========
t: 41, State: [[  0.95570056   0.04467377   0.42475053   0.03393561   0.64496949
   -0.41837887  -0.80331081  -0.15050313   0.04589559  -0.68503438
   -1.96355402   1.59058064  -8.16830625  16.0592762    0.7661117
  -10.92443565   5.18193279 -16.47652114]], Action: [[-0.5397495   1.         -1.         -1.          0.11277603 -1.        ]], Reward: [-1.0633547],Reward_sum: 1.891505479812622, Done: [False]
==========
t: 42, State: [[ 0.99032203 -0.03858178  0.40739536 -0.36860592  0.80482605  0.37569026
  -0.43837687 -0.1241016  -0.6306507   1.27165121 -1.46283525 -1.69764301
  -6.75204654 -3.37038428 18.1583808  14.28656448 -5.38631385  1.99216744]], Action: [[-1.         1.         1.         0.9583188  1.        -1.       ]], Reward: [0.10059188],Reward_sum: 1.9920973777770996, Done: [False]
==========
t: 43, State: [[  1.1137551   -0.07566418   0.35016634   0.23421713  -0.28496281
    0.77372725   0.2639077   -0.56623106  -0.26585282   2.55196363
   -0.80217802  -2.04608156  16.32918195 -24.5495283    0.99631694
   12.46399212  -3.89916741  10.06028856]], Action: [[ 1.         -1.          1.          0.57852453  0.07777126  1.        ]], Reward: [2.0345874],Reward_sum: 4.026684761047363, Done: [False]
==========
t: 44, State: [[  1.15673806  -0.09909121   0.15921825   0.67756863  -0.81371544
    0.10211058   0.12272913  -0.53167735   0.4256562   -0.13123059
   -0.33913337  -4.39552387   2.4520315    0.02998602 -16.08674716
  -11.58412012   3.71253985  14.5698036 ]], Action: [[ 1.         -1.         -0.21210706 -1.         -1.          1.        ]], Reward: [0.3551604],Reward_sum: 4.381844997406006, Done: [False]
==========
t: 45, State: [[ 1.08850324e+00 -1.67542183e-01 -4.15485874e-02  1.97595323e-02
   3.63843702e-01 -4.59781989e-01 -6.82289793e-01  4.94979094e-02
   3.00866215e-01 -1.35339721e+00 -2.29811561e+00 -3.72469169e+00
  -1.60572756e+01  2.37680571e+01 -5.13853711e-01 -1.41528815e+01
   1.20676132e+01 -1.14519246e+01]], Action: [[-0.4726225   1.         -0.7958526  -1.         -0.05759274 -1.        ]], Reward: [-1.7507036],Reward_sum: 2.631141424179077, Done: [False]
==========
t: 46, State: [[  1.12343765  -0.21632183  -0.18042086  -0.47165388   0.92057826
    0.20725714  -0.41945697   0.28320501  -0.57846683   1.96706455
    1.01580429   0.32943118  -3.07830225  -1.68549661  15.74310248
   13.66437032  -0.1646174  -17.50133311]], Action: [[-1.         1.         1.         0.8700422  1.        -1.       ]], Reward: [0.12299097],Reward_sum: 2.7541322708129883, Done: [False]
==========
t: 47, State: [[ 1.27514720e+00 -1.02902934e-01  2.74622718e-02  2.08347457e-01
  -1.35804746e-01  6.29614283e-01  1.65845630e-01 -1.64477331e-02
  -1.62232501e-01  3.17054672e+00  2.19197956e+00  3.78008467e+00
   1.67336372e+01 -2.62488124e+01  4.29256932e+00  8.23003920e+00
  -1.18937697e+01  8.63507035e+00]], Action: [[ 0.984816   -0.9669731   1.         -0.03392833 -0.10518406  1.        ]], Reward: [2.6424794],Reward_sum: 5.396612167358398, Done: [False]
==========
t: 48, State: [[  1.36208072  -0.04949373   0.10332243   0.61882251  -0.44985007
   -0.19305143  -0.02936376  -0.36273139   0.52722217   0.88083482
    0.61943418   0.78577869   2.19617231   5.50342184 -20.86147062
  -11.04982042  -4.16175256  13.97968345]], Action: [[ 1.         0.0485381 -0.981291  -1.        -1.         1.       ]], Reward: [1.2421417],Reward_sum: 6.638753890991211, Done: [False]
==========
t: 49, State: [[  1.36701471  -0.04997047   0.17930073   0.24995519   0.44746915
   -0.47637747  -0.73705597  -0.42780364   0.11021722   0.15316555
   -0.37596348   1.99738826  -8.42463451  17.06346452   2.55507734
  -13.49959773  -0.71583167 -14.88742032]], Action: [[ 0.13107505  1.         -1.         -1.         -1.         -1.        ]], Reward: [-0.40303835],Reward_sum: 6.235715389251709, Done: [False]
==========
t: 50, State: [[ 1.42930011 -0.04136359  0.16958625 -0.28097347  0.80581772  0.40679319
  -0.38985795 -0.08473121 -0.57297954  2.03534712  0.35584855 -1.06161115
  -9.67651276 -1.29830535 19.45274215 16.70033756 10.54909035 -9.53332344]], Action: [[-1.          1.          1.          1.          1.         -0.23968923]], Reward: [0.739963],Reward_sum: 6.975678443908691, Done: [False]
==========
t: 51, State: [[ 1.58391321e+00  7.06303471e-04  2.37627821e-01  9.98239024e-02
  -2.54506247e-01  8.06350621e-01  2.00680067e-01  3.28785879e-01
  -5.75339291e-01  3.06882192e+00  9.44392206e-01  9.15865531e-01
   1.23142471e+01 -2.48646414e+01 -1.99416651e-01  8.78860192e+00
   1.57804834e+00  1.35315535e+00]], Action: [[ 0.6970952  -1.          1.          0.10722202  0.77421236 -0.6872197 ]], Reward: [2.7353506],Reward_sum: 9.711029052734375, Done: [False]
==========
t: 52, State: [[  1.67637281   0.02129852   0.22248979   0.45307027  -0.82832681
    0.28354857   0.16872981   0.08200096   0.19012521   1.08394289
    0.14148398  -1.0686101    1.59624092   0.80755234 -12.22370421
   -6.65198207  -7.58275721  20.21119957]], Action: [[ 1.         -1.          0.37622434 -1.         -1.          1.        ]], Reward: [1.3350376],Reward_sum: 11.046066284179688, Done: [False]
==========
t: 53, State: [[ 1.66857771e+00 -1.92611232e-02  1.56663270e-01 -1.15352486e-01
   3.29623843e-01 -5.19407997e-01 -4.71636170e-01 -1.77271913e-01
   4.00230829e-01 -3.56237830e-01 -1.56276898e+00 -1.08433058e+00
  -1.28963632e+01  2.35467557e+01 -1.30584195e+01 -1.45121126e+01
  -3.70854298e+00 -5.94836489e+00]], Action: [[-0.5172336  1.        -1.        -1.        -0.6831128 -1.       ]], Reward: [-0.6293194],Reward_sum: 10.416747093200684, Done: [False]
==========
t: 54, State: [[ 1.72701695e+00 -9.05529032e-02  5.13516050e-02 -5.27132013e-01
   8.15603341e-01 -3.99652470e-01 -4.32583481e-01 -1.37522942e-02
  -4.15441354e-01  2.04333768e+00 -1.00725249e+00 -2.40115093e+00
  -3.59624060e+00 -1.42527562e+00  2.85391038e+00  9.44110856e+00
   5.81061727e+00 -1.85822742e+01]], Action: [[-1.          1.         -0.7680368   0.77088165  1.         -1.        ]], Reward: [0.6503709],Reward_sum: 11.067117691040039, Done: [False]
==========
t: 55, State: [[ 1.89865218e+00 -1.09541556e-01 -2.14499393e-02  1.23798440e-01
  -7.34077935e-03  2.89524320e-01  2.75066872e-01  2.38650372e-01
  -4.85152922e-01  3.70306711e+00 -5.49324597e-01 -2.49079980e+00
   1.63657000e+01 -1.83642624e+01  1.58509062e+01  1.43517090e+01
  -6.02114431e-01 -1.48855656e+00]], Action: [[ 0.90210515 -0.19854097  1.          0.8024812   0.87512577  0.00315388]], Reward: [3.1064003],Reward_sum: 14.173518180847168, Done: [False]
==========
t: 56, State: [[ 2.07893544 -0.07173611  0.05436406  0.56935072 -0.42925358  0.31807801
   0.48207449 -0.05592296  0.1230879   2.98974219  0.74048946  1.65511024
   6.49665645 -8.97568588  0.04783003 -2.33238447 -7.32593862 17.50590943]], Action: [[ 1.         -1.          0.5286411  -0.38031265 -1.          0.9909981 ]], Reward: [3.1650476],Reward_sum: 17.338565826416016, Done: [False]
==========
t: 57, State: [[  2.17352724  -0.04139105   0.14935264   0.60260198  -0.49145816
   -0.30756489  -0.18855957  -0.27541319   0.56646081   1.38979765
    0.29666413   2.49010884  -2.61758832   2.12094121 -14.83715526
  -17.78377493  -2.9222742   -2.2950751 ]], Action: [[ 1.        -0.7329805 -1.        -1.        -1.         0.656262 ]], Reward: [1.395042],Reward_sum: 18.73360824584961, Done: [False]
==========
t: 58, State: [[ 2.22053152e+00 -6.55281058e-02  2.50422001e-01 -1.70012648e-01
   4.70412994e-01 -4.24907914e-01 -8.67723591e-01 -4.07270756e-02
  -8.26579191e-03  1.23016676e+00 -9.45689074e-01  1.07039215e+00
  -1.69944958e+01  1.90661281e+01  7.47935606e-01 -6.86083924e+00
   6.17849188e+00 -1.44868880e+01]], Action: [[-1.          1.         -1.         -0.39580926  0.46262932 -0.39082706]], Reward: [0.587742],Reward_sum: 19.32135009765625, Done: [False]
==========
t: 59, State: [[ 2.36386217 -0.09840251  0.20716538 -0.56283678  0.79453577  0.27833949
  -0.42975603  0.08645179 -0.62039538  3.55318189 -0.12564545 -1.78773432
   1.17000254 -1.87278865 15.93591862 12.74928674 -9.05366988 -1.47521654]], Action: [[-1.          1.          1.          0.4514376   1.         -0.81502795]], Reward: [2.3798063],Reward_sum: 21.701156616210938, Done: [False]
==========
t: 60, State: [[  2.58936654  -0.0780056    0.23534908   0.28337402  -0.3238567
    0.70566796   0.16923798  -0.43676011  -0.05482196   4.43388664
   -0.03003842  -0.04350285  18.17260865 -25.26046905   3.01388237
    9.67169978  -8.1878175   15.68032656]], Action: [[ 1.         -1.          1.         -0.01623607 -0.7332849   1.        ]], Reward: [4.05629],Reward_sum: 25.7574462890625, Done: [False]
==========
t: 61, State: [[  2.72957239  -0.0954284    0.14879607   0.73732558  -0.75326568
   -0.1812073    0.02751538  -0.52678731   0.59296255   1.87491177
   -0.42998879  -2.02129877   1.96061833   1.96829727 -21.94869297
   -9.30944583   2.31946234  -0.67565833]], Action: [[ 1.         -0.859435   -1.         -0.86278474 -1.          1.        ]], Reward: [2.2558146],Reward_sum: 28.013259887695312, Done: [False]
==========
t: 62, State: [[  2.75011681  -0.14897092   0.08269134  -0.1403059    0.42885966
   -0.4759791   -0.70798487  -0.08152941  -0.03531091   0.31531816
   -1.91236147  -1.47708783 -21.6217289   22.38332334   2.50537174
  -13.12502441   9.62683888 -17.03981951]], Action: [[-1.          1.         -1.         -1.         -0.19254039 -1.        ]], Reward: [-0.09281872],Reward_sum: 27.920440673828125, Done: [False]
==========
t: 63, State: [[ 2.87617395 -0.23159128 -0.09971666 -0.61294562  0.79151821  0.27470074
  -0.4035334   0.2560274  -0.55599428  3.73776339 -1.06642273 -3.92392737
   2.95596155 -2.15609987 16.2252472  14.41128414  4.3532523   1.60532784]], Action: [[-1.         1.         1.         0.6071511  1.        -1.       ]], Reward: [1.9842794],Reward_sum: 29.904722213745117, Done: [False]
==========
t: 64, State: [[ 3.13508067e+00 -1.48181773e-01 -1.59515531e-02  2.43416080e-01
   7.54735010e-02  5.34809698e-01  2.17533516e-01 -1.00229843e-01
  -2.84075506e-01  5.70341428e+00  1.78611291e+00  2.36563763e+00
   1.90615692e+01 -1.98622539e+01  3.36605273e+00  1.08830988e+01
  -5.70773000e+00  9.73545180e+00]], Action: [[ 1.0000000e+00 -1.0000000e+00  1.0000000e+00  2.5473565e-01
   4.0609762e-04  6.0043079e-01]], Reward: [4.8355937],Reward_sum: 34.74031448364258, Done: [False]
==========
t: 65, State: [[  3.34642325  -0.09503794   0.06583538   0.78648649  -0.57080758
   -0.16645588   0.13941815  -0.27898289   0.5083836    3.20460278
    0.85020438   1.42400164   3.73198934  -5.16804917 -17.88318924
   -8.28127101  -3.16235914  16.56976886]], Action: [[ 1.         -0.7160441  -0.95214516 -0.7854     -1.          1.        ]], Reward: [3.723236],Reward_sum: 38.46355056762695, Done: [False]
==========
t: 66, State: [[  3.43489999  -0.07355836   0.16723501   0.14276477   0.29129645
   -0.4488048   -0.53971324  -0.36673159   0.25162173   1.54729335
   -0.1336048    2.22899166 -16.05157231  19.75778275   1.46238584
  -14.53056095  -1.13382116 -14.20256048]], Action: [[-0.16243102  1.         -1.         -1.         -1.         -1.        ]], Reward: [1.2668965],Reward_sum: 39.730445861816406, Done: [False]
==========
t: 67, State: [[ 3.58466566 -0.08137928  0.154622   -0.51115008  0.81889526  0.14289024
  -0.32100049 -0.05651463 -0.54374438  3.98990439  0.0662203  -1.00663363
  -8.56898922  0.25862535 13.20651336 13.68012134  8.17468315 -1.61388615]], Action: [[-1.          1.          0.48725924  1.          1.         -1.        ]], Reward: [2.4715712],Reward_sum: 42.20201873779297, Done: [False]
==========
t: 68, State: [[  3.8391612   -0.02933066   0.22866471   0.10895425  -0.3175502
    0.60366967   0.15322729   0.0861198   -0.50893061   5.21208935
    0.89421676   0.89604881  17.08529191 -26.98457087   5.181352
    6.9146843    0.78101545   3.05177448]], Action: [[ 1.         -1.          1.         -0.00579971  0.32213086 -0.25755113]], Reward: [4.7728972],Reward_sum: 46.97491455078125, Done: [False]
==========
t: 69, State: [[ 4.03393813e+00 -1.46569135e-02  1.80897005e-01  5.57425870e-01
  -8.29086038e-01  5.24711362e-01  1.22163657e-01 -6.78383250e-02
   2.46202165e-01  3.07324583e+00  1.88297017e-01 -1.82523186e+00
   2.44451832e+00  3.21631900e+00 -4.35653562e+00 -4.52668359e+00
  -4.73872254e+00  1.93986671e+01]], Action: [[ 1.         -1.          0.84168005 -1.         -1.          1.        ]], Reward: [3.3246958],Reward_sum: 50.29961013793945, Done: [False]
==========
t: 70, State: [[  4.12358788  -0.03802103   0.11834092   0.1101136    0.16088786
   -0.32188034  -0.43911931  -0.29427162   0.41038894   1.47988485
   -1.00186544  -0.61294376 -10.93112036  18.87154944 -17.66199615
  -13.56004894  -4.14574429  -6.73834357]], Action: [[-0.25956035  0.39879048 -1.         -1.         -1.         -1.        ]], Reward: [1.3703544],Reward_sum: 51.66996383666992, Done: [False]
==========
t: 71, State: [[  4.23079685  -0.1020942    0.04412808  -0.48933701   0.78550244
   -0.44001275  -0.76804779  -0.03471911  -0.37698371   2.80039412
   -1.23017473  -2.12452196  -9.63998008   5.54083592   1.23817179
   -0.27992148   7.63787494 -17.67991429]], Action: [[-1.          1.         -1.         -0.30445486  0.65457666 -1.        ]], Reward: [1.6920631],Reward_sum: 53.362030029296875, Done: [False]
==========
t: 72, State: [[ 4.45970234 -0.12412535 -0.10131112 -0.04247807  0.57384103  0.2377277
  -0.1765832   0.29993287 -0.46613564  5.33606756 -0.53803119 -3.20914699
  15.43743044 -7.394102   16.39364806 15.59474189  7.33870119  3.68198321]], Action: [[ 0.71947503  1.          1.          0.49491984  1.         -0.41935593]], Reward: [4.184265],Reward_sum: 57.546295166015625, Done: [False]
==========
t: 73, State: [[ 4.70951493e+00 -1.48234726e-01 -1.34081906e-01  6.98675695e-01
  -1.89196290e-01  8.33584476e-01  2.96263033e-01  8.84678154e-02
   1.12084443e-01  4.36098117e+00 -2.14649813e-01 -9.91410727e-03
   1.12533829e+01 -1.29141882e+01  7.16460035e+00  5.99265390e+00
  -9.54583161e+00  1.34110004e+01]], Action: [[ 1.         -1.          1.         -0.78042644 -1.          0.39032084]], Reward: [4.52011],Reward_sum: 62.06640625, Done: [False]
==========
t: 74, State: [[  4.87411736  -0.16069324  -0.05351517   0.89680398  -0.39798186
    0.39447001   0.2111073   -0.39972044   0.53064432   2.70193182
   -0.20259811   2.72708002  -0.5354305    1.02700221 -12.68083154
   -6.43816321  -8.12421593  -0.81955234]], Action: [[ 1.         -1.         -0.12141481 -0.24933748 -1.          1.        ]], Reward: [2.8843575],Reward_sum: 64.95075988769531, Done: [False]
==========
t: 75, State: [[  4.93365509  -0.18381774   0.14592708   0.08340283   0.42092029
   -0.46993733  -0.61309049  -0.46987783  -0.0552098    1.04586667
   -0.9595235    4.1446717  -19.17962113  16.04827349 -14.94523777
  -18.06848884   1.7989624  -16.10634375]], Action: [[-0.44428027  1.         -1.         -1.         -0.81347585 -1.        ]], Reward: [0.70484173],Reward_sum: 65.65560150146484, Done: [False]
==========
t: 76, State: [[ 5.06713789 -0.21639875  0.17619383 -0.558422    0.77919959 -0.27848629
  -0.42604378 -0.24732629 -0.58950448  3.51533655  0.29780658 -2.10443189
  -0.93662889 -0.56611575  5.1413087  12.96239926 -9.92109921 -0.26234778]], Action: [[-1.          1.         -0.18406671  0.9281877   1.         -1.        ]], Reward: [2.1801147],Reward_sum: 67.8357162475586, Done: [False]
==========
t: 77, State: [[ 5.28649203e+00 -1.61036877e-01  1.94958389e-01  1.94298803e-01
  -3.57132770e-01  3.66255976e-01  5.29497628e-02 -6.36831112e-01
  -8.79556272e-03  4.33626599e+00  7.98823448e-01 -2.31957067e-01
   1.72280232e+01 -2.61215335e+01  1.38119809e+01  6.38407830e+00
  -5.37723034e+00  1.53508278e+01]], Action: [[ 1.        -1.         1.        -0.2916453 -1.         1.       ]], Reward: [3.878577],Reward_sum: 71.71429443359375, Done: [False]
==========
t: 78, State: [[  5.46228487  -0.10284254   0.20296421   0.64955011  -0.71970083
    0.25476618  -0.2337855   -0.61689337   0.56274012   2.84636362
    0.86986676  -0.0554979    4.24835326   0.31775476  -6.1485938
  -11.07596556   5.28535251  -0.08765781]], Action: [[ 1.         -1.          0.08973703 -1.         -1.          1.        ]], Reward: [3.0150514],Reward_sum: 74.7293472290039, Done: [False]
==========
t: 79, State: [[  5.55366977  -0.09810271   0.20305574   0.2396122    0.38092275
   -0.39892     -0.81474544  -0.28131428  -0.03082519   1.71142194
   -0.3354714    0.19917275  -9.90322762  23.10213103 -12.19087284
   -9.28913848   5.02217336 -16.43695497]], Action: [[-0.13238071  1.         -1.         -1.         -0.7896192  -1.        ]], Reward: [1.3635956],Reward_sum: 76.09294128417969, Done: [False]
==========
t: 80, State: [[  5.6872228   -0.08969578   0.15485081  -0.35037081   0.83930673
    0.02567837  -0.55057533   0.11401817  -0.550987     3.45851474
    0.43359513  -1.27615092 -10.4746465   -2.81138181  15.35696362
   12.24236027   8.12684035   1.44718968]], Action: [[-1.          1.          0.6816972   0.35355693  1.         -1.        ]], Reward: [2.2120893],Reward_sum: 78.3050308227539, Done: [False]
==========
t: 81, State: [[  5.92071519  -0.03526672   0.18577729   0.1438614   -0.33748188
    0.62656914   0.02762286   0.04315396  -0.42917059   4.75781128
    0.89099366   0.16001266  15.07642109 -26.72294723   7.31039456
    9.86113394  -4.11677257   2.77964424]], Action: [[ 1.         -1.          1.         -0.01962224  0.19915955  0.00587793]], Reward: [4.3658395],Reward_sum: 82.67086791992188, Done: [False]
==========
t: 82, State: [[ 6.09507733e+00 -3.16318462e-02  1.27505638e-01  5.26604024e-01
  -8.30528192e-01  4.89771796e-01  3.64482461e-03 -1.93974782e-01
   2.53007130e-01  2.73626121e+00 -3.02679400e-01 -1.72349737e+00
   1.61444806e+00  3.19244009e+00 -6.72388821e+00 -6.94502946e+00
  -4.58481786e+00  1.71984042e+01]], Action: [[ 1.        -1.         0.6618053 -1.        -1.         1.       ]], Reward: [2.9434443],Reward_sum: 85.61431121826172, Done: [False]
==========
t: 83, State: [[ 6.17478996e+00 -9.77941691e-02  3.26227652e-02 -2.39981249e-02
   4.01010000e-01 -3.72612083e-01 -6.02987626e-01 -2.00388745e-01
   3.21823314e-01  1.46191978e+00 -2.00329149e+00 -1.72138373e+00
  -1.25090064e+01  2.41407645e+01 -1.67857966e+01 -1.24961659e+01
   1.34492959e+00 -7.94310609e+00]], Action: [[-0.5279626   1.         -1.         -1.         -0.52244914 -1.        ]], Reward: [1.1390829],Reward_sum: 86.7533950805664, Done: [False]
==========
t: 84, State: [[  6.31680763  -0.17635487  -0.11251549  -0.49357908   0.8430054
   -0.3425239   -0.42150896   0.07802224  -0.4868273    3.65135418
   -1.0718357   -3.11008003  -5.6357649   -3.14349282   5.91878964
   11.75417721   6.72933001 -17.22311774]], Action: [[-1.          1.         -0.33958524  0.695247    1.         -1.        ]], Reward: [2.3804848],Reward_sum: 89.13388061523438, Done: [False]
==========
t: 85, State: [[ 6.55614574 -0.13932561 -0.07022703 -0.04344065  0.44352404  0.07384348
   0.13936027  0.25435826 -0.5040499   5.12821227  1.68703006  2.37158276
  13.40406939 -8.91024084  9.14148543  8.34395322 -4.01783133 -1.10096031]], Action: [[ 0.65811867  0.08843572  1.          0.28591698  0.6469176  -0.14166878]], Reward: [4.5906363],Reward_sum: 93.72451782226562, Done: [False]
==========
t: 86, State: [[  6.78448372  -0.06887711   0.07417527   0.59613477  -0.49563574
    0.55798296   0.1461512   -0.15514431   0.11302111   3.90207947
    1.01014242   2.4978566    9.30487865 -16.98907369   7.20139175
   -5.60331454  -8.9645708   17.42599641]], Action: [[ 1.        -1.         0.9280837 -0.7121366 -1.         1.       ]], Reward: [4.029912],Reward_sum: 97.75443267822266, Done: [False]
==========
t: 87, State: [[  6.93531069  -0.05044909   0.19194392   0.71487207  -0.68785786
   -0.13685391  -0.40988828  -0.48459241   0.57391726   2.69391065
   -0.03023235   2.47101513  -1.67415877   2.84384244 -19.60160764
  -12.49218951  -4.38854126  -2.3588642 ]], Action: [[ 1.       -1.       -1.       -0.728004 -1.        1.      ]], Reward: [2.4635403],Reward_sum: 100.21797180175781, Done: [False]
==========
t: 88, State: [[  7.04878986  -0.08530672   0.28794661   0.14669747   0.37953139
   -0.45342591  -0.95435333  -0.54335096  -0.11712075   2.46146137
   -1.03290544   1.31288516 -11.07996311  21.46574017   1.70996881
   -7.11833394  -0.29035336 -17.89608386]], Action: [[-0.02228527  1.         -1.         -1.         -1.         -1.        ]], Reward: [1.7695336],Reward_sum: 101.98750305175781, Done: [False]
==========
t: 89, State: [[ 7.21498153 -0.10599124  0.24994899 -0.40357172  0.81964327  0.37672044
  -0.48768945 -0.07494401 -0.61345323  4.07828567 -0.18054839 -1.16984509
  -8.47814636 -2.04100537 18.66286042 15.31622462 13.69377387  3.73123066]], Action: [[-1.          1.          1.          0.42331654  1.         -1.        ]], Reward: [2.8059137],Reward_sum: 104.79341888427734, Done: [False]
==========
t: 90, State: [[  7.45812876  -0.05802222   0.25028007   0.16392471  -0.29320616
    0.77170907   0.11097577  -0.19613458  -0.45878858   4.8587502
    0.92262019  -0.49760167  16.12320674 -25.90579705   0.68095116
    9.18356992  -1.10765054   5.41858527]], Action: [[ 1.         -1.          1.         -0.03483176  0.14148657 -0.12658645]], Reward: [4.559219],Reward_sum: 109.3526382446289, Done: [False]
==========
t: 91, State: [[ 7.63165087e+00 -4.32580202e-02  1.59023850e-01  5.82893942e-01
  -8.04752488e-01  3.47041880e-01 -2.00576375e-02 -2.27299724e-01
   3.01494300e-01  2.64504969e+00 -6.01024261e-03 -2.31194279e+00
   1.90949569e+00  2.25381699e+00 -1.02967352e+01 -8.66461278e+00
  -1.00399359e+00  1.80252772e+01]], Action: [[ 1.         -1.          0.48731005 -1.         -1.          1.        ]], Reward: [2.946695],Reward_sum: 112.29933166503906, Done: [False]
==========
t: 92, State: [[  7.71014746  -0.09505929   0.04424978   0.04888065   0.36705349
   -0.41083346  -0.63527217  -0.15741527   0.36800351   1.49247441
   -1.75323183  -2.12933885 -12.15328623  23.4242377  -12.81269364
  -11.71294207   1.44058303  -8.46372787]], Action: [[-0.30511773  1.         -0.85581225 -1.         -0.582459   -1.        ]], Reward: [1.1534549],Reward_sum: 113.45278930664062, Done: [False]
==========
t: 93, State: [[  7.85208623  -0.16673362  -0.12975321  -0.46195052   0.82651158
   -0.14161576  -0.41298954   0.09067008  -0.48088218   3.66864533
   -1.01426993  -3.82146196  -6.94314797  -2.42951205  11.59845616
   12.51886073   5.99661918 -18.04444584]], Action: [[-1.         1.         0.3084875  0.7021657  1.        -1.       ]], Reward: [2.379955],Reward_sum: 115.8327407836914, Done: [False]
==========
t: 94, State: [[  8.10129264  -0.13134742  -0.11085271   0.06266501   0.44648186
    0.36602928   0.20889412   0.2948392   -0.41737879   5.41615763
    0.81829424   1.82964978  15.40945722 -13.01031738   9.92378765
   10.81224225   4.48119028   8.01976824]], Action: [[ 0.8089695   0.16733842  1.          0.28917533  0.49455026 -0.19331942]], Reward: [4.7793274],Reward_sum: 120.61206817626953, Done: [False]
==========
t: 95, State: [[ 8.32338843e+00 -9.84118956e-02  6.79252989e-03  6.60188046e-01
  -5.35772426e-01  6.70587873e-01  2.80863835e-01  1.32620290e-01
   4.53553471e-01  3.53901184e+00  5.66272104e-01  2.04160033e+00
   7.31023646e+00 -1.63477499e+01  2.45463029e+00 -4.19365572e+00
  -6.78878585e+00  1.96222408e+01]], Action: [[ 1. -1.  1. -1. -1.  1.]], Reward: [3.8419158],Reward_sum: 124.45399475097656, Done: [False]
==========
t: 96, State: [[  8.45216732  -0.04024351   0.0832712    0.73073291  -0.62191532
   -0.12566615   0.10382759  -0.11964338   0.57951034   1.85306305
    1.49578696   1.6006187   -3.28757467   2.96730832 -21.27365756
   -6.02641094  -4.47056546  -2.64933035]], Action: [[ 1.         -1.         -1.         -1.         -1.          0.98933774]], Reward: [1.9776988],Reward_sum: 126.43169403076172, Done: [False]
==========
t: 97, State: [[ 8.51009866e+00 -2.10919975e-03  1.48641017e-01  2.26099182e-01
   2.90767272e-01 -4.66649708e-01 -4.63950830e-01 -3.10058262e-01
  -4.70922499e-02  1.23955935e+00  1.91631189e-01  1.26551909e+00
  -8.68205092e+00  1.85231088e+01  2.07077521e+00 -1.28466570e+01
  -3.48153968e+00 -1.62817043e+01]], Action: [[ 0.69945264  1.         -1.         -1.         -1.         -1.        ]], Reward: [0.6097033],Reward_sum: 127.04139709472656, Done: [False]
==========
t: 98, State: [[ 8.60832927e+00  1.47914514e-02  1.46806633e-01 -3.29624084e-01
   8.17493217e-01  3.86885198e-01 -5.18747647e-01 -7.13969510e-02
  -5.57999214e-01  2.62672639e+00  6.09239335e-01 -6.93423255e-01
  -9.69940812e+00  8.34382461e-01  1.91755491e+01  6.73618536e+00
   7.28938895e+00  1.60929824e+00]], Action: [[-1.          1.          1.          0.4618541   0.97388595 -1.        ]], Reward: [1.448436],Reward_sum: 128.48983764648438, Done: [False]
==========
t: 99, State: [[  8.81764875   0.07444342   0.22648842   0.19518567  -0.23197841
    0.79029108  -0.09483957   0.18597349  -0.1222678    4.56752761
    0.75379699   1.87594174  15.40247785 -25.7998535    0.5813693
    8.23027705   4.50391341  11.55550012]], Action: [[ 1.         -1.          1.         -0.07186194  0.21090136  0.24274717]], Reward: [3.8755326],Reward_sum: 132.36537170410156, Done: [False]
==========
t: 100, State: [[  8.98277048   0.05965483   0.291509     0.59700811  -0.85082125
    0.22565504   0.01976231   0.03038283   0.58553231   2.4507309
   -0.69933202   0.92047288   1.17208797   0.42091549 -13.578224
   -1.65973635  -6.66234613  12.92085312]], Action: [[ 1.         -1.          0.15546146 -0.855302   -1.          0.7432318 ]], Reward: [2.8716242],Reward_sum: 135.23699951171875, Done: [False]
==========
t: 101, State: [[ 9.04848315e+00  1.67029964e-02  2.83237419e-01  1.61188295e-01
   2.66040529e-01 -4.64358288e-01 -1.72607761e-01 -2.93463542e-01
   2.77986084e-01  9.51183932e-01 -9.03033865e-01 -5.08175262e-01
  -9.31952439e+00  2.35308212e+01 -1.59083487e+00 -5.58561430e+00
  -5.58911933e+00 -1.09743925e+01]], Action: [[ 0.30319625  1.         -1.         -1.         -1.         -1.        ]], Reward: [0.80506045],Reward_sum: 136.04205322265625, Done: [False]
==========
t: 102, State: [[  9.11023498  -0.02384466   0.26453367  -0.41862188   0.8552411
    0.22344713  -0.45351822   0.06418059  -0.53749249   1.83292167
   -0.64868949   0.11461867  -9.61283778  -0.69062811  16.8164489
   -3.49149509  11.17934438 -16.16456572]], Action: [[-1.          1.          0.7849799  -0.20325473  1.         -1.        ]], Reward: [0.7692861],Reward_sum: 136.81134033203125, Done: [False]
==========
t: 103, State: [[ 9.27243193e+00 -2.95392178e-02  2.68510408e-01 -1.67873753e-01
   1.15606945e-01  7.38171358e-01  7.34769695e-03 -1.12398742e-01
  -4.35773552e-01  3.69080690e+00 -2.08324164e-01 -4.01091896e-01
   9.51539604e+00 -1.74745218e+01  4.19039693e+00  1.43159005e+01
  -5.89139597e+00  5.91384601e+00]], Action: [[-0.02936442 -0.28133297  1.          1.          0.37395737  0.5121169 ]], Reward: [2.9957273],Reward_sum: 139.80706787109375, Done: [False]
==========
t: 104, State: [[  9.4197568   -0.03856181   0.22859172   0.39019715  -0.76725579
    0.59652379   0.15638513  -0.33881171   0.27000858   2.23784733
   -0.2375841   -1.94053786   8.60287822 -11.29081435  -5.20389084
   -3.27993169  -3.1752151   16.84564274]], Action: [[ 1. -1.  1. -1. -1.  1.]], Reward: [2.3464973],Reward_sum: 142.153564453125, Done: [False]
==========
t: 105, State: [[  9.49064288  -0.06481612   0.09776581   0.53175359  -0.68332025
   -0.04899984  -0.34591082  -0.15482139   0.50821305   1.08468671
   -0.87437953  -2.35233211   0.11621678   6.04050443 -12.49107148
  -12.5283069    5.91329527  -2.70445807]], Action: [[ 1.         -1.         -0.1900739  -1.         -0.38238418  0.42204404]], Reward: [1.081675],Reward_sum: 143.23524475097656, Done: [False]
==========
t: 106, State: [[ 9.50891216e+00 -1.69782116e-01  2.08617148e-03 -1.61913141e-01
   4.94532062e-01 -4.81246265e-01 -8.90225954e-01 -1.01900458e-01
  -1.18792042e-01  5.69324647e-01 -2.74093355e+00 -1.97161275e+00
  -1.66483191e+01  2.16414094e+01  3.67985939e-01 -7.73566151e+00
  -2.47313168e+00 -1.59937043e+01]], Action: [[-1.          1.         -0.98005456 -1.         -0.678814   -1.        ]], Reward: [-0.17674398],Reward_sum: 143.05850219726562, Done: [False]
==========
t: 107, State: [[ 9.61589749 -0.22385801 -0.1072267  -0.54738199  0.86654751  0.14917419
  -0.57529884 -0.02194827 -0.58260324  3.04400482  1.00246666  0.34227596
   1.53345441 -2.0857404  12.6639878  11.60826962  3.30868624  2.51615948]], Action: [[-1.          1.          1.          0.27609575  1.         -1.        ]], Reward: [1.6320837],Reward_sum: 144.69058227539062, Done: [False]
==========
t: 108, State: [[  9.82325139  -0.12926816   0.0842873    0.27163387  -0.2165457
    0.58179353  -0.07866563  -0.18671517  -0.10003076   4.30837078
    1.4701662    3.62905063  17.56844377 -25.56637749   5.46683703
    7.58155882  -8.57792101   8.78696431]], Action: [[ 1.         -1.          1.         -0.41868734 -0.7495791   0.29663318]], Reward: [3.7645621],Reward_sum: 148.45513916015625, Done: [False]
==========
t: 109, State: [[  9.96543235  -0.09522156   0.17464724   0.73509063  -0.80813643
    0.11664423  -0.09295436  -0.53342754   0.46653512   2.00438651
    0.3386995    1.33689665   2.47833635  -0.74279947 -13.45767783
   -6.45870033  -3.41637247  11.66539347]], Action: [[ 1.        -1.        -0.2903216 -0.785964  -1.         1.       ]], Reward: [2.3734167],Reward_sum: 150.82855224609375, Done: [False]
==========
t: 110, State: [[ 10.01875254  -0.11176264   0.21606785   0.35686677   0.27840301
   -0.48802136  -0.61722848  -0.47936656   0.23419175   0.948582
   -0.74035362   0.81913926  -7.94388119  23.58642795  -0.40399576
  -10.39501344   2.34141018 -12.80346771]], Action: [[ 0.5435261  1.        -1.        -1.        -1.        -1.       ]], Reward: [0.53686154],Reward_sum: 151.36541748046875, Done: [False]
==========
t: 111, State: [[ 10.09356697  -0.12512228   0.23513681  -0.25744953   0.82051869
    0.36315228  -0.62034442   0.06592008  -0.63948755   2.18568325
   -0.03762262   0.21332323 -11.9192328   -1.02098783  19.9477977
    6.22618988  12.86240308 -16.24546044]], Action: [[-1.          1.          1.          0.11406547  1.         -1.        ]], Reward: [0.9949875],Reward_sum: 152.3603973388672, Done: [False]
==========
t: 112, State: [[ 10.2058859   -0.09564569   0.22534845  -0.33063488   0.39258972
    0.79746397  -0.30984408  -0.06680358  -0.54969695   2.25549407
    0.74067892  -0.36443476   3.49155384 -10.16669716   0.67603664
    4.91661796  -2.40612624   2.21335239]], Action: [[-0.21870877  0.60216296  1.         -0.5090947   0.3457898  -1.        ]], Reward: [1.9674605],Reward_sum: 154.32785034179688, Done: [False]
==========
t: 113, State: [[ 10.33128046  -0.05848347   0.25551982   0.28914816  -0.60273689
    0.55087312  -0.31070204  -0.35238171   0.11929357   2.28580072
    0.20348802  -0.08124988  12.43422715 -18.04009135  -6.05570977
   -3.15078791  -5.4509188   17.56812129]], Action: [[ 1. -1.  1. -1. -1.  1.]], Reward: [1.9078912],Reward_sum: 156.23574829101562, Done: [False]
==========
t: 114, State: [[ 10.41443805  -0.09840239   0.1804582    0.56114878  -0.54379676
   -0.27612806  -0.5880833   -0.46974587   0.51655004   1.41783082
   -1.26728689  -1.85976778   1.85789081   9.64787013 -16.18070778
   -6.08905304  -0.62925722  -1.40561425]], Action: [[ 1.         -0.3822223  -0.68893176 -1.         -0.97186553  0.3834799 ]], Reward: [1.2919219],Reward_sum: 157.5276641845703, Done: [False]
==========
t: 115, State: [[ 10.46151131  -0.18835965   0.0865895    0.26983388   0.51415787
   -0.43417724  -0.8398818   -0.46584945  -0.09944176   0.95145636
   -1.96793471  -1.71016019  -6.70797127  18.84613475   3.00648555
   -3.42064268  -0.2314567  -16.30442806]], Action: [[ 0.06560625  1.         -0.7308478  -1.         -1.         -1.        ]], Reward: [0.48762092],Reward_sum: 158.01528930664062, Done: [False]
==========
t: 116, State: [[ 1.05191172e+01 -2.59565189e-01 -3.34011918e-02 -3.24346384e-01
   8.20010449e-01  4.18627835e-01 -6.69214839e-01  1.63357570e-02
  -5.76730277e-01  1.52334470e+00 -1.19217412e+00 -2.79296887e+00
  -1.12452745e+01 -3.28157055e+00  1.84507013e+01  7.02331982e+00
   1.27131757e+01  2.37100304e+00]], Action: [[-1.          1.          1.         -0.28177297  1.         -1.        ]], Reward: [0.64417857],Reward_sum: 158.6594696044922, Done: [False]
==========
t: 117, State: [[ 10.71397329  -0.22466336  -0.02726364   0.23355504   0.18670513
    0.82830608   0.0439412   -0.24543367  -0.40754437   4.82435341
    1.17329016   1.10729111  17.32370368 -14.88314299  -0.41115431
   15.7805432  -10.37614156   3.47504769]], Action: [[ 1.         -1.          1.          0.6837854  -0.14590238  0.29399902]], Reward: [3.5395927],Reward_sum: 162.19906616210938, Done: [False]
==========
t: 118, State: [[ 10.89117132  -0.18993287   0.04566334   0.7696751   -0.41444248
    0.3316957    0.13825957  -0.45107217  -0.05187114   2.59546398
    0.57766086   1.63724636   4.70425377  -7.29714807 -11.84806909
   -6.70706712  -1.40641547   7.73009387]], Action: [[ 1.         -0.7186756   0.22961327 -0.7698519  -1.         -0.03922017]], Reward: [3.227618],Reward_sum: 165.4266815185547, Done: [False]
==========
t: 119, State: [[ 10.96268251  -0.17873407   0.11031513   0.57546484   0.01563507
   -0.46776857  -0.51999237  -0.47514836   0.15945226   1.22810498
   -0.20048402   1.43569417  -5.93016361  12.48020785 -13.26336657
  -14.74930333   1.13012857   2.15722521]], Action: [[ 1.          0.504972   -0.86542755 -1.         -1.         -0.05471395]], Reward: [1.0295281],Reward_sum: 166.45620727539062, Done: [False]
==========
t: 120, State: [[ 11.01310277  -0.19923306   0.21012435  -0.22996731   0.681348
   -0.42780182  -1.04292318  -0.34860524  -0.17858733   1.40536052
   -0.58114085   1.21712018 -16.96598647   8.82840719   0.84979584
   -2.9647155    1.17351554 -10.73210843]], Action: [[-1.         1.        -1.        -1.        -0.6193195 -1.       ]], Reward: [0.47004956],Reward_sum: 166.92625427246094, Done: [False]
==========
t: 121, State: [[11.16546703 -0.20524313  0.17042969 -0.33320932  0.63278522  0.24707103
  -0.47487265 -0.060294   -0.53585694  3.84392299 -0.03205913 -1.15261607
   5.9866197  -5.32018429 15.9249682  15.31866001  9.01628787  1.11898639]], Action: [[ 0.14954533  1.          1.          0.02301031  0.5856948  -1.        ]], Reward: [2.710692],Reward_sum: 169.63694763183594, Done: [False]
==========
t: 122, State: [[ 11.357252    -0.18280731   0.14169238   0.40605881  -0.37310502
    0.7137525    0.04905412  -0.52278363  -0.38497194   3.60915206
    0.04681611  -0.91192962  14.78994942 -21.13414488   3.79639471
    7.40726404  -5.71574805   6.43927478]], Action: [[ 1.        -1.         1.        -0.2385248 -0.8911856 -0.1361336]], Reward: [3.4487357],Reward_sum: 173.08567810058594, Done: [False]
==========
t: 123, State: [[ 11.48558403  -0.18206375   0.12303154   0.75725354  -0.61847365
    0.42109021  -0.24326982  -0.53870307   0.30755782   1.84832926
   -0.12567795   0.0319991    1.52602022   0.90620142  -9.83611575
  -12.15338222   2.2161226   15.67221863]], Action: [[ 1.         -1.          0.35059777 -1.         -1.          1.        ]], Reward: [2.0543487],Reward_sum: 175.14002990722656, Done: [False]
==========
t: 124, State: [[ 11.51234503  -0.21820048   0.15563577  -0.04979256   0.45869447
   -0.38929135  -0.91305151  -0.14801516   0.25995607   0.44190418
   -1.26992043   0.38201417 -20.11502687  21.19640765 -14.70317797
   -9.60928313   7.97108099 -10.01113646]], Action: [[-1.          1.         -0.96882814 -1.         -0.22269751 -1.        ]], Reward: [0.03639769],Reward_sum: 175.17642211914062, Done: [False]
==========
t: 125, State: [[ 11.61427204  -0.25512928   0.03406577  -0.56885379   0.79553879
   -0.05438067  -0.60482505   0.10252578  -0.50011334   2.93213604
    0.1218114   -3.77104524   1.38713457  -2.61747114  14.09189953
   12.39347411   0.38536603 -14.30191004]], Action: [[-1.          1.          0.87109125  0.06501174  1.         -1.        ]], Reward: [1.5622376],Reward_sum: 176.73866271972656, Done: [False]
==========
t: 126, State: [[ 11.80514619  -0.16149913   0.03195506   0.14737441   0.16310949
    0.35244162  -0.30058079   0.08131003  -0.46408878   3.96641612
    2.04053581   0.33686221  16.9903195  -17.09486851   7.53717978
    2.38010365   0.59574369   6.19411089]], Action: [[ 1.         -0.20866783  1.         -0.9722861   0.3325354  -0.03659846]], Reward: [3.507403],Reward_sum: 180.24606323242188, Done: [False]
==========
t: 127, State: [[11.96986383 -0.10197627  0.05333384  0.74711273 -0.62440154  0.32849559
  -0.36122031 -0.23735721  0.3025815   2.64651083  0.65796007  0.47671229
   6.33279703 -9.46622602 -4.07452895 -4.26637477 -8.44491609 17.53169113]], Action: [[ 1.         -1.          0.238055   -0.91842854 -1.          1.        ]], Reward: [2.8043346],Reward_sum: 183.05039978027344, Done: [False]
==========
t: 128, State: [[ 12.06410356  -0.10216776   0.06687231   0.56959928  -0.14393961
   -0.20248243  -0.7090317   -0.48419046   0.46127385   1.73255979
   -0.32406941   0.15752884  -6.06202839  14.29692771 -10.41643497
   -6.91043538  -2.71122077  -5.25349894]], Action: [[ 0.7945757   0.15190013 -0.54081553 -1.         -0.86236197  0.09631927]], Reward: [1.6148095],Reward_sum: 184.66522216796875, Done: [False]
==========
t: 129, State: [[ 12.13084427  -0.12510545   0.05719461  -0.229717     0.69562794
   -0.0500768   -0.83185004  -0.35964093  -0.28106691   1.54413773
   -0.61722037  -0.94481118 -17.77518396  11.62089695   7.70982667
    1.98642558   3.99521348 -17.40671573]], Action: [[-1.          1.          0.27268022 -0.6966926  -0.2901569  -1.        ]], Reward: [0.9704216],Reward_sum: 185.63565063476562, Done: [False]
==========
t: 130, State: [[12.27880484 -0.12832807 -0.04106282 -0.35056048  0.64023655  0.46302445
  -0.32546871  0.10297524 -0.53924692  3.60488872  0.14450619 -1.76415122
   5.94048667 -6.52214324  8.77390136 11.32579062 11.87534797  3.03132532]], Action: [[ 0.07325555  0.8885773   1.         -0.01890764  0.7791141  -0.81238955]], Reward: [2.6529825],Reward_sum: 188.28863525390625, Done: [False]
==========
t: 131, State: [[ 1.24856133e+01 -9.57704650e-02  2.62654978e-02  3.46379887e-01
  -2.36133752e-01  5.99682853e-01  6.24618423e-02  9.44454554e-03
  -1.67650669e-01  4.15622643e+00  9.70026324e-01  2.20798605e+00
   1.27115520e+01 -1.37884868e+01 -6.70769922e-01  5.86106475e+00
  -9.62411276e+00  6.76675282e+00]], Action: [[ 1.         -1.          0.92365617 -0.7015748  -0.9481349  -0.11966655]], Reward: [3.7103055],Reward_sum: 191.9989471435547, Done: [False]
==========
t: 132, State: [[ 12.63605565  -0.07317366   0.12973107   0.65592517  -0.58606493
    0.3730113   -0.16136363  -0.35656005   0.10145273   2.34656365
    0.18479979   2.17159956   1.48196423  -1.24554079  -5.03558097
  -10.4707123   -5.56192827   3.36527302]], Action: [[ 1.         -0.82087326  0.62457263 -1.         -1.         -0.2698288 ]], Reward: [2.5951748],Reward_sum: 194.5941162109375, Done: [False]
==========
t: 133, State: [[ 1.26946089e+01 -9.74741208e-02  2.43352098e-01  1.05613233e-03
   4.11427512e-01 -3.46591618e-01 -8.68992829e-01 -3.58681076e-01
  -1.51554876e-01  1.08873237e+00 -9.23198990e-01  2.09173780e+00
  -1.57122631e+01  2.11027714e+01 -1.45980037e+01 -1.23491178e+01
   1.92252271e+00 -9.03819270e+00]], Action: [[-0.74936414  1.         -1.         -1.         -0.5264375  -1.        ]], Reward: [0.68719673],Reward_sum: 195.28131103515625, Done: [False]
==========
t: 134, State: [[ 1.28223695e+01 -1.22034494e-01  2.28469522e-01 -5.84659192e-01
   8.11073714e-01  6.95041157e-02 -5.12568823e-01 -7.84038074e-03
  -5.95894887e-01  3.52294429e+00 -1.93806192e-01 -8.38719500e-01
  -6.90476240e+00 -2.48548852e+00  1.64696259e+01  1.53641015e+01
   8.96387866e+00  1.41051217e+00]], Action: [[-1.          1.          0.99171203  0.5228381   0.9043754  -1.        ]], Reward: [2.047737],Reward_sum: 197.32904052734375, Done: [False]
==========
t: 135, State: [[ 13.05051988  -0.08695513   0.27586447   0.11154315  -0.36874971
    0.63864467   0.16959402  -0.37467957  -0.48405558   4.73251189
    0.3094896    0.3714007   18.08476904 -26.79438317   6.26746074
   12.84629944  -5.35800032   4.16939058]], Action: [[ 1.         -1.          1.          0.2623043  -0.42638564 -0.47218746]], Reward: [4.215651],Reward_sum: 201.544677734375, Done: [False]
==========
t: 136, State: [[13.20453475 -0.08096552  0.17385996  0.57841447 -0.82961568  0.5320197
   0.19522102 -0.47420743  0.15098517  2.09405296  0.25878397 -3.13612204
   2.75089387  3.95097185 -5.4652336  -7.29766743 -0.1137114  15.49701295]], Action: [[ 1.        -1.         0.7880145 -1.        -1.         1.       ]], Reward: [2.5182006],Reward_sum: 204.06288146972656, Done: [False]
==========
t: 137, State: [[ 13.26229707  -0.08677995   0.09024369   0.3598642   -0.39846584
   -0.1119162   -0.52763428  -0.34710122   0.38731991   0.94712358
   -0.55452449  -0.57099726  -6.46787725   6.59622256 -12.69414564
  -15.52221455   2.61718675  -2.37018942]], Action: [[ 0.23918213 -1.         -0.43911296 -1.         -1.         -0.49949008]], Reward: [0.80529445],Reward_sum: 204.86817932128906, Done: [False]
==========
t: 138, State: [[ 13.31229462  -0.172465     0.02186752  -0.37162609   0.4796772
   -0.39591972  -1.0156205   -0.34541663  -0.18028469   1.51952902
   -2.17537055  -2.25511376 -14.84526807  15.63612488  -1.24400413
   -4.11332789  -2.41641057 -14.47255228]], Action: [[-1.          1.         -0.4679116  -1.         -0.96989214 -1.        ]], Reward: [0.48398796],Reward_sum: 205.3521728515625, Done: [False]
==========
t: 139, State: [[13.45520631 -0.20024298 -0.14490618 -0.54425647  0.82426127  0.04606601
  -0.51113564 -0.05895828 -0.59312917  3.55270687  1.1656664  -1.375804
   4.24722005  1.03459674  8.37746474 13.65726019  9.67818057  2.99044361]], Action: [[-1.          1.          1.          0.16744888  1.         -1.        ]], Reward: [2.3554296],Reward_sum: 207.7075958251953, Done: [False]
==========
t: 140, State: [[ 1.36955248e+01 -9.22373368e-02  9.55387573e-03  2.98426914e-01
  -1.37999625e-01  4.00566341e-01  1.03433290e-01  6.86845842e-02
  -3.61353626e-01  5.13788392e+00  1.52923013e+00  3.85041631e+00
   1.73846788e+01 -2.55990965e+01  7.00710370e+00  1.06833676e+01
   6.17905680e-03  4.88046185e+00]], Action: [[ 1.         -1.          0.9434677  -0.09681928 -0.62338066 -0.926292  ]], Reward: [4.3917565],Reward_sum: 212.09934997558594, Done: [False]
==========
t: 141, State: [[13.87152752 -0.04791154  0.13670686  0.70051051 -0.81806454  0.548244
   0.16933069 -0.13783255  0.3245677   2.46371221  0.86932472  1.81100455
   0.77868777 -1.46025995 -0.13841408 -4.49613619 -5.82185725 16.18919162]], Action: [[ 1.         -1.          0.83780396 -1.         -1.          1.        ]], Reward: [2.9498634],Reward_sum: 215.04920959472656, Done: [False]
==========
t: 142, State: [[ 13.95695067  -0.01597457   0.23539742   0.51704184  -0.45362818
   -0.08681982  -0.37040006  -0.32717462   0.52134582   1.50445174
    0.35259135   2.27762706  -4.19459452   7.94863277 -14.74939979
  -13.16940206  -2.79559582  -3.70794826]], Action: [[ 1.         -0.73982745 -0.51115066 -1.         -0.9203709   0.4524176 ]], Reward: [1.3224245],Reward_sum: 216.3716278076172, Done: [False]
==========
t: 143, State: [[ 14.00820394  -0.03188435   0.33947229  -0.13433291   0.52104226
   -0.44977978  -0.9751625   -0.30304655  -0.17835257   1.27923325
   -0.64162592   1.73917842 -13.57603747  17.39367933   1.19034947
   -8.39219357   0.9200953  -17.38032798]], Action: [[-0.69067264  1.         -0.91229457 -1.         -0.49732465 -1.        ]], Reward: [0.5694013],Reward_sum: 216.9410400390625, Done: [False]
==========
t: 144, State: [[ 1.41281438e+01 -4.36277010e-02  3.45422427e-01 -5.58158674e-01
   7.84308343e-01  3.10124681e-01 -7.60338990e-01 -4.21769314e-02
  -5.25312522e-01  3.31675529e+00  1.26923743e-01 -1.81212308e-01
   8.05151581e-03 -4.06345613e+00  1.67366624e+01  1.03641562e+01
   7.26869879e+00  8.32318249e-01]], Action: [[-1.          1.          1.         -0.24313188  0.7409662  -1.        ]], Reward: [1.9379835],Reward_sum: 218.8790283203125, Done: [False]
==========
t: 145, State: [[ 14.36772774  -0.02829205   0.39572567   0.27677792  -0.33563643
    0.7282587    0.03838376  -0.43262646  -0.34890531   4.80324671
   -0.3110359    0.14737885  18.28865103 -24.60680997   2.32505981
   16.80494331 -11.02630064   4.46116938]], Action: [[ 1.         -1.          1.          0.38422048 -0.68169916  0.38143146]], Reward: [4.415895],Reward_sum: 223.294921875, Done: [False]
==========
t: 146, State: [[ 14.51852489  -0.04517511   0.33904784   0.7128003   -0.80841865
    0.07980724   0.18503553  -0.60559153   0.19688834   1.98648707
    0.08512987  -1.7556925    1.63209275   0.98883128 -16.12506986
   -3.98592539  -1.04359596  12.25888357]], Action: [[ 1.        -1.        -0.3106547 -0.837807  -1.         0.7571026]], Reward: [2.57878],Reward_sum: 225.8737030029297, Done: [False]
==========
t: 147, State: [[ 14.57573131  -0.05157219   0.25819512   0.44393605  -0.18311338
   -0.45094422  -0.41454255  -0.40059656   0.18163427   0.98828436
   -0.5153812   -1.15937748  -6.37733398  12.67837491   0.49906798
  -13.63268478   5.29583922  -7.36835479]], Action: [[ 0.91567874 -0.11571728 -1.         -1.         -1.         -1.        ]], Reward: [0.6589424],Reward_sum: 226.5326385498047, Done: [False]
==========
t: 148, State: [[ 14.63995211  -0.10279167   0.11618141  -0.23088074   0.6587036
    0.36130159  -0.44305303   0.15466076  -0.50676749   1.81047534
   -1.40216476  -4.0861504  -14.08591749  12.43283148  18.6994517
    7.58226111  11.36320041 -14.24591371]], Action: [[-1.         1.         1.         0.5392416  1.        -1.       ]], Reward: [0.75533783],Reward_sum: 227.28797912597656, Done: [False]
==========
t: 149, State: [[ 14.78006888  -0.12889652  -0.05884626  -0.08721592   0.3497399
    0.77514736  -0.07632109   0.36103728  -0.53199667   3.05320239
   -0.13191026  -3.11384949  10.06766347 -12.77480865   1.21264491
    5.8908973    2.96320642   3.14073784]], Action: [[ 0.45853728  0.03334565  1.         -0.16592729  1.         -0.71786803]], Reward: [2.526912],Reward_sum: 229.8148956298828, Done: [False]
==========
t: 150, State: [[ 1.49483031e+01 -1.00708236e-01 -5.36628431e-02  5.26273793e-01
  -1.95944712e-01  4.80495930e-01 -7.18678064e-02 -1.61003061e-02
   1.89795775e-01  3.10234984e+00  5.40204001e-01  1.22976014e+00
   1.08303378e+01 -1.23786880e+01 -8.74424437e+00 -4.59668687e+00
  -1.09559878e+01  1.80923024e+01]], Action: [[ 1.        -1.         0.4500866 -1.        -1.         0.8931101]], Reward: [2.8646626],Reward_sum: 232.6795654296875, Done: [False]
==========
t: 151, State: [[ 1.50579521e+01 -1.19591878e-01  3.98508884e-03  6.47881703e-01
  -9.30448403e-02 -4.15146735e-01 -5.87427698e-01 -4.62662347e-01
   5.43632490e-01  1.90551725e+00 -8.30751571e-01  1.36726301e+00
  -1.67724994e+00  7.79557996e+00 -1.69045757e+01 -1.23817586e+01
  -6.50581839e+00 -3.52666202e+00]], Action: [[ 0.89470834  0.30323046 -0.98761123 -1.         -1.          0.33448708]], Reward: [1.7950087],Reward_sum: 234.4745635986328, Done: [False]
==========
t: 152, State: [[ 15.15585778  -0.17308542   0.06588362   0.29271508   0.54075626
   -0.31359506  -1.03811514  -0.598444    -0.18107669   2.21839634
   -1.08318113   0.75720952  -7.1333266   10.84450499   6.30860555
   -4.55247644  -1.2445391  -18.09596581]], Action: [[ 0.27426183  1.         -0.32880068 -1.         -0.963693   -1.        ]], Reward: [1.5469103],Reward_sum: 236.02146911621094, Done: [False]
==========
t: 153, State: [[ 1.52768032e+01 -2.00752810e-01  6.72508013e-03 -2.18888598e-01
   7.77882944e-01  4.84286024e-01 -6.02203782e-01 -2.13377972e-01
  -5.31228047e-01  2.76394212e+00 -4.51040080e-01 -2.02630846e+00
  -9.20772180e+00 -6.48625844e-02  1.55391773e+01  1.34728740e+01
   1.24401332e+01  1.21408476e+00]], Action: [[-0.6846851   1.          1.         -0.03056023  0.60777164 -0.9659142 ]], Reward: [2.0416982],Reward_sum: 238.06317138671875, Done: [False]
==========
t: 154, State: [[ 1.54915754e+01 -1.77498607e-01  2.62226348e-02  2.48348881e-01
  -1.49598184e-02  8.19036718e-01  8.25919466e-02 -1.62431924e-01
  -4.29467492e-01  4.64036032e+00  9.45215495e-01  9.83442448e-01
   1.44660691e+01 -1.47355461e+01 -1.03361331e-02  1.19053045e+01
  -9.54853499e+00 -2.83177370e+00]], Action: [[ 1.         -1.          1.          0.10925278 -0.30552137 -0.06654997]], Reward: [3.9844718],Reward_sum: 242.04763793945312, Done: [False]
==========
t: 155, State: [[ 15.67124862  -0.15587573   0.06146801   0.70591668  -0.39877051
    0.30119713   0.17929039  -0.46334828  -0.1937519    2.86037292
    0.27304352   0.65628118   4.45260021  -1.78881342 -12.04903183
   -4.7263565   -3.74134695   7.90736865]], Action: [[ 1.         -0.54672873  0.19651908 -0.47350407 -1.          0.14051448]], Reward: [3.3353171],Reward_sum: 245.38294982910156, Done: [False]
==========
t: 156, State: [[ 15.77095036  -0.15359495   0.13124846   0.62267527  -0.20624125
   -0.51365615  -0.48569654  -0.4517361   -0.06171722   1.79520682
   -0.24450193   1.99985631  -3.97094583   4.59009553 -13.74138555
  -15.34395448   1.53855198  -0.87651339]], Action: [[ 1.         -0.32869714 -1.         -1.         -1.         -0.78990096]], Reward: [1.5208362],Reward_sum: 246.90379333496094, Done: [False]
==========
t: 157, State: [[ 15.83917953  -0.18896598   0.2432334   -0.1984327    0.52138401
   -0.37721854  -1.05440717  -0.40170184  -0.33356724   1.63624598
   -1.05090797   1.30424744 -17.97071369  13.21853526   3.5187968
   -4.54123932  -0.77251752  -7.27029293]], Action: [[-1.         1.        -0.7488902 -1.        -0.8608048 -1.       ]], Reward: [0.8344012],Reward_sum: 247.73818969726562, Done: [False]
==========
t: 158, State: [[15.9803077  -0.2105799   0.1651449  -0.59250476  0.67990407  0.32024572
  -0.59725619 -0.13717623 -0.53021031  3.27849045  0.57124578 -3.85473147
   2.28644441 -2.81561736 14.42612159 12.08511213 -1.37128939  4.22140815]], Action: [[-0.96099997  1.          1.         -0.06437671  1.         -1.        ]], Reward: [2.3297968],Reward_sum: 250.0679931640625, Done: [False]
==========
t: 159, State: [[ 16.20583581  -0.14504897   0.0850041    0.29096158  -0.23149873
    0.481789     0.12175196  -0.40450845  -0.02850668   5.1547179
    1.59549361  -0.16216767  16.9374134  -10.46270079  -3.85363834
   13.10104853  -5.08922578  11.20303083]], Action: [[ 1.         -1.          0.51956666  0.19564581 -0.7095987   0.51086664]], Reward: [4.203288],Reward_sum: 254.2712860107422, Done: [False]
==========
t: 160, State: [[ 1.63902700e+01 -7.97731160e-02  8.47382006e-02  7.43672601e-01
  -5.87240634e-01  4.64993842e-01  8.10077466e-03 -3.60185432e-01
   4.10693440e-01  2.79708056e+00  1.23172276e+00  4.28831890e-01
   2.93932766e+00 -2.53206300e+00  1.29613442e+00 -1.01898489e+01
   2.56106165e+00  5.85769433e+00]], Action: [[ 1.         -1.          1.         -1.         -1.          0.14436664]], Reward: [3.1866004],Reward_sum: 257.4578857421875, Done: [False]
==========
t: 161, State: [[ 16.49740709  -0.04779284   0.13484065   0.6137394   -0.21203642
   -0.26152319  -0.65868725  -0.22892871   0.51458011   2.09064646
    0.21785294   1.42651425  -3.7505702    8.81899918 -17.53193562
  -12.57337637   1.14988924  -0.71084335]], Action: [[ 1.         -0.26289475 -1.         -1.         -0.73719126  1.        ]], Reward: [1.6814846],Reward_sum: 259.1393737792969, Done: [False]
==========
t: 162, State: [[ 16.58375838  -0.05651342   0.22682211  -0.17278743   0.59471329
   -0.46085147  -1.02354456  -0.40943849  -0.09576336   2.07935141
   -0.38694672   0.97948584 -17.63451979  13.33024458   1.98160559
   -0.05225145  -6.4761831  -16.80923032]], Action: [[-1.  1. -1. -1. -1. -1.]], Reward: [1.1270257],Reward_sum: 260.26641845703125, Done: [False]
==========
t: 163, State: [[16.75344063 -0.04834938  0.20271209 -0.42586055  0.57509205  0.2695503
  -0.54079401 -0.24707512 -0.58476385  4.00745295  0.43523183 -0.67987711
   2.81817738 -6.81742138 16.60629551 12.15346836  8.88950636  2.68496774]], Action: [[-0.09681915  0.68212205  1.         -0.2624683   0.5931309  -1.        ]], Reward: [3.104109],Reward_sum: 263.3705139160156, Done: [False]
==========
t: 164, State: [[ 17.00611562  -0.03184331   0.22910517   0.32318894  -0.45700891
    0.71182756   0.11821034  -0.16939558   0.02596594   4.87046749
   -0.10792588  -0.58885061  15.56976989 -20.32545437   3.01831342
   11.72288831  -8.20335536   9.86770773]], Action: [[ 1.         -1.          1.          0.17594597 -0.55496085  0.9482129 ]], Reward: [4.629695],Reward_sum: 268.0002136230469, Done: [False]
==========
t: 165, State: [[17.17583423 -0.04964211  0.16640981  0.65097763 -0.78326952  0.59084684
   0.03837334 -0.33355536  0.54327443  2.58465207 -0.41789676 -1.21271931
   0.61689216  2.28371457 -4.21417548 -8.83819763 -0.46395572  0.50298032]], Action: [[ 1. -1.  1. -1. -1.  1.]], Reward: [2.7943723],Reward_sum: 270.7945861816406, Done: [False]
==========
t: 166, State: [[ 17.26700568  -0.11828185   0.08216331   0.08867269   0.38135322
    0.15932006  -0.29590541  -0.36501668  -0.03350433   1.82399106
   -1.95424568  -2.02434143 -12.32793706  23.56022014  -7.69419139
   -4.05460097  -0.99364238 -16.29546899]], Action: [[-0.29742074  0.99549276  0.22043975 -0.09531599 -0.7619613  -0.9609677 ]], Reward: [1.5593101],Reward_sum: 272.3538818359375, Done: [False]
==========
t: 167, State: [[ 1.73828975e+01 -2.07497157e-01 -1.32816440e-03 -4.31790895e-01
   8.17271315e-01  1.07528827e-01 -4.66880832e-01 -1.24886622e-01
  -5.31350336e-01  2.79628320e+00 -1.46834509e+00 -1.11509561e+00
  -6.78128155e+00 -2.79297816e+00  2.04254191e+00 -1.87783651e+00
   5.84072698e+00  7.67578160e-01]], Action: [[-0.7904922  1.         0.4274771 -0.4115181  0.260505  -1.       ]], Reward: [2.0133545],Reward_sum: 274.36724853515625, Done: [False]
==========
t: 168, State: [[ 17.63438079  -0.19902956   0.06445553   0.17117868   0.18500493
    0.31657311   0.13606398  -0.44353217  -0.16275993   5.78525875
    0.7100873    1.83705468  16.84249983 -14.65760024   5.20661155
   16.27050108 -15.31355334   4.53128312]], Action: [[ 1.         -0.6123209   1.          1.         -0.56328773  0.6771444 ]], Reward: [4.6145897],Reward_sum: 278.9818115234375, Done: [False]
==========
t: 169, State: [[17.8544145  -0.17332434  0.13400325  0.71028965 -0.54549401  0.40135179
   0.12792374 -0.63963936  0.08906548  3.47770882  0.455257    1.05920421
   5.26938321 -9.30802284 -0.52109742 -9.96217418  1.69636664  4.63840947]], Action: [[ 1.         -0.88703877  0.54155064 -0.8397768  -1.          0.05639176]], Reward: [4.021822],Reward_sum: 283.003662109375, Done: [False]
==========
t: 170, State: [[ 17.97963037  -0.17285167   0.16553584   0.58959254  -0.19551932
   -0.15004705  -0.57946292  -0.52283027   0.42143688   2.33929578
   -0.40237601   0.62947762  -4.2857323   11.39179289 -12.54694024
  -13.82750083   2.91912691   6.81934703]], Action: [[ 1.          0.05087025 -0.57045436 -0.90174377 -1.          1.        ]], Reward: [2.0902026],Reward_sum: 285.0938720703125, Done: [False]
==========
t: 171, State: [[ 18.07938407  -0.20314842   0.23477313  -0.14938867   0.48116739
   -0.38203096  -1.01993911  -0.39654176   0.0600529    2.22089413
   -0.76996096   1.06807315 -16.93914523   8.9894017   -0.38852146
   -3.07363711   0.8476053  -13.78612266]], Action: [[-1.          0.56489027 -0.5270436  -0.93333006 -0.85708964 -1.        ]], Reward: [1.5748158],Reward_sum: 286.6686706542969, Done: [False]
==========
t: 172, State: [[18.25190391 -0.22592086  0.16545652 -0.39672783  0.56467677  0.23773582
  -0.61395931 -0.19344294 -0.57325421  3.67186786  0.25763149 -3.42985675
   2.30509092 -1.6952748  14.99082429 11.93503804 -2.14357502  0.80072283]], Action: [[ 0.06400062  1.          1.         -0.39266467  0.45975798 -1.        ]], Reward: [3.113431],Reward_sum: 289.7821044921875, Done: [False]
==========
t: 173, State: [[ 18.49740674  -0.17853137   0.09136696   0.34150165  -0.16005863
    0.59000232   0.12831728  -0.47912116  -0.12909311   5.25839914
    1.11676594  -0.63652948  15.54929194 -12.57584317   1.66116584
   13.27083642  -6.45912277  10.41325888]], Action: [[ 1.         -1.          0.77031374  0.24203944 -0.6815183   0.672546  ]], Reward: [4.553181],Reward_sum: 294.33526611328125, Done: [False]
==========
t: 174, State: [[ 18.68780716  -0.12852671   0.07250886   0.73400401  -0.59209261
    0.57553213  -0.02815712  -0.4519952    0.54297186   2.95403941
    0.94218028   0.03342358   2.05001263  -3.64999965  -1.24211064
  -11.34532561   3.13771111  12.8199361 ]], Action: [[ 1.        -1.         1.        -1.        -1.         0.9118152]], Reward: [3.2248676],Reward_sum: 297.5601501464844, Done: [False]
==========
t: 175, State: [[ 18.80597165  -0.12003496   0.08742056   0.55990352  -0.14027505
   -0.29611541  -0.67987158  -0.2546949    0.50915828   2.37141064
   -0.33124721   0.48355845  -4.19353833  11.01637251 -19.62245284
  -11.76410488   2.0670616   -0.9231271 ]], Action: [[ 1.          0.01908852 -1.         -1.         -0.81452674  1.        ]], Reward: [1.896908],Reward_sum: 299.45703125, Done: [False]
==========
t: 176, State: [[ 18.91056988  -0.15654778   0.13595164  -0.2116777    0.63040419
   -0.39249759  -1.02165527  -0.38856244  -0.09853772   2.37624586
   -0.97458589   0.45215601 -17.35280841  11.56496567   2.83111662
   -1.94235374  -5.11952084 -16.3963082 ]], Action: [[-1.        1.       -0.641369 -1.       -1.       -1.      ]], Reward: [1.550829],Reward_sum: 301.00787353515625, Done: [False]
==========
t: 177, State: [[19.09356264 -0.17735018  0.06040569 -0.46267941  0.67696436  0.30123549
  -0.52348826 -0.26764566 -0.57889723  4.24088538 -0.11441051 -1.89697256
   2.7847606  -4.36135147 15.2922854  13.53844292  7.10923496  2.47335484]], Action: [[-0.18552344  1.          1.         -0.15030277  0.45531094 -1.        ]], Reward: [3.3334234],Reward_sum: 304.34130859375, Done: [False]
==========
t: 178, State: [[ 19.3589807   -0.14586144   0.07854006   0.30023269  -0.19393245
    0.70515783   0.14152595  -0.32138205  -0.22700998   5.47165041
    0.88526144   0.70441905  15.4463043  -14.78823488   2.84238554
   11.76749945  -7.97936768   4.89379527]], Action: [[ 1.         -1.          1.          0.04815656 -0.6072854   0.37706435]], Reward: [4.957032],Reward_sum: 309.29833984375, Done: [False]
==========
t: 179, State: [[ 19.56156603  -0.11556832   0.10460834   0.7060895   -0.64675806
    0.60894745  -0.02331463  -0.42420816   0.28745309   3.20470691
    0.48592693   0.66368734   2.4643453   -3.00246571  -3.6573648
  -11.30651306   0.37222438  11.42405161]], Action: [[ 1.        -1.         1.        -1.        -1.         0.6932907]], Reward: [3.5036414],Reward_sum: 312.8019714355469, Done: [False]
==========
t: 180, State: [[ 19.6946676   -0.12671114   0.14525431   0.57444404  -0.20649801
   -0.32719453  -0.70792011  -0.31253966   0.55944969   2.68158189
   -0.68657457   0.99550714  -3.32177605  10.48012137 -19.98529575
  -12.09391939   1.95885523  -1.94289828]], Action: [[ 1.         -0.16183992 -1.         -1.         -0.79552615  1.        ]], Reward: [2.196126],Reward_sum: 314.99810791015625, Done: [False]
==========
t: 181, State: [[ 19.81313296  -0.17645661   0.21258607  -0.17256965   0.62472263
   -0.395113    -1.02632069  -0.4173394   -0.11307981   2.68741018
   -1.15930767   0.59298226 -16.8522806   13.2353713    3.61086356
    0.6265513   -4.90035985 -17.74116621]], Action: [[-1.         1.        -0.6367647 -1.        -1.        -1.       ]], Reward: [1.8287601],Reward_sum: 316.82684326171875, Done: [False]
==========
t: 182, State: [[20.01126065 -0.20547296  0.17041776 -0.41949386  0.58906068  0.32355773
  -0.49104417 -0.18303179 -0.60377926  4.56651785 -0.32618269 -0.97897883
   2.5526128  -7.19207439 15.54513094 12.9992109  10.17916459  3.37311295]], Action: [[-0.17647202  0.655579    1.         -0.15196848  0.68795055 -1.        ]], Reward: [3.666824],Reward_sum: 320.4936828613281, Done: [False]
==========
t: 183, State: [[ 20.27343711  -0.15494247   0.10199602   0.31909848  -0.23871972
    0.73066222   0.22856156  -0.46302205  -0.09177892   5.55183417
    1.18350384  -0.90300309  15.72635367 -12.80421325   3.01372383
   12.69773668  -4.03531513  11.39857745]], Action: [[ 1.         -1.          1.          0.39462382 -0.34161818  0.78841203]], Reward: [4.854127],Reward_sum: 325.34783935546875, Done: [False]
==========
t: 184, State: [[ 20.47780273  -0.10095023   0.05958861   0.72861535  -0.60984329
    0.62161902   0.02424067  -0.36416219   0.62235607   3.21410111
    1.01421657  -0.41864488   2.36099143  -2.13812554  -4.00505519
  -12.1894069    3.67209874  13.39671063]], Action: [[ 1.         -1.          1.         -1.         -1.          0.97851473]], Reward: [3.4915633],Reward_sum: 328.8393859863281, Done: [False]
==========
t: 185, State: [[ 20.60994544  -0.08763398   0.08112534   0.58261092  -0.26008949
   -0.32458942  -0.66042511  -0.26301086   0.46852068   2.65856268
   -0.24005511   0.89234921  -3.98127783   7.9391435  -20.20740418
  -12.7012912   -0.71224164  -4.09403601]], Action: [[ 1.        -0.3460604 -1.        -1.        -1.         0.7086838]], Reward: [2.180655],Reward_sum: 331.02001953125, Done: [False]
==========
t: 186, State: [[ 20.72837225  -0.1229777    0.12002151  -0.20552774   0.56909251
   -0.35584542  -1.0367467   -0.34513938  -0.21994621   2.76794885
   -0.91813594  -0.47776188 -17.2148461   14.25265721   5.09099673
    0.74475908  -3.51048526 -17.04107771]], Action: [[-1.          1.         -0.42752737 -1.         -0.6600138  -1.        ]], Reward: [1.9066964],Reward_sum: 332.9267272949219, Done: [False]
==========
t: 187, State: [[20.92900045 -0.13748445  0.02434405 -0.42441533  0.60781154  0.34935239
  -0.51433142 -0.17455401 -0.5368447   4.58777653  0.03620081 -1.99673817
   3.62533141 -5.64139176 14.5574067  12.70366254  8.2538845   1.31310681]], Action: [[-0.10073052  0.76149654  1.         -0.25028214  0.550081   -1.        ]], Reward: [3.7170386],Reward_sum: 336.6437683105469, Done: [False]
==========
t: 188, State: [[ 21.21421945  -0.11054246   0.04486324   0.32386757  -0.23683227
    0.71315639   0.11908461  -0.11439532  -0.08973505   5.89695984
    0.79379581   0.67873523  15.12481564 -13.33440148   2.44705411
   11.85000814  -8.62335398   6.3882145 ]], Action: [[ 1.         -1.          1.          0.01023072 -0.5383971   0.4812047 ]], Reward: [5.3522267],Reward_sum: 341.9960021972656, Done: [False]
==========
t: 189, State: [[21.43795281 -0.08685374  0.08248948  0.70737275 -0.63161815  0.60556234
   0.0217419  -0.33663651  0.38030785  3.61782239  0.3725923   0.99865676
   2.07343249 -2.36116959 -3.72979968 -9.86581925 -2.4952452   9.24703934]], Action: [[ 1.         -1.          1.         -1.         -1.          0.58402234]], Reward: [3.940559],Reward_sum: 345.9365539550781, Done: [False]
==========
t: 190, State: [[ 21.59047042  -0.10106687   0.14750749   0.56530762  -0.22660817
   -0.24189303  -0.65537753  -0.40250757   0.51587144   3.05640138
   -0.73353624   1.53708174  -3.4609966    9.46663008 -17.94023623
  -13.20729784  -1.29557975  -1.57787602]], Action: [[ 1.         -0.23451261 -0.7796094  -1.         -1.          0.8639772 ]], Reward: [2.609428],Reward_sum: 348.54595947265625, Done: [False]
==========
t: 191, State: [[ 21.72638936  -0.15293056   0.22501833  -0.16660292   0.61284391
   -0.43021618  -1.04610821  -0.4531714   -0.1377614    3.08772883
   -1.12848075   0.48217518 -16.37488407  13.9617782    2.72371401
    0.98251696  -2.48627928 -17.49601406]], Action: [[-1.          1.         -0.66876096 -1.         -0.8304113  -1.        ]], Reward: [2.2046962],Reward_sum: 350.75067138671875, Done: [False]
==========
t: 192, State: [[21.94673599 -0.18651669  0.17715059 -0.38132063  0.67994901  0.29217093
  -0.48026652 -0.20209209 -0.60653016  5.04867412 -0.47980231 -1.00919199
   3.24573596 -5.0186967  16.10207364 13.42838133  9.4625848   3.49798048]], Action: [[-0.05912761  0.8921924   1.         -0.19155037  0.4685031  -1.        ]], Reward: [4.1013637],Reward_sum: 354.85205078125, Done: [False]
==========
t: 193, State: [[ 22.21764733  -0.17814595   0.14649462   0.35626853  -0.3499803
    0.72424673   0.27962653  -0.51166231  -0.37651385   5.15138075
   -0.09902194  -1.30461774  15.53365891 -21.98196197   2.86160201
   13.41884357  -4.49202364   8.39166792]], Action: [[ 1.         -1.          1.          0.33506095 -0.47785625  0.5431719 ]], Reward: [5.0546618],Reward_sum: 359.9067077636719, Done: [False]
==========
t: 194, State: [[ 22.40244599  -0.15715101   0.07666196   0.75363036  -0.61669604
    0.69950801   0.09626819  -0.53592301   0.29719111   2.72945743
    0.60270613  -1.22592801   1.9998539    0.53044982  -4.15063844
  -13.19562946   2.38691488  15.28521795]], Action: [[ 1. -1.  1. -1. -1.  1.]], Reward: [3.0959733],Reward_sum: 363.002685546875, Done: [False]
==========
t: 195, State: [[ 22.51253935  -0.15740877   0.07931451   0.62924977  -0.35020386
   -0.29681776  -0.69970961  -0.3389644    0.48753859   2.24579545
   -0.47914051   0.75328459  -3.65847485   4.62751522 -21.40781564
  -14.27183036   2.82123651  -3.1644824 ]], Action: [[ 1.         -0.72246844 -1.         -1.         -1.          0.39734095]], Reward: [1.7338833],Reward_sum: 364.736572265625, Done: [False]
==========
t: 196, State: [[ 22.61307921  -0.21049058   0.09422622  -0.19126051   0.50205182
   -0.3881181   -1.00600151  -0.41269709  -0.18151763   2.36223188
   -1.38913307  -1.03660751 -18.22508639  15.82455061   3.59937529
    2.09743901  -4.59499746 -16.91661636]], Action: [[-1.         1.        -0.5894165 -1.        -1.        -1.       ]], Reward: [1.476056],Reward_sum: 366.212646484375, Done: [False]
==========
t: 197, State: [[ 2.27908056e+01 -2.37381958e-01  1.16763903e-03 -4.63101453e-01
   6.86457376e-01  2.94439670e-01 -5.48773065e-01 -1.57086011e-01
  -5.24688767e-01  4.20316219e+00  2.40360149e-01 -1.01457229e+00
   3.48263148e+00 -5.70736654e-01  1.44061631e+01  9.99951025e+00
   1.05563883e+01  8.59777512e-01]], Action: [[-0.15045504  0.6831396   1.         -0.39559403  0.7238774  -1.        ]], Reward: [3.2375479],Reward_sum: 369.4501953125, Done: [False]
==========
t: 198, State: [[ 23.06694526  -0.17135653   0.03824478   0.35061537  -0.10844761
    0.66891838   0.16561521  -0.29577956  -0.34906356   5.78945207
    1.24830197   0.61457047  17.56316699 -18.01781796   3.9996686
   14.75566865  -6.53943772   4.55474325]], Action: [[ 1.         -1.          1.          0.548262   -0.23815961  0.5342224 ]], Reward: [5.158522],Reward_sum: 374.60870361328125, Done: [False]
==========
t: 199, State: [[ 23.27236347  -0.12517378   0.0692268    0.75899194  -0.67025727
    0.62891378   0.0697906   -0.35747254   0.26725416   3.11504863
    0.85331775   0.84961512   1.39902463  -4.03997937  -3.00095611
  -10.85940049   0.51856011  14.46367891]], Action: [[ 1.         -1.          1.         -1.         -1.          0.81467646]], Reward: [3.5419943],Reward_sum: 378.15069580078125, Done: [False]
==========
HalfCheetah-v4 - Steps: 200, Return: 378.15069580078125, State: [[ 23.27236347  -0.12517378   0.0692268    0.75899194  -0.67025727
    0.62891378   0.0697906   -0.35747254   0.26725416   3.11504863
    0.85331775   0.84961512   1.39902463  -4.03997937  -3.00095611
  -10.85940049   0.51856011  14.46367891]]
