[CudaDevice(id=0)]
Using AIRL:  False
Using GAIL:  False
Using RGCL:  True
Experiment State @  2025-07-26 13:40:30.037219-05:00
Experiment Saved @  results/experiment_124
Experiment Settings Saved @  results/experiment_124
124
Using cuda device
Wrapping the env with a `Monitor` wrapper
Wrapping the env in a DummyVecEnv.
Wrapping the env with a `Monitor` wrapper
Wrapping the env in a DummyVecEnv.
t: 0, State: [[ 6.03390003e-02  3.21335444e-02  1.04688891e-01  2.68349092e-01
   7.85453606e-03 -4.08847116e-01 -2.84839182e-01 -1.40460751e-01
  -8.10351131e-02 -3.85668006e-04 -8.43827166e-01  2.75226101e-01
   5.82969988e+00  4.70602440e-02 -1.13748656e+01 -6.89494989e+00
  -4.64392784e+00 -2.24704383e+00]], Action: [[ 1.          0.26051527 -1.         -1.         -0.86884505 -0.52389854]], Reward: [-0.3439554],Reward_sum: -0.343955397605896, Done: [False]
==========
t: 1, State: [[  0.01836506  -0.03348029   0.11831292  -0.0397       0.50182885
   -0.43722442  -0.74079953  -0.08997356  -0.12966193  -0.97608252
   -1.5448455    0.23583535 -10.09145435  10.58476638   1.18705341
   -7.7572201    2.970533    -0.19265809]], Action: [[-0.7987833   1.         -1.         -0.76107866  0.21948208 -0.02446832]], Reward: [-1.1660854],Reward_sum: -1.5100407600402832, Done: [False]
==========
t: 2, State: [[ 3.16802848e-02 -1.07735884e-01  1.67154502e-02 -4.79342992e-01
   7.50138559e-01  3.40297674e-01 -2.11559454e-01  1.27060048e-01
  -4.17416169e-01  1.01191724e+00 -1.57983507e+00 -2.65413602e+00
  -6.21923925e+00  2.58499192e-01  1.76985417e+01  1.80550095e+01
   6.04716626e+00 -7.08577130e+00]], Action: [[-1.         1.         1.         1.         1.        -0.8956336]], Reward: [-0.31391153],Reward_sum: -1.823952317237854, Done: [False]
==========
t: 3, State: [[ 1.17705541e-01 -1.17190547e-01  3.22465739e-02 -3.26062934e-02
  -6.88684990e-02  7.42766302e-01  4.53281042e-01  5.19639158e-03
  -4.63870595e-01  2.54132086e+00  1.20255922e+00  3.54111564e+00
   6.16727448e+00 -5.13581581e+00 -6.17832733e-02  9.26781614e+00
  -1.03535913e+00  6.11391663e+00]], Action: [[ 0.56840134 -1.          1.          0.51622736  0.32629272  0.08484034]], Reward: [1.4501816],Reward_sum: -0.37377071380615234, Done: [False]
==========
t: 4, State: [[  0.21145617  -0.04444184   0.20284661   0.44836977  -0.57763497
   -0.13322623   0.30633923  -0.02417756  -0.02918101   1.39690314
    1.76266413   2.13345197   8.84907621  -9.0944164  -20.10971631
   -2.13471341  -1.86696288   9.82275536]], Action: [[ 1.         -1.         -0.74366707 -1.         -1.         -0.44956416]], Reward: [1.3994977],Reward_sum: 1.0257270336151123, Done: [False]
==========
t: 5, State: [[  0.22626712   0.02164084   0.253709     0.45671195   0.02034117
   -0.46140208  -0.14977413  -0.1455592    0.08349393  -0.19257056
    0.98764783   1.10423822  -1.57810471  17.31504374   1.93404023
  -12.92592081  -3.37394056  -2.98938607]], Action: [[ 1.          0.76721686 -1.         -1.         -1.         -1.        ]], Reward: [-0.26264316],Reward_sum: 0.7630838751792908, Done: [False]
==========
t: 6, State: [[  0.20033011   0.0701307    0.34750982  -0.07609868   0.7966304
   -0.19123753  -0.66699091   0.10425094  -0.40716803  -0.2426902
    0.93270609   1.93847068 -13.38768216   9.76903721   4.75432965
   -5.43696719   7.17929604 -11.73365708]], Action: [[-1.          1.         -0.5737917  -0.08425674  1.         -1.        ]], Reward: [-0.9523739],Reward_sum: -0.18929004669189453, Done: [False]
==========
t: 7, State: [[ 0.25649819  0.10819858  0.40393789 -0.53895202  0.70296808  0.46302953
  -0.23692007  0.27284126 -0.4810126   1.73506547  0.44842258  0.98645147
  -5.35390055 -5.70473822 12.80559849 14.29452439  2.78148804  4.67284483]], Action: [[-0.99225485  1.          1.          0.7252207   1.         -0.2198273 ]], Reward: [0.6674777],Reward_sum: 0.4781877398490906, Done: [False]
==========
t: 8, State: [[  0.37982805   0.14253864   0.63580998   0.08824291  -0.53865512
    0.65591611   0.05727431   0.26274943  -0.10441281   2.29465945
    0.14339518   4.42545768  15.42646697 -26.5297508   -1.16318757
    1.60335453  -1.23086719   7.82252319]], Action: [[ 1.         -1.          1.         -0.8620846  -0.37067676 -0.4298154 ]], Reward: [2.0600638],Reward_sum: 2.5382516384124756, Done: [False]
==========
t: 9, State: [[  0.43386982   0.10793844   0.73272008   0.47723011  -0.72390786
   -0.30444718   0.04784472  -0.07810561   0.30497108   0.60301822
   -0.70394128   0.74603167   3.32400838   7.98608292 -21.34233857
    1.77027423  -7.57032571   9.42803911]], Action: [[ 1.         -0.6003559  -1.         -0.7329376  -1.          0.00828861]], Reward: [0.6910662],Reward_sum: 3.2293179035186768, Done: [False]
==========
t: 10, State: [[ 0.43642428  0.10021508  0.73733117  0.46214597  0.18387225 -0.44417373
   0.07407749 -0.20938975  0.4392998  -0.18655917  0.28736566  0.11150568
   0.53635389 16.7224394   1.79542053 -0.52760421 -0.06612118 -1.46535673]], Action: [[ 1.         0.6145673 -1.        -1.        -1.        -1.       ]], Reward: [-0.48668027],Reward_sum: 2.7426376342773438, Done: [False]
==========
t: 11, State: [[  0.41378867   0.20002844   0.77676655  -0.17702724   0.78975432
    0.41849864  -0.25942536   0.31144452  -0.04250313  -0.47579403
    2.35365938   1.06174575 -16.82886266   5.7778075   18.60483918
   -8.84886365  14.12004457 -13.20236861]], Action: [[-1.  1.  1. -1.  1. -1.]], Reward: [-1.0527121],Reward_sum: 1.6899255514144897, Done: [False]
==========
t: 12, State: [[ 0.44032906  0.26002697  0.83582352 -0.55451777  0.66956933  0.80552874
  -0.0354362   0.47490051 -0.39845943  1.1682148   0.60481114  1.54606499
   0.6780935  -6.20727211 -0.39203988 10.74279931 -1.61550148 -2.26810036]], Action: [[-1.          1.          1.          0.9216821   1.          0.11404042]], Reward: [0.04455749],Reward_sum: 1.734483003616333, Done: [False]
==========
t: 13, State: [[ 5.36621905e-01  2.92108268e-01  1.05054909e+00  2.08707415e-01
  -5.21755636e-01  1.16954755e-01  1.97390258e-01 -1.56437549e-02
   4.19421990e-02  1.49041180e+00  3.09285747e-01  3.39508473e+00
   1.60713235e+01 -2.54688027e+01 -1.55812881e+01  4.29452377e-01
  -1.09862707e+01  1.32237245e+01]], Action: [[ 1.         -1.         -0.05847096 -0.70678073 -1.          0.61710817]], Reward: [1.5374788],Reward_sum: 3.2719616889953613, Done: [False]
==========
t: 14, State: [[  0.54129016   0.31338485   1.10220113   0.40751528  -0.43974045
   -0.5252492   -0.21544607  -0.35167645   0.25527171  -0.40053022
    0.48743472   0.77787423  -1.67936528  13.67738796   0.3089092
  -13.00172176  -4.34556989  -1.88898801]], Action: [[ 0.7239225   0.15746571 -1.         -1.         -1.         -0.70436496]], Reward: [-0.31113374],Reward_sum: 2.9608278274536133, Done: [False]
==========
t: 15, State: [[  0.49505656   0.34179326   1.11604057  -0.13013393   0.65475839
   -0.17890052  -0.83502091   0.10269407  -0.28910225  -0.87058585
    0.2798073    0.04028163 -12.25069692  17.59628744   7.80808515
   -8.22176546  12.62018628 -13.72889007]], Action: [[-1.          1.         -0.37527645 -0.55274713  1.         -0.966562  ]], Reward: [-1.3627324],Reward_sum: 1.598095417022705, Done: [False]
==========
t: 16, State: [[ 0.52066463  0.30001149  1.07440014 -0.50181802  0.79149388  0.53349742
  -0.39338702  0.3504768  -0.52716094  1.17605468 -1.47852306 -0.73730744
  -3.56412161 -4.72508314 12.92245367 15.83513692  1.90218248  1.35866641]], Action: [[-1.         1.         1.         0.6233863  1.        -0.9191535]], Reward: [-0.01118404],Reward_sum: 1.5869113206863403, Done: [False]
==========
t: 17, State: [[  0.62261787   0.1728631    1.2057186    0.18833608  -0.39013191
    0.70254738   0.52553635   0.14198757   0.13465329   1.38970161
   -3.07343204   3.06138012  15.65525447 -26.30382629  -1.99827847
   17.17777851  -2.79575924  17.77832825]], Action: [[ 1.         -1.          1.          0.7245827  -0.13080369  1.        ]], Reward: [1.5848517],Reward_sum: 3.1717629432678223, Done: [False]
==========
t: 18, State: [[  0.64877698   0.07569552   1.2680784    0.52960951  -0.84809268
    0.13531183   0.5768684    0.19209865   0.51872845   0.41636857
   -1.28004075   0.23331269   0.56719401   3.76555054 -12.37821292
   -7.60096585   0.48860036  -2.00147434]], Action: [[ 1.         -1.          0.09506297 -1.         -1.         -0.23153551]], Reward: [0.11691763],Reward_sum: 3.2886805534362793, Done: [False]
==========
t: 19, State: [[ 6.23792747e-01  6.78335463e-02  1.27846352e+00 -2.43653095e-01
   4.19113642e-01 -4.50346376e-01 -2.26664853e-01  3.02398966e-01
  -2.33566367e-02 -1.16488612e+00 -7.47517412e-02  8.24164276e-01
  -1.90811854e+01  2.36638341e+01 -2.78478528e+00 -1.84040569e+01
   1.18704986e+00 -1.44039774e+01]], Action: [[-1.          1.         -1.         -1.         -0.06582962 -1.        ]], Reward: [-1.000118],Reward_sum: 2.288562536239624, Done: [False]
==========
t: 20, State: [[ 6.47212553e-01  1.18156068e-03  1.30348740e+00 -5.40108310e-01
   7.95222843e-01 -2.39815858e-01  2.60105464e-01  4.70470528e-01
  -4.96843605e-01  9.17623373e-01 -1.98965904e+00  1.81129820e+00
   1.28193904e+00 -1.16964425e+00  6.54491381e+00  1.26135808e+01
   1.65272205e+00 -9.20263266e+00]], Action: [[-1.          1.         -0.09541595  0.9760803   1.         -1.        ]], Reward: [-0.02778757],Reward_sum: 2.260774850845337, Done: [False]
==========
t: 21, State: [[  0.71083951   0.03077099   1.37454514   0.07152206  -0.28573959
    0.37874315   0.52294277   0.15947467  -0.13741966   1.22830373
    1.04693633   0.51641442  15.86324963 -26.52134137  12.53293319
    2.07462534  -8.58711405  14.50500704]], Action: [[ 1.         -1.          1.          0.22864735 -0.43521675  0.85004634]], Reward: [0.8761119],Reward_sum: 3.1368868350982666, Done: [False]
==========
t: 22, State: [[  0.73474665   0.10966158   1.29910601   0.57762061  -0.80413653
   -0.07383809   0.11780375  -0.18547807   0.56975899  -0.08221003
    1.95974046  -2.02458505   3.98415149   2.46292685 -16.45989803
  -13.26487195  -4.92627352   0.24077759]], Action: [[ 1.         -1.         -0.9289611  -0.77142704 -1.          1.        ]], Reward: [-0.06766395],Reward_sum: 3.069222927093506, Done: [False]
==========
t: 23, State: [[  0.67706252   0.24910688   1.24029111  -0.07974022   0.4147778
   -0.47347018  -0.4399795   -0.06422911   0.29269572  -1.55563386
    2.82606837  -0.80714512 -17.05719163  23.52783851   1.86433669
   -6.75123189   3.90428065  -8.17873349]], Action: [[-0.8057789   1.         -1.         -1.         -0.65110147 -1.        ]], Reward: [-1.661004],Reward_sum: 1.4082192182540894, Done: [False]
==========
t: 24, State: [[  0.64455915   0.33042975   1.19176137  -0.56026649   0.79642707
    0.28580804  -0.47061441   0.31281697  -0.35950264   0.29235607
    0.85894286  -0.41795007   0.75285884  -3.19275178  16.49351696
    2.97053074   7.55534639 -13.16459191]], Action: [[-1.          1.          1.         -0.20395768  1.         -0.73131436]], Reward: [-1.1077093],Reward_sum: 0.3005099296569824, Done: [False]
==========
t: 25, State: [[  0.69658914   0.3295201    1.22140991  -0.17061755   0.09163666
    0.76435732   0.11040422   0.30596648  -0.28899094   0.90279393
   -0.4932567    0.87043844   7.98708107 -15.42555268   3.41226442
   14.44421035  -1.70127508   9.51294313]], Action: [[-0.4065042  -0.2458155   1.          0.83422005  0.7258183   0.9058804 ]], Reward: [0.7136972],Reward_sum: 1.014207124710083, Done: [False]
==========
t: 26, State: [[  0.728045     0.32183022   1.29173775   0.33226756  -0.77308024
    0.58211378   0.28259909   0.08376408   0.35854512   0.27511431
    0.15793113   0.68319493   7.91956379 -11.92123606  -5.80883689
   -3.27371168  -5.42229034  12.46815989]], Action: [[ 1.         -1.          1.         -1.         -1.          0.28758347]], Reward: [0.12084671],Reward_sum: 1.1350538730621338, Done: [False]
==========
t: 27, State: [[  0.70573429   0.34434971   1.27967886   0.41398337  -0.46174603
   -0.39726277  -0.22804572  -0.19308596   0.50473883  -0.8785035
    0.43296161  -0.17646259  -0.45886221  11.99428332 -19.79821124
  -13.63716464  -5.46301426  -3.11376324]], Action: [[ 1.         -0.23193346 -1.         -1.         -1.          0.39676392]], Reward: [-0.8673356],Reward_sum: 0.26771825551986694, Done: [False]
==========
t: 28, State: [[ 6.28917488e-01  3.66774479e-01  1.30122596e+00 -1.07529204e-01
   6.04282834e-01 -4.55543593e-01 -9.99087479e-01 -1.07742989e-01
  -1.77871828e-01 -1.58531677e+00 -1.68724879e-02  6.18465801e-01
  -1.15693886e+01  1.76793959e+01  2.84977977e+00 -1.26179564e+01
   3.57086305e+00 -1.71806060e+01]], Action: [[-0.8381629   1.         -1.         -1.          0.02081515 -1.        ]], Reward: [-2.0066311],Reward_sum: -1.73891282081604, Done: [False]
==========
t: 29, State: [[ 0.62816753  0.30872129  1.21117355 -0.48379871  0.78878217  0.3763692
  -0.56113277  0.05767553 -0.52550504  0.78269086 -1.82169774 -2.71506125
  -3.9049979  -3.83475695 18.30966781 18.19618961  4.49179667  0.84305093]], Action: [[-1.          1.          1.          0.6589016   1.         -0.99472445]], Reward: [-0.5573619],Reward_sum: -2.2962746620178223, Done: [False]
==========
t: 30, State: [[  0.71442002   0.15357571   1.23363096   0.2200274   -0.35707615
    0.76326186   0.39380956   0.17179113   0.03423846   1.11522062
   -3.6620499    1.15679911  16.19945156 -25.61343172   0.67586379
   17.02965489   3.47121075  15.39688554]], Action: [[ 1.         -1.          1.          0.5755967  -0.01579421  0.68958664]], Reward: [1.3443407],Reward_sum: -0.9519339799880981, Done: [False]
==========
t: 31, State: [[ 0.71944804  0.03007063  1.24433879  0.55296548 -0.8275649   0.36501714
   0.5152497   0.28975666  0.56353048 -0.09176214 -1.75513479 -0.42909268
   0.14457896  2.94090584 -9.69282713 -4.92727765 -0.19074924 -1.16192349]], Action: [[ 1.         -1.          0.53828794 -1.         -1.          0.5409411 ]], Reward: [-0.35767686],Reward_sum: -1.3096106052398682, Done: [False]
==========
t: 32, State: [[ 6.69130571e-01 -7.45744622e-03  1.21590506e+00 -1.08091172e-01
   3.55480533e-01 -4.52204652e-01 -1.06631737e-01  4.29209958e-02
   4.82073313e-02 -1.65774069e+00 -6.72501543e-01 -5.44257566e-02
  -1.54015558e+01  2.28177492e+01 -1.47125219e+01 -1.61581154e+01
  -6.98096343e+00 -1.42674095e+01]], Action: [[-0.48696882  1.         -1.         -1.         -0.95321774 -1.        ]], Reward: [-1.5209256],Reward_sum: -2.830536365509033, Done: [False]
==========
t: 33, State: [[ 0.66599775 -0.05330448  1.15140357 -0.60464587  0.79613622 -0.32360889
   0.56624502  0.31016464 -0.34898682  0.62234144 -1.47820758  0.20188493
   0.78351125 -2.03438915  3.59951594 11.94417998  9.84833626 -9.21513086]], Action: [[-1.         1.        -0.2988152  1.         1.        -1.       ]], Reward: [-0.57158554],Reward_sum: -3.4021220207214355, Done: [False]
==========
t: 34, State: [[  0.72460915  -0.04169418   1.17850195   0.05633061  -0.33011503
    0.31516256   0.72311004   0.77554894  -0.20413834   0.82849428
    1.22846421  -1.33518901  15.29689575 -25.64747523  14.34504608
   -0.66805607   6.43072845   9.14306283]], Action: [[ 0.94604427 -1.          1.          1.          0.87952244  0.4323308 ]], Reward: [0.6866811],Reward_sum: -2.7154409885406494, Done: [False]
==========
t: 35, State: [[  0.74386297   0.04742392   1.01723775   0.52592124  -0.827495
    0.66978865   0.30830363   0.49971062   0.6220038   -0.14565976
    2.27208683  -3.68943336   3.25606426   3.06218627   1.40752473
  -13.06554661 -11.37935727  16.90934003]], Action: [[ 1.         -1.          0.95727193 -1.         -0.75822556  1.        ]], Reward: [-0.16405122],Reward_sum: -2.8794922828674316, Done: [False]
==========
t: 36, State: [[  0.65806883   0.16702961   0.88724439   0.1641328    0.29340686
   -0.22325569  -0.22090343   0.10928856   0.5306007   -2.10253384
    2.26174515  -1.86871012  -7.99979378  22.08564585 -20.92589116
   -1.88109345  -0.9559304   -0.66405036]], Action: [[ 0.09928718  0.91758555 -1.         -1.         -0.93357015 -0.5666348 ]], Reward: [-2.1203277],Reward_sum: -4.999819755554199, Done: [False]
==========
t: 37, State: [[  0.55912953   0.28415547   0.85227773  -0.39372147   0.82255102
   -0.48435648  -0.53744388   0.36508349  -0.04930836  -1.56826647
    2.14403415   0.26739666 -10.07076871  -0.26721608   2.73782931
   -6.95106774   6.09754971 -15.70600367]], Action: [[-0.80810535  1.         -1.         -1.          0.7639726  -1.        ]], Reward: [-2.502455],Reward_sum: -7.502274513244629, Done: [False]
==========
t: 38, State: [[ 0.55415772  0.33786546  0.83872494 -0.24355375  0.45174602  0.28503223
  -0.2212943   0.33094873 -0.41988101  0.40694342  0.43569423 -0.82700866
   8.07342303 -8.66303565 17.29387395 12.24523398 -2.25846973 -1.25136701]], Action: [[0.0860952 0.7985611 1.        0.618096  1.        0.3397771]], Reward: [-0.41369647],Reward_sum: -7.915970802307129, Done: [False]
==========
t: 39, State: [[ 5.81204542e-01  3.44499958e-01  8.58924674e-01  4.43551284e-01
  -5.04844933e-01  7.42100447e-01  2.20093638e-01  2.42806997e-02
   1.00177392e-01  4.95603129e-02 -5.04166264e-03  3.71000421e-02
   1.23910356e+01 -1.76011705e+01  2.83611081e+00  5.17747872e+00
  -5.78285537e+00  1.50591884e+01]], Action: [[ 1.         -1.          1.         -0.27115783 -0.41611105  0.93654555]], Reward: [0.12855719],Reward_sum: -7.787414073944092, Done: [False]
==========
t: 40, State: [[  0.53492941   0.36406964   0.84461267   0.68759132  -0.71562776
   -0.17858995   0.08265971  -0.27184299   0.55407775  -1.41931297
    0.64576466  -0.15312258  -0.34008048   2.74437497 -22.68193667
   -7.22262739  -5.12863717  -1.54728106]], Action: [[ 1.         -1.         -1.         -0.60120887 -1.          1.        ]], Reward: [-1.4616479],Reward_sum: -9.249061584472656, Done: [False]
==========
t: 41, State: [[  0.40804867   0.40320884   0.85472452  -0.04150454   0.37718683
   -0.48483659  -0.60012191  -0.3583902   -0.05167796  -2.8574508
    0.22262632   0.21024118 -16.1825359   21.21038324   2.79909156
  -14.38402336  -0.29542231 -16.22286284]], Action: [[-0.39427376  1.         -1.         -1.         -0.88226795 -1.        ]], Reward: [-3.0309997],Reward_sum: -12.280061721801758, Done: [False]
==========
t: 42, State: [[ 3.36941217e-01  3.71612011e-01  7.60253913e-01 -5.62840687e-01
   8.27941506e-01  3.27041679e-01 -5.45424120e-01 -3.19159215e-03
  -5.82338623e-01 -1.17175549e-01 -9.91514325e-01 -2.59890239e+00
  -2.35394670e-01 -9.94913194e-01  1.69846386e+01  9.88567253e+00
   8.81027646e+00  1.56249393e+00]], Action: [[-1.          1.          1.          0.38689268  1.         -0.49758166]], Reward: [-1.8618764],Reward_sum: -14.141938209533691, Done: [False]
==========
t: 43, State: [[  0.41640724   0.28553636   0.74130152   0.30863182  -0.25153212
    0.7468542    0.29952882   0.17052259  -0.06471511   1.41396622
   -2.66148444  -0.10038749  18.89660145 -25.34958109   2.19502849
   18.19815821   2.98142911  13.86006848]], Action: [[ 1.         -1.          1.          0.89291203  0.16473491  0.46643913]], Reward: [1.1851209],Reward_sum: -12.956817626953125, Done: [False]
==========
t: 44, State: [[ 0.39982608  0.18779373  0.72777524  0.69300363 -0.82874987  0.43795911
   0.46142202  0.2310463   0.56515805 -1.05802922 -1.30232356 -0.42176189
  -0.13806475  0.19314562 -8.38862651 -4.38236083 -0.98077996  0.01150024]], Action: [[ 1.         -1.          0.6070943  -1.         -1.          0.59901494]], Reward: [-0.80436146],Reward_sum: -13.761178970336914, Done: [False]
==========
t: 45, State: [[ 2.78630677e-01  1.39922913e-01  6.94486557e-01  7.24880709e-02
   2.77518041e-01 -4.35922012e-01 -1.36345938e-01 -1.58373830e-02
   7.55511533e-02 -3.09051539e+00 -1.29946434e+00 -3.77016474e-01
  -1.38357956e+01  2.26212619e+01 -1.65028279e+01 -1.55586837e+01
  -6.50099545e+00 -1.41798268e+01]], Action: [[ 0.06543867  1.         -1.         -1.         -1.         -1.        ]], Reward: [-2.9243362],Reward_sum: -16.685514450073242, Done: [False]
==========
t: 46, State: [[  0.17435273   0.10066958   0.57788292  -0.58090727   0.81505486
   -0.32317364   0.24832684   0.12181717  -0.48845376  -1.46269681
   -1.02860478  -1.93721802  -9.37814902  -0.05154456   4.53088451
    7.95092383   7.76327518 -11.64340067]], Action: [[-1.          1.         -0.37391567  0.7028969   1.         -1.        ]], Reward: [-2.5489466],Reward_sum: -19.234460830688477, Done: [False]
==========
t: 47, State: [[  0.16989402   0.04902381   0.5639665   -0.05400181   0.1709267
    0.29887093   0.5123998    0.60440465  -0.41822084   0.13376133
   -1.44464197  -0.47967319  15.33370355 -14.4208009   13.49849745
    4.2084129    9.12162043   6.32290296]], Action: [[ 0.8644612   0.44915938  1.          0.5874957   1.         -0.37526524]], Reward: [-0.4326756],Reward_sum: -19.667137145996094, Done: [False]
==========
t: 48, State: [[  0.14887697  -0.03071188   0.53098694   0.62414989  -0.63348115
    0.69784474   0.70339335   0.18758656   0.39592909  -1.01538991
   -1.5986312   -1.15754054   9.37938496 -10.65580498   3.12091867
    1.62369625 -14.59159874  18.61083877]], Action: [[ 1.         -1.          1.          0.23144668 -1.          1.        ]], Reward: [-0.92569774],Reward_sum: -20.59283447265625, Done: [False]
==========
t: 49, State: [[  0.06405298  -0.05724609   0.4622245    0.71354332  -0.61938856
   -0.16580159   0.40992431  -0.10266954   0.55886203  -1.80938669
    0.39427346  -1.69315686  -2.23089739   4.03601345 -21.4202489
   -1.4754328    0.89676258  -0.86454033]], Action: [[ 1.        -1.        -1.        -1.        -1.         0.4014486]], Reward: [-2.212596],Reward_sum: -22.805431365966797, Done: [False]
==========
t: 50, State: [[-7.17862131e-02  1.14085839e-03  3.27503236e-01  4.98228235e-02
   3.04877960e-01 -4.73092820e-01  2.20351845e-01  3.83878036e-02
   3.58492130e-01 -3.05368552e+00  1.23037381e+00 -3.27763505e+00
  -1.46971297e+01  1.71617106e+01  2.31649433e+00 -4.90763141e+00
   3.75515341e+00 -5.98843705e+00]], Action: [[ 0.04522227  0.91919017 -1.         -1.         -0.9353064  -1.        ]], Reward: [-3.1889594],Reward_sum: -25.9943904876709, Done: [False]
==========
t: 51, State: [[ -0.20578702   0.04507566   0.15356812  -0.55812735   0.6413934
    0.30389071  -0.12308301   0.55665423  -0.11678401  -1.87209991
    0.82470593  -2.76265494  -1.19459165  -2.77882176  15.59660762
   -6.4126359   10.23288432 -10.30262587]], Action: [[-0.8842554   1.          1.         -0.40107757  1.         -0.55258137]], Reward: [-3.104828],Reward_sum: -29.099218368530273, Done: [False]
==========
t: 52, State: [[-0.28941683  0.08062557  0.07234789 -0.43947264  0.17539126  0.74950161
  -0.24001721  0.61262499 -0.11730677 -1.6205616   0.44389495 -1.53024833
   2.96545437 -9.54380743  3.04869839  0.3001117  -3.49155666  5.58030036]], Action: [[-1.          0.08557476  1.         -0.01464167  1.          0.7768515 ]], Reward: [-2.0336998],Reward_sum: -31.132917404174805, Done: [False]
==========
t: 53, State: [[ -0.35199827   0.09917388   0.05640546   0.21560359  -0.6889984
    0.03194675  -0.28171096  -0.11917056   0.4614943   -1.25955412
   -0.31562934  -0.92523246  13.23991462 -14.77567048 -17.76204515
   -2.94979891 -16.24620523  12.45673111]], Action: [[ 1.         -1.         -0.35324788 -0.9561819  -1.          1.        ]], Reward: [-1.7555356],Reward_sum: -32.88845443725586, Done: [False]
==========
t: 54, State: [[-4.35593690e-01  1.51947017e-02 -7.99888902e-02  3.19715307e-01
   2.76596819e-02 -4.79050504e-01 -6.48118657e-01 -5.94511446e-01
   3.75074098e-01 -1.70308770e+00 -2.23827060e+00 -3.19479552e+00
  -9.91441027e-02  2.24141411e+01  1.91723062e+00 -9.39466271e+00
  -4.79668971e+00 -7.54311699e+00]], Action: [[ 0.51198626  0.9149167  -1.         -1.         -1.         -0.00330679]], Reward: [-2.0818298],Reward_sum: -34.97028350830078, Done: [False]
==========
t: 55, State: [[ -0.52712191  -0.07501088  -0.29955337  -0.02139968   0.87868403
    0.44248918  -0.50037727  -0.11667485  -0.475686    -1.67853481
   -1.469603    -4.91399884  -9.90276997   8.64470332  20.65010786
    9.81570865  14.54968486 -18.34121856]], Action: [[-1.         1.         1.         0.5196739  1.        -1.       ]], Reward: [-2.3575704],Reward_sum: -37.32785415649414, Done: [False]
==========
t: 56, State: [[-0.55792874 -0.10260768 -0.43758702 -0.14801774  0.77941202  0.84836618
   0.08951553  0.53483673 -0.52266392  0.07537159 -0.03205166 -0.4774415
   1.02423815  1.06106765 -1.91668587 11.6715662  10.87411592  3.75732956]], Action: [[-0.37700462  0.33085573  1.          0.40798593  1.         -1.        ]], Reward: [-0.9579418],Reward_sum: -38.285797119140625, Done: [False]
==========
t: 57, State: [[ -0.53526187  -0.04678469  -0.22255635   0.3386577    0.15643585
    0.6584546    0.31300946   0.39238697  -0.23464559   0.36347741
    1.39647478   5.82401577  11.31277628 -20.12246195  -4.63657886
   -0.76747704  -9.15148554   5.47870336]], Action: [[ 1.         -1.          1.         -1.         -1.         -0.99422175]], Reward: [-0.1455101],Reward_sum: -38.43130874633789, Done: [False]
==========
t: 58, State: [[ -0.58283477  -0.0242787    0.03355953   0.45082941  -0.19773157
   -0.3190687   -0.1885527   -0.20997532   0.19771987  -1.62298337
   -0.14555555   4.99900588  -3.26932739   1.08196383 -20.64053012
  -15.60502304 -11.85800886   8.32065265]], Action: [[ 0.45902008  0.30543923 -1.         -1.         -1.          0.21132647]], Reward: [-1.2863233],Reward_sum: -39.71763229370117, Done: [False]
==========
t: 59, State: [[ -0.66819876  -0.06828389   0.26294929  -0.01429073   0.40551393
   -0.44844924  -1.03668906  -0.42726137   0.2928975   -1.31418455
   -1.18782049   3.98496068  -8.27195771  12.97629761   1.62225358
  -13.21128098  -0.74795605  -2.38205517]], Action: [[-0.23982392  1.         -1.         -1.         -0.43462214  0.0580443 ]], Reward: [-2.032258],Reward_sum: -41.7498893737793, Done: [False]
==========
t: 60, State: [[ -0.67746921  -0.09630009   0.25745758  -0.36946069   0.8276715
    0.30487324  -0.44139375  -0.29894649  -0.06547211   0.08861452
   -0.34363168  -1.91126524  -6.46619428   3.78034914  16.98256749
   13.1140288   -8.00456694 -18.91294944]], Action: [[-1.          1.          0.83359754  1.          1.          0.8065918 ]], Reward: [-0.7199565],Reward_sum: -42.469844818115234, Done: [False]
==========
t: 61, State: [[ -0.62948584  -0.09045435   0.2461057    0.11138806   0.27087027
    0.70856689  -0.05161349  -0.35415516  -0.54206665   1.05321893
    0.03947383  -0.17318704  13.61617774 -14.49155999   1.98113774
    3.6673031    2.68663983   0.89461055]], Action: [[ 0.83837605  0.21504189  1.         -0.5088091  -0.35448158 -0.09555571]], Reward: [0.7453882],Reward_sum: -41.724456787109375, Done: [False]
==========
t: 62, State: [[-6.18845194e-01 -9.09054275e-02  2.45436971e-01  6.54026577e-01
  -5.57958892e-01  4.28035256e-01 -2.65820260e-01 -4.50589509e-01
  -5.47354209e-03 -6.19416993e-01 -5.88550921e-02 -3.32413304e-01
   6.48829753e+00 -1.24201280e+01 -7.57537213e+00 -8.13033059e+00
  -5.28733135e+00  1.33797439e+01]], Action: [[ 1.        -1.         0.5548275 -1.        -1.         1.       ]], Reward: [-0.3179704],Reward_sum: -42.04242706298828, Done: [False]
==========
t: 63, State: [[ -0.68046442  -0.12881139   0.20289752   0.61925309  -0.36336306
   -0.42971167  -0.77224696  -0.53820279   0.46392179  -1.29386108
   -1.15728639  -1.10675348  -3.25483218   9.52583444 -16.51498128
   -8.85466859  -0.12670514   5.29167112]], Action: [[ 1.         -0.23240338 -1.         -1.         -1.          0.35658765]], Reward: [-1.6505011],Reward_sum: -43.692928314208984, Done: [False]
==========
t: 64, State: [[ -0.77224689  -0.19060465   0.08910154  -0.14739878   0.60285444
   -0.421198    -0.88805151   0.02545482  -0.03009727  -1.69827648
   -1.51609021  -3.5068467  -17.54200084  15.8940673    0.58478504
    3.15935817  14.13952515 -16.01073402]], Action: [[-1.          1.         -1.         -0.5798626   0.77957946 -1.        ]], Reward: [-2.3300478],Reward_sum: -46.02297592163086, Done: [False]
==========
t: 65, State: [[-0.77522281 -0.22241974 -0.07635231 -0.56402923  0.80122798  0.07410169
  -0.37312121  0.2868425  -0.5950913   0.87083727  0.80206749 -1.52293639
   1.24406254  0.53671825  7.41350061  9.64117059 -4.43758703  1.50999154]], Action: [[-1.          0.6378367   1.          0.11411667  1.         -1.        ]], Reward: [-0.5015043],Reward_sum: -46.524478912353516, Done: [False]
==========
t: 66, State: [[ -0.67369734  -0.09811453   0.0855851    0.13894008  -0.14337071
    0.260826     0.05544124  -0.325249     0.09538464   2.40674661
    2.44357601   3.94156468  16.45871274 -25.57319331   5.18992774
    6.40386398 -11.56644716  18.18809902]], Action: [[ 1.         -1.          1.         -0.28174156 -1.          1.        ]], Reward: [1.5225717],Reward_sum: -45.00190734863281, Done: [False]
==========
t: 67, State: [[ -0.61128983  -0.02742824   0.18862499   0.6472266   -0.80409829
   -0.23052065  -0.1677335   -0.4926533    0.57191246   0.48011715
    0.9263381    1.3610073    4.15193078  -2.25037551 -13.95172589
   -9.85510369   0.69657749  -2.28457801]], Action: [[ 1.         -0.91022617 -1.         -1.         -1.          0.84803164]], Reward: [0.69338316],Reward_sum: -44.30852508544922, Done: [False]
==========
t: 68, State: [[-6.51696758e-01 -1.02918699e-02  2.60190081e-01 -2.76776336e-02
   3.84667066e-01 -4.42101076e-01 -8.16174360e-01 -1.69377569e-01
  -1.03100712e-01 -9.89374798e-01 -1.57864224e-01  1.29992419e+00
  -1.65957786e+01  2.48289353e+01  1.36631380e+00 -1.11320196e+01
   7.07793020e+00 -1.74530911e+01]], Action: [[-0.83380353  1.         -1.         -1.         -0.24249886 -1.        ]], Reward: [-1.2835419],Reward_sum: -45.59206771850586, Done: [False]
==========
t: 69, State: [[-6.24976300e-01 -4.50815716e-03  2.42657065e-01 -5.72400721e-01
   8.31740674e-01  3.36240591e-01 -5.38735547e-01  1.77096089e-01
  -5.82854702e-01  1.55249783e+00  4.54026795e-01 -4.13166670e-01
  -4.25709539e+00 -3.28819584e+00  1.75860282e+01  1.29181880e+01
   6.05244958e+00  2.64641617e+00]], Action: [[-1.          1.          1.          0.3929541   1.         -0.91756916]], Reward: [0.0347745],Reward_sum: -45.55729293823242, Done: [False]
==========
t: 70, State: [[ -0.48538485   0.04469896   0.33785025   0.18268086  -0.3502668
    0.73496448   0.13893091  -0.0921906   -0.39255866   2.82751059
    0.5269086    1.19349242  17.95317858 -26.50501828   1.46545591
   12.50583486  -7.57042836   3.941385  ]], Action: [[ 1.         -1.          1.          0.15652591 -0.12697218  0.06401835]], Reward: [2.487357],Reward_sum: -43.0699348449707, Done: [False]
==========
t: 71, State: [[ -0.4252758    0.0453266    0.31245949   0.63177314  -0.78412481
   -0.10340089   0.08321654  -0.28386902   0.29641345   0.29114384
   -0.08634482  -1.04500594   2.11980016   3.29549393 -20.1123988
   -9.2120165   -2.13830904  16.78215738]], Action: [[ 1.         -0.83582205 -0.7034586  -1.         -1.          1.        ]], Reward: [0.68283576],Reward_sum: -42.38710021972656, Done: [False]
==========
t: 72, State: [[-4.59674537e-01  1.27116316e-02  2.77692609e-01  1.91172984e-01
   2.54287692e-01 -4.48182279e-01 -6.04636882e-01 -2.21816219e-01
   3.33873527e-01 -7.94300769e-01 -1.20588410e+00 -3.12362710e-01
  -9.64963826e+00  2.04246295e+01  1.45660062e+00 -1.34521551e+01
   1.71829198e+00 -8.59726665e+00]], Action: [[ 0.15982355  0.75603515 -1.         -1.         -0.6721052  -1.        ]], Reward: [-1.0928607],Reward_sum: -43.47996139526367, Done: [False]
==========
t: 73, State: [[ -0.43879969  -0.05261304   0.17237147  -0.32957448   0.83300089
    0.38101346  -0.34794756   0.04576399  -0.51267499   1.35903318
   -1.1816221   -2.53781639  -8.40026159   0.14369109  19.06979862
   14.45183069   6.50009518 -17.80215903]], Action: [[-1.  1.  1.  1.  1. -1.]], Reward: [-0.18250315],Reward_sum: -43.6624641418457, Done: [False]
==========
t: 74, State: [[-3.24743651e-01 -8.05549246e-02  8.00466288e-02 -4.55059356e-02
   1.13856338e-01  8.06794135e-01  4.40669756e-01  6.74290230e-02
  -5.22325667e-01  2.34131334e+00 -4.18762003e-01 -2.12588689e+00
   9.84876478e+00 -1.73494067e+01  5.66199087e-01  1.41705737e+01
   9.38200979e-03  4.45563062e+00]], Action: [[ 0.21068291 -0.2900874   1.          0.9995587   1.         -0.09688742]], Reward: [1.9674165],Reward_sum: -41.69504928588867, Done: [False]
==========
t: 75, State: [[ -0.22940371  -0.05447921   0.06123713   0.42452971  -0.44503056
    0.59050448   0.34466622   0.04283512   0.13232018   1.60809584
    1.03262271   0.69448955   7.16673349  -5.42462679  -5.21338124
  -10.41182357  -1.84802927  15.5472294 ]], Action: [[ 1.         -1.          0.9802168  -1.         -1.          0.41102684]], Reward: [1.393822],Reward_sum: -40.30122756958008, Done: [False]
==========
t: 76, State: [[ -0.20660911  -0.0314965    0.16097164   0.31993751  -0.30540529
   -0.31453435  -0.44171477  -0.15533851   0.3689179    0.09446676
   -0.03364177   3.02975461  -6.16260968   4.42649774 -18.9758685
  -17.13240801  -5.29261726  -2.70451389]], Action: [[ 0.04250737 -0.5846932  -1.         -0.88065946 -0.81783485 -0.59423304]], Reward: [0.14177194],Reward_sum: -40.159454345703125, Done: [False]
==========
t: 77, State: [[ -0.18998158  -0.07161442   0.22790844  -0.34093973   0.49973394
   -0.44181027  -0.88060036  -0.0849092   -0.2164767    0.81873056
   -1.05675955  -0.04460548 -12.91116792  15.36517061   1.33580937
   -0.93924876   3.3506492  -14.50795855]], Action: [[-1.          1.         -1.         -0.2881207   0.50835234 -0.7536767 ]], Reward: [-0.0583959],Reward_sum: -40.21784973144531, Done: [False]
==========
t: 78, State: [[-0.07844724 -0.10633742  0.16336921 -0.52147992  0.74328745  0.28361734
  -0.32608817  0.19743397 -0.51743951  2.94810618 -0.59650038 -1.1488083
   2.74913593 -1.58516593 16.75873778 14.61365837  7.4393878   2.59270195]], Action: [[-0.62110317  1.          1.          0.33074784  1.         -0.26460236]], Reward: [1.8741691],Reward_sum: -38.34368133544922, Done: [False]
==========
t: 79, State: [[  0.0929618   -0.09125987   0.15378962   0.32249802  -0.30451228
    0.72846028   0.18931032  -0.20729979  -0.32066574   3.42317448
   -0.11322057  -0.70547147  18.05123069 -23.90081777   2.99859476
    8.29373816  -4.38641397   9.39785219]], Action: [[ 1.         -1.          1.          0.06797069 -0.23022191  0.34091473]], Reward: [3.1107962],Reward_sum: -35.23288345336914, Done: [False]
==========
t: 80, State: [[ 1.77048628e-01 -1.18722208e-01  3.66447017e-02  7.08363664e-01
  -4.88203010e-01 -1.59994530e-01  1.92216939e-02 -3.50566859e-01
   3.77478530e-01  7.06575244e-01 -6.69156447e-01 -2.56614428e+00
   8.95304078e-01  6.83507055e+00 -2.17819297e+01 -1.03493563e+01
  -1.73956161e+00  1.41909107e+01]], Action: [[ 1.         -0.21061058 -0.920412   -1.         -1.          0.76289344]], Reward: [1.2343845],Reward_sum: -33.998497009277344, Done: [False]
==========
t: 81, State: [[  0.17189634  -0.18879219  -0.04294522   0.20866657   0.4150652
   -0.47277512  -0.70261012  -0.22269653   0.28298683   0.02597257
   -1.95547251  -1.14251083 -11.54101514  16.28135794   2.33611917
  -13.22015662   3.27904761 -10.74006784]], Action: [[ 0.09649909  0.89681673 -1.         -1.         -0.59770346 -1.        ]], Reward: [-0.52013],Reward_sum: -34.51862716674805, Done: [False]
==========
t: 82, State: [[  0.24552797  -0.2412847   -0.14657044  -0.28739767   0.84759784
    0.42274688  -0.38477377   0.05127424  -0.59315508   2.50828417
    0.07250009  -0.96648478  -4.92861963  -0.70440581  21.90091079
   15.28523402   5.75051827 -17.45540657]], Action: [[-1.          1.          1.          0.97196317  1.         -1.        ]], Reward: [0.87816143],Reward_sum: -33.640464782714844, Done: [False]
==========
t: 83, State: [[  0.41137972  -0.18569015  -0.0681844    0.09171742   0.25246369
    0.86841542   0.31503721  -0.08028002  -0.46534203   3.48246929
    1.38466055   2.40954607  10.96363031 -14.1457101   -2.65113744
   11.49803399  -3.93745644   5.33177306]], Action: [[ 0.10364489 -0.6752575   1.          0.7969811   0.5591462   0.4106065 ]], Reward: [3.0587213],Reward_sum: -30.581743240356445, Done: [False]
==========
t: 84, State: [[  0.53741776  -0.10901098   0.0524059    0.62227327  -0.39344832
    0.07649193   0.24231273  -0.22906457   0.12507111   1.64224847
    1.5991087    1.84035095   6.92356705 -10.39581326 -18.68408464
   -8.23270646  -3.15725883  13.31303292]], Action: [[ 1.         -0.7144628  -0.39064664 -1.         -1.          0.47236007]], Reward: [2.1321423],Reward_sum: -28.449600219726562, Done: [False]
==========
t: 85, State: [[  0.56883235  -0.05847472   0.15809336   0.48361556  -0.22657783
   -0.46302787  -0.50648233  -0.33747526   0.49064073   0.45257576
    0.55906972   2.58756861  -6.25755774   8.12113228   1.15270096
  -16.29590648  -2.1220335    2.19896055]], Action: [[ 0.77864134  0.00976016 -1.         -1.         -1.          0.09046124]], Reward: [0.2668356],Reward_sum: -28.182764053344727, Done: [False]
==========
t: 86, State: [[ 5.98207917e-01 -4.69487632e-02  1.91533678e-01 -2.00959896e-01
   6.04003106e-01 -1.33175519e-02 -7.30724137e-01  2.00417180e-02
   1.37437225e-01  1.00272840e+00  7.34442219e-02 -7.95427664e-01
  -1.43614380e+01  1.42396648e+01  9.74877600e+00  4.27801790e+00
   9.70548022e+00 -1.04998121e+01]], Action: [[-1.          1.          0.0254969   0.15987659  1.          0.00229071]], Reward: [0.28488982],Reward_sum: -27.89787483215332, Done: [False]
==========
t: 87, State: [[  0.70800223  -0.02420021   0.17388759  -0.39074079   0.4688583
    0.55271215  -0.28711913   0.33683691  -0.63528394   2.6416377
    0.62063326   0.20686672   2.23285112  -9.89027641   8.82786832
    9.52634616   4.20356988 -12.49798665]], Action: [[-3.6104959e-01  2.2577687e-01  1.0000000e+00 -3.1381845e-04
   1.0000000e+00 -1.0000000e+00]], Reward: [1.8777531],Reward_sum: -26.020124435424805, Done: [False]
==========
t: 88, State: [[ 8.59566766e-01  6.27278930e-03  2.58428909e-01  2.48046203e-01
  -5.94385316e-01  6.27719778e-01  9.91038861e-02 -9.33285880e-02
  -1.85333793e-01  2.80443174e+00  4.48462603e-02  1.09459591e+00
   1.31836956e+01 -1.98188849e+01 -2.17926140e+00  5.22171785e+00
  -1.08014231e+01  1.46695166e+01]], Action: [[ 1.         -1.          1.         -0.444887   -0.91653645  0.5963276 ]], Reward: [2.5919337],Reward_sum: -23.428190231323242, Done: [False]
==========
t: 89, State: [[  0.9436918   -0.02251999   0.24376915   0.54744442  -0.71603438
   -0.3101784   -0.1659678   -0.40635356   0.61462036   1.1041989
   -0.87976583  -0.56283911   1.44837384   6.18537676 -20.68127389
  -10.83968683  -3.21265203  10.18176786]], Action: [[ 1.        -0.7661626 -1.        -1.        -1.         1.       ]], Reward: [1.1238002],Reward_sum: -22.30438995361328, Done: [False]
==========
t: 90, State: [[  0.96497107  -0.10379184   0.22315019   0.1311122    0.41941015
   -0.44455342  -0.77998046  -0.38812649   0.07707817   0.47444049
   -2.10398379  -0.31287547  -8.2819453   21.5852332    1.64862548
  -10.82175508   1.03388535 -16.84874115]], Action: [[-0.07028715  1.         -1.         -1.         -0.8720553  -1.        ]], Reward: [-0.05095666],Reward_sum: -22.3553466796875, Done: [False]
==========
t: 91, State: [[ 1.04821021 -0.18072089  0.11005719 -0.30288829  0.84052538  0.39980269
  -0.33592679 -0.03867932 -0.58910944  2.46352792 -1.2438253  -2.72773077
  -7.35327117 -2.49910905 19.09772687 17.43391964  9.13865287  1.01905851]], Action: [[-1.         1.         1.         1.         1.        -0.5481252]], Reward: [1.1347387],Reward_sum: -21.22060775756836, Done: [False]
==========
t: 92, State: [[ 1.22940234 -0.18523794  0.02041379  0.25265918 -0.03857914  0.83106171
   0.42022318 -0.29871598 -0.39300776  4.6358573   0.61165667 -0.35070416
  13.77994933 -6.18278961  2.8619236  14.7718052  -2.74565986  5.26216153]], Action: [[ 1.         -1.          1.          0.93730116  0.256663    0.32443523]], Reward: [3.218876],Reward_sum: -18.001731872558594, Done: [False]
==========
t: 93, State: [[ 1.3902562  -0.12942195  0.01312199  0.71830316 -0.4643481   0.51122117
   0.35534765 -0.25901545  0.1090047   2.22891241  1.63426558 -0.25464963
   4.53394591 -6.68279625 -8.88880392 -7.40962693  0.33812401 10.83335067]], Action: [[ 1.         -1.          0.62645155 -0.9936628  -1.          0.20591669]], Reward: [2.774856],Reward_sum: -15.226875305175781, Done: [False]
==========
t: 94, State: [[ 1.43981715e+00 -8.36601999e-02  7.95025345e-03  4.74187451e-01
   8.84059979e-02 -4.41287523e-01 -3.94111231e-01 -2.23707832e-01
   3.05120338e-01  7.06426687e-01  2.72830682e-01  3.84973122e-01
  -7.18006188e+00  1.46780437e+01 -1.80711609e+01 -1.66379619e+01
  -1.54577386e-01 -1.01887949e+00]], Action: [[ 0.8473568   0.70840675 -1.         -1.         -1.         -0.3789943 ]], Reward: [0.55487],Reward_sum: -14.672005653381348, Done: [False]
==========
t: 95, State: [[  1.48511696  -0.08587463   0.02516032  -0.27818202   0.7315709
   -0.42528746  -0.87881089   0.04798341  -0.25370005   1.426354
   -0.18214039  -0.49824556 -15.27567444   7.49046931   0.73701213
   -2.31412859   5.88809788 -14.67217549]], Action: [[-1.          1.         -1.         -0.37976912  0.6058652  -1.        ]], Reward: [0.45486662],Reward_sum: -14.217140197753906, Done: [False]
==========
t: 96, State: [[ 1.63855272 -0.06867251 -0.08060922 -0.38709164  0.64467458  0.26435454
  -0.26797511  0.26397577 -0.48892271  3.807812    0.44160978 -2.22946697
   4.79682146 -5.65497802 16.2320665  16.74516199  4.85156881  3.30735383]], Action: [[-0.12706195  1.          1.          0.49306768  1.          0.11755399]], Reward: [2.7414072],Reward_sum: -11.475732803344727, Done: [False]
==========
t: 97, State: [[  1.84283891  -0.03466756  -0.02308091   0.30468218  -0.34207253
    0.69544767   0.21686566   0.2451097    0.01625228   4.22971017
    0.87462766   2.95230259  10.93210707 -12.1784389    1.89754697
    4.85403986  -2.4460119   12.02893722]], Action: [[ 1.         -1.          1.         -0.5752722  -0.4404534   0.14643024]], Reward: [3.7310858],Reward_sum: -7.744647026062012, Done: [False]
==========
t: 98, State: [[  2.00285777  -0.02274743   0.10712153   0.62476784  -0.54087193
   -0.20458686   0.10841651  -0.08843772   0.42306324   2.52091381
   -0.04222811   2.55002153   2.51907734   1.04540322 -21.6719283
   -6.82419337  -8.20823323   4.21805595]], Action: [[ 1.         -0.7181804  -1.         -0.73750854 -1.         -0.06627746]], Reward: [2.7939677],Reward_sum: -4.950679302215576, Done: [False]
==========
t: 99, State: [[  2.07238669  -0.05175153   0.26098003   0.13793058   0.37443615
   -0.48511149  -0.57641466  -0.41171065   0.05541661   1.27135596
   -1.00613333   3.50623821 -11.29998623  18.88324888   2.87024155
  -15.74488276  -4.94219755 -13.02614756]], Action: [[-0.10812978  1.         -1.         -1.         -1.         -1.        ]], Reward: [0.8894092],Reward_sum: -4.061270236968994, Done: [False]
==========
t: 100, State: [[ 2.20017306 -0.0892478   0.31914317 -0.37324672  0.84648628  0.39252487
  -0.4117171  -0.18911784 -0.21158129  3.48335848 -0.49965048  0.33715509
  -7.47108848 -0.72445315 19.52150521 13.48954253  8.98944043  0.49954307]], Action: [[-1.  1.  1.  1.  1.  1.]], Reward: [1.9557273],Reward_sum: -2.1055428981781006, Done: [False]
==========
t: 101, State: [[  2.40940661  -0.05051255   0.37894366   0.17759222  -0.22723615
    0.79935801   0.08292013  -0.37519617  -0.53036784   4.22858749
    0.79631774   0.6673152   15.46847552 -25.86238194   0.49005387
    7.90521346  -0.29176989   0.92380073]], Action: [[ 0.9508476  -1.          1.         -0.04011917  0.11375774 -0.28774577]], Reward: [3.884525],Reward_sum: 1.778982162475586, Done: [False]
==========
t: 102, State: [[  2.54398305  -0.01791519   0.33093301   0.59872518  -0.84133081
    0.27191837  -0.04089795  -0.40680479   0.02289149   1.77888552
    0.57484233  -1.69999382   1.84135563   0.25525229 -12.68203908
   -8.67896151  -0.21055952  15.72288622]], Action: [[ 1.         -1.          0.26687554 -1.         -1.          1.        ]], Reward: [2.1844065],Reward_sum: 3.963388681411743, Done: [False]
==========
t: 103, State: [[  2.57047416  -0.02862587   0.23497088  -0.04018449   0.35279465
   -0.46611849  -0.67217567  -0.19797663   0.17575164   0.3639443
   -0.94253649  -2.04542563 -14.82645728  24.26819485 -11.34300012
  -11.4139034    4.73596563  -4.60678732]], Action: [[-0.5513623   1.         -0.8654731  -1.         -0.52721965 -1.        ]], Reward: [0.09672184],Reward_sum: 4.060110092163086, Done: [False]
==========
t: 104, State: [[  2.67111557  -0.07226681   0.04895592  -0.56279705   0.82029826
   -0.1062624   -0.34743319   0.14420695  -0.44805057   3.01190793
   -0.60731419  -3.87933895  -5.43548675  -2.38023031  11.21148117
   14.41783546   7.18627723 -13.92155207]], Action: [[-1.          1.          0.22745734  0.7811729   1.         -1.        ]], Reward: [1.5466313],Reward_sum: 5.606741428375244, Done: [False]
==========
t: 105, State: [[  2.8660254   -0.08183391  -0.03272223   0.03179561   0.02142805
    0.49198459   0.25627657   0.43086529  -0.41877645   4.04787868
   -0.59722752  -1.44429633  15.27191415 -17.25334567   9.45802661
    9.87250827   5.24539314   5.96014429]], Action: [[ 0.815191    0.06624697  1.          0.07596794  0.489864   -0.3948967 ]], Reward: [3.6911361],Reward_sum: 9.297877311706543, Done: [False]
==========
t: 106, State: [[  3.05660319  -0.05920191   0.06515915   0.50824466  -0.47745608
    0.54941579   0.23866325   0.20782334   0.36692816   3.15234978
    0.35518887   2.09686482   7.27695589 -10.13836484   0.32595859
   -6.24203515  -8.74335461  18.15951962]], Action: [[ 1.        -1.         1.        -1.        -1.         0.8539223]], Reward: [3.2386374],Reward_sum: 12.536514282226562, Done: [False]
==========
t: 107, State: [[ 3.16621262e+00 -2.31486074e-02  1.27341470e-01  5.32428526e-01
  -3.90661453e-01 -2.50662765e-01  1.68016043e-02 -1.18592446e-01
   5.29983898e-01  1.54012449e+00  8.13877222e-01  1.41160407e+00
  -3.63278076e+00  5.96475038e+00 -1.88479220e+01 -7.81146161e+00
  -6.31024563e+00 -1.51512881e+00]], Action: [[ 0.7033558  -0.4674483  -1.         -1.         -1.          0.75387156]], Reward: [1.7640346],Reward_sum: 14.300548553466797, Done: [False]
==========
t: 108, State: [[ 3.20121316e+00 -1.56211761e-02  2.20793334e-01 -1.60020260e-01
   4.55751357e-01 -4.55307872e-01 -6.30296987e-01 -3.48445894e-01
  -6.37213456e-02  8.19938048e-01 -3.83170993e-01  1.99268813e+00
  -1.44381752e+01  1.52557887e+01  1.73112777e+00 -1.36144003e+01
  -3.48449531e+00 -1.59643634e+01]], Action: [[-0.52692854  1.         -1.         -1.         -0.86609423 -1.        ]], Reward: [0.19723353],Reward_sum: 14.497781753540039, Done: [False]
==========
t: 109, State: [[ 3.32436929 -0.02294592  0.18127221 -0.56662263  0.79703267  0.31467761
  -0.31704483 -0.12421893 -0.53527322  3.55107118  0.15338648 -1.74098945
   0.30160837 -0.36371481 16.79539729 16.04094734  8.43305071  1.0559139 ]], Action: [[-1.         1.         1.         1.         1.        -0.4515944]], Reward: [1.9427289],Reward_sum: 16.440509796142578, Done: [False]
==========
t: 110, State: [[ 3.55284531e+00 -2.19189501e-03  2.60447322e-01  2.61972193e-01
  -3.07109484e-01  7.27195984e-01  2.48854380e-01  2.87081316e-01
  -2.16795882e-01  4.55320598e+00 -2.86033043e-01  1.62359439e+00
   1.79067666e+01 -2.58540911e+01  2.20088902e+00  8.71872859e+00
   6.48766778e+00  7.72046166e+00]], Action: [[ 1.         -1.          1.          0.06095076  0.0913872  -0.22013403]], Reward: [4.263468],Reward_sum: 20.703977584838867, Done: [False]
==========
t: 111, State: [[ 3.69595038 -0.04223538  0.29636176  0.64582154 -0.8008091   0.38820622
   0.20748936  0.20744467  0.44368745  1.91200181 -0.84233622  0.46549808
   0.28396203  2.48208156 -9.03879134 -6.37893056 -6.31331092 13.61794275]], Action: [[ 1.        -1.         0.5216991 -1.        -1.         0.6122578]], Reward: [2.3973985],Reward_sum: 23.10137939453125, Done: [False]
==========
t: 112, State: [[  3.73745037  -0.04666429   0.2637389   -0.06027151   0.3916831
   -0.40924805   0.22750957   0.29463286   0.49936544   0.32049582
    0.05530761  -0.88084788 -17.34414042  22.80697043 -14.59637014
   -0.11777708   3.19607524  -4.88472207]], Action: [[-0.70944136  1.         -1.         -1.         -0.5934038  -1.        ]], Reward: [0.34445626],Reward_sum: 23.44583511352539, Done: [False]
==========
t: 113, State: [[  3.79901555  -0.041965     0.2539109   -0.56062834   0.74200128
   -0.25002351   0.23616506   0.6246186   -0.12191681   2.03303379
    0.3773053    0.99787411   1.01509308  -3.25962147   8.60127971
   -0.13727702   6.07355154 -15.12901947]], Action: [[-1.          1.          0.2625529   0.10387993  1.         -1.        ]], Reward: [0.82333094],Reward_sum: 24.269166946411133, Done: [False]
==========
t: 114, State: [[  3.95067227  -0.02405905   0.38185616   0.1177866   -0.18996374
    0.43611114   0.48127294   0.41182991  -0.18235458   3.18369019
   -0.29514503   1.79662344  15.07746121 -20.06492413  12.93353592
    7.08431489  -6.85476466   6.72479813]], Action: [[ 0.7473652  -0.47687763  1.          0.941591    0.58086145  1.        ]], Reward: [2.6321385],Reward_sum: 26.90130615234375, Done: [False]
==========
t: 115, State: [[ 4.05508581e+00 -3.49255034e-02  4.06117208e-01  6.01828074e-01
  -7.87200127e-01  7.05165574e-01  2.33895247e-01 -8.29700721e-03
   5.24954183e-01  1.28644174e+00 -1.67022504e-01  6.14124925e-02
   4.36147152e+00 -3.19409362e+00  1.89209604e-01 -1.24098637e+01
  -8.55094948e+00  1.53368154e+01]], Action: [[ 1. -1.  1. -1. -1.  1.]], Reward: [1.4882706],Reward_sum: 28.389575958251953, Done: [False]
==========
t: 116, State: [[ 4.09179829e+00 -8.25139920e-03  3.40085966e-01  4.77338068e-01
  -3.02480654e-02 -2.45984247e-01  1.81680583e-01  1.84668231e-01
   5.15789870e-01  2.33666235e-01  7.67450664e-01 -1.26984924e+00
  -4.14060527e+00  1.75595128e+01 -2.17398973e+01 -3.44363179e+00
   3.98292479e+00 -2.01795723e+00]], Action: [[ 0.8334109   0.38406497 -1.         -1.         -0.68363965 -0.28422415]], Reward: [0.39522713],Reward_sum: 28.78480339050293, Done: [False]
==========
t: 117, State: [[  4.06314751   0.06434309   0.33339353  -0.30158851   0.7134417
   -0.43152122  -0.04882254   0.39593682   0.24385494  -0.67677318
    1.52803485   0.21319391 -18.11698414   7.74991432   0.84900586
   -4.23618184   2.7901125   -7.64894911]], Action: [[-1.          1.         -1.         -1.         -0.19708626 -1.        ]], Reward: [-1.0768999],Reward_sum: 27.707902908325195, Done: [False]
==========
t: 118, State: [[  4.08161375   0.14654279   0.396217    -0.50065035   0.50708848
    0.22898494  -0.32728255   0.61588488  -0.31483792   0.81334163
    1.63791619   1.92561981   3.71040539  -7.82668622  15.57056902
   -6.13823772   2.84457656 -11.83460389]], Action: [[-0.41888273  1.          1.         -0.8589344   0.86048174 -1.        ]], Reward: [-0.09604127],Reward_sum: 27.611862182617188, Done: [False]
==========
t: 119, State: [[ 4.15796929e+00  1.76311522e-01  4.37253237e-01 -3.72770569e-02
   2.92222684e-01  6.62251450e-01 -4.97430743e-02  1.41571729e-02
  -2.85015487e-01  1.63870639e+00 -1.06501886e-01 -1.44693770e-01
   1.01069439e+01 -6.23885210e-01  3.46644927e+00  9.74901203e+00
  -1.48126649e+01  7.14141402e+00]], Action: [[ 0.20276646  1.          1.          0.4850744  -0.13757718  0.6328987 ]], Reward: [1.2575208],Reward_sum: 28.869380950927734, Done: [False]
==========
t: 120, State: [[  4.23438956   0.17458486   0.48287764   0.60280274  -0.28800153
    0.34578115   0.05735797  -0.53425008   0.03947782   1.10331604
   -0.05273807   0.88659178  10.39461863 -13.02348174  -9.00950838
   -3.37293893  -7.08484386   4.81954388]], Action: [[ 1.         -0.893163    0.28025705 -0.5015313  -1.         -0.21284746]], Reward: [1.2110932],Reward_sum: 30.080474853515625, Done: [False]
==========
t: 121, State: [[  4.23347031   0.1683949    0.51067657   0.67792256  -0.2036853
   -0.45708651  -0.54186306  -0.57318166   0.2114409   -0.40725228
   -0.32169639   0.73865216  -2.68214161   7.67017619 -14.64986085
  -14.16216914   2.0557534    1.84409127]], Action: [[ 1.          0.07970048 -1.         -1.         -1.          0.16777806]], Reward: [-0.42183512],Reward_sum: 29.658639907836914, Done: [False]
==========
t: 122, State: [[  4.18915873   0.15484397   0.55824976  -0.13337729   0.59081636
   -0.42562947  -1.03330695  -0.1793301   -0.18827551  -0.56709637
   -0.59553243  -0.3992133  -18.04148818  13.49873856   0.82043888
    0.34320089   6.7200752  -12.25012305]], Action: [[-1.          1.         -1.         -1.         -0.04632508 -1.        ]], Reward: [-1.3864464],Reward_sum: 28.272193908691406, Done: [False]
==========
t: 123, State: [[ 4.2174912   0.11108902  0.50205405 -0.58557107  0.65099632  0.25875523
  -0.81422677  0.34886654 -0.5440659   1.49624454 -0.92548859 -0.82218283
   1.993765   -5.96750841 15.15140657  5.65215129 10.6306643   1.3762109 ]], Action: [[-1.  1.  1. -1.  1. -1.]], Reward: [-0.0333506],Reward_sum: 28.23884391784668, Done: [False]
==========
t: 124, State: [[  4.36425341   0.06997564   0.45137518   0.28913322  -0.40607864
    0.6813477    0.06046135  -0.21336716  -0.36069971   3.06215861
   -1.63148454  -1.82454384  19.00560773 -22.0161662    3.31736431
   21.34594995 -10.44438956   7.93123423]], Action: [[ 1.         -1.          1.          0.6978638  -0.2517889   0.23515777]], Reward: [2.5746732],Reward_sum: 30.81351661682129, Done: [False]
==========
t: 125, State: [[ 4.43163494 -0.01348457  0.33662477  0.72087834 -0.78516903  0.48590762
   0.33602765 -0.37333804  0.26973287  0.48120747 -1.39757818 -2.37204379
   1.7561646   2.11359222 -6.05533868 -4.42202191  0.01683767 13.05868309]], Action: [[ 1.         -1.          0.7123996  -0.6961905  -1.          0.49260145]], Reward: [0.92414546],Reward_sum: 31.737661361694336, Done: [False]
==========
t: 126, State: [[ 4.3964215  -0.02337469  0.229484    0.37592897 -0.42435334  0.06675224
   0.04768786 -0.32994307  0.48730518 -1.3225493   0.15810274 -1.89987387
  -9.54391736  5.42491115 -7.22603261 -8.8719299   1.91435261 -3.25910745]], Action: [[ 0.30118775 -1.          0.04293537 -1.         -0.9989095  -0.953034  ]], Reward: [-1.1041338],Reward_sum: 30.633527755737305, Done: [False]
==========
t: 127, State: [[  4.29172908  -0.07715325   0.07409202  -0.52712737   0.37031997
   -0.07872069  -0.58036976   0.10806524  -0.13600557  -1.78383554
   -2.04028531  -3.69249813 -18.0518332   13.23173577  -0.67837143
  -11.05839769   9.35672789 -15.45822985]], Action: [[-1.          1.          0.01906121 -1.          0.08214249 -1.        ]], Reward: [-2.4945595],Reward_sum: 28.138965606689453, Done: [False]
==========
t: 128, State: [[ 4.32742941 -0.14243144 -0.15185499 -0.56769444  0.62839217  0.17203052
  -0.20325199  0.28715633 -0.57406131  1.71176111 -0.26999743 -3.38769201
   1.15314217  9.385492   -0.21743759 14.42470286  0.34261883  2.18720714]], Action: [[-1.         1.         1.         0.9645107  1.        -1.       ]], Reward: [0.1209785],Reward_sum: 28.259944915771484, Done: [False]
==========
t: 129, State: [[  4.43859993  -0.05259105  -0.02645422   0.12160488  -0.05530051
    0.13490429   0.13434078   0.18176661  -0.37138005   2.42893444
    2.09564787   3.89399023  15.88628608 -22.27910407   2.46441439
    2.39040329  -2.11497545   4.4380481 ]], Action: [[ 1.         -1.          1.         -0.5663062  -0.21696307 -0.8444691 ]], Reward: [1.8153201],Reward_sum: 30.075267791748047, Done: [False]
==========
t: 130, State: [[ 4.51242192e+00 -2.58297901e-03  9.81724453e-02  6.33095680e-01
  -6.97398207e-01 -2.99985869e-01 -9.34790614e-02 -1.48393766e-01
   3.27101889e-01  7.69772846e-01  4.07459815e-01  1.95450054e+00
   4.62678355e+00 -3.28382291e+00 -1.13301319e+01 -9.01728944e+00
  -8.13304049e+00  1.65206899e+01]], Action: [[ 1.         -0.76172304 -1.         -0.9116061  -1.          1.        ]], Reward: [0.93531495],Reward_sum: 31.01058578491211, Done: [False]
==========
t: 131, State: [[ 4.51433938e+00 -2.77227671e-02  1.77889274e-01  3.87429487e-01
   2.54349859e-01 -4.50257059e-01 -7.02527983e-01 -4.54477413e-01
   4.16479228e-01 -1.97425597e-02 -9.94381821e-01  1.54277863e+00
  -4.99374720e+00  2.17246116e+01  1.73475178e+00 -1.21139878e+01
  -4.56886490e+00 -7.16756731e+00]], Action: [[ 0.55788046  1.         -1.         -1.         -1.         -0.66292953]], Reward: [-0.43672147],Reward_sum: 30.573863983154297, Done: [False]
==========
t: 132, State: [[  4.5468051   -0.04289029   0.18617967  -0.11995989   0.86373774
    0.44008094  -0.43628839  -0.13770051  -0.46764947   1.42471915
    0.1033607   -0.10496    -11.12258316  -0.53492273  20.19198648
   14.28750551  11.01737427 -19.41021616]], Action: [[-1.          1.          1.          0.87125957  1.         -1.        ]], Reward: [0.07340517],Reward_sum: 30.647266387939453, Done: [False]
==========
t: 133, State: [[  4.65240631  -0.0213674    0.24298826  -0.14535022   0.18156682
    0.79662836   0.12488019   0.11556838  -0.56080086   1.99638617
    0.85818735   0.55529495   3.89116063 -16.4114449   -2.47699554
    8.18386046  -4.55458599   2.00336341]], Action: [[-0.07432184 -0.14963405  1.          0.22039533  0.68813086 -0.33076054]], Reward: [1.9460827],Reward_sum: 32.59334945678711, Done: [False]
==========
t: 134, State: [[ 4.72950793e+00  1.64061252e-02  2.69350788e-01  3.16315851e-01
  -7.68515835e-01 -8.00418977e-02  2.50445385e-02 -1.73173473e-01
   1.41702921e-01  1.00693183e+00  3.26375331e-01 -4.22193496e-01
   7.78129469e+00 -1.41400066e+01 -1.91062889e+01 -7.83287319e+00
  -5.48684505e+00  1.82634128e+01]], Action: [[ 1.         -1.         -0.4809186  -1.         -1.          0.90148693]], Reward: [1.0376363],Reward_sum: 33.630985260009766, Done: [False]
==========
t: 135, State: [[ 4.75897767e+00 -1.17527244e-02  2.14284883e-01  3.46950330e-01
  -5.00559904e-01 -4.42888651e-01 -5.44537128e-01 -3.55281383e-01
   5.28207340e-01  6.40654127e-01 -1.13250412e+00 -1.15083108e+00
  -9.18478268e-01  1.24104478e+01  1.11324410e+00 -1.16034099e+01
  -2.67826486e+00 -2.56288582e+00]], Action: [[ 1.         -0.18868403 -1.         -1.         -1.          0.29158854]], Reward: [0.17733231],Reward_sum: 33.80831527709961, Done: [False]
==========
t: 136, State: [[ 4.79715080e+00 -9.12132745e-02  3.86904314e-02 -8.59117659e-02
   6.37663659e-01  3.82755526e-01 -4.57076238e-01 -3.48903328e-03
  -2.63904996e-01  1.02089323e+00 -1.76257950e+00 -4.65856668e+00
  -9.81455077e+00  1.87463751e+01  1.93446854e+01  9.19132829e+00
   1.02234444e+01 -1.97061131e+01]], Action: [[-1.         1.         0.9759226  0.6119482  1.        -1.       ]], Reward: [0.2307721],Reward_sum: 34.03908920288086, Done: [False]
==========
t: 137, State: [[ 4.88813098 -0.15706085 -0.12667965 -0.07074949  0.72090478  0.8183357
  -0.07518318  0.48030069 -0.57149371  1.94478368 -0.8840782  -2.72400329
   4.82745292 -5.60260959 -0.28309707  5.81364581  3.54291907  0.88194092]], Action: [[ 0.07287122  0.6324467   1.         -0.15199146  1.         -1.        ]], Reward: [1.4767634],Reward_sum: 35.51585006713867, Done: [False]
==========
t: 138, State: [[  5.01155462  -0.159549    -0.11053661   0.48276773   0.07693235
    0.4248621    0.13902404  -0.05258585  -0.16049099   2.87136681
    0.45051939   2.42018067  10.50325189  -6.70987905  -7.86294152
    1.2542862  -14.04761047  11.35226429]], Action: [[ 1.         -1.          0.3724358  -0.49276614 -1.          0.11430147]], Reward: [2.1290135],Reward_sum: 37.64486312866211, Done: [False]
==========
t: 139, State: [[  5.08960832  -0.16414881   0.02251654   0.55173691   0.24468463
   -0.40275445  -0.36204736  -0.51034423   0.24125734   1.04633077
   -0.36387706   3.13855463  -3.07121518   6.89469592 -15.72613483
  -15.37387594  -5.64912641   4.36073508]], Action: [[ 0.6275394   0.8141789  -0.99191195 -1.         -1.         -0.14494939]], Reward: [1.1549149],Reward_sum: 38.79977798461914, Done: [False]
==========
t: 140, State: [[  5.13821114  -0.18702447   0.19905225   0.06317461   0.60468094
   -0.45386535  -1.05894739  -0.36245109  -0.1079739    1.28871541
   -0.51271613   3.14359067  -9.99363538   4.83114316   1.81426495
   -8.87615701   5.56327703 -12.05458255]], Action: [[-0.23621689  1.         -1.         -1.         -0.24927406 -1.        ]], Reward: [0.56026274],Reward_sum: 39.360042572021484, Done: [False]
==========
t: 141, State: [[ 5.25470893 -0.18941841  0.15883435 -0.40114637  0.7023276   0.36052295
  -0.41708226 -0.11180844 -0.50475845  2.70764274  0.15930918 -3.41809168
  -7.36968548  0.1837265  18.23869489 13.66898278 -7.91649697 -9.32773897]], Action: [[-0.93572307  1.          1.          1.          1.          0.25729823]], Reward: [1.8357779],Reward_sum: 41.19581985473633, Done: [False]
==========
t: 142, State: [[  5.42852009  -0.14245246   0.11919945   0.15595764  -0.30136774
    0.74854163  -0.05735092  -0.3958948   -0.36514271   3.45776472
    0.79840368  -0.76397661  15.38697832 -23.50932001   0.85037734
    2.54953576  -2.65025329   7.75808946]], Action: [[ 1.         -0.9013875   1.         -0.6774804  -0.73389345  0.04642455]], Reward: [3.0949996],Reward_sum: 44.29082107543945, Done: [False]
==========
t: 143, State: [[  5.59609938  -0.10684286   0.11950214   0.71293265  -0.52902025
   -0.13942474  -0.19269421  -0.48957555   0.34576182   2.80644509
    0.32142275  -0.1914052    7.24171456  -0.19433259 -22.3956793
   -5.68999934  -0.97396813  15.41457986]], Action: [[ 1.         -0.8720444  -1.         -0.57278526 -1.          1.        ]], Reward: [2.8427312],Reward_sum: 47.133544921875, Done: [False]
==========
t: 144, State: [[ 5.68218658 -0.11458023  0.13928342  0.42281469  0.36502047 -0.46912703
  -0.66741664 -0.43264566  0.30752721  1.51197672 -0.41397593  0.89253655
  -8.76004588 19.2403787   2.27115926 -9.32841777  1.22696259 -9.8238843 ]], Action: [[ 0.3288325  1.        -1.        -1.        -1.        -1.       ]], Reward: [1.2109311],Reward_sum: 48.34447479248047, Done: [False]
==========
t: 145, State: [[  5.79071595  -0.11620416   0.12144626  -0.27587798   0.84593334
    0.40536204  -0.44377826   0.03173443  -0.54352924   2.92255269
    0.07887327  -0.87128358 -13.34096364  -0.81979561  19.35972634
   11.539996    11.98616879 -17.12464325]], Action: [[-1.         1.         1.         0.5226538  1.        -1.       ]], Reward: [1.6432705],Reward_sum: 49.98774719238281, Done: [False]
==========
t: 146, State: [[  5.94920891  -0.08009692   0.09616818  -0.27728529   0.25433858
    0.79986705  -0.14184573   0.17863491  -0.52603902   3.195103
    0.84820896  -0.45362813   5.57887927 -14.19921667  -0.01688578
    3.24204284   3.78021164   1.34976051]], Action: [[-0.06609292  0.25368154  1.         -0.37448558  0.7474891  -1.        ]], Reward: [2.893089],Reward_sum: 52.880836486816406, Done: [False]
==========
t: 147, State: [[ 6.11153838 -0.04190718  0.12119638  0.32892237 -0.61918415  0.36789476
  -0.17567964 -0.09705592  0.14545249  3.15951507  0.46810657  0.68624376
  11.72108564 -9.71727817 -8.77107973 -3.73138325 -8.62822465 17.89704479]], Action: [[ 1.         -1.          0.5003438  -0.96539086 -1.          1.        ]], Reward: [2.728357],Reward_sum: 55.60919189453125, Done: [False]
==========
t: 148, State: [[  6.23220207  -0.07243871   0.10501499   0.52725644  -0.16026748
   -0.45718517  -0.55588039  -0.44076394   0.50886732   2.11697869
   -1.09597962  -0.36835172   1.47392976  14.74761378 -14.70671207
   -9.25855361  -5.08314389  -2.48258449]], Action: [[ 0.7836969   0.2085181  -1.         -1.         -1.          0.17974107]], Reward: [2.0442772],Reward_sum: 57.653472900390625, Done: [False]
==========
t: 149, State: [[  6.3208422   -0.13203623   0.11955161   0.279859     0.67244982
   -0.42034981  -0.98082818  -0.44881617  -0.16389889   1.85460016
   -1.09760241   0.5908994   -6.47966295  12.33962788   0.98263781
   -5.75381252   1.43249259 -17.23111835]], Action: [[-0.05804364  1.         -1.         -1.         -0.6234886  -1.        ]], Reward: [1.3335918],Reward_sum: 58.98706817626953, Done: [False]
==========
t: 150, State: [[  6.45469262  -0.14816905   0.0375285   -0.27074362   0.76808815
    0.39665248  -0.26762609  -0.03160121  -0.53340853   3.32365995
   -0.35429962  -2.30245966 -10.58051268  -4.21885727  18.47089578
   20.87780691  13.08536681   1.50428115]], Action: [[-1.         1.         1.         1.         1.        -0.9180195]], Reward: [2.0927324],Reward_sum: 61.079803466796875, Done: [False]
==========
t: 151, State: [[ 6.65912636e+00 -1.20128831e-01  3.95114698e-02  1.42888481e-01
  -1.78044338e-01  8.28487830e-01  2.87166022e-01  2.73556013e-03
  -4.98301059e-01  4.72539780e+00  1.33823782e+00  1.84134955e+00
   1.15929836e+01 -9.59556520e+00  4.12604603e+00  6.61596984e+00
  -1.52947905e-01  4.61522073e+00]], Action: [[ 1.         -1.          1.          0.05910927  0.10265587 -0.37925678]], Reward: [3.772888],Reward_sum: 64.85269165039062, Done: [False]
==========
t: 152, State: [[ 6.84386523 -0.05067946  0.10482579  0.59570184 -0.60690986  0.62111959
   0.17036547 -0.15265141  0.27785274  2.91793757  1.60186797  0.68030396
   5.49313925 -4.75443628 -5.99892687 -5.40357358 -5.04387582 18.98148025]], Action: [[ 1. -1.  1. -1. -1.  1.]], Reward: [3.0947773],Reward_sum: 67.94747161865234, Done: [False]
==========
t: 153, State: [[ 6.93147549e+00  4.20156031e-03  1.65692314e-01  3.78264921e-01
  -1.08876702e-01 -2.78904350e-01 -4.48124665e-01 -3.37875695e-01
   4.41401791e-01  1.42691312e+00  6.94982356e-01  1.81805719e+00
  -7.19126883e+00  1.21703168e+01 -1.81911516e+01 -1.45779260e+01
  -3.14112195e+00 -6.16533883e+00]], Action: [[ 0.37190187  0.02692296 -0.8285281  -1.         -1.         -0.25148952]], Reward: [1.4633309],Reward_sum: 69.41080474853516, Done: [False]
==========
t: 154, State: [[ 6.99875243e+00  1.44986200e-02  2.46888490e-01 -3.11958686e-01
   6.34842309e-01 -4.28724114e-01 -1.06205499e+00 -1.73438221e-01
  -3.02087759e-01  1.77039171e+00 -4.26982439e-03  1.06903524e+00
  -1.35028020e+01  1.08542305e+01  8.16227141e-01 -7.27745079e+00
   4.43052200e+00 -1.70801833e+01]], Action: [[-0.9226233   1.         -1.         -1.         -0.00792553 -1.        ]], Reward: [0.86040926],Reward_sum: 70.2712173461914, Done: [False]
==========
t: 155, State: [[ 7.16351463  0.04114152  0.16883258 -0.55870232  0.73501748  0.28625872
  -0.46705978  0.11627507 -0.56074857  4.16654589  0.68659919 -2.00626164
   2.10896207 -3.45642304 16.48571209 18.0888248   8.10772986  3.03766046]], Action: [[-0.9394001   1.          1.          0.43218517  1.         -1.        ]], Reward: [2.7883184],Reward_sum: 73.05953216552734, Done: [False]
==========
t: 156, State: [[  7.40826794   0.07595205   0.25568823   0.25563991  -0.41775643
    0.70518548   0.10468823   0.29920176  -0.17078885   4.70514783
   -0.08977409   1.93879386  16.80478569 -25.29606018   2.53428232
    7.73398749   1.50099889   9.13427701]], Action: [[ 1.         -1.          1.         -0.5328835  -0.30631196 -0.38949198]], Reward: [4.5421166],Reward_sum: 77.60164642333984, Done: [False]
==========
t: 157, State: [[ 7.56750438  0.03684741  0.30244079  0.61002415 -0.82330319  0.37874052
   0.07691026  0.05206506  0.58638034  2.32980317 -0.94379051  0.69696196
   0.31021238  3.89605488 -8.84438231 -5.94360977 -7.83963997 15.51616623]], Action: [[ 1.        -1.         0.5111019 -1.        -1.         1.       ]], Reward: [2.6586063],Reward_sum: 80.26025390625, Done: [False]
==========
t: 158, State: [[ 7.61160899e+00  2.91268642e-02  2.59621498e-01 -1.40914360e-01
   4.53086987e-01 -3.97414173e-01  1.27677815e-02  9.24425285e-02
   4.16395136e-01  3.21863767e-01  8.29150047e-02 -1.55209502e+00
  -1.84024606e+01  2.38207036e+01 -1.41850642e+01 -1.16377472e+00
   3.95004056e+00 -7.41562298e+00]], Action: [[-1.          1.         -1.         -1.         -0.21427773 -1.        ]], Reward: [0.3775007],Reward_sum: 80.63775634765625, Done: [False]
==========
t: 159, State: [[  7.68621991   0.03837232   0.21178257  -0.60030324   0.77140804
   -0.20316378   0.03336301   0.50016357  -0.27455451   2.37052766
    0.51311045   0.33334578   2.43128053  -4.21391994  10.31471948
    0.57967538   8.02212113 -15.44459953]], Action: [[-1.          1.          0.47661757  0.01092994  1.         -1.        ]], Reward: [1.0694901],Reward_sum: 81.70724487304688, Done: [False]
==========
t: 160, State: [[  7.86378598   0.06544927   0.3162921    0.19533113  -0.3601235
    0.48710044   0.40584895   0.38288328  -0.26864386   3.70769688
   -0.25953257   1.27463032  16.95319902 -24.43142787  12.24930545
   10.53362816  -4.88772391   8.86481459]], Action: [[ 0.8252212 -0.9325395  1.         1.         0.6167337  1.       ]], Reward: [3.0582232],Reward_sum: 84.76545715332031, Done: [False]
==========
t: 161, State: [[ 7.9765895   0.04617076  0.30087361  0.61238811 -0.80248857  0.62216734
   0.31086478  0.04414232  0.55357249  1.39749924 -0.30881269 -0.81888039
   1.87403739  3.05773508 -2.67125239 -9.73373259 -7.35190845 17.45374629]], Action: [[ 1.       -1.        0.812105 -1.       -1.        1.      ]], Reward: [1.6901189],Reward_sum: 86.45558166503906, Done: [False]
==========
t: 162, State: [[  7.96003535   0.03979863   0.22895492  -0.04053307   0.44344871
   -0.25975936  -0.21745352  -0.11945813   0.46024103  -0.94230883
    0.41612537  -2.78965441 -15.60911911  24.12612213 -19.08531061
   -3.82176842  -3.03156688  -0.84104262]], Action: [[-0.74897385  1.         -1.         -1.         -0.31289315 -0.5664712 ]], Reward: [-0.7290583],Reward_sum: 85.72651672363281, Done: [False]
==========
t: 163, State: [[  7.94728341   0.05977344   0.12439418  -0.56109174   0.78614644
   -0.43049573  -0.58213317   0.19670238  -0.10969817   0.39914756
    0.58513659  -1.03851698  -2.82292404  -4.14807376   0.85217451
   -7.64126635   8.56847796 -15.27509997]], Action: [[-0.6398843  1.        -1.        -1.         0.6192365 -1.       ]], Reward: [-0.7343295],Reward_sum: 84.9921875, Done: [False]
==========
t: 164, State: [[ 8.01065663  0.08246999  0.03008818 -0.47966343  0.50623474  0.30298916
  -0.45951376  0.40102442 -0.57744206  1.56813735  0.20655257 -2.68532356
   2.19185512 -4.38804145 17.30477383  7.44206046  1.0947034   1.40545878]], Action: [[-0.9317024   1.          1.          0.08726674  1.         -0.5453484 ]], Reward: [0.8501555],Reward_sum: 85.84234619140625, Done: [False]
==========
t: 165, State: [[ 8.12817693e+00  1.08474944e-01 -1.76020297e-02  2.86150424e-01
  -4.61171764e-01  7.23835389e-01  2.96568085e-02 -2.57100561e-02
  -1.09552922e-02  2.40485666e+00 -2.40048009e-02 -1.33048549e+00
   1.64074839e+01 -1.98364475e+01  2.20486255e+00  9.18671380e+00
  -9.58089327e+00  1.48330021e+01]], Action: [[ 1.         -1.          1.         -0.16258821 -0.48625612  0.59816194]], Reward: [1.9883381],Reward_sum: 87.8306884765625, Done: [False]
==========
t: 166, State: [[  8.19297793   0.06514217  -0.11852668   0.70423589  -0.75391508
    0.15871113   0.04223301  -0.37967777   0.60918525   0.59491686
   -1.22188563  -1.98308345   2.44327346   2.72677282 -14.04684735
   -5.08459469  -4.29046793  -1.27225401]], Action: [[ 1.         -1.         -0.09016997 -0.6672186  -1.          1.        ]], Reward: [0.85068893],Reward_sum: 88.68138122558594, Done: [False]
==========
t: 167, State: [[ 8.19126649e+00 -4.09128161e-02 -2.19837920e-01  4.81895351e-01
   3.24844081e-01 -4.60827017e-01 -5.28007975e-01 -3.94384088e-01
  -1.23141592e-02 -1.14746737e-02 -2.63764016e+00 -1.64046331e+00
  -4.25620171e+00  2.18837002e+01 -1.04003029e+00 -1.31527528e+01
   1.04111148e+00 -1.67854941e+01]], Action: [[ 0.9076709  1.        -0.8943564 -1.        -1.        -1.       ]], Reward: [-0.59660286],Reward_sum: 88.08477783203125, Done: [False]
==========
t: 168, State: [[  8.21415975  -0.13337607  -0.33188727  -0.10397583   0.81563288
    0.38777824  -0.36430703  -0.04556501  -0.55567728   0.95691781
   -1.36946788  -2.86085689 -13.3165078   -1.21114519  20.14122225
   12.68862716   8.34262979   1.53839278]], Action: [[-1.  1.  1.  1.  1. -1.]], Reward: [-0.1421347],Reward_sum: 87.94264221191406, Done: [False]
==========
t: 169, State: [[  8.37178399  -0.1098779   -0.25872126   0.22162905   0.35411914
    0.82377599   0.41196202   0.32217808  -0.04499356   4.02017407
    0.76894741   4.2963018   12.49443799 -14.78606742  -1.24198053
   13.78609163   7.93092267  13.94205421]], Action: [[ 1.         -1.          1.          0.7224386   0.45284694  0.49362242]], Reward: [2.7554195],Reward_sum: 90.69805908203125, Done: [False]
==========
t: 170, State: [[  8.51247658  -0.0921994    0.03512356   0.6176377   -0.50371833
    0.56846171   0.44428476   0.39334132   0.6208728    1.96249641
    0.25772873   5.9951116    4.10981201 -15.2136842   -6.48619043
   -5.43536561  -3.43063199  -1.27871961]], Action: [[ 0.9361662 -1.         0.864959  -1.        -1.         0.8271912]], Reward: [2.2829714],Reward_sum: 92.98103332519531, Done: [False]
==========
t: 171, State: [[ 8.57171062e+00 -7.08410596e-02  1.84395040e-01  4.93993800e-01
   2.37325729e-03 -4.07107113e-01  3.02123426e-01  1.58504279e-01
   5.46597093e-01  8.94739764e-01  8.64857835e-01  1.61593919e+00
  -3.79151481e+00  1.80929675e+01 -1.91040729e+01  2.54031171e-02
  -2.86681478e+00 -1.59882328e+00]], Action: [[ 1.        1.       -1.       -1.       -1.       -0.637909]], Reward: [0.64398795],Reward_sum: 93.62501525878906, Done: [False]
==========
t: 172, State: [[  8.57302568   0.02855566   0.31899212  -0.24375753   0.74399426
   -0.45882194   0.07436781   0.30658975   0.28911108  -0.09700819
    2.43098629   3.06241145 -17.32745896   7.71409006   1.94903471
   -5.85939272   4.72846457  -7.23579585]], Action: [[-1.          1.         -1.         -1.         -0.03923412 -1.        ]], Reward: [-0.47385278],Reward_sum: 93.15116882324219, Done: [False]
==========
t: 173, State: [[  8.62184454   0.15658595   0.54271818  -0.4937047    0.42619681
    0.26722832  -0.16288117   0.4446446   -0.30463902   1.48190142
    2.52702017   5.18984989   2.38964331 -11.26459126  16.42304228
   -4.18912331   0.16944506 -12.96725406]], Action: [[-0.24417298  0.5879455   1.         -0.32094613  0.5673504  -1.        ]], Reward: [0.6933579],Reward_sum: 93.84452819824219, Done: [False]
==========
t: 174, State: [[  8.72657647   0.21879724   0.7395538    0.05489767   0.06790444
    0.64667014   0.04218316  -0.18172633  -0.18381867   1.9979623
    0.32347806   2.43676446  12.80445191  -2.18942052   1.98323851
    7.02609414 -14.49572847  10.210976  ]], Action: [[ 0.7503594   0.89063525  1.          0.3002485  -0.67965263  1.        ]], Reward: [1.7038038],Reward_sum: 95.54832458496094, Done: [False]
==========
t: 175, State: [[  8.7898779    0.25894345   0.89648463   0.46212261  -0.27427877
    0.29796647  -0.20160379  -0.58407219   0.25335717   0.81118246
    1.10576041   3.52034685   3.32335434  -6.54084338  -9.29902025
  -11.39320033  -4.02839316   6.16889877]], Action: [[ 0.21754156 -0.8183338   0.14712858 -0.9086063  -1.          0.08688383]], Reward: [1.0088531],Reward_sum: 96.55717468261719, Done: [False]
==========
t: 176, State: [[  8.79179656   0.29379419   1.00928017   0.3975069    0.22805965
   -0.49155332  -0.8030439   -0.55216973   0.14676964  -0.11268773
    0.33832817   1.77519314  -1.50705815  14.50788362 -13.79719578
   -9.76525898   2.03913531  -6.5559581 ]], Action: [[ 0.68325627  1.         -1.         -1.         -1.         -0.45370525]], Reward: [-0.4288956],Reward_sum: 96.12828063964844, Done: [False]
==========
t: 177, State: [[  8.81279159   0.324932     1.0871835   -0.13031507   0.79869205
   -0.42276698  -0.81381026  -0.19999547  -0.47455498   0.84592702
    0.48451046   1.1750053  -13.26004735   5.96056055   1.31528293
    5.78614605   8.02882098 -13.01982444]], Action: [[-1.          1.         -1.         -0.32971412  0.14782365 -1.        ]], Reward: [0.00684421],Reward_sum: 96.13512420654297, Done: [False]
==========
t: 178, State: [[  8.90757168   0.30923583   1.19120592  -0.24172979   0.36390103
    0.28076733  -0.5838775    0.35559966  -0.51231337   2.24941783
   -0.81970047   2.70147531   3.6759192  -13.57649293  16.26797524
    3.25521971  11.25491617   2.6776557 ]], Action: [[ 0.08961962  0.334481    1.         -0.8689129   0.7559747  -1.        ]], Reward: [1.5509602],Reward_sum: 97.68608093261719, Done: [False]
==========
t: 179, State: [[  9.02080898   0.21090982   1.35620431   0.32516313  -0.63880886
    0.70299875  -0.18561123   0.17831496   0.19049521   1.61244335
   -2.44829054   2.78976006  10.94840794 -16.49343651   2.46059737
    9.03572016  -8.46970664  17.75982691]], Action: [[ 0.9393936  -1.          1.         -0.34365657 -0.4586097   0.98931056]], Reward: [1.8457842],Reward_sum: 99.53186798095703, Done: [False]
==========
t: 180, State: [[  9.05468759   0.10092484   1.4701808    0.56852464  -0.73642889
   -0.05279547   0.07793936  -0.29032035   0.52700489   0.3658701
   -1.91606213   2.14948674   1.12855155   5.01959686 -18.48562881
    1.43780079  -8.01966667  -0.84503676]], Action: [[ 1.         -1.         -0.5895638  -0.5072589  -1.          0.98108095]], Reward: [0.22083047],Reward_sum: 99.75270080566406, Done: [False]
==========
t: 181, State: [[ 9.05842818  0.04892008  1.52303739  0.38193647  0.31334682 -0.4998119
  -0.07909467 -0.34041475  0.11652937  0.25924068  0.38654336  0.12330331
  -3.96746922 22.58622373  2.64723507  0.61824058  4.02084688 -7.80647792]], Action: [[ 1.  1. -1. -1. -1. -1.]], Reward: [-0.5251882],Reward_sum: 99.2275161743164, Done: [False]
==========
t: 182, State: [[  9.10690095   0.09957486   1.61775586  -0.28291326   0.83857584
    0.40849981  -0.49088403   0.37500437  -0.45245271   1.28386541
    0.73424503   3.04659553 -14.43384738  -1.00995255  19.60996775
  -10.48576924  15.72785045 -11.18819165]], Action: [[-1.  1.  1. -1.  1. -1.]], Reward: [0.3694553],Reward_sum: 99.59696960449219, Done: [False]
==========
t: 183, State: [[ 9.21328576e+00  8.03196730e-02  1.82278473e+00 -2.31239581e-01
  -5.18517145e-03  8.17202453e-01 -5.81868147e-01  5.41182867e-01
  -4.41091480e-01  2.24003122e+00  7.30327268e-01  2.57137898e+00
   3.76702532e+00 -1.80633806e+01 -5.42431066e-01  1.37038055e+00
  -1.81092754e+00  4.62610443e+00]], Action: [[ 0.01986338 -0.5652197   1.         -0.16132     0.7959286  -0.42971706]], Reward: [1.9112912],Reward_sum: 101.50825500488281, Done: [False]
==========
t: 184, State: [[  9.29711828   0.08538216   1.93093907   0.25126047  -0.84549777
   -0.0341679   -0.36469842  -0.17891142   0.27574313   1.08654681
    0.04862548   1.19980039   8.43568898 -10.40243054 -19.34853032
    3.77389029 -16.125612    16.94434433]], Action: [[ 1.         -1.         -0.396097   -0.85935915 -1.          1.        ]], Reward: [1.1871111],Reward_sum: 102.69537353515625, Done: [False]
==========
t: 185, State: [[ 9.33746858  0.09424294  1.94271424  0.40389692 -0.60178414 -0.49645929
  -0.43623924 -0.62971701  0.48822233  0.8423636   0.12601673  0.09159114
   2.070703    8.01165047  2.69772676 -4.65929007 -4.25307998 -3.4685828 ]], Action: [[ 1.         -0.7859068  -0.8426624  -1.         -1.          0.08726414]], Reward: [0.37347162],Reward_sum: 103.06884765625, Done: [False]
==========
t: 186, State: [[ 9.38745514e+00  1.47286798e-01  1.89972350e+00 -1.29288806e-01
   5.38411191e-01  1.54835726e-01 -8.08898783e-01 -1.59928941e-03
  -2.24626533e-01  1.07018327e+00  1.27331983e+00 -1.20904538e+00
  -1.35373751e+01  2.01280745e+01  1.41297686e+01 -3.35125641e+00
   1.73627532e+01 -1.71890850e+01]], Action: [[-1.          1.          0.36227515 -1.          0.84947467 -1.        ]], Reward: [0.5144461],Reward_sum: 103.58329772949219, Done: [False]
==========
t: 187, State: [[ 9.46524545  0.14531078  1.89638446 -0.44858567  0.63690652  0.70394243
  -0.79866277  0.61394006 -0.52473488  1.90500064 -0.80428712  0.91379173
  -1.26198432 -6.90072234  6.15528376  2.42901383  7.01247884  1.2606272 ]], Action: [[-0.72070694  0.32494038  1.         -0.8777194   1.         -1.        ]], Reward: [1.1162666],Reward_sum: 104.69956970214844, Done: [False]
==========
t: 188, State: [[ 9.56370059e+00  8.22357528e-02  1.99565252e+00  1.32822104e-01
  -3.91962132e-01  6.34146792e-01 -8.77495031e-02  1.47313864e-03
   2.46056041e-02  1.39236360e+00  5.73977299e-01  1.94702190e+00
   1.02009440e+01 -2.10469679e+01 -4.61878158e+00  1.50359386e+01
  -1.61542681e+01  1.43673759e+01]], Action: [[ 1.         -1.          1.          0.60868967 -0.29364452  0.7516944 ]], Reward: [1.5669253],Reward_sum: 106.26649475097656, Done: [False]
==========
t: 189, State: [[  9.62445931   0.15469904   2.0461867    0.40414472  -0.81158845
   -0.15351492   0.0631248   -0.40411456   0.62690558   1.29868584
    1.89071384   0.30466116   1.08388454   1.6531076  -16.28919316
   -4.08600121  -2.64695358  -1.74521338]], Action: [[ 1.         -1.         -0.47388178 -1.         -1.          1.        ]], Reward: [0.69271815],Reward_sum: 106.95921325683594, Done: [False]
==========
t: 190, State: [[ 9.67644869e+00  2.70654054e-01  2.01654992e+00  1.45749561e-01
   2.33247148e-01 -4.45170079e-01 -4.25387265e-01 -3.63185976e-01
  -4.22494434e-03  7.50755863e-01  2.26580824e+00 -6.32263080e-01
  -3.50743568e+00  2.19575843e+01  1.39771549e+00 -1.14918273e+01
   1.53929169e+00 -1.68058657e+01]], Action: [[ 0.5525319  1.        -1.        -1.        -1.        -1.       ]], Reward: [0.5092584],Reward_sum: 107.46847534179688, Done: [False]
==========
t: 191, State: [[ 9.73576659  0.35782608  1.99085217 -0.23506667  0.83941906  0.4073435
  -0.76888488  0.11724836 -0.53681044  1.59400217  0.97406643 -0.18640658
  -7.81375778  0.04741876 19.5567388  -1.99465605 10.18440566  0.88706288]], Action: [[-1.          1.          1.         -0.30333424  1.         -1.        ]], Reward: [0.67715675],Reward_sum: 108.14561462402344, Done: [False]
==========
t: 192, State: [[ 9.83127277e+00  2.90775652e-01  2.04416564e+00  3.04276086e-01
  -1.80894777e-01  8.13446367e-01 -3.22992201e-01  2.46978767e-02
  -7.62415192e-02  1.58779767e+00 -1.97662275e+00  1.02562356e+00
   1.51645555e+01 -2.48661562e+01 -4.58040176e-01  1.26951485e+01
  -5.19710045e+00  1.23520251e+01]], Action: [[ 1.         -1.          1.          0.01000395 -0.22308774  0.4775514 ]], Reward: [1.5823312],Reward_sum: 109.72794342041016, Done: [False]
==========
t: 193, State: [[  9.89499131   0.24755393   2.08881141   0.66698431  -0.81852012
    0.30366917  -0.06561837  -0.26631964   0.62520389   1.34826784
   -0.19719742   0.79588044   0.56302682  -1.86251674 -11.78471473
   -0.18392465  -5.18775214  12.40844183]], Action: [[ 1.         -1.          0.35804814 -0.81966573 -1.          0.8758288 ]], Reward: [0.81765825],Reward_sum: 110.54560089111328, Done: [False]
==========
t: 194, State: [[  9.96924778   0.26963523   2.12293529   0.29042765  -0.13598002
   -0.52876786  -0.3743913   -0.37997765   0.12130554   1.40281686
    0.50028322   0.71758346  -8.24933284  14.91034836 -14.03871378
   -8.87315147  -1.28078479 -15.8229367 ]], Action: [[ 0.5689056   0.07609375 -1.         -1.         -1.         -1.        ]], Reward: [1.0521849],Reward_sum: 111.59778594970703, Done: [False]
==========
t: 195, State: [[ 10.03788496   0.28684157   2.13632389  -0.42680517   0.65465308
    0.02898253  -0.77128551  -0.16696667  -0.56030754   1.24970116
   -0.15908911  -0.27254407 -13.7898465   10.35739302  16.25389054
   -4.72554121   4.34114745  -0.32674615]], Action: [[-1.          1.          0.6362376  -0.7529705   0.07078134 -1.        ]], Reward: [0.97506636],Reward_sum: 112.5728530883789, Done: [False]
==========
t: 196, State: [[ 10.13950345   0.15592809   2.15451088  -0.21223597  -0.02743621
    0.67635192  -0.44218802   0.18270743  -0.31549195   2.08139201
   -3.60528231   0.42514873  11.06153059 -20.85607172   7.91113261
   10.87408659   8.61531658   7.55698305]], Action: [[ 0.03582044 -0.9341211   1.          0.23558986  1.          0.01617907]], Reward: [1.7394067],Reward_sum: 114.31226348876953, Done: [False]
==========
t: 197, State: [[ 10.21309744   0.02261903   2.21531161   0.2877543   -0.8694865
    0.63065361  -0.15479609   0.04781601   0.46316185   1.70208377
    0.62440246   2.61191335   0.65853124  -8.36133839  -4.57712706
   -2.04312095 -10.56059201  17.0129977 ]], Action: [[ 1.        -1.         1.        -0.9538009 -1.         1.       ]], Reward: [0.88090634],Reward_sum: 115.19316864013672, Done: [False]
==========
t: 198, State: [[ 10.27629228   0.06014758   2.28044623   0.19199939  -0.38714276
   -0.39819932  -0.3983543   -0.38583352   0.35887825   0.99950317
    0.62780363   0.75828906  -0.69025057  13.94739587 -21.30363797
   -6.75499973  -6.69795141  -9.45197176]], Action: [[ 1.          0.03011425 -1.         -1.         -1.         -0.36983472]], Reward: [0.8501282],Reward_sum: 116.04329681396484, Done: [False]
==========
t: 199, State: [[ 10.33040624   0.10665572   2.31989239  -0.20230752   0.63692569
   -0.45834526  -0.84662965  -0.52796212  -0.3907479    1.14487205
    0.68102966   0.94325591  -8.55032233  16.26429082   3.19325723
   -8.25169409  -1.20300966 -15.62811026]], Action: [[-0.94544303  1.         -1.         -1.         -0.86908317 -1.        ]], Reward: [0.5173625],Reward_sum: 116.56066131591797, Done: [False]
==========
HalfCheetah-v4 - Steps: 200, Return: 116.56066131591797, State: [[ 10.33040624   0.10665572   2.31989239  -0.20230752   0.63692569
   -0.45834526  -0.84662965  -0.52796212  -0.3907479    1.14487205
    0.68102966   0.94325591  -8.55032233  16.26429082   3.19325723
   -8.25169409  -1.20300966 -15.62811026]]
