Running on node: v010
CUDA_VISIBLE_DEVICES = 0,1,2,3,4,5,6,7
[CudaDevice(id=0), CudaDevice(id=1), CudaDevice(id=2), CudaDevice(id=3), CudaDevice(id=4), CudaDevice(id=5), CudaDevice(id=6), CudaDevice(id=7)]
Using AIRL:  True
Using GAIL:  True
Using RGCL:  False
Experiment State @  2025-11-19 08:29:04.039057-05:00
Experiment Saved @  results/experiment_124
Experiment Settings Saved @  results/experiment_124
124
Loaded data from expert_agents/CartPole-v1/ppo.pkl.
CartPole-v1 - Steps: 200, Return: 200.0, State: [-1.16070916e-03 -2.75572144e+00 -7.70654066e-02  4.09240327e+00]
rewards_demo [  1.   2.   3.   4.   5.   6.   7.   8.   9.  10.  11.  12.  13.  14.
  15.  16.  17.  18.  19.  20.  21.  22.  23.  24.  25.  26.  27.  28.
  29.  30.  31.  32.  33.  34.  35.  36.  37.  38.  39.  40.  41.  42.
  43.  44.  45.  46.  47.  48.  49.  50.  51.  52.  53.  54.  55.  56.
  57.  58.  59.  60.  61.  62.  63.  64.  65.  66.  67.  68.  69.  70.
  71.  72.  73.  74.  75.  76.  77.  78.  79.  80.  81.  82.  83.  84.
  85.  86.  87.  88.  89.  90.  91.  92.  93.  94.  95.  96.  97.  98.
  99. 100. 101. 102. 103. 104. 105. 106. 107. 108. 109. 110. 111. 112.
 113. 114. 115. 116. 117. 118. 119. 120. 121. 122. 123. 124. 125. 126.
 127. 128. 129. 130. 131. 132. 133. 134. 135. 136. 137. 138. 139. 140.
 141. 142. 143. 144. 145. 146. 147. 148. 149. 150. 151. 152. 153. 154.
 155. 156. 157. 158. 159. 160. 161. 162. 163. 164. 165. 166. 167. 168.
 169. 170. 171. 172. 173. 174. 175. 176. 177. 178. 179. 180. 181. 182.
 183. 184. 185. 186. 187. 188. 189. 190. 191. 192. 193. 194. 195. 196.
 197. 198. 199. 200.]
Execution time: 2.1502 seconds,Total True Reward = 200.0000
Execution time: 1.6859 seconds,Total True Reward = 200.0000
Execution time: 1.6778 seconds,Total True Reward = 200.0000
Execution time: 2.0175 seconds,Total True Reward = 200.0000
Execution time: 1.6823 seconds,Total True Reward = 200.0000
Execution time: 1.6968 seconds,Total True Reward = 200.0000
Execution time: 1.6959 seconds,Total True Reward = 200.0000
Execution time: 1.6974 seconds,Total True Reward = 200.0000
Execution time: 2.1205 seconds,Total True Reward = 200.0000
Execution time: 1.7001 seconds,Total True Reward = 200.0000
Execution time: 1.6933 seconds,Total True Reward = 200.0000
Execution time: 1.6818 seconds,Total True Reward = 200.0000
Execution time: 1.6847 seconds,Total True Reward = 200.0000
Execution time: 2.1364 seconds,Total True Reward = 200.0000
Execution time: 1.6935 seconds,Total True Reward = 200.0000
Execution time: 1.7101 seconds,Total True Reward = 200.0000
Execution time: 1.6939 seconds,Total True Reward = 200.0000
Execution time: 1.6863 seconds,Total True Reward = 200.0000
Execution time: 1.6924 seconds,Total True Reward = 64.0000
Execution time: 2.2085 seconds,Total True Reward = 58.0000
Execution time: 1.6907 seconds,Total True Reward = 14.0000
Execution time: 1.6880 seconds,Total True Reward = 16.0000
Execution time: 1.6890 seconds,Total True Reward = 18.0000
Execution time: 1.6763 seconds,Total True Reward = 14.0000
Execution time: 1.6984 seconds,Total True Reward = 200.0000
Execution time: 2.2098 seconds,Total True Reward = 200.0000
Execution time: 1.6800 seconds,Total True Reward = 200.0000
Execution time: 1.6883 seconds,Total True Reward = 200.0000
Execution time: 1.6817 seconds,Total True Reward = 200.0000
Execution time: 1.7020 seconds,Total True Reward = 200.0000
Execution time: 1.6923 seconds,Total True Reward = 200.0000
Execution time: 1.7104 seconds,Total True Reward = 200.0000
Execution time: 2.3333 seconds,Total True Reward = 200.0000
Execution time: 1.6902 seconds,Total True Reward = 200.0000
Execution time: 1.7204 seconds,Total True Reward = 200.0000
Execution time: 1.7062 seconds,Total True Reward = 200.0000
Execution time: 1.7034 seconds,Total True Reward = 200.0000
Execution time: 1.7158 seconds,Total True Reward = 200.0000
Execution time: 1.7008 seconds,Total True Reward = 200.0000
Execution time: 1.6872 seconds,Total True Reward = 200.0000
Execution time: 2.4083 seconds,Total True Reward = 200.0000
Execution time: 1.6990 seconds,Total True Reward = 200.0000
Execution time: 1.6905 seconds,Total True Reward = 200.0000
Execution time: 1.7090 seconds,Total True Reward = 200.0000
Execution time: 1.7072 seconds,Total True Reward = 200.0000
Execution time: 1.6889 seconds,Total True Reward = 200.0000
Execution time: 1.6838 seconds,Total True Reward = 200.0000
Execution time: 1.6805 seconds,Total True Reward = 199.0000
Execution time: 1.5926 seconds,Total True Reward = 147.0000
Execution time: 2.4964 seconds,Total True Reward = 121.0000
Execution time: 1.6910 seconds,Total True Reward = 79.0000
Execution time: 1.6767 seconds,Total True Reward = 19.0000
Execution time: 1.6799 seconds,Total True Reward = 45.0000
Execution time: 1.6781 seconds,Total True Reward = 177.0000
Execution time: 1.6808 seconds,Total True Reward = 70.0000
Execution time: 1.6935 seconds,Total True Reward = 46.0000
Execution time: 1.7069 seconds,Total True Reward = 180.0000
Execution time: 1.6768 seconds,Total True Reward = 183.0000
Execution time: 1.6769 seconds,Total True Reward = 175.0000
Execution time: 2.6042 seconds,Total True Reward = 190.0000
Execution time: 1.6901 seconds,Total True Reward = 145.0000
Execution time: 1.6797 seconds,Total True Reward = 86.0000
Execution time: 1.6879 seconds,Total True Reward = 180.0000
Execution time: 1.6792 seconds,Total True Reward = 185.0000
Execution time: 1.6750 seconds,Total True Reward = 138.0000
Execution time: 1.6905 seconds,Total True Reward = 107.0000
Execution time: 1.6952 seconds,Total True Reward = 46.0000
Execution time: 1.6955 seconds,Total True Reward = 161.0000
Execution time: 1.7004 seconds,Total True Reward = 194.0000
Execution time: 1.6896 seconds,Total True Reward = 175.0000
Execution time: 1.6972 seconds,Total True Reward = 196.0000
Execution time: 2.6994 seconds,Total True Reward = 147.0000
Execution time: 1.6909 seconds,Total True Reward = 160.0000
Execution time: 1.6865 seconds,Total True Reward = 200.0000
Execution time: 1.6885 seconds,Total True Reward = 87.0000
Execution time: 1.7090 seconds,Total True Reward = 160.0000
Execution time: 1.6972 seconds,Total True Reward = 181.0000
Execution time: 1.6981 seconds,Total True Reward = 163.0000
Execution time: 1.6903 seconds,Total True Reward = 99.0000
Execution time: 1.6850 seconds,Total True Reward = 153.0000
Execution time: 1.7035 seconds,Total True Reward = 200.0000
Execution time: 1.6865 seconds,Total True Reward = 200.0000
Execution time: 1.6954 seconds,Total True Reward = 177.0000
Execution time: 2.8067 seconds,Total True Reward = 125.0000
Execution time: 1.6840 seconds,Total True Reward = 193.0000
Execution time: 1.6873 seconds,Total True Reward = 179.0000
Execution time: 1.6864 seconds,Total True Reward = 172.0000
Execution time: 1.6733 seconds,Total True Reward = 174.0000
Execution time: 1.6727 seconds,Total True Reward = 107.0000
Execution time: 1.7023 seconds,Total True Reward = 107.0000
Execution time: 1.6887 seconds,Total True Reward = 118.0000
Execution time: 1.6959 seconds,Total True Reward = 200.0000
Execution time: 1.6825 seconds,Total True Reward = 200.0000
Execution time: 1.7055 seconds,Total True Reward = 179.0000
Execution time: 1.6923 seconds,Total True Reward = 195.0000
Execution time: 1.6789 seconds,Total True Reward = 166.0000
Execution time: 1.6843 seconds,Total True Reward = 200.0000
Execution time: 1.6902 seconds,Total True Reward = 200.0000
Execution time: 1.7123 seconds,Total True Reward = 168.0000
Execution time: 1.6920 seconds,Total True Reward = 200.0000
