Running on node: v010
CUDA_VISIBLE_DEVICES = 0,1,2,3,4,5,6,7
[CudaDevice(id=0), CudaDevice(id=1), CudaDevice(id=2), CudaDevice(id=3), CudaDevice(id=4), CudaDevice(id=5), CudaDevice(id=6), CudaDevice(id=7)]
Using AIRL:  True
Using GAIL:  False
Using RGCL:  False
Experiment State @  2025-11-19 08:13:32.753247-05:00
Experiment Saved @  results/experiment_124
Experiment Settings Saved @  results/experiment_124
124
Loaded data from expert_agents/CartPole-v1/ppo.pkl.
CartPole-v1 - Steps: 200, Return: 200.0, State: [-1.16070916e-03 -2.75572144e+00 -7.70654066e-02  4.09240327e+00]
rewards_demo [  1.   2.   3.   4.   5.   6.   7.   8.   9.  10.  11.  12.  13.  14.
  15.  16.  17.  18.  19.  20.  21.  22.  23.  24.  25.  26.  27.  28.
  29.  30.  31.  32.  33.  34.  35.  36.  37.  38.  39.  40.  41.  42.
  43.  44.  45.  46.  47.  48.  49.  50.  51.  52.  53.  54.  55.  56.
  57.  58.  59.  60.  61.  62.  63.  64.  65.  66.  67.  68.  69.  70.
  71.  72.  73.  74.  75.  76.  77.  78.  79.  80.  81.  82.  83.  84.
  85.  86.  87.  88.  89.  90.  91.  92.  93.  94.  95.  96.  97.  98.
  99. 100. 101. 102. 103. 104. 105. 106. 107. 108. 109. 110. 111. 112.
 113. 114. 115. 116. 117. 118. 119. 120. 121. 122. 123. 124. 125. 126.
 127. 128. 129. 130. 131. 132. 133. 134. 135. 136. 137. 138. 139. 140.
 141. 142. 143. 144. 145. 146. 147. 148. 149. 150. 151. 152. 153. 154.
 155. 156. 157. 158. 159. 160. 161. 162. 163. 164. 165. 166. 167. 168.
 169. 170. 171. 172. 173. 174. 175. 176. 177. 178. 179. 180. 181. 182.
 183. 184. 185. 186. 187. 188. 189. 190. 191. 192. 193. 194. 195. 196.
 197. 198. 199. 200.]
Execution time: 2.1460 seconds,Total True Reward = 200.0000
Execution time: 1.6654 seconds,Total True Reward = 200.0000
Execution time: 1.6682 seconds,Total True Reward = 200.0000
Execution time: 2.0448 seconds,Total True Reward = 200.0000
Execution time: 1.6808 seconds,Total True Reward = 200.0000
Execution time: 1.6921 seconds,Total True Reward = 200.0000
Execution time: 1.6700 seconds,Total True Reward = 200.0000
Execution time: 1.6852 seconds,Total True Reward = 200.0000
Execution time: 2.0587 seconds,Total True Reward = 200.0000
Execution time: 1.6737 seconds,Total True Reward = 200.0000
Execution time: 1.6689 seconds,Total True Reward = 200.0000
Execution time: 1.6751 seconds,Total True Reward = 200.0000
Execution time: 1.6829 seconds,Total True Reward = 200.0000
Execution time: 2.1107 seconds,Total True Reward = 200.0000
Execution time: 1.6725 seconds,Total True Reward = 200.0000
Execution time: 1.7008 seconds,Total True Reward = 200.0000
Execution time: 1.6935 seconds,Total True Reward = 200.0000
Execution time: 1.6983 seconds,Total True Reward = 200.0000
Execution time: 1.6960 seconds,Total True Reward = 200.0000
Execution time: 2.1852 seconds,Total True Reward = 42.0000
Execution time: 1.6724 seconds,Total True Reward = 14.0000
Execution time: 1.6801 seconds,Total True Reward = 13.0000
Execution time: 1.6900 seconds,Total True Reward = 13.0000
Execution time: 1.6772 seconds,Total True Reward = 14.0000
Execution time: 1.6739 seconds,Total True Reward = 48.0000
Execution time: 2.2317 seconds,Total True Reward = 200.0000
Execution time: 1.6848 seconds,Total True Reward = 200.0000
Execution time: 1.6901 seconds,Total True Reward = 200.0000
Execution time: 1.6961 seconds,Total True Reward = 200.0000
Execution time: 1.6850 seconds,Total True Reward = 200.0000
Execution time: 1.6614 seconds,Total True Reward = 200.0000
Execution time: 1.6647 seconds,Total True Reward = 200.0000
Execution time: 2.2726 seconds,Total True Reward = 200.0000
Execution time: 1.6725 seconds,Total True Reward = 200.0000
Execution time: 1.6721 seconds,Total True Reward = 200.0000
Execution time: 1.6992 seconds,Total True Reward = 200.0000
Execution time: 1.6815 seconds,Total True Reward = 200.0000
Execution time: 1.6814 seconds,Total True Reward = 200.0000
Execution time: 1.6939 seconds,Total True Reward = 200.0000
Execution time: 1.6903 seconds,Total True Reward = 200.0000
Execution time: 2.3704 seconds,Total True Reward = 200.0000
Execution time: 1.6873 seconds,Total True Reward = 200.0000
Execution time: 1.6796 seconds,Total True Reward = 200.0000
Execution time: 1.6954 seconds,Total True Reward = 200.0000
Execution time: 1.7008 seconds,Total True Reward = 200.0000
Execution time: 1.6723 seconds,Total True Reward = 200.0000
Execution time: 1.6818 seconds,Total True Reward = 200.0000
Execution time: 1.6650 seconds,Total True Reward = 27.0000
Execution time: 1.6677 seconds,Total True Reward = 200.0000
Execution time: 1.6696 seconds,Total True Reward = 200.0000
Execution time: 2.4996 seconds,Total True Reward = 200.0000
Execution time: 1.7028 seconds,Total True Reward = 200.0000
Execution time: 1.6787 seconds,Total True Reward = 200.0000
Execution time: 1.6756 seconds,Total True Reward = 77.0000
Execution time: 1.6755 seconds,Total True Reward = 161.0000
Execution time: 1.6924 seconds,Total True Reward = 92.0000
Execution time: 1.6862 seconds,Total True Reward = 88.0000
Execution time: 1.6909 seconds,Total True Reward = 58.0000
Execution time: 1.6692 seconds,Total True Reward = 105.0000
Execution time: 1.6879 seconds,Total True Reward = 131.0000
Execution time: 2.5622 seconds,Total True Reward = 83.0000
Execution time: 1.6812 seconds,Total True Reward = 36.0000
Execution time: 1.6787 seconds,Total True Reward = 85.0000
Execution time: 1.6925 seconds,Total True Reward = 93.0000
Execution time: 1.6899 seconds,Total True Reward = 200.0000
Execution time: 1.6769 seconds,Total True Reward = 166.0000
Execution time: 1.6782 seconds,Total True Reward = 145.0000
Execution time: 1.6788 seconds,Total True Reward = 194.0000
Execution time: 1.6623 seconds,Total True Reward = 172.0000
Execution time: 1.6808 seconds,Total True Reward = 124.0000
Execution time: 1.6853 seconds,Total True Reward = 181.0000
Execution time: 2.6892 seconds,Total True Reward = 79.0000
Execution time: 1.6893 seconds,Total True Reward = 187.0000
Execution time: 1.6847 seconds,Total True Reward = 107.0000
Execution time: 1.6816 seconds,Total True Reward = 187.0000
Execution time: 1.6764 seconds,Total True Reward = 152.0000
Execution time: 1.6823 seconds,Total True Reward = 101.0000
Execution time: 1.6837 seconds,Total True Reward = 139.0000
Execution time: 1.7000 seconds,Total True Reward = 191.0000
Execution time: 1.6953 seconds,Total True Reward = 178.0000
Execution time: 1.6634 seconds,Total True Reward = 127.0000
Execution time: 1.6876 seconds,Total True Reward = 115.0000
Execution time: 1.6785 seconds,Total True Reward = 120.0000
Execution time: 1.6651 seconds,Total True Reward = 176.0000
Execution time: 2.7659 seconds,Total True Reward = 200.0000
Execution time: 1.6495 seconds,Total True Reward = 200.0000
Execution time: 1.6911 seconds,Total True Reward = 141.0000
Execution time: 1.6886 seconds,Total True Reward = 195.0000
Execution time: 1.6873 seconds,Total True Reward = 181.0000
Execution time: 1.6779 seconds,Total True Reward = 175.0000
Execution time: 1.6882 seconds,Total True Reward = 72.0000
Execution time: 1.6969 seconds,Total True Reward = 108.0000
Execution time: 1.6643 seconds,Total True Reward = 47.0000
Execution time: 1.7014 seconds,Total True Reward = 200.0000
Execution time: 1.6592 seconds,Total True Reward = 200.0000
Execution time: 1.6657 seconds,Total True Reward = 195.0000
Execution time: 1.6774 seconds,Total True Reward = 200.0000
Execution time: 1.6936 seconds,Total True Reward = 190.0000
Execution time: 2.9398 seconds,Total True Reward = 161.0000
Execution time: 1.6812 seconds,Total True Reward = 173.0000
