Running on node: v010
CUDA_VISIBLE_DEVICES = 0,1,2,3,4,5,6,7
[CudaDevice(id=0), CudaDevice(id=1), CudaDevice(id=2), CudaDevice(id=3), CudaDevice(id=4), CudaDevice(id=5), CudaDevice(id=6), CudaDevice(id=7)]
Using AIRL:  True
Using GAIL:  True
Using RGCL:  False
Experiment State @  2025-11-19 08:25:25.805368-05:00
Experiment Saved @  results/experiment_123
Experiment Settings Saved @  results/experiment_123
123
Loaded data from expert_agents/CartPole-v1/ppo.pkl.
CartPole-v1 - Steps: 200, Return: 200.0, State: [ 0.03423196 -1.16533408 -0.05399973  1.81037105]
rewards_demo [  1.   2.   3.   4.   5.   6.   7.   8.   9.  10.  11.  12.  13.  14.
  15.  16.  17.  18.  19.  20.  21.  22.  23.  24.  25.  26.  27.  28.
  29.  30.  31.  32.  33.  34.  35.  36.  37.  38.  39.  40.  41.  42.
  43.  44.  45.  46.  47.  48.  49.  50.  51.  52.  53.  54.  55.  56.
  57.  58.  59.  60.  61.  62.  63.  64.  65.  66.  67.  68.  69.  70.
  71.  72.  73.  74.  75.  76.  77.  78.  79.  80.  81.  82.  83.  84.
  85.  86.  87.  88.  89.  90.  91.  92.  93.  94.  95.  96.  97.  98.
  99. 100. 101. 102. 103. 104. 105. 106. 107. 108. 109. 110. 111. 112.
 113. 114. 115. 116. 117. 118. 119. 120. 121. 122. 123. 124. 125. 126.
 127. 128. 129. 130. 131. 132. 133. 134. 135. 136. 137. 138. 139. 140.
 141. 142. 143. 144. 145. 146. 147. 148. 149. 150. 151. 152. 153. 154.
 155. 156. 157. 158. 159. 160. 161. 162. 163. 164. 165. 166. 167. 168.
 169. 170. 171. 172. 173. 174. 175. 176. 177. 178. 179. 180. 181. 182.
 183. 184. 185. 186. 187. 188. 189. 190. 191. 192. 193. 194. 195. 196.
 197. 198. 199. 200.]
Execution time: 2.0859 seconds,Total True Reward = 200.0000
Execution time: 1.6677 seconds,Total True Reward = 200.0000
Execution time: 1.6525 seconds,Total True Reward = 200.0000
Execution time: 2.0236 seconds,Total True Reward = 200.0000
Execution time: 1.6827 seconds,Total True Reward = 200.0000
Execution time: 1.6826 seconds,Total True Reward = 200.0000
Execution time: 1.6785 seconds,Total True Reward = 200.0000
Execution time: 2.0604 seconds,Total True Reward = 200.0000
Execution time: 1.6863 seconds,Total True Reward = 200.0000
Execution time: 1.6776 seconds,Total True Reward = 200.0000
Execution time: 1.6732 seconds,Total True Reward = 200.0000
Execution time: 1.6866 seconds,Total True Reward = 200.0000
Execution time: 2.1032 seconds,Total True Reward = 200.0000
Execution time: 1.6676 seconds,Total True Reward = 200.0000
Execution time: 1.6694 seconds,Total True Reward = 200.0000
Execution time: 1.6718 seconds,Total True Reward = 200.0000
Execution time: 1.6755 seconds,Total True Reward = 200.0000
Execution time: 1.6645 seconds,Total True Reward = 144.0000
Execution time: 2.1715 seconds,Total True Reward = 153.0000
Execution time: 1.6666 seconds,Total True Reward = 161.0000
Execution time: 1.6736 seconds,Total True Reward = 155.0000
Execution time: 1.6624 seconds,Total True Reward = 194.0000
Execution time: 1.6863 seconds,Total True Reward = 200.0000
Execution time: 1.6649 seconds,Total True Reward = 200.0000
Execution time: 2.1619 seconds,Total True Reward = 36.0000
Execution time: 1.6711 seconds,Total True Reward = 14.0000
Execution time: 1.6818 seconds,Total True Reward = 14.0000
Execution time: 1.6720 seconds,Total True Reward = 14.0000
Execution time: 1.6754 seconds,Total True Reward = 13.0000
Execution time: 1.6725 seconds,Total True Reward = 40.0000
Execution time: 1.6627 seconds,Total True Reward = 49.0000
Execution time: 2.2465 seconds,Total True Reward = 200.0000
Execution time: 1.6530 seconds,Total True Reward = 200.0000
Execution time: 1.6632 seconds,Total True Reward = 200.0000
Execution time: 1.6631 seconds,Total True Reward = 48.0000
Execution time: 1.6893 seconds,Total True Reward = 49.0000
Execution time: 1.6781 seconds,Total True Reward = 200.0000
Execution time: 1.6707 seconds,Total True Reward = 200.0000
Execution time: 1.6730 seconds,Total True Reward = 200.0000
Execution time: 2.3703 seconds,Total True Reward = 200.0000
Execution time: 1.6780 seconds,Total True Reward = 200.0000
Execution time: 1.6567 seconds,Total True Reward = 200.0000
Execution time: 1.6726 seconds,Total True Reward = 200.0000
Execution time: 1.6941 seconds,Total True Reward = 200.0000
Execution time: 1.6673 seconds,Total True Reward = 200.0000
Execution time: 1.6787 seconds,Total True Reward = 44.0000
Execution time: 1.6762 seconds,Total True Reward = 200.0000
Execution time: 1.6658 seconds,Total True Reward = 36.0000
Execution time: 2.4701 seconds,Total True Reward = 200.0000
Execution time: 1.6124 seconds,Total True Reward = 200.0000
Execution time: 1.6700 seconds,Total True Reward = 200.0000
Execution time: 1.6830 seconds,Total True Reward = 200.0000
Execution time: 1.6669 seconds,Total True Reward = 200.0000
Execution time: 1.6808 seconds,Total True Reward = 200.0000
Execution time: 1.6932 seconds,Total True Reward = 91.0000
Execution time: 1.6716 seconds,Total True Reward = 79.0000
Execution time: 1.6725 seconds,Total True Reward = 89.0000
Execution time: 1.6655 seconds,Total True Reward = 90.0000
Execution time: 2.5219 seconds,Total True Reward = 78.0000
Execution time: 1.6998 seconds,Total True Reward = 13.0000
Execution time: 1.6732 seconds,Total True Reward = 102.0000
Execution time: 1.6628 seconds,Total True Reward = 69.0000
Execution time: 1.6809 seconds,Total True Reward = 48.0000
Execution time: 1.6768 seconds,Total True Reward = 67.0000
Execution time: 1.6627 seconds,Total True Reward = 120.0000
Execution time: 1.6704 seconds,Total True Reward = 200.0000
Execution time: 1.6625 seconds,Total True Reward = 199.0000
Execution time: 1.6697 seconds,Total True Reward = 192.0000
Execution time: 1.6661 seconds,Total True Reward = 112.0000
Execution time: 2.5735 seconds,Total True Reward = 200.0000
Execution time: 1.6781 seconds,Total True Reward = 143.0000
Execution time: 1.6720 seconds,Total True Reward = 200.0000
Execution time: 1.6642 seconds,Total True Reward = 200.0000
Execution time: 1.6769 seconds,Total True Reward = 100.0000
Execution time: 1.6782 seconds,Total True Reward = 196.0000
Execution time: 1.6703 seconds,Total True Reward = 109.0000
Execution time: 1.6717 seconds,Total True Reward = 69.0000
Execution time: 1.6812 seconds,Total True Reward = 190.0000
Execution time: 1.6663 seconds,Total True Reward = 87.0000
Execution time: 1.6631 seconds,Total True Reward = 91.0000
Execution time: 1.6905 seconds,Total True Reward = 183.0000
Execution time: 1.6648 seconds,Total True Reward = 103.0000
Execution time: 2.7389 seconds,Total True Reward = 82.0000
Execution time: 1.6732 seconds,Total True Reward = 68.0000
Execution time: 1.6199 seconds,Total True Reward = 200.0000
Execution time: 1.6854 seconds,Total True Reward = 200.0000
Execution time: 1.6807 seconds,Total True Reward = 75.0000
Execution time: 1.6674 seconds,Total True Reward = 200.0000
Execution time: 1.7001 seconds,Total True Reward = 193.0000
Execution time: 1.6899 seconds,Total True Reward = 133.0000
Execution time: 1.6692 seconds,Total True Reward = 200.0000
Execution time: 1.6703 seconds,Total True Reward = 189.0000
Execution time: 1.6847 seconds,Total True Reward = 190.0000
Execution time: 1.6947 seconds,Total True Reward = 77.0000
Execution time: 1.6777 seconds,Total True Reward = 171.0000
Execution time: 1.6663 seconds,Total True Reward = 152.0000
Execution time: 2.8984 seconds,Total True Reward = 196.0000
Execution time: 1.6621 seconds,Total True Reward = 186.0000
Execution time: 1.6755 seconds,Total True Reward = 200.0000
Execution time: 1.6856 seconds,Total True Reward = 86.0000
