[CudaDevice(id=0)]
Using AIRL:  False
Using GAIL:  False
Using RGCL:  True
Experiment State @  2025-07-26 13:38:10.112169-05:00
Experiment Saved @  results/experiment_123
Experiment Settings Saved @  results/experiment_123
123
Using cuda device
Wrapping the env with a `Monitor` wrapper
Wrapping the env in a DummyVecEnv.
Wrapping the env with a `Monitor` wrapper
Wrapping the env in a DummyVecEnv.
t: 0, State: [[ 3.85466530e-02 -6.11680168e-02  4.33901911e-02  2.56567156e-01
  -4.12014598e-01 -4.86813528e-01 -2.47540722e-01 -1.94455429e-01
   7.38629623e-02  2.91686005e-03  2.75366846e-01  2.15325669e+00
   8.03920293e+00 -9.27183658e+00 -1.03409379e+01 -9.49068499e+00
  -4.53676993e+00  2.81212203e-02]], Action: [[ 1.         -0.8593479  -1.         -1.         -1.         -0.09089448]], Reward: [-0.43314844],Reward_sum: -0.43314844369888306, Done: [False]
==========
t: 1, State: [[ 1.46960699e-02 -1.05711937e-01  9.88820891e-02  1.77624932e-01
   2.20105293e-01 -4.30384740e-01 -7.79239923e-01 -4.51684252e-01
   2.00169174e-01 -5.20252795e-01 -1.41819305e+00  6.97591797e-01
  -3.02931452e+00  1.79001663e+01  1.02897120e+00 -9.76527185e+00
  -4.97552062e+00  3.05094367e+00]], Action: [[ 0.05025335  1.         -1.         -1.         -1.          0.53157073]], Reward: [-0.905521],Reward_sum: -1.3386694192886353, Done: [False]
==========
t: 2, State: [[-1.78455917e-03 -1.48695468e-01  5.70528152e-02 -1.46145738e-01
   8.25059246e-01 -3.82126131e-01 -5.75113204e-01 -9.93656422e-02
  -2.57808703e-01  6.46163860e-02 -3.76629851e-01 -1.00873241e+00
  -7.77692218e+00  1.77825150e+00  2.09080937e-01  1.08706228e+01
   1.20312106e+01 -1.35549375e+01]], Action: [[-1.          1.         -1.          0.38021398  1.         -1.        ]], Reward: [-0.8440688],Reward_sum: -2.1827383041381836, Done: [False]
==========
t: 3, State: [[  0.06804378  -0.1297195    0.04610395   0.24268102  -0.17822157
    0.2769463   -0.04602213   0.10054967  -0.61013876   1.53588977
    0.45499944  -1.01232338  12.68412822 -24.85304156  16.24928389
    8.5369318   -2.42636574   3.12179729]], Action: [[ 1.         -0.97137326  1.          0.33113563  0.8932999  -0.31048208]], Reward: [1.0018066],Reward_sum: -1.1809316873550415, Done: [False]
==========
t: 4, State: [[ 0.14076088 -0.05706055  0.16533415  0.50107606 -0.61400861  0.49239237
  -0.11002964 -0.23323007  0.14328903  0.93637787  1.21613372  2.389301
   2.77930464 -5.56170857  3.91441602 -6.80149736 -7.18651649 19.20645005]], Action: [[ 1. -1.  1. -1. -1.  1.]], Reward: [0.854342],Reward_sum: -0.3265897035598755, Done: [False]
==========
t: 5, State: [[  0.15350993  -0.01805363   0.30133056   0.32647989  -0.42465064
   -0.08278619  -0.67236062  -0.38919711   0.52878466   0.13056226
    0.4897403    2.91890974  -5.35223016   5.75297509 -15.36824133
  -11.3506192   -0.9828915   -2.92092526]], Action: [[ 0.22000553 -0.793491   -0.71011823 -1.         -0.6875154   0.3007589 ]], Reward: [-0.01956225],Reward_sum: -0.3461519479751587, Done: [False]
==========
t: 6, State: [[ 1.42371097e-01 -2.27935630e-02  3.74068726e-01 -3.40805344e-01
   4.96011254e-01 -4.72554103e-01 -1.01842497e+00 -1.29426794e-01
  -1.80962900e-01  7.05260966e-03 -3.38511606e-01  6.35566591e-01
  -1.39324714e+01  1.69116853e+01  1.76514049e+00 -2.27972013e+00
   6.23148023e+00 -1.78565424e+01]], Action: [[-1.          1.         -1.         -1.          0.11356921 -1.        ]], Reward: [-0.7240664],Reward_sum: -1.0702183246612549, Done: [False]
==========
t: 7, State: [[ 0.22200036 -0.02233271  0.30815654 -0.54108099  0.78415861  0.28379995
  -0.39630477  0.04231422 -0.56615108  2.00592943  0.30002025 -2.2656743
   1.18650169 -0.41367995 17.6329307  13.32623966 -8.64695879 -1.82529098]], Action: [[-1.          1.          1.          0.48100245  1.         -0.73431456]], Reward: [1.1155272],Reward_sum: 0.04530894756317139, Done: [False]
==========
t: 8, State: [[ 3.74845806e-01  1.63605833e-02  3.12728657e-01  3.03496613e-01
  -2.86876061e-01  7.41841958e-01  1.91551545e-01 -2.98031789e-01
  -2.27657348e-02  3.01776753e+00  3.34421988e-01 -2.88037861e-01
   1.82540475e+01 -2.48326558e+01  2.90545685e+00  9.14667485e+00
  -2.73474305e+00  1.62332103e+01]], Action: [[ 1.         -1.          1.          0.03292066 -0.40838277  1.        ]], Reward: [2.640123],Reward_sum: 2.685431957244873, Done: [False]
==========
t: 9, State: [[ 4.50106785e-01  8.36086090e-03  2.42065868e-01  7.50494603e-01
  -6.95129291e-01 -1.77239883e-01  1.30143267e-01 -3.01479696e-01
   5.86889788e-01  6.31232256e-01 -2.78192681e-01 -1.47502266e+00
   1.71548676e+00  2.22632504e+00 -2.25805955e+01 -6.32429690e+00
   1.00188198e+00 -9.18957641e-01]], Action: [[ 1.         -0.73514897 -1.         -0.5989166  -1.          0.70809215]], Reward: [1.0651656],Reward_sum: 3.7505974769592285, Done: [False]
==========
t: 10, State: [[ 4.04675028e-01 -2.10322636e-02  2.04719998e-01 -1.43202468e-01
   4.37747846e-01 -4.77944913e-01 -4.62718072e-01 -6.76547422e-02
  -3.32552753e-02 -1.17811749e+00 -1.30815869e+00 -9.03684237e-01
  -2.22582704e+01  2.13075350e+01  2.55588608e+00 -1.14008963e+01
   5.04300561e+00 -1.68005304e+01]], Action: [[-1.          1.         -1.         -0.74172336 -0.22784089 -1.        ]], Reward: [-1.3688416],Reward_sum: 2.381755828857422, Done: [False]
==========
t: 11, State: [[ 0.44849348 -0.09093646  0.10305856 -0.55267338  0.71375177  0.25536428
  -0.43088428  0.24921526 -0.54626186  1.91312189 -1.14589749 -2.20350549
   1.8626535  -2.26308969 16.57840519  6.46055607  5.34925301  1.01534826]], Action: [[-1.          0.9639983   1.          0.19223934  1.         -0.7345667 ]], Reward: [0.42578542],Reward_sum: 2.8075413703918457, Done: [False]
==========
t: 12, State: [[ 6.08582622e-01 -1.15236886e-01  1.90850361e-02  3.38043268e-01
  -2.94182110e-01  7.20595066e-01  2.56716264e-01 -5.03966044e-02
  -2.41549776e-01  3.50806273e+00 -9.79238847e-01 -2.56394390e+00
   1.95945404e+01 -2.25318849e+01  3.63008145e+00  1.61582782e+01
  -4.83288307e+00  1.06788260e+01]], Action: [[ 1.         -1.          1.          1.          0.43022084  0.83822924]], Reward: [2.713011],Reward_sum: 5.520552635192871, Done: [False]
==========
t: 13, State: [[ 0.75361287 -0.10702177  0.03886398  0.71270598 -0.49536796  0.56536591
   0.29819984 -0.15949829  0.62284767  2.07358581  0.66907719  0.35197403
   3.23186685 -2.18821301 -4.27511234 -3.36411445 -1.55164979 21.36696288]], Action: [[ 1.         -1.          0.89814466 -1.         -0.98301184  1.        ]], Reward: [2.3233073],Reward_sum: 7.843859672546387, Done: [False]
==========
t: 14, State: [[  0.7952875   -0.05984084   0.08449695   0.46237415  -0.16521317
   -0.31884796  -0.1072145   -0.18746227   0.32085472   0.28393046
    0.85187069   1.53200134  -8.06302953   7.12822483 -18.89442472
  -12.11351936  -1.33437952 -11.3552622 ]], Action: [[ 0.60605764 -0.2316313  -1.         -1.         -0.9921658  -0.7312852 ]], Reward: [0.43947947],Reward_sum: 8.283339500427246, Done: [False]
==========
t: 15, State: [[  0.78321436  -0.05275323   0.14589155  -0.40970231   0.51020972
   -0.44227217  -0.87022072   0.29648148  -0.48060176   0.13376072
   -0.44320114   0.68170727 -17.52490563  10.78440135   1.3057649
  -12.31530218  11.58183633 -15.7397469 ]], Action: [[-1.        1.       -1.       -1.        0.995174 -1.      ]], Reward: [-0.84049994],Reward_sum: 7.4428391456604, Done: [False]
==========
t: 16, State: [[ 0.91082675 -0.05243185  0.06804842 -0.47057149  0.62765778  0.24888319
  -0.2984932   0.31206562 -0.54011559  3.4694276  -0.03180746 -2.13987395
   4.42224186 -0.82759175 16.92546775 20.61425557 -2.13130081  2.25338982]], Action: [[-0.63798153  1.          1.          1.          1.         -1.        ]], Reward: [2.011546],Reward_sum: 9.454384803771973, Done: [False]
==========
t: 17, State: [[  1.09888087  -0.04902906   0.1261807    0.31368535  -0.37988388
    0.71661422   0.37960665   0.14178208   0.18773532   3.42326295
   -0.48887071   1.261767    15.67065465 -22.68494881   3.45360653
    8.15100222  -1.87178379  18.99062673]], Action: [[ 1.         -1.          1.         -0.26361042 -0.33651668  1.        ]], Reward: [3.342809],Reward_sum: 12.79719352722168, Done: [False]
==========
t: 18, State: [[ 1.19844197e+00 -9.67130983e-02  1.43270918e-01  6.86269905e-01
  -7.99271595e-01 -1.19326525e-01  3.12552582e-01 -1.94669194e-02
   5.45097483e-01  1.12965658e+00 -1.03545776e+00  1.48371339e-01
   1.08320058e+00  9.61282647e-01 -2.09988987e+01 -7.06466495e+00
  -4.48612679e+00 -1.39481015e+00]], Action: [[ 1.         -1.         -0.86101824 -0.7137149  -1.          1.        ]], Reward: [1.4661479],Reward_sum: 14.263341903686523, Done: [False]
==========
t: 19, State: [[  1.20344998  -0.08704316   0.04206259   0.040713     0.34105092
   -0.45296771   0.25004719   0.24725454   0.47142399  -0.42609261
    0.31803812  -2.60723314 -15.92003191  22.51504774   1.63642043
   -4.04828443   8.31306731  -2.91208841]], Action: [[-0.3470831   1.         -1.         -1.         -0.21437077 -0.6478898 ]], Reward: [-0.2584581],Reward_sum: 14.004883766174316, Done: [False]
==========
t: 20, State: [[  1.21716262  -0.08291883  -0.0706742   -0.5912448    0.72485998
    0.30782996   0.22474359   0.60655227  -0.13698559   0.77072847
    0.11959117  -1.57193988  -7.23924526  -1.68681948  16.93927516
    1.27815078   4.57475393 -15.45814918]], Action: [[-0.760841    0.8240251   1.          0.42510587  1.         -1.        ]], Reward: [-0.16960841],Reward_sum: 13.835275650024414, Done: [False]
==========
t: 21, State: [[  1.28955745  -0.05128115  -0.06974063  -0.15453261   0.11684966
    0.68871184   0.39229765   0.44240171  -0.34954327   1.7034221
    0.45184772  -0.15743161  12.3499878  -12.66223724   1.51727417
    3.96694151  -5.60093811   2.61040612]], Action: [[0.32913846 0.26799184 1.         0.5716678  0.57028687 0.4064775 ]], Reward: [1.248156],Reward_sum: 15.083431243896484, Done: [False]
==========
t: 22, State: [[ 1.35730723e+00 -1.67802105e-02 -4.56157927e-02  4.40222947e-01
  -1.85668854e-01 -2.66789307e-01  8.55554512e-02 -3.41268325e-02
   3.18976677e-01  8.77506865e-01  3.90480727e-01  5.34093965e-01
   9.72985699e+00 -3.32255077e+00 -2.19060811e+01 -1.23799542e+01
  -1.02776440e+01  1.65978416e+01]], Action: [[ 1.        -0.1733654 -1.        -1.        -1.         1.       ]], Reward: [0.85199004],Reward_sum: 15.935420989990234, Done: [False]
==========
t: 23, State: [[  1.3816904   -0.04304787   0.02676755   0.59820612  -0.05933581
   -0.43914377  -0.7595797   -0.42553345   0.46136137   0.60518037
   -1.07683718   1.97529101   0.96520589   4.68566989   1.23605334
  -17.29829479  -5.83488838  -5.60148246]], Action: [[ 0.8912432   0.06533833 -1.         -1.         -1.          0.13822897]], Reward: [0.10589427],Reward_sum: 16.04131507873535, Done: [False]
==========
t: 24, State: [[ 1.41853277e+00 -7.06355281e-02 -2.48621759e-03  7.01138806e-02
   6.16029558e-01  3.91146218e-01 -5.82926082e-01 -1.92598711e-01
   5.80849033e-02  9.81235893e-01 -3.38853935e-01 -2.29369328e+00
  -1.44486706e+01  1.22915544e+01  1.87188838e+01  1.54403732e+01
   9.25503034e+00 -7.14833933e+00]], Action: [[-1.          1.          0.91598785  1.          1.          0.7663037 ]], Reward: [0.19422176],Reward_sum: 16.235536575317383, Done: [False]
==========
t: 25, State: [[ 1.54241319e+00 -7.63779364e-02  3.69245077e-03  3.67972561e-02
   1.25826767e-02  8.19863194e-01  1.73214324e-01  5.21134986e-01
  -3.11110066e-01  2.83149149e+00 -4.01834785e-01  2.16125217e+00
   5.04045010e+00 -2.09836035e+01 -4.34650850e-01  1.24701925e+01
   1.47352057e+01 -5.41317006e+00]], Action: [[ 0.40336174 -1.          1.          0.43384433  1.         -0.4514287 ]], Reward: [2.1221375],Reward_sum: 18.35767364501953, Done: [False]
==========
t: 26, State: [[ 1.66257014 -0.05288321  0.13349951  0.4103736  -0.56542887  0.67492343
   0.40890589  0.29292333 -0.26929072  1.91557595  0.54171547  2.77936814
   6.37813234 -7.70277325 -5.28906649 -1.71202717 -8.87057489  8.87370582]], Action: [[ 1.         -1.          1.         -0.8289989  -0.8929215   0.42311496]], Reward: [1.9367815],Reward_sum: 20.29445457458496, Done: [False]
==========
t: 27, State: [[ 1.71350207e+00 -1.92502401e-02  2.01598947e-01  5.13447495e-01
  -3.02161405e-01 -3.48231532e-01  1.51660559e-01 -1.20687432e-01
   5.70989691e-01  4.90320843e-01  8.73196938e-01  9.18937971e-01
   2.73181548e-02  9.22890031e+00 -2.10537505e+01 -7.43579542e+00
  -6.64211443e+00  1.78976112e+01]], Action: [[ 1.         -0.12330757 -1.         -1.         -1.          0.7095874 ]], Reward: [0.56676656],Reward_sum: 20.861221313476562, Done: [False]
==========
t: 28, State: [[ 1.69617520e+00  1.24493110e-02  2.88664590e-01  1.56255004e-01
   5.02772720e-01 -4.57368173e-01 -4.75808686e-01 -3.51889168e-01
   1.58903594e-01 -4.32978318e-01  3.22269744e-01  2.45442370e+00
  -7.42713714e+00  1.37215585e+01  1.94585876e+00 -1.46356255e+01
  -3.81779790e+00 -1.46774065e+01]], Action: [[ 0.13529487  1.         -1.         -1.         -1.         -1.        ]], Reward: [-0.84836787],Reward_sum: 20.012853622436523, Done: [False]
==========
t: 29, State: [[ 1.73081255  0.03180386  0.32213745 -0.3142738   0.8167958   0.38809994
  -0.37220994 -0.1319266  -0.31307754  1.4698626   0.44046958 -0.30149814
  -8.36459124 -0.51693645 18.96137144 11.73917105  8.08141542 -4.2444496 ]], Action: [[-1.          1.          1.          1.          1.          0.61153466]], Reward: [0.15534958],Reward_sum: 20.168203353881836, Done: [False]
==========
t: 30, State: [[  1.86832779   0.0717206    0.4309015    0.17704418  -0.25606213
    0.78879323   0.0967824    0.1105276   -0.46477703   2.82012099
    0.56520111   2.15651087  14.08286041 -25.69327369   0.58927075
    7.37778785   2.25282709  -2.42249886]], Action: [[ 0.92776936 -1.          1.         -0.06673786  0.13996549 -0.35305285]], Reward: [2.4493601],Reward_sum: 22.617563247680664, Done: [False]
==========
t: 31, State: [[  1.94094099   0.07904054   0.47984111   0.54106104  -0.83531821
    0.28808349   0.03490169  -0.03968858   0.11536185   0.67251262
    0.1337343    0.18102283   1.26025794   0.78380412 -12.0547632
   -4.64439992  -5.95008316  17.37288772]], Action: [[ 1.        -1.         0.3367176 -1.        -1.         1.       ]], Reward: [0.94092613],Reward_sum: 23.558490753173828, Done: [False]
==========
t: 32, State: [[  1.90763951   0.09936983   0.43847678  -0.06684645   0.32216196
   -0.50551046  -0.20148237  -0.17560484   0.45782052  -1.15287703
    0.2572021   -1.05903321 -14.21463617  23.27169981 -12.98729722
   -6.70353974  -1.59224938  -1.85621517]], Action: [[-0.4880122  0.9523992 -1.        -1.        -0.7151967 -1.       ]], Reward: [-1.1317022],Reward_sum: 22.426788330078125, Done: [False]
==========
t: 33, State: [[  1.90139324   0.09768496   0.37313319  -0.56209354   0.83770473
   -0.43545476  -0.24774701   0.15881149  -0.21533284   0.94026648
    0.04083836  -0.74641296  -0.2665961   -0.76869094   1.17067961
    2.85344929   9.16732561 -17.20416822]], Action: [[-1.          1.         -0.9325811   0.25691128  1.         -1.        ]], Reward: [-0.6184965],Reward_sum: 21.808292388916016, Done: [False]
==========
t: 34, State: [[  2.00471932   0.09826018   0.38882011   0.12843715   0.26341326
    0.24108507  -0.09546199   0.50346768  -0.51727026   2.24028403
   -0.55393651  -0.27989442  16.17505104 -12.88031872  16.440019
    3.49715863   4.76496918   1.19170195]], Action: [[ 0.9339148   0.59021574  1.         -0.27450818  0.72431976 -1.        ]], Reward: [1.6844671],Reward_sum: 23.492759704589844, Done: [False]
==========
t: 35, State: [[  2.08587415   0.05200089   0.3966713    0.74550418  -0.54093605
    0.75992019   0.10912241   0.04896165   0.15135836   0.98711832
   -0.90565407   0.07727463   7.33542798 -11.72803447   4.39358041
    4.23140437 -13.01859365  18.37134494]], Action: [[ 1.         -1.          1.         -0.30307704 -0.7399515   0.9303027 ]], Reward: [1.1726118],Reward_sum: 24.66537094116211, Done: [False]
==========
t: 36, State: [[  2.08189298   0.04598497   0.4186461    0.70170794  -0.6040815
   -0.13295001   0.03356091  -0.36720358   0.54141141  -0.6467013
    0.38300893   0.55299219  -5.20569014   2.46920689 -22.89522612
   -4.39661628  -4.53565712  -1.06132672]], Action: [[ 1.         -1.         -1.         -0.97841644 -1.          1.        ]], Reward: [-0.6753533],Reward_sum: 23.99001693725586, Done: [False]
==========
t: 37, State: [[ 2.01902590e+00  3.66372884e-02  3.86934614e-01  2.36370889e-01
   2.36176224e-01 -4.82389201e-01 -4.22688423e-01 -3.98386766e-01
  -1.01628801e-02 -1.21857018e+00 -7.86142682e-01 -1.09198395e+00
  -6.88336392e+00  1.75235649e+01  2.60184770e+00 -1.04410202e+01
   8.60572714e-01 -1.52853079e+01]], Action: [[ 1.  1. -1. -1. -1. -1.]], Reward: [-1.8573416],Reward_sum: 22.132675170898438, Done: [False]
==========
t: 38, State: [[ 1.99852718e+00 -1.28363037e-02  2.53064042e-01 -2.83386366e-01
   8.28145212e-01  3.93686315e-01 -2.12828767e-01 -8.50784177e-03
  -5.99996508e-01  2.25319748e-01 -1.16590216e+00 -3.57753935e+00
  -1.02647824e+01  5.37973517e+00  1.92593795e+01  1.19224412e+01
   9.51770054e+00  1.43972329e+00]], Action: [[-1.         1.         1.         1.         1.        -0.6448858]], Reward: [-0.95156205],Reward_sum: 21.18111228942871, Done: [False]
==========
t: 39, State: [[  2.08836195  -0.02998985   0.16351424   0.2294691   -0.09693658
    0.80602863   0.40686369   0.19447119  -0.51116368   2.04316801
   -0.20044937  -1.86940316  15.96849439 -24.76355404   0.33584025
   11.00681034   2.32784672   2.27744528]], Action: [[ 1.         -1.          1.          0.68688804  0.82561105 -0.55277157]], Reward: [1.3507949],Reward_sum: 22.531909942626953, Done: [False]
==========
t: 40, State: [[  2.11426261  -0.04403985   0.04018092   0.67730827  -0.80421286
    0.40988363   0.2814676    0.09100597   0.24947147  -0.39082242
   -0.26766318  -2.3133871    2.66608445  -2.29048151  -9.12542666
  -10.20934175  -4.69616066  19.60216372]], Action: [[ 1.        -1.         0.5714453 -1.        -1.         1.       ]], Reward: [-0.01464181],Reward_sum: 22.51726722717285, Done: [False]
==========
t: 41, State: [[ 2.05115448e+00 -9.59053811e-02 -1.60598973e-03  3.62164255e-01
   5.11967550e-02 -2.27381093e-01 -5.13631101e-01 -1.65724816e-01
   4.56140720e-01 -1.36841073e+00 -1.76002056e+00  1.17679605e-01
  -7.57362365e+00  1.70684946e+01 -1.13026680e+01 -1.73404837e+01
  -5.29736092e+00 -5.61108458e+00]], Action: [[ 0.49484575  0.30659097 -0.5115245  -1.         -0.8673038  -0.380319  ]], Reward: [-1.5119011],Reward_sum: 21.0053653717041, Done: [False]
==========
t: 42, State: [[ 2.01302372e+00 -1.93098680e-01 -5.09978246e-02 -2.36134015e-01
   7.99395900e-01 -4.37869273e-01 -7.97746411e-01  1.25803555e-02
  -3.73111278e-01 -1.79738795e-01 -1.79632031e+00 -2.18490607e+00
  -1.24600357e+01  9.01354446e+00  9.66561298e-01  3.74227817e+00
   6.10552235e+00 -1.92851256e+01]], Action: [[-1.          1.         -1.          0.18819183  1.         -1.        ]], Reward: [-1.2661569],Reward_sum: 19.739208221435547, Done: [False]
==========
t: 43, State: [[ 2.08689352 -0.2258473  -0.14109691 -0.31864109  0.84749064  0.08475867
  -0.10039647  0.28264478 -0.45923392  2.49524602  0.40724411  0.70369615
   3.20985425 -0.53584182  8.45866822 15.79585486  6.23436438  4.32237432]], Action: [[-0.01719598  1.          1.          0.55250704  1.         -0.28994632]], Reward: [1.1384332],Reward_sum: 20.877641677856445, Done: [False]
==========
t: 44, State: [[ 2.21580780e+00 -1.32053901e-01  4.52629704e-02  3.05177593e-01
  -6.24562504e-02  4.48144532e-01  1.25693361e-02 -2.37183441e-01
  -4.60485031e-01  2.63175484e+00  1.99248354e+00  4.59318283e+00
   1.31899152e+01 -2.21096907e+01  5.98778647e+00 -4.19216967e+00
  -9.29713734e+00  3.10856694e+00]], Action: [[ 1.         -1.          1.         -1.         -1.         -0.67643064]], Reward: [2.0325296],Reward_sum: 22.910171508789062, Done: [False]
==========
t: 45, State: [[  2.29523517  -0.08665294   0.19887625   0.57028248  -0.33393113
   -0.05540957  -0.55410441  -0.53172961  -0.04827408   1.12280779
    0.35571322   2.58227416   0.44316112   4.37310815 -14.42717065
  -13.78557929  -3.49283551   9.43842251]], Action: [[ 0.7164053   0.04723252 -0.65712327 -1.         -1.          0.15996884]], Reward: [1.2912606],Reward_sum: 24.201431274414062, Done: [False]
==========
t: 46, State: [[ 2.33953685 -0.09275148  0.29695794  0.29650114  0.45653787 -0.45310071
  -1.02630763 -0.57002689 -0.06258387  1.0435582  -0.188471    1.6402291
  -6.11104876 15.70690302  1.1713382  -4.55874368 -0.16982641 -5.81406357]], Action: [[ 0.17930295  1.         -1.         -1.         -1.         -1.        ]], Reward: [0.3828188],Reward_sum: 24.58424949645996, Done: [False]
==========
t: 47, State: [[  2.42508041  -0.06981592   0.28287423  -0.25608217   0.81967999
    0.38991786  -0.38172145  -0.02466577  -0.58780472   2.42468381
    0.38835794  -0.63941903 -11.12540748  -0.90566495  19.05055613
   18.23461516  16.84034677  -9.67321042]], Action: [[-1.         1.         1.         0.6621101  1.        -1.       ]], Reward: [1.1670321],Reward_sum: 25.75128173828125, Done: [False]
==========
t: 48, State: [[ 2.59111539e+00 -6.61618932e-03  2.89398646e-01  1.76929590e-01
  -2.33010805e-01  7.92707648e-01  1.09425032e-01 -7.51705645e-02
  -4.56582675e-01  3.59422626e+00  1.08578357e+00  1.45914229e-01
   1.45983367e+01 -2.57353279e+01  5.27572671e-01  8.20330032e+00
   4.20652642e+00  5.15056194e+00]], Action: [[ 1.        -1.         1.         0.1382696  0.3580603 -0.5156734]], Reward: [2.9793751],Reward_sum: 28.73065757751465, Done: [False]
==========
t: 49, State: [[ 2.70275909e+00  1.89462493e-02  2.49222738e-01  5.74464592e-01
  -8.52706776e-01  2.59165146e-01  1.77952007e-02 -5.53324747e-02
   3.30060741e-01  1.38908225e+00  3.19137778e-01 -1.46380528e+00
   1.45347026e+00  4.49560438e-01 -1.28401443e+01 -5.52792449e+00
  -2.40434047e+00  1.94707813e+01]], Action: [[ 1.         -1.          0.24520779 -1.         -1.          1.        ]], Reward: [1.7268612],Reward_sum: 30.45751953125, Done: [False]
==========
t: 50, State: [[ 2.71736222e+00 -1.20753968e-03  1.78456738e-01  7.99516413e-02
   1.34597948e-01 -5.02003166e-01 -4.55144408e-01 -2.48615505e-01
   3.75440824e-01  9.48023483e-02 -9.85950072e-01 -1.18152407e+00
  -1.13700589e+01  2.01302382e+01 -8.88530530e+00 -1.06718348e+01
  -4.39681245e+00 -9.97715264e+00]], Action: [[-0.0463116   0.58445275 -1.         -1.         -1.         -1.        ]], Reward: [-0.14231034],Reward_sum: 30.315208435058594, Done: [False]
==========
t: 51, State: [[ 2.78139412e+00 -6.21075838e-02  1.80736262e-02 -4.44410379e-01
   8.33883721e-01 -2.74127157e-01 -2.31467198e-01 -5.12593959e-02
  -5.34588557e-01  2.09648413e+00 -1.17981318e+00 -4.08843975e+00
  -7.96365050e+00  6.67904088e+00  6.23987950e+00  1.25179487e+01
   7.61228658e+00 -1.88138810e+01]], Action: [[-1.          1.         -0.36854464  1.          1.         -1.        ]], Reward: [0.7670555],Reward_sum: 31.082263946533203, Done: [False]
==========
t: 52, State: [[  2.92263874  -0.08645313  -0.09730645  -0.06900029   0.41854165
    0.37161999   0.06371291   0.55955497  -0.39695056   3.00225713
   -0.53730138  -1.71047515  12.36002694 -12.36981017  13.0009761
    2.52105715  12.87514033   5.75607516]], Action: [[ 0.56054586  0.5903814   1.         -0.30372456  1.         -0.39970583]], Reward: [2.5334148],Reward_sum: 33.61567687988281, Done: [False]
==========
t: 53, State: [[  3.09719699  -0.1040661   -0.04073052   0.38711395  -0.14846347
    0.7011175    0.4322902    0.3400943    0.27885557   3.57949861
   -0.22566182   2.89788107   5.64732071  -8.63582673   1.95455579
    8.12870264 -10.47230931  15.29240655]], Action: [[ 0.4875735  -1.          1.          0.58150494 -0.13356839  0.8811546 ]], Reward: [3.15415],Reward_sum: 36.76982879638672, Done: [False]
==========
t: 54, State: [[  3.23130977  -0.1001718    0.11590355   0.60303052  -0.55131811
   -0.17643356   0.39559536  -0.06540026   0.58313493   2.37201074
    0.65780331   2.33810752   2.76296581  -6.60818822 -21.57639108
    3.04405496  -2.16673622   1.59518793]], Action: [[ 1.        -1.        -1.        -0.8515638 -1.         1.       ]], Reward: [2.1097395],Reward_sum: 38.87957000732422, Done: [False]
==========
t: 55, State: [[ 3.30952791 -0.03734118  0.21270636  0.45013713 -0.50884523 -0.48195563
   0.26928911 -0.02691605  0.40198478  1.23599796  1.67276846  1.68260426
  -4.78250567  3.60390847  2.61219258 -4.03477558  2.03729316 -5.09698301]], Action: [[ 1.         -0.64550257 -1.         -1.         -1.         -1.        ]], Reward: [1.0226954],Reward_sum: 39.90226745605469, Done: [False]
==========
t: 56, State: [[  3.33673892   0.02324546   0.23822327  -0.34750386   0.41839587
    0.36910754   0.09020051   0.37364215  -0.19235309   0.49967193
    0.69483529  -0.20061448 -17.28884081  16.9203769   18.56372234
   -2.53114623   8.88023771 -14.33478575]], Action: [[-1.          1.          1.          0.13217717  0.878216   -1.        ]], Reward: [0.06534686],Reward_sum: 39.967613220214844, Done: [False]
==========
t: 57, State: [[ 3.41094019  0.06117815  0.28371654 -0.55838739  0.65208348  0.74137504
   0.03661969  0.62911889 -0.5228599   1.93456171  0.88955693  1.77933207
   3.21059257 -0.90757447  0.53166111 -0.36511377  1.59237658  1.07184945]], Action: [[-0.9403484   1.          1.          0.08312356  1.         -0.67040217]], Reward: [1.0499649],Reward_sum: 41.017578125, Done: [False]
==========
t: 58, State: [[  3.53227084   0.12369246   0.48787282   0.22438283  -0.19668681
   -0.0336834   -0.15470748   0.03228101   0.12420696   2.21147087
    0.66190695   3.54797955  15.75122566 -19.73005408 -17.98330178
   -6.35352324 -15.6501246   16.92866719]], Action: [[ 0.82110286 -0.51882774 -0.4714468  -1.         -1.          0.79256475]], Reward: [2.0472317],Reward_sum: 43.06481170654297, Done: [False]
==========
t: 59, State: [[ 3.59170572  0.13515413  0.54630199  0.60781116 -0.3552138  -0.49136492
  -0.44356275 -0.51828364  0.5576956   0.68804464 -0.05599456  0.79417564
   2.52131449  6.45543219  2.28784756 -9.09608517 -6.92666281 -3.25160335]], Action: [[ 1.          0.05251409 -1.         -1.         -1.          0.38020366]], Reward: [0.77396625],Reward_sum: 43.83877944946289, Done: [False]
==========
t: 60, State: [[ 3.57894192e+00  1.48811453e-01  5.92947312e-01 -1.42877108e-02
   5.79676413e-01 -7.05314433e-02 -9.92997971e-01 -1.45003631e-01
  -2.00895095e-01 -3.41003331e-01  1.83657733e-01  6.25451571e-01
  -1.64775323e+01  1.67990177e+01  8.40783681e+00 -7.87260065e+00
   1.20669115e+01 -1.89275297e+01]], Action: [[-1.          1.         -0.24308908 -0.9353855   0.50713044 -1.        ]], Reward: [-0.6743979],Reward_sum: 43.16438293457031, Done: [False]
==========
t: 61, State: [[ 3.64812189  0.13924007  0.50655326 -0.55234848  0.77101132  0.56250584
  -0.37270961  0.26751765 -0.53863064  2.32400716 -0.58461889 -1.95178426
  -5.59108173 -3.49151044 10.67727837 19.61084947  7.07609269  1.92813326]], Action: [[-1.         1.         1.         0.7620723  1.        -1.       ]], Reward: [0.82552403],Reward_sum: 43.989906311035156, Done: [False]
==========
t: 62, State: [[  3.80802883   0.11440819   0.6225582    0.11120848  -0.44901319
    0.65456377   0.23026863   0.39344602  -0.23361896   2.92934905
   -0.9981262    2.63672075  16.07520449 -27.4004464   -2.65559718
    7.63507716   1.32873463   8.08812623]], Action: [[ 1.         -1.          1.         -0.48870534 -0.07898547 -0.36470777]], Reward: [2.8603303],Reward_sum: 46.85023498535156, Done: [False]
==========
t: 63, State: [[  3.88251584   0.0501507    0.65632959   0.48112233  -0.80162067
   -0.05583151   0.19848724   0.13786641   0.47374904   0.81156196
   -1.19403533   0.05867664   1.92637918   4.23197361 -15.14031987
   -6.22392961  -8.08283193  14.69352994]], Action: [[ 1.         -1.         -0.3115598  -1.         -1.          0.73291594]], Reward: [1.0263165],Reward_sum: 47.876548767089844, Done: [False]
==========
t: 64, State: [[ 3.88362650e+00  2.51802399e-02  6.16185370e-01 -8.86504635e-03
   3.75411214e-01 -4.58515738e-01  1.74465338e-01  6.96559088e-02
   4.90290678e-01 -2.30688512e-01 -9.61697171e-02 -8.39936333e-01
  -1.18080281e+01  2.25064612e+01  1.35571954e+00  6.99453958e-01
   1.07722515e+00 -4.06239265e+00]], Action: [[-0.38205457  1.         -1.         -1.         -0.9085578  -1.        ]], Reward: [-0.47493103],Reward_sum: 47.40161895751953, Done: [False]
==========
t: 65, State: [[  3.89732677   0.03645066   0.59019283  -0.57885063   0.8213268
    0.32532005   0.0916684    0.5208094   -0.07692861   0.72443212
    0.32799955   0.29103835  -8.03977412  -0.89501056  17.53277617
   -2.82888643  10.89125408 -13.84631614]], Action: [[-1.         1.         1.        -0.3064279  1.        -1.       ]], Reward: [-0.23538454],Reward_sum: 47.16623306274414, Done: [False]
==========
t: 66, State: [[  3.97558116   0.05603245   0.69823562  -0.27483392   0.32039313
    0.70911948   0.04076578   0.6490193   -0.53601359   1.68240543
    0.1760521    2.35943484   8.63680698 -10.47661407   1.36993939
    0.50393446  -1.93889896  -5.02892165]], Action: [[-0.13132973  0.67856836  1.         -0.32734656  0.4068973  -0.8551996 ]], Reward: [1.3169088],Reward_sum: 48.4831428527832, Done: [False]
==========
t: 67, State: [[ 4.06102519e+00  5.99328847e-02  8.15213405e-01  3.50865777e-01
  -3.57153387e-01  4.13668524e-01  1.20599576e-01  1.70077058e-01
   6.91866105e-02  1.25983218e+00  1.39737111e-02  1.55678513e+00
   1.07056791e+01 -1.01271878e+01 -7.23715542e+00  7.79109699e-01
  -1.08490508e+01  1.94130101e+01]], Action: [[ 1.         -0.26372492  0.69919217 -1.         -1.          0.7301547 ]], Reward: [1.299726],Reward_sum: 49.782867431640625, Done: [False]
==========
t: 68, State: [[  4.08985368   0.08127586   0.88008841   0.62247389  -0.51119251
   -0.40836016   0.03779283  -0.13331221   0.65187865   0.29048191
    0.82816463   1.40990754   1.24923731   1.12677432 -15.81246293
   -0.36268326  -0.60746985  -3.45365454]], Action: [[ 1.         -0.6951316  -1.         -1.         -1.          0.87296003]], Reward: [0.05204314],Reward_sum: 49.83491134643555, Done: [False]
==========
t: 69, State: [[  4.07381841   0.14496375   0.93886804   0.33373513   0.29067567
   -0.45299567  -0.04975955  -0.08298481   0.22373663  -0.5317579
    1.42146645   1.28279305  -5.74239064  16.92637681   1.77676052
   -2.21919331   1.16047265 -10.48291788]], Action: [[ 0.78811324  1.         -1.         -1.         -1.         -1.        ]], Reward: [-0.8828177],Reward_sum: 48.95209503173828, Done: [False]
==========
t: 70, State: [[  4.05027941   0.23032546   1.04356441  -0.33312544   0.79336571
    0.38121815  -0.31670169   0.33724954  -0.48615937  -0.28734741
    1.44975531   2.40123637 -13.88942663   3.3808311   18.24688449
   -5.20263463   9.54411798 -13.85751667]], Action: [[-1.         1.         1.        -0.3792032  1.        -1.       ]], Reward: [-0.98515964],Reward_sum: 47.96693420410156, Done: [False]
==========
t: 71, State: [[  4.08752045   0.26476206   1.21727336  -0.49117401   0.36882137
    0.79903054  -0.26280288   0.47682539  -0.44310798   1.12581769
    0.22814137   3.88703128   2.07347389 -11.96846262   0.98961396
    4.3006404   -0.24715632   5.75623424]], Action: [[-0.69499594  0.25745738  1.          0.18239415  1.         -0.29124963]], Reward: [0.4780811],Reward_sum: 48.44501495361328, Done: [False]
==========
t: 72, State: [[ 4.15851028e+00  2.44330988e-01  1.47984019e+00  1.86747403e-01
  -7.18160354e-01 -2.70440155e-03 -1.91575902e-01 -5.67376549e-02
   3.35645087e-01  7.50916664e-01 -7.89755103e-01  4.12118939e+00
   1.37238276e+01 -1.93976206e+01 -1.87010161e+01 -8.24603607e-01
  -1.27136115e+01  1.80930805e+01]], Action: [[ 1.         -1.         -0.37702137 -1.         -1.          1.        ]], Reward: [0.9055821],Reward_sum: 49.3505973815918, Done: [False]
==========
t: 73, State: [[ 4.14858617  0.20617864  1.59234216  0.47578897 -0.63173777 -0.49735617
  -0.43503615 -0.48694611  0.4957247  -0.46600042 -0.76414607  1.81906278
   2.88914417  9.52851212  2.49007824 -7.41760297 -5.63824349 -5.50781179]], Action: [[ 1.         -0.6271063  -1.         -1.         -1.          0.17797618]], Reward: [-0.640976],Reward_sum: 48.70962142944336, Done: [False]
==========
t: 74, State: [[ 4.12464482e+00  2.21619824e-01  1.61973830e+00 -1.87241280e-02
   5.88427178e-01  2.08353485e-02 -5.30674371e-01 -1.57218903e-01
  -2.99336990e-01 -3.01478931e-01  6.86044277e-01  1.61876233e-01
  -1.31580471e+01  2.13737235e+01  1.10820948e+01  1.87287857e+00
   1.14185988e+01 -1.85051114e+01]], Action: [[-1.          1.         -0.03878903 -0.3510545   0.820242   -1.        ]], Reward: [-0.858581],Reward_sum: 47.85103988647461, Done: [False]
==========
t: 75, State: [[ 4.14067996  0.21616241  1.69129457 -0.5309694   0.7854167   0.63715992
  -0.49147899  0.48005703 -0.55635612  0.69867251 -0.69218189  2.49958243
  -6.19852149 -5.03834675  8.80330093  0.63483299 10.71381579  3.14132719]], Action: [[-1.          1.          1.         -0.59150547  1.         -1.        ]], Reward: [-0.21428514],Reward_sum: 47.63675308227539, Done: [False]
==========
t: 76, State: [[  4.19862419   0.08298984   1.93233967   0.15878409  -0.40769361
    0.65131329   0.05100004   0.06549517   0.15905085   0.36785771
   -3.23508275   4.49068486  16.96884206 -26.55239068  -3.73399792
   14.5461867  -12.57284605  17.91454447]], Action: [[ 1.         -1.          1.          0.42262793 -0.50906634  1.        ]], Reward: [0.71510816],Reward_sum: 48.35186004638672, Done: [False]
==========
t: 77, State: [[ 4.23574821  0.10565672  1.98204819  0.43052203 -0.82444126  0.23402407
   0.09157594 -0.27024602  0.56775342  0.95629805  1.32096433 -0.08786255
   0.19196893  2.78042236 -8.24051067 -5.41283123 -4.0251868  -2.17804382]], Action: [[ 1.         -1.          0.46664405 -0.81591624 -1.          0.8658373 ]], Reward: [0.27916548],Reward_sum: 48.63102722167969, Done: [False]
==========
t: 78, State: [[  4.26774089   0.2271157    1.95722966  -0.26150725   0.40755081
   -0.44327691  -0.513299    -0.29357755  -0.05303705   0.19714643
    2.52194422  -0.43884678 -15.75253365  23.841577   -12.08336178
  -13.64570498   0.73007831 -16.30195296]], Action: [[-1.          1.         -1.         -1.         -0.78085876 -1.        ]], Reward: [0.07887953],Reward_sum: 48.70990753173828, Done: [False]
==========
t: 79, State: [[ 4.29974593  0.26681404  1.93461761 -0.55854909  0.79983282 -0.21249708
  -0.87377626  0.13703232 -0.54907143  1.17221676 -0.29562508 -0.30732144
   1.84727873 -1.97446147  8.11428734 -1.93933046  9.43305432  1.34731568]], Action: [[-1.          1.          0.05052984 -0.56282187  1.         -1.        ]], Reward: [0.20816867],Reward_sum: 48.91807556152344, Done: [False]
==========
t: 80, State: [[ 4.38101088e+00  1.35948010e-01  1.93307527e+00  2.46984778e-01
  -2.59920373e-01  4.70756974e-01 -1.08598662e-01 -2.41220662e-02
  -1.60518831e-01  9.85985909e-01 -3.24091361e+00 -5.13113653e-01
   1.74014135e+01 -2.44032203e+01  1.30211836e+01  2.13931201e+01
  -5.27108279e+00  1.02454670e+01]], Action: [[ 0.71617174 -1.          1.          0.7598382  -0.14103293  0.20291083]], Reward: [1.310167],Reward_sum: 50.228240966796875, Done: [False]
==========
t: 81, State: [[ 4.41263082  0.0844436   1.94200308  0.56906439 -0.81685263  0.69093443
   0.24406964 -0.20100656  0.58469545  0.77628111  0.87935692  0.86319406
  -2.25659078  0.06836813 -1.2568053  -2.55610468 -3.95680442 14.69990575]], Action: [[ 1.         -1.          0.94969565 -0.8066852  -1.          0.94922215]], Reward: [0.08703032],Reward_sum: 50.315269470214844, Done: [False]
==========
t: 82, State: [[  4.45615775   0.16833921   1.97561953   0.06612148  -0.06888934
   -0.26788844  -0.27876506  -0.25553049   0.34737856   0.69394345
    1.81362554   0.8121083  -10.58671579  14.74286558 -21.71708189
  -13.58244999  -0.66817659  -7.92779975]], Action: [[ 0.06513424  0.11190823 -1.         -1.         -0.9069065  -0.08156256]], Reward: [0.58594877],Reward_sum: 50.90121841430664, Done: [False]
==========
t: 83, State: [[  4.47212328   0.23849183   2.00309926  -0.58316076   0.61197832
   -0.43949058  -0.91556967   0.05625692  -0.37316479   0.16910239
    0.65077345   0.47704899 -10.30066856   8.55284382   1.16885592
   -9.10151907   6.8533247  -15.47806559]], Action: [[-1.          1.         -1.         -1.          0.35331106 -1.        ]], Reward: [-0.19317228],Reward_sum: 50.708045959472656, Done: [False]
==========
t: 84, State: [[ 4.50454965  0.16531305  1.93948136 -0.48709547  0.67137037  0.2835225
  -0.50448046  0.23415873 -0.52169771  0.64814937 -2.14540776 -2.09169782
   3.01423888 -1.11762275 17.95123637 15.03448216  3.43929042  0.77973048]], Action: [[-1.         1.         1.         0.3996421  1.        -1.       ]], Reward: [0.13255596],Reward_sum: 50.84060287475586, Done: [False]
==========
t: 85, State: [[  4.54872789   0.08541129   1.96840853   0.16293539  -0.26555107
    0.74825671   0.18061306   0.09026662   0.10391637   0.68062766
    1.08522138   0.97509002   9.79634094 -20.35845015   2.70280135
    8.94115044  -4.88165339  16.75598399]], Action: [[ 1.         -1.          1.          0.34979248 -0.03770601  0.9918893 ]], Reward: [0.47280282],Reward_sum: 51.31340408325195, Done: [False]
==========
t: 86, State: [[  4.58625344   0.17611138   1.98375961   0.4830915   -0.82103754
    0.15399776   0.15190122  -0.12616581   0.58733045   0.85024881
    2.26922185  -0.18146871   2.38932296  -2.81549294 -15.08439707
   -5.88622791  -3.68663678  -2.58708638]], Action: [[ 1.        -1.        -0.0847078 -0.8625177 -1.         1.       ]], Reward: [0.2753997],Reward_sum: 51.588802337646484, Done: [False]
==========
t: 87, State: [[  4.61172584   0.34060298   1.95587098  -0.08251889   0.26403989
   -0.49888314  -0.45425908  -0.28099039  -0.03718415   0.05945862
    3.35585944  -0.37678999 -13.44485617  23.52798145  -0.39437394
  -14.18945579  -2.83321057 -16.26928682]], Action: [[-0.36710286  1.         -1.         -1.         -1.         -1.        ]], Reward: [-0.00402851],Reward_sum: 51.584781646728516, Done: [False]
==========
t: 88, State: [[ 4.61841593  0.43047544  1.87401713 -0.54604256  0.85108217 -0.02774558
  -0.5492668  -0.08257762 -0.54939028  0.64582689  0.67661541 -1.84197589
  -4.43873218 -0.45727095 11.39027522  5.7786063   5.53078325  1.30604079]], Action: [[-1.          1.          0.19260904  0.36602592  0.8015976  -1.        ]], Reward: [-0.24756126],Reward_sum: 51.33721923828125, Done: [False]
==========
t: 89, State: [[ 4.69377067e+00  3.67881969e-01  1.88823001e+00  2.03108799e-01
  -2.92717796e-01  5.42600712e-01 -8.73211630e-02  8.97141596e-02
  -1.92896244e-01  1.11700671e+00 -1.76967148e+00  1.00224590e-02
   1.83875673e+01 -2.68886303e+01  8.77634636e+00  1.00829703e+01
   3.45466463e+00  9.53649110e+00]], Action: [[ 1.         -1.          1.          0.03764343  0.13558604  0.05424635]], Reward: [1.2048204],Reward_sum: 52.54203796386719, Done: [False]
==========
t: 90, State: [[ 4.71861548  0.3371083   1.84936753  0.64113671 -0.80551521  0.63483356
   0.05407914 -0.02893093  0.56521062  0.42375461  0.06272402 -0.97954047
   1.52438052  2.83292965 -2.08459802 -1.95372229 -5.22780978 15.46906002]], Action: [[ 1.         -1.          0.97293687 -0.8142886  -1.          1.        ]], Reward: [-0.06407106],Reward_sum: 52.47796630859375, Done: [False]
==========
t: 91, State: [[  4.74537324   0.39146761   1.85583877   0.15537022  -0.02836183
   -0.24997981  -0.38529366  -0.29694429   0.14125332   0.40446901
    1.29364568   0.84054467 -12.20419944  13.95415446 -19.7798608
  -12.18514796  -5.16027034 -14.55885048]], Action: [[-0.26122594 -0.13153724 -1.         -1.         -1.         -1.        ]], Reward: [0.12660122],Reward_sum: 52.60456848144531, Done: [False]
==========
t: 92, State: [[ 4.74818783e+00  4.31342305e-01  1.85028668e+00 -5.84329769e-01
   6.08888839e-01 -4.35961916e-01 -9.71953155e-01 -5.96982519e-02
  -5.67890968e-01 -1.20605097e-02  2.34809033e-02 -7.58455183e-01
  -1.22157425e+01  7.68419365e+00  1.00941642e+00 -7.82759432e+00
   6.65923009e+00 -4.91893615e+00]], Action: [[-1.          1.         -1.         -1.          0.44185936 -1.        ]], Reward: [-0.4632323],Reward_sum: 52.141334533691406, Done: [False]
==========
t: 93, State: [[ 4.79748625  0.29871097  1.70404682 -0.26238266  0.53773397  0.24674727
  -0.23681942  0.18960905 -0.51471874  0.94776925 -3.66136744 -3.53573678
  10.34117733 -3.88771202 17.22120963 21.96900014  6.5542693   1.03254834]], Action: [[-0.15169854  0.81766075  1.          1.          1.         -1.        ]], Reward: [0.51681036],Reward_sum: 52.658145904541016, Done: [False]
==========
t: 94, State: [[  4.83363532   0.10078834   1.67713348   0.49223107  -0.38773285
    0.74822321   0.55853659   0.23590289   0.1376131    0.36727293
   -3.51835418   0.02718998  12.64244701 -19.24943025   3.90293742
   10.99979654  -0.92357164  17.41609633]], Action: [[ 1.         -1.          1.          0.08370394 -0.49781793  0.7932671 ]], Reward: [0.33457115],Reward_sum: 52.99271774291992, Done: [False]
==========
t: 95, State: [[ 4.86140322e+00  1.09971860e-01  1.67284091e+00  5.29889480e-01
  -7.11309651e-01  3.52684390e-01  4.31999907e-01 -5.89017331e-03
   5.95362625e-01  7.66035671e-01  1.28662872e+00 -2.58371716e-01
  -3.49552921e+00 -6.43913166e-01 -1.12323525e+01 -9.38720222e+00
  -5.40831611e+00 -3.07817540e+00]], Action: [[ 1.         -1.          0.32026505 -0.69982517 -1.          0.7166966 ]], Reward: [0.14476006],Reward_sum: 53.13747787475586, Done: [False]
==========
t: 96, State: [[  4.85726458   0.21568105   1.62839639  -0.17099883   0.24430316
   -0.51060403  -0.41520679  -0.0365871   -0.04721068  -0.90393878
    1.93679677  -0.76073673 -14.77844081  19.64713815 -15.19093492
  -18.4835737    0.80830254 -16.45690795]], Action: [[-0.24230643  1.         -1.         -1.         -0.51905876 -1.        ]], Reward: [-0.51558626],Reward_sum: 52.621891021728516, Done: [False]
==========
t: 97, State: [[ 4.82734575  0.23677724  1.58281243 -0.56096973  0.70690109 -0.42104301
  -0.64599638  0.30741689 -0.53244961  0.06980652 -0.51726631 -0.82617393
   1.18228179  1.46187971  2.05650976  4.49361087  7.14027429  0.74044876]], Action: [[-1.          1.         -0.7049646  -0.30555815  1.         -1.        ]], Reward: [-1.0574107],Reward_sum: 51.56447982788086, Done: [False]
==========
t: 98, State: [[  4.87975441   0.13832866   1.64495008   0.1374118   -0.28587573
    0.29885877  -0.12829859   0.2843115   -0.48133962   0.70243182
   -2.4977208    1.19630127  15.25519033 -24.05055313  16.97056372
   12.2610515   -2.15088784   1.21729437]], Action: [[ 0.6407368  -1.          1.          0.04672608  0.318652   -1.        ]], Reward: [0.69674665],Reward_sum: 52.261226654052734, Done: [False]
==========
t: 99, State: [[ 4.87092664  0.06728251  1.66058739  0.54049131 -0.83916563  0.73583313
   0.18245654 -0.1139865   0.0878843  -0.3822215   0.56736412 -0.65270251
   0.53431079  0.74156296  2.18253682 -1.01981474 -9.38952383 14.88209534]], Action: [[ 1.         -1.          1.         -0.5517335  -1.          0.61393476]], Reward: [-0.6446881],Reward_sum: 51.616539001464844, Done: [False]
==========
t: 100, State: [[  4.85080275   0.12863507   1.63128014   0.24801332  -0.26808193
   -0.05128297  -0.37341135  -0.14783189   0.52108832  -0.55557682
    1.31005725  -0.1991479   -6.87535648  10.94599124 -19.27714578
  -14.38030313   2.94887357   3.46527655]], Action: [[ 0.25883615 -0.48850876 -0.652919   -1.         -0.21109487  0.1619824 ]], Reward: [-0.58275175],Reward_sum: 51.03378677368164, Done: [False]
==========
t: 101, State: [[  4.80452177   0.20403703   1.59652891  -0.45493357   0.53572174
   -0.50257313  -0.63659822   0.01757194   0.2284557   -0.86762116
    1.26388889  -0.97718107 -14.8467557   11.92868204   2.66614662
    1.12629139   2.23983473 -10.15622689]], Action: [[-1.          1.         -1.         -1.         -0.22628425 -1.        ]], Reward: [-1.43074],Reward_sum: 49.60304641723633, Done: [False]
==========
t: 102, State: [[  4.80783312   0.20414716   1.5868931   -0.49390566   0.55381765
    0.2502071   -0.61913665   0.41685219  -0.43630696   0.33229556
   -0.45582079   0.16369112   3.83762448  -3.30053184  17.65505802
   -0.31477108   9.01180679 -12.43081969]], Action: [[-0.63546216  1.          1.         -1.          1.         -0.8580298 ]], Reward: [-0.44777566],Reward_sum: 49.155269622802734, Done: [False]
==========
t: 103, State: [[  4.84755509   0.10829707   1.6156905    0.09855807  -0.26509706
    0.77839665   0.04714001   0.26042432  -0.28059553   0.38579245
   -2.42857995   0.5013246   11.52288865 -17.66982517   4.18541021
   18.13701839  -5.46144822  11.41972885]], Action: [[ 0.05200638 -1.          1.          1.          0.63062656  1.        ]], Reward: [0.35439995],Reward_sum: 49.50967025756836, Done: [False]
==========
t: 104, State: [[ 4.85055386e+00  7.19157606e-02  1.62094963e+00  4.15151391e-01
  -7.82733109e-01  6.06747133e-01  2.67214984e-01 -4.52036288e-03
   4.61909364e-01  8.51693094e-02  3.33288471e-01 -5.88716126e-01
   2.33467951e+00 -3.38902701e+00 -5.98938975e+00 -4.07712388e+00
  -5.07798218e+00  1.39844003e+01]], Action: [[ 1.        -1.         1.        -1.        -1.         0.4649431]], Reward: [-0.4616418],Reward_sum: 49.04802703857422, Done: [False]
==========
t: 105, State: [[  4.82916173   0.12384351   1.57491538   0.10058252  -0.0504144
   -0.37465306  -0.28675735  -0.2204647    0.30481486  -0.83296482
    1.08979377  -0.60117434  -7.61245463  16.49587815 -19.92123562
  -14.17694538  -3.94321777 -10.73534907]], Action: [[ 0.16351664  0.3286659  -1.         -1.         -1.         -0.729171  ]], Reward: [-0.79448754],Reward_sum: 48.2535400390625, Done: [False]
==========
t: 106, State: [[  4.79643873   0.19419214   1.54419806  -0.51121996   0.65110214
   -0.46212368  -0.47308082   0.11655774  -0.24036164  -0.45806825
    1.18750562  -0.373906   -11.3156209    7.83134211   2.03566342
   -1.7415651    9.20937814 -11.51943972]], Action: [[-1.          1.         -1.         -0.93939257  0.41073075 -1.        ]], Reward: [-1.1595758],Reward_sum: 47.093963623046875, Done: [False]
==========
t: 107, State: [[ 4.81725206  0.19963307  1.58029446 -0.51870098  0.47632083  0.27287713
  -0.48281449  0.53465499 -0.54483931  0.60714998 -0.31489822  1.00695205
   2.97682361 -6.55988458 17.32372977  0.79678023  5.86170606  1.40033977]], Action: [[-0.86174905  0.7413996   1.         -0.5930329   1.         -1.        ]], Reward: [-0.04813081],Reward_sum: 47.045833587646484, Done: [False]
==========
t: 108, State: [[  4.86518868   0.11957123   1.68084428   0.19751348  -0.49166118
    0.72231839  -0.06224232   0.11842715   0.06544632   0.41234077
   -2.01804227   1.34106061  14.88312317 -18.94830561   2.80110575
   10.79742354 -11.18730443  16.00208683]], Action: [[ 0.7430542  -1.          1.          0.09051651 -0.19657831  0.86243373]], Reward: [0.6244567],Reward_sum: 47.670291900634766, Done: [False]
==========
t: 109, State: [[ 4.8543906   0.08065932  1.68830692  0.56651843 -0.76604607  0.37077129
   0.16219059 -0.3664357   0.54623787 -0.26766811  0.58564976 -0.57904446
   1.46238804  3.2513228  -9.39744484 -1.29157453 -7.04001366 -1.26713621]], Action: [[ 1.         -1.          0.46607426 -0.3748307  -1.          1.        ]], Reward: [-0.65173393],Reward_sum: 47.018558502197266, Done: [False]
==========
t: 110, State: [[  4.8274313    0.17724617   1.64771781  -0.15750234   0.45478874
   -0.41749988  -0.43736731  -0.22745902  -0.05014838  -0.93802776
    2.10576517  -0.71902959 -17.87801765  23.17727412 -14.25525393
  -14.8245511    6.53475901 -16.04459692]], Action: [[-1.         1.        -1.        -1.        -0.2957569 -1.       ]], Reward: [-1.0479332],Reward_sum: 45.97062683105469, Done: [False]
==========
t: 111, State: [[ 4.81456441  0.21432921  1.62838059 -0.5980846   0.78686256 -0.20778033
  -0.6465375   0.36686103 -0.55633438  0.50297672 -0.27464618  0.33413309
   2.399706   -3.27528361  8.98233293 -0.04474122 10.71453668  1.02814446]], Action: [[-1.          1.          0.29689354 -0.65910715  1.         -1.        ]], Reward: [-0.7095945],Reward_sum: 45.26103210449219, Done: [False]
==========
t: 112, State: [[  4.87373537   0.12387497   1.73234568   0.09295049  -0.31485453
    0.48833225  -0.131136     0.08789377  -0.29083492   0.69508382
   -2.31671858   1.85912538  14.36037474 -24.52531572  12.79272049
   14.18245722  -9.90816392   6.71440319]], Action: [[ 0.38844985 -1.          1.          0.22230089 -0.32943723 -0.35717165]], Reward: [0.93977803],Reward_sum: 46.200809478759766, Done: [False]
==========
t: 113, State: [[ 4.87246998  0.08340385  1.75849241  0.44663308 -0.81012208  0.63810342
   0.09618311 -0.31618274  0.41504105 -0.16332621  0.61211782 -0.45233652
   0.86629526  1.9838823  -2.61448521 -3.00120838 -6.11142483 15.63698182]], Action: [[ 1.        -1.         0.8776173 -0.6981079 -1.         1.       ]], Reward: [-0.55106455],Reward_sum: 45.64974594116211, Done: [False]
==========
t: 114, State: [[  4.84383535   0.16330511   1.72118293  -0.09368635   0.26523216
   -0.27784049  -0.43267088  -0.38472157   0.33352686  -0.90514306
    1.70182203  -0.55226245 -12.44300539  21.04007464 -19.94206285
  -12.8124674    0.62928919 -10.82862379]], Action: [[-0.6249134   0.6912191  -1.         -1.         -0.90567774 -1.        ]], Reward: [-1.0415479],Reward_sum: 44.60819625854492, Done: [False]
==========
t: 115, State: [[  4.82149622   0.22186454   1.7043976   -0.57909385   0.75263228
   -0.43781513  -0.71385887   0.10198114  -0.44324326   0.277915
    0.39259787   0.33462232   0.04502002  -0.21059028   1.04561243
   -0.09482588  11.54974551 -15.22035074]], Action: [[-1.          1.         -1.         -1.          0.72162116 -1.        ]], Reward: [-0.9988562],Reward_sum: 43.60934066772461, Done: [False]
==========
t: 116, State: [[ 4.86449300e+00  1.70608584e-01  1.74244236e+00  1.64649004e-02
   2.41993683e-01  2.56396215e-01 -5.18744087e-01  5.04883337e-01
  -4.64223878e-01  5.82807450e-01 -1.61957802e+00  2.25951462e-01
   1.40191915e+01 -1.17639387e+01  1.67653022e+01  6.02146115e+00
   5.69109765e+00  4.47911103e+00]], Action: [[ 0.5638054   0.46784574  1.         -0.56661     0.88687545 -0.51166886]], Reward: [0.56931996],Reward_sum: 44.17866134643555, Done: [False]
==========
t: 117, State: [[  4.86247435   0.07801781   1.77776112   0.6722135   -0.54926459
    0.7556726    0.01862116  -0.08345498   0.26759105  -0.4510044
   -1.48143384   0.85706601   8.85176887 -11.93096345   3.87625406
   10.0108989  -15.93099939  17.45200994]], Action: [[ 1.         -1.          1.         -0.14714752 -1.          1.        ]], Reward: [-0.5425382],Reward_sum: 43.63612365722656, Done: [False]
==========
t: 118, State: [[  4.86989248   0.11632394   1.78540005   0.67500733  -0.5694241
    0.14322019  -0.03468274  -0.54684321   0.54758373   0.32916608
    1.01833141   0.43087624  -3.15278691   2.69620624 -16.12601978
   -5.95247083  -5.28136508  -2.10540649]], Action: [[ 1.         -1.         -0.25298005 -0.5596817  -1.          0.9876991 ]], Reward: [-0.28691655],Reward_sum: 43.34920883178711, Done: [False]
==========
t: 119, State: [[  4.87043216   0.20563417   1.79096621  -0.05434317   0.3766239
   -0.50613891  -0.62836185  -0.50110503  -0.08702719  -0.36232546
    1.58442867  -0.21688353 -16.26247796  18.40519003  -0.20423301
  -11.8813061    3.21126125 -16.5885655 ]], Action: [[-0.33006126  1.         -1.         -1.         -0.9325407  -1.        ]], Reward: [-0.48706377],Reward_sum: 42.862144470214844, Done: [False]
==========
t: 120, State: [[ 4.87105269  0.210178    1.68407682 -0.60160988  0.76358064  0.252101
  -0.62496718  0.07240875 -0.57546487  0.63930166 -1.23749065 -2.62883665
   0.66995711 -1.56551834 16.73660758  6.8031965  12.81799836  2.29831173]], Action: [[-1.         1.         1.        -0.0637477  1.        -1.       ]], Reward: [-0.48799583],Reward_sum: 42.374149322509766, Done: [False]
==========
t: 121, State: [[  4.93812877   0.05917117   1.65208942   0.19189126  -0.26207998
    0.73322664   0.1164296    0.31182152  -0.29006977   0.76351812
   -3.56751625  -0.32738599  16.99402867 -23.64136099   3.73478533
   17.2951226    2.07671902   6.9514746 ]], Action: [[ 0.6355159  -1.          1.          0.69033474  0.33705848 -0.43845165]], Reward: [1.0228926],Reward_sum: 43.39704132080078, Done: [False]
==========
t: 122, State: [[ 4.92337051  0.13563258  1.61495757  0.3985431  -0.82432336  0.59112911
   0.18250057  0.06232349  0.25974889 -0.39093124  1.99035592 -1.23959607
   0.6976325  -2.34180351 -5.49881036 -4.76037364 -6.80035753 11.07721521]], Action: [[ 1.         -1.          1.         -1.         -1.          0.22149639]], Reward: [-0.80007136],Reward_sum: 42.59696960449219, Done: [False]
==========
t: 123, State: [[  4.86530932   0.25628355   1.52009535   0.06994268   0.03730781
   -0.38805609  -0.36033278  -0.24411021   0.20378937  -1.67281892
    2.24297053  -1.78538897  -6.4599271   19.15881492 -19.94313895
  -13.51912055  -5.22935265  -8.19656022]], Action: [[ 0.3258897  0.6342608 -1.        -1.        -1.        -1.       ]], Reward: [-1.6120728],Reward_sum: 40.98489761352539, Done: [False]
==========
t: 124, State: [[  4.7739696    0.33999571   1.45621965  -0.40984005   0.76695561
   -0.46450608  -1.03871347  -0.10579788  -0.44544775  -1.62120936
    0.97074007  -1.18950212  -8.46811269   7.97401107   2.19644928
   -9.73484235   4.6260744  -13.3605549 ]], Action: [[-1.          1.         -1.         -1.          0.13391885 -1.        ]], Reward: [-2.328588],Reward_sum: 38.65631103515625, Done: [False]
==========
t: 125, State: [[ 4.76201629  0.32316867  1.26359871 -0.52773328  0.7091244   0.33455256
  -0.46185286  0.11515443 -0.52889078  0.2723545  -1.02663952 -4.63764712
   1.58364855 -4.80204473 17.99320134 18.50419903  6.55698     1.34131363]], Action: [[-1.          1.          1.          0.55155516  1.         -1.        ]], Reward: [-0.7694875],Reward_sum: 37.88682174682617, Done: [False]
==========
t: 126, State: [[ 4.81374906e+00  2.48268550e-01  1.20306687e+00  2.74463569e-01
  -4.34923725e-01  7.44208436e-01  1.56882625e-02  3.28112832e-01
  -3.39114480e-02  6.19433410e-01 -1.64575236e+00 -1.06620605e+00
   1.68968490e+01 -2.42016963e+01  1.55848655e+00  4.80458160e+00
   2.80418519e+00  1.30726265e+01]], Action: [[ 1.         -1.          1.         -0.80709255 -0.10816555  0.27713227]], Reward: [0.66066545],Reward_sum: 38.5474853515625, Done: [False]
==========
t: 127, State: [[  4.78554054   0.17402301   1.10643388   0.71107962  -0.78975332
   -0.19916327   0.261969    -0.08528405   0.55412467  -1.06334888
   -1.19516844  -2.04920148   2.10790386   3.5624426  -22.54321443
    3.26262603 -11.06660445   0.20676862]], Action: [[ 1.         -1.         -0.9802502  -0.08768669 -1.          0.89717656]], Reward: [-1.0415211],Reward_sum: 37.50596618652344, Done: [False]
==========
t: 128, State: [[ 4.70435259e+00  1.47647460e-01  9.77075253e-01  4.13140083e-01
   2.69253182e-01 -4.94848843e-01  1.80860932e-03 -3.08392435e-01
   1.39090751e-01 -1.73325482e+00 -6.59629969e-02 -2.74840494e+00
  -6.03925039e+00  2.11687415e+01  3.20841005e+00  2.16794081e+00
   1.71133408e+00 -5.39104050e+00]], Action: [[ 1.          0.97637063 -1.         -1.         -1.         -1.        ]], Reward: [-2.2190888],Reward_sum: 35.2868766784668, Done: [False]
==========
t: 129, State: [[  4.621811     0.19385127   0.85971582  -0.35750134   0.82274913
    0.39837959  -0.21701638   0.28819848  -0.42356488  -1.38145439
    0.96856719  -2.14066057 -15.88916675  -0.11556406  19.09782336
   -5.86407762  14.69648279 -12.51978191]], Action: [[-1.          1.          1.         -0.87626225  1.         -1.        ]], Reward: [-2.2276156],Reward_sum: 33.059261322021484, Done: [False]
==========
t: 130, State: [[ 4.62791110e+00  2.08686676e-01  8.31095577e-01 -1.10934002e-01
   6.79969904e-03  7.74396238e-01 -2.40010585e-01  6.27834537e-01
  -3.21293139e-01  5.22052021e-01 -1.76778561e-01 -4.76542603e-01
   1.18694780e+01 -1.91326525e+01 -1.18361980e-01  2.76773180e+00
   1.76422013e+00  9.97734603e+00]], Action: [[ 0.5126442  -0.25369906  1.         -0.04295932  1.          0.76338595]], Reward: [-0.16917506],Reward_sum: 32.89008331298828, Done: [False]
==========
t: 131, State: [[ 4.62253319e+00  1.72039696e-01  7.91322399e-01  4.91603038e-01
  -7.42768793e-01 -2.04297991e-01 -6.37902925e-02 -5.90888929e-03
   4.21383974e-01 -8.12448471e-01 -9.76460990e-01 -1.39973897e+00
   8.11524004e+00 -7.88310085e+00 -2.24647928e+01  1.38669585e+00
  -1.61398628e+01  1.46531644e+01]], Action: [[ 1.         -0.9175548  -0.9047503  -0.68847287 -1.          0.6975456 ]], Reward: [-0.5696626],Reward_sum: 32.3204231262207, Done: [False]
==========
t: 132, State: [[ 4.55782356  0.14815882  0.72527861  0.53415112 -0.66653222 -0.4931324
  -0.11806903 -0.43421321  0.48511886 -1.50940918 -0.11638226 -1.18256669
  -2.2551183   5.19094451  3.02649509 -2.80825192 -3.62146252 -3.87684097]], Action: [[ 1.         -1.         -1.         -1.         -1.         -0.13399148]], Reward: [-1.7959881],Reward_sum: 30.52443504333496, Done: [False]
==========
t: 133, State: [[  4.42200108   0.18218706   0.58520431  -0.29921749   0.43414672
    0.38591204  -0.39903222   0.10577918  -0.09347645  -3.13773459
    0.46311641  -3.99163529 -19.00289794  19.32827306  19.09670888
   -6.25112722  16.35952941 -14.86883824]], Action: [[-1.          1.          1.         -1.          0.93384045 -1.        ]], Reward: [-3.3036554],Reward_sum: 27.220779418945312, Done: [False]
==========
t: 134, State: [[  4.36714472   0.18087143   0.44226332  -0.37447115   0.27940804
    0.80035613  -0.13935996   0.51867293  -0.5576644   -0.2373977
   -0.11126504  -1.95931497   7.24123735 -11.82831752   0.84794951
    9.94835597   2.66143276   0.85266362]], Action: [[-0.10558562 -0.29631835  1.          0.58308667  1.         -0.5091084 ]], Reward: [-1.3669406],Reward_sum: 25.853837966918945, Done: [False]
==========
t: 135, State: [[  4.35018231   0.17260808   0.41473095   0.31063447  -0.68780959
    0.41261579   0.08232156   0.11057397  -0.27099831  -0.89222342
   -0.50903222  -1.08351767  12.19600022 -16.0825659   -9.25644305
   -0.11617161 -11.29590237   7.18122782]], Action: [[ 1.         -1.          0.65095294 -1.         -1.         -0.5899598 ]], Reward: [-0.81642735],Reward_sum: 25.037412643432617, Done: [False]
==========
t: 136, State: [[  4.25250988   0.10776346   0.29224804   0.47639416  -0.28522932
   -0.48776288  -0.33130122  -0.3537426    0.18940434  -2.35340969
   -1.81669635  -2.56561514   0.5104195   16.27358599 -16.27142195
  -12.87736168  -6.9328794    8.31572546]], Action: [[ 1.          0.29197735 -1.         -1.         -1.          0.16299753]], Reward: [-2.3646307],Reward_sum: 22.67278289794922, Done: [False]
==========
t: 137, State: [[ 4.10352712e+00  2.77970494e-03  2.12936204e-01 -6.98745939e-02
   7.25100969e-01 -4.17881438e-01 -1.07814765e+00 -6.14694130e-02
  -2.69582402e-02 -2.79467603e+00 -2.34035955e+00 -1.42708351e+00
  -1.38584689e+01  1.47670875e+01  1.60884511e+00 -1.09907247e+01
   9.67092954e+00 -1.05214920e+01]], Action: [[-1.          1.         -1.         -1.          0.44451705 -1.        ]], Reward: [-3.499415],Reward_sum: 19.173368453979492, Done: [False]
==========
t: 138, State: [[ 4.05632869e+00 -8.09377913e-02  1.59427429e-02 -4.83841062e-01
   6.06619688e-01  3.71781442e-01 -3.87291584e-01  2.08208353e-01
  -5.71469752e-01 -1.87854665e-01 -1.59527390e+00 -4.43051202e+00
  -3.57245245e+00 -9.41656506e+00  1.79719841e+01  2.13359520e+01
   4.73368025e+00  4.32918069e-01]], Action: [[-1.          0.45136422  1.          0.80744195  1.         -1.        ]], Reward: [-1.4295378],Reward_sum: 17.743831634521484, Done: [False]
==========
t: 139, State: [[  4.11118556  -0.06645426   0.07768639  -0.02720117  -0.13053274
    0.57884647   0.43003213   0.0319493   -0.27808582   1.52786767
    1.55642286   3.27080087  12.03773288 -14.4698543   -2.50363838
   11.63612561  -9.46401616   3.65167149]], Action: [[ 1.         -1.          1.          0.17223066 -0.09904526  0.41466063]], Reward: [0.7759958],Reward_sum: 18.519826889038086, Done: [False]
==========
t: 140, State: [[ 4.14375914e+00 -3.80922100e-03  1.63694886e-01  4.66623786e-01
  -5.55766132e-01  7.44996986e-02  3.23454381e-01 -2.10495240e-01
   2.37862387e-01  1.60253995e-02  1.06051258e+00  7.59165382e-01
   6.55008909e+00 -2.00000437e+00 -1.03630725e+01 -1.00465298e+01
  -2.91355040e+00  1.20307444e+01]], Action: [[ 1.        -0.5260257  0.0245606 -0.7850458 -1.         0.5556987]], Reward: [0.33123103],Reward_sum: 18.851057052612305, Done: [False]
==========
t: 141, State: [[ 4.09127571e+00  1.24612088e-02  2.00435705e-01  3.79945395e-01
   1.47861271e-01 -4.62449556e-01 -5.07151850e-01 -2.30725596e-01
   4.60377505e-01 -1.31934031e+00 -2.36370955e-01  1.43673203e+00
  -3.24811173e+00  1.63472374e+01 -7.59726815e+00 -1.78126355e+01
  -2.68042205e-01 -1.08465121e+00]], Action: [[ 0.5391028   0.6560945  -0.81667227 -1.         -0.81554615 -0.06947698]], Reward: [-1.3554673],Reward_sum: 17.495590209960938, Done: [False]
==========
t: 142, State: [[ 4.05195329e+00  3.94071468e-03  2.38811700e-01 -1.01041886e-01
   8.23893364e-01 -2.80047128e-01 -6.69027404e-01  3.76261564e-02
  -2.09274144e-01 -2.37328520e-01 -4.76518441e-02 -3.84955076e-02
  -1.16129642e+01  7.88001873e+00  5.12244989e+00  6.59852489e+00
   6.54339716e+00 -1.73326274e+01]], Action: [[-1.          1.         -0.553804    0.52654153  1.         -0.8249796 ]], Reward: [-1.212902],Reward_sum: 16.28268814086914, Done: [False]
==========
t: 143, State: [[ 4.08922525e+00  4.15424853e-03  2.39877582e-01 -3.24857019e-01
   6.23434014e-01  4.08086194e-01 -1.67898468e-01  2.71667416e-01
  -5.56954306e-01  7.97200573e-01  2.95968289e-01 -1.04016302e+00
  -4.32411763e-01 -6.11186739e+00  1.37869599e+01  9.19007782e+00
  -6.91854189e+00 -2.14883539e+00]], Action: [[-0.30836302  1.          1.          0.08234873  1.         -1.        ]], Reward: [0.3352522],Reward_sum: 16.617937088012695, Done: [False]
==========
t: 144, State: [[ 4.17029713e+00  2.19063335e-02  2.75422713e-01  2.93416977e-01
  -4.28537645e-01  6.97338389e-01  3.75496147e-01 -4.01192283e-01
   4.24249061e-03  1.52707333e+00 -8.43667322e-02  3.00179701e-01
   1.39549044e+01 -2.18267606e+01  5.14871252e-01  9.37933276e+00
  -1.19425201e+01  1.65748146e+01]], Action: [[ 1.         -1.          1.          0.34749317 -1.          1.        ]], Reward: [1.1093625],Reward_sum: 17.727298736572266, Done: [False]
==========
t: 145, State: [[ 4.17773409e+00  1.38592819e-02  2.18623614e-01  6.32050133e-01
  -7.97496306e-01 -1.48224557e-01  1.85306022e-02 -4.74764025e-01
   5.33809568e-01 -6.45412222e-01 -2.78259972e-01 -1.33753193e+00
   1.02092686e+00  1.63190005e+00 -1.99201531e+01 -1.47440478e+01
   3.48546393e+00 -7.42936551e-01]], Action: [[ 1.        -1.        -0.7807388 -1.        -1.         1.       ]], Reward: [-0.41221607],Reward_sum: 17.315082550048828, Done: [False]
==========
t: 146, State: [[  4.0855796   -0.04871046   0.17783861  -0.19426172   0.40732695
   -0.45554513  -0.82800715  -0.0768513   -0.06483331  -1.77695857
   -2.14717518  -0.94714654 -19.42281178  23.32936933   1.74905815
  -13.63942521   7.3557027  -16.20251953]], Action: [[-1.          1.         -1.         -1.         -0.33072013 -1.        ]], Reward: [-2.3540275],Reward_sum: 14.961055755615234, Done: [False]
==========
t: 147, State: [[ 4.10060638 -0.13727681  0.02199547 -0.59878343  0.80891389  0.28069769
  -0.52102406  0.19254438 -0.55971268  1.44964245 -1.19468046 -3.46270492
   2.75157764 -2.18480257 16.4609243  14.82184255  3.85058473  1.73969359]], Action: [[-1.          1.          1.          0.50841725  1.         -1.        ]], Reward: [-0.22531328],Reward_sum: 14.735740661621094, Done: [False]
==========
t: 148, State: [[ 4.23785438e+00 -1.27670813e-01  8.14105376e-03  2.25592978e-01
   1.99083293e-02  6.66179611e-01  1.80115332e-01 -1.24517383e-01
  -2.46314100e-01  3.52172707e+00  8.98274062e-01  1.25039348e+00
   1.56722347e+01 -1.17658765e+01  9.47631758e-01  1.17236006e+01
  -8.08261010e+00  7.77793381e+00]], Action: [[ 1.         -1.          1.          0.28920788  0.06601633  0.73072934]], Reward: [2.3827636],Reward_sum: 17.11850357055664, Done: [False]
==========
t: 149, State: [[  4.34834125  -0.09629756   0.0810965    0.733133    -0.55749643
    0.13100014   0.05183253  -0.32143123   0.32922313   1.29786538
    0.48251184   1.61902137   4.53689806  -7.58197587 -12.9961549
  -10.64202292  -2.19372557  11.45477743]], Action: [[ 1.         -1.         -0.1618228  -0.9867003  -1.          0.52168244]], Reward: [1.7825457],Reward_sum: 18.90104866027832, Done: [False]
==========
t: 150, State: [[  4.36845605  -0.11835907   0.14119409   0.47452073   0.18062626
   -0.48509472  -0.66126847  -0.34037728   0.47376579   0.37357667
   -0.99529293   1.23547314  -6.58548373  19.4834779   -0.69115188
  -13.51534631  -0.32273121  -2.79879036]], Action: [[ 0.8521626   1.         -1.         -1.         -0.8975136  -0.02739404]], Reward: [-0.05095025],Reward_sum: 18.85009765625, Done: [False]
==========
t: 151, State: [[  4.42552378  -0.14844423   0.12769192  -0.14776042   0.83906375
    0.31379828  -0.39878226  -0.02936933  -0.31897591   1.89347096
   -0.4778115   -1.01385958 -13.39096497   3.81898517  18.89744479
   15.01680005   8.92063174 -19.39835716]], Action: [[-1.         1.         0.8607403  1.         1.        -1.       ]], Reward: [0.5672672],Reward_sum: 19.417367935180664, Done: [False]
==========
t: 152, State: [[ 4.51236176 -0.14802913  0.04950527 -0.54885793  0.55626283  0.80880552
  -0.0780148   0.0230293  -0.55405185  1.76648156  0.39362051 -1.9758751
  -0.69896072 -9.70367876  1.73177052  3.83730316  2.43135819  1.42685063]], Action: [[-1.          0.76417565  1.         -0.15189216  1.         -1.        ]], Reward: [1.2760562],Reward_sum: 20.693424224853516, Done: [False]
==========
t: 153, State: [[  4.63899751  -0.06183085   0.13921117   0.1202649   -0.33516874
    0.59805232  -0.19247461  -0.19470425   0.1181038    2.90462435
    1.8795517    2.76636669  15.59177274 -16.8492393   -5.58297724
   -5.43537176  -6.44324546  17.95025439]], Action: [[ 1.        -1.         1.        -0.9416257 -1.         1.       ]], Reward: [1.944049],Reward_sum: 22.637474060058594, Done: [False]
==========
t: 154, State: [[  4.75564939  -0.03185353   0.19461905   0.65249916  -0.56234619
   -0.35539863  -0.57971976  -0.4397473    0.51936501   1.92953969
   -0.0388145    0.52984653   6.32043136   3.36293599 -19.30276481
   -8.55676789  -3.6567641   -0.31836313]], Action: [[ 1.         -0.56857383 -1.         -1.         -1.         -0.12442334]], Reward: [1.8991619],Reward_sum: 24.536636352539062, Done: [False]
==========
t: 155, State: [[  4.80052078  -0.04626165   0.25329985   0.13795528   0.5124119
   -0.43708724  -0.98851415  -0.53494011  -0.08579853   0.72605225
   -0.36275384   1.25981606 -14.63252953  20.86203272   2.53322571
   -5.4957524   -1.34210123 -16.65219655]], Action: [[-0.7903608  1.        -1.        -1.        -1.        -1.       ]], Reward: [0.33496076],Reward_sum: 24.871597290039062, Done: [False]
==========
t: 156, State: [[ 4.88858055 -0.03417256  0.21036017 -0.50318011  0.77649428  0.37688172
  -0.46598277 -0.09014967 -0.57909556  2.50780114  0.37264889 -1.48445422
  -8.82229175 -3.66155254 17.7764658  15.84729656 14.09076068  2.61827755]], Action: [[-1.          1.          1.          0.3666566   1.         -0.91467375]], Reward: [1.2640889],Reward_sum: 26.13568687438965, Done: [False]
==========
t: 157, State: [[ 5.07545026e+00  7.69905752e-03  2.67013633e-01  1.10313743e-01
  -3.96101598e-01  7.38709522e-01  1.81403719e-01 -9.43252191e-02
  -4.28132631e-01  3.79041553e+00  4.98975473e-01  6.64034754e-01
   1.65701758e+01 -2.60301557e+01  4.02762854e-01  1.10972204e+01
  -5.81876083e+00  2.64040230e+00]], Action: [[ 1.         -1.          1.          0.13235971 -0.4189546  -0.02534236]], Reward: [3.4180257],Reward_sum: 29.553712844848633, Done: [False]
==========
t: 158, State: [[ 5.19580716e+00  2.36275179e-03  2.09916784e-01  5.49893744e-01
  -8.34975241e-01  6.89209467e-02  8.15751087e-02 -2.45495673e-01
   2.46040527e-01  1.59379557e+00 -3.47351051e-01 -1.80526737e+00
   2.43895986e+00  3.81675901e+00 -1.57894249e+01 -9.59349487e+00
  -1.82293581e+00  1.71286597e+01]], Action: [[ 1.         -1.         -0.18879354 -1.         -1.          1.        ]], Reward: [1.9035736],Reward_sum: 31.457286834716797, Done: [False]
==========
t: 159, State: [[  5.22284163  -0.06000067   0.12342347   0.07986371   0.37215324
   -0.46996749  -0.61865251  -0.14472145   0.32038472   0.45312644
   -1.89402174  -1.31154013 -10.65353245  23.78701353  -0.06693271
  -13.63656372   2.48478743  -7.75940943]], Action: [[-0.15978076  1.         -0.7905691  -1.         -0.5229275  -1.        ]], Reward: [0.14829105],Reward_sum: 31.605575561523438, Done: [False]
==========
t: 160, State: [[ 5.31444680e+00 -1.42235625e-01 -2.57434553e-03 -3.85558445e-01
   8.38399913e-01  3.44099377e-01 -4.08188557e-01  8.57129482e-02
  -4.88399653e-01  2.70667502e+00 -1.29765727e+00 -2.83875598e+00
  -6.60650179e+00 -2.36095367e+00  1.92860189e+01  1.32929508e+01
   5.08620170e+00 -1.73208047e+01]], Action: [[-1.          1.          1.          0.86469364  1.         -1.        ]], Reward: [1.2573341],Reward_sum: 32.86290740966797, Done: [False]
==========
t: 161, State: [[  5.51790178  -0.14867102  -0.01483204   0.14277359   0.08793772
    0.82388982   0.3130263    0.01649403  -0.45492041   4.65515347
    0.54370129   0.72989036  14.04674677 -11.63720655   2.64244909
   12.3090557   -6.44756615   4.58097707]], Action: [[ 0.81698585 -0.78208643  1.          0.60004365  0.44268396  0.9823361 ]], Reward: [3.6890864],Reward_sum: 36.55199432373047, Done: [False]
==========
t: 162, State: [[  5.69680372  -0.11894544   0.03333864   0.71353047  -0.47193265
    0.35676682   0.29249712  -0.23145313   0.0908361    2.7071975
    0.94090402   0.50917735   7.57717016  -7.42289055 -12.24395618
   -3.79906128  -6.30131885  12.54929136]], Action: [[ 1.         -1.          0.09889865 -0.8607016  -1.          0.27625924]], Reward: [3.1953483],Reward_sum: 39.747344970703125, Done: [False]
==========
t: 163, State: [[  5.7734462   -0.08920945   0.08267682   0.64100376  -0.2427174
   -0.50841395  -0.38877212  -0.38647904   0.49014538   1.1771269
    0.22189303   1.62342866  -5.00643259   7.92081529 -14.75619484
  -16.91255821  -1.64134482   3.59149082]], Action: [[ 1.         -0.170624   -1.         -1.         -1.          0.19944577]], Reward: [1.1259602],Reward_sum: 40.87330627441406, Done: [False]
==========
t: 164, State: [[ 5.82144892e+00 -1.05631758e-01  1.75242689e-01 -7.11437928e-02
   5.42737423e-01 -4.37596097e-01 -1.08203010e+00 -2.36040231e-01
  -1.17074468e-02  1.33118864e+00 -6.47612308e-01  1.19308836e+00
  -1.43521916e+01  1.34276288e+01  1.24082039e+00 -7.91003695e+00
   3.36633875e+00 -1.58870352e+01]], Action: [[-0.5689523   1.         -1.         -1.         -0.30479413 -1.        ]], Reward: [0.5183938],Reward_sum: 41.391700744628906, Done: [False]
==========
t: 165, State: [[ 5.95079176e+00 -1.15847051e-01  8.50072400e-02 -5.66360574e-01
   7.81565206e-01  3.18809712e-01 -5.28440961e-01  9.17136018e-02
  -5.41895906e-01  3.43152324e+00 -5.89360610e-03 -2.39574647e+00
  -3.15214142e+00 -2.07552133e+00  1.67468170e+01  1.67672943e+01
   8.91916103e+00  1.19703901e+00]], Action: [[-1.          1.          1.          0.22897387  1.         -1.        ]], Reward: [2.0816138],Reward_sum: 43.47331237792969, Done: [False]
==========
t: 166, State: [[  6.17000553  -0.08085658   0.0927033    0.20033662  -0.3414211
    0.71781596   0.12188491   0.04736778  -0.5116454    4.40518477
    0.36266024  -0.46081027  18.08297975 -25.35338699   1.93347572
   10.27291225  -4.13074009   0.31933564]], Action: [[ 1.         -1.          1.          0.01017612  0.11485071 -0.24451257]], Reward: [4.0769672],Reward_sum: 47.5502815246582, Done: [False]
==========
t: 167, State: [[  6.33573625  -0.07744165   0.08211535   0.74524716  -0.6508281
    0.08825641   0.03418479  -0.20671118   0.14063832   2.44552686
   -0.07725741   0.1008786    5.15002235   1.79698628 -16.57789448
   -9.28051304  -5.26625869  17.73373103]], Action: [[ 1.         -1.         -0.47612065 -1.         -1.          1.        ]], Reward: [2.7919452],Reward_sum: 50.34222412109375, Done: [False]
==========
t: 168, State: [[  6.39812656  -0.11602616   0.13275208   0.32874901   0.39392893
   -0.51383469  -0.6897438   -0.39846056   0.29014565   1.13931278
   -1.18757915   1.70000117 -11.08412474  21.44959301   0.49687392
  -14.76975431  -3.08134643  -6.18990682]], Action: [[ 0.09607261  1.         -1.         -1.         -1.         -1.        ]], Reward: [0.7468833],Reward_sum: 51.089107513427734, Done: [False]
==========
t: 169, State: [[  6.5165149   -0.14779935   0.11814038  -0.30253333   0.82706633
    0.30141635  -0.40470068  -0.11167755  -0.49208928   3.26913418
   -0.35898057  -1.13887579 -10.95542724  -2.14195122  18.8001056
   16.04638565   9.86845316 -17.12590514]], Action: [[-1.          1.          0.84817827  1.          1.         -1.        ]], Reward: [1.7958261],Reward_sum: 52.88493347167969, Done: [False]
==========
t: 170, State: [[ 6.69571284e+00 -1.26356788e-01  9.49970978e-02 -1.36822862e-01
   9.40976819e-03  7.77019940e-01  6.60693641e-02 -7.16550547e-02
  -5.39293736e-01  3.48366550e+00  6.38273616e-01 -8.96218218e-01
   8.32223296e+00 -1.88291816e+01  2.25819222e+00  6.30322634e+00
   6.11385394e-01  3.10737820e+00]], Action: [[ 0.16446511 -0.33322287  1.          0.01911545  0.58797306 -0.30445987]], Reward: [3.4262729],Reward_sum: 56.31120681762695, Done: [False]
==========
t: 171, State: [[ 6.86945059 -0.06504225  0.13650052  0.40722868 -0.51510648  0.55227856
  -0.06333633 -0.22441346  0.15284441  3.1660029   1.11701991  1.04946608
  10.03046923 -7.27250828 -7.57780078 -7.8845621  -3.9826485  17.9260389 ]], Action: [[ 1.        -1.         0.6841386 -1.        -1.         1.       ]], Reward: [2.9279504],Reward_sum: 59.239158630371094, Done: [False]
==========
t: 172, State: [[  6.97982209  -0.04510004   0.20552237   0.43613249  -0.25631855
   -0.29001048  -0.66293293  -0.36730838   0.49034403   1.92417198
    0.03999552   1.88659268  -3.47298878   8.52179238 -16.15936625
  -12.49637108  -2.48421533  -1.03656558]], Action: [[ 0.22759236 -0.3622464  -0.79975957 -1.         -0.88066924 -0.3112387 ]], Reward: [1.9379216],Reward_sum: 61.17707824707031, Done: [False]
==========
t: 173, State: [[  7.0790249   -0.0677       0.2693779    0.04621289   0.52761894
   -0.42609257  -1.01812829  -0.49127173  -0.12331007   2.26970045
   -0.57221978   0.80792546  -7.02542599  13.76331337   0.77847844
   -2.53204028  -2.75271937 -16.45286427]], Action: [[-0.15784948  1.         -1.         -1.         -0.9416666  -1.        ]], Reward: [1.4928908],Reward_sum: 62.66996765136719, Done: [False]
==========
t: 174, State: [[ 7.22724091 -0.06809817  0.19979147 -0.37390652  0.79841211  0.21720293
  -0.34694757 -0.09043234 -0.59783233  3.54225249  0.04828269 -1.81218041
  -7.24964218 -1.58919026 14.64117147 18.05047156 13.93359678  3.24846432]], Action: [[-1.          1.          0.63498086  0.58795047  1.         -1.        ]], Reward: [2.4894316],Reward_sum: 65.1594009399414, Done: [False]
==========
t: 175, State: [[  7.44320933  -0.03067656   0.22258031   0.17069683  -0.31949816
    0.6601088    0.10149596  -0.09271959  -0.45495822   4.31104164
    0.58741771   0.22726722  15.20450622 -26.01216221   3.87026581
    5.28634787  -1.57086532   4.78533799]], Action: [[ 1.         -1.          1.         -0.24493498 -0.25761658 -0.30003655]], Reward: [3.9977303],Reward_sum: 69.15713500976562, Done: [False]
==========
t: 176, State: [[ 7.59670878 -0.03913131  0.16641093  0.56443569 -0.81157049  0.32072081
  -0.1172094  -0.2199153   0.28428579  2.35228058 -0.59980774 -1.53287696
   1.75329258  2.64631434 -9.82460753 -9.6520322  -2.98940074 17.70261238]], Action: [[ 1.         -1.          0.34281108 -1.         -1.          1.        ]], Reward: [2.558237],Reward_sum: 71.71537017822266, Done: [False]
==========
t: 177, State: [[  7.66927661  -0.12094007   0.08051151   0.07603651   0.37351494
   -0.41415777  -0.726634    -0.18758564   0.33562554   1.43707019
   -2.26970175  -1.66707068 -10.6120819   23.79788302 -12.39223621
  -10.96474011   1.41706401  -8.66723261]], Action: [[-0.2459733   1.         -0.86881274 -1.         -0.4871763  -1.        ]], Reward: [1.0460886],Reward_sum: 72.76145935058594, Done: [False]
==========
t: 178, State: [[  7.80281165  -0.21046972  -0.07167339  -0.40075445   0.84088787
   -0.10669002  -0.43759788   0.07097511  -0.50358422   3.46953359
   -1.35829967  -3.33053946  -7.12167654  -2.72108272  11.95813126
   13.83549925   6.55860405 -17.59605377]], Action: [[-1.         1.         0.3145438  0.6896041  1.        -1.       ]], Reward: [2.2132516],Reward_sum: 74.9747085571289, Done: [False]
==========
t: 179, State: [[  8.04460166  -0.18606207  -0.06625257   0.13222074   0.43337639
    0.40084265   0.22197712   0.03786867  -0.54702365   5.07858377
    0.96389191   0.48722932  15.80300163 -13.53724538   9.57274666
   10.74725454  -4.56841236   3.25013284]], Action: [[ 0.91832066  0.01595369  1.          0.33578587  0.4824742  -0.17210118]], Reward: [4.6139283],Reward_sum: 79.58863830566406, Done: [False]
==========
t: 180, State: [[ 8.24489362e+00 -1.37584404e-01 -1.34662577e-02  7.17540900e-01
  -4.48924128e-01  7.25042243e-01  1.11517814e-01 -2.09892792e-01
   1.82822553e-01  3.18252651e+00  8.18671206e-01  1.37461841e+00
   7.27401098e+00 -1.28158917e+01  3.83193533e+00 -1.03603907e+01
  -4.59280546e+00  1.87959381e+01]], Action: [[ 1. -1.  1. -1. -1.  1.]], Reward: [3.4058392],Reward_sum: 82.99447631835938, Done: [False]
==========
t: 181, State: [[  8.36364582  -0.12560277   0.10200446   0.73944764  -0.5942472
   -0.13987136  -0.66396051  -0.29186205   0.52322303   2.18440467
   -0.21298359   2.84230314  -3.06244273   1.24939821 -22.19987765
  -15.61412095  -0.61815571  -3.65879219]], Action: [[ 0.99814    -1.         -1.         -1.         -0.69938254  0.13147543]], Reward: [1.9247733],Reward_sum: 84.91925048828125, Done: [False]
==========
t: 182, State: [[  8.45927687  -0.16133823   0.18179226  -0.02993822   0.4233729
   -0.46660088  -1.02860519  -0.18632053  -0.22071995   2.27572333
   -0.92699729  -0.07795579 -16.28480434  20.83753455   2.15321427
    2.53588076   1.21854482 -18.66304745]], Action: [[-0.6502283   1.         -1.         -1.         -0.04506772 -1.        ]], Reward: [1.4701383],Reward_sum: 86.38938903808594, Done: [False]
==========
t: 183, State: [[ 8.64595841 -0.18278489  0.12484316 -0.30931714  0.57555911  0.29588942
  -0.3681927   0.07374513 -0.54244973  4.49541775 -0.2758313  -0.76752015
   1.29469654 -6.17984446 17.25083078 15.30483298  8.60390204  2.12973742]], Action: [[-0.08584945  0.37285224  1.          0.0971764   0.81282604 -1.        ]], Reward: [3.451979],Reward_sum: 89.84136962890625, Done: [False]
==========
t: 184, State: [[  8.86695313  -0.14999714   0.12093923   0.29107524  -0.33683116
    0.74761561   0.15839118  -0.42939443  -0.36453724   4.68349852
    0.86288715   0.94470805  12.50137112 -11.25797423   3.98636033
    6.2464644   -6.19598499   7.42349115]], Action: [[ 1.         -1.          1.         -0.26240987 -0.7472233  -0.01183729]], Reward: [4.0571604],Reward_sum: 93.89852905273438, Done: [False]
==========
t: 185, State: [[  9.04475746  -0.1193337    0.15048292   0.65431016  -0.6208819
    0.58901435  -0.1878962   -0.47709117   0.35308792   2.91611597
    0.40352116   0.73395288   3.01851995  -0.88187463  -5.53503214
  -13.05908942   1.31360141  15.73042305]], Action: [[ 1.         -1.          0.89730793 -1.         -1.          0.9775916 ]], Reward: [2.980002],Reward_sum: 96.87853240966797, Done: [False]
==========
t: 186, State: [[  9.14328723  -0.13913619   0.18696474   0.2169148    0.36211358
   -0.17154136  -0.86167349  -0.21158758   0.34803172   1.92253498
   -0.84015844   0.76423479 -10.40990609  21.24914428 -14.84580084
  -10.35087406   5.08591929  -9.00495267]], Action: [[-0.11750372  1.         -0.5785298  -1.         -0.461052   -0.8060003 ]], Reward: [1.6495246],Reward_sum: 98.52806091308594, Done: [False]
==========
t: 187, State: [[  9.29659487  -0.15813181   0.13537044  -0.33453975   0.82468289
   -0.19639958  -0.453399     0.03933558  -0.57784839   3.75091116
   -0.10496328  -1.73656909 -10.02248531  -1.51523561   5.82357728
   14.06970361  -0.74725254 -24.62786828]], Action: [[-1.          1.          0.08739567  0.7920836   1.         -1.        ]], Reward: [2.6026492],Reward_sum: 101.13070678710938, Done: [False]
==========
t: 188, State: [[  9.49631422  -0.13658521   0.06614691  -0.09246779   0.32710788
    0.36847865  -0.06872073  -0.02771622  -0.50515659   3.95535735
    0.45892092  -1.56707872  10.09249111 -10.74619238  11.00972471
    2.56912004   2.75603251   2.89798228]], Action: [[ 0.6889366   0.80619913  1.         -0.8106972   0.23312786 -0.78034884]], Reward: [3.6498756],Reward_sum: 104.78057861328125, Done: [False]
==========
t: 189, State: [[ 9.70055887 -0.11365243  0.03726883  0.53012628 -0.40134165  0.67040385
  -0.05583599 -0.19094196  0.15936684  4.02996116  0.38722409 -0.04043206
  10.21176367 -9.04518575  2.24005766 -1.71850657 -5.38346324 16.69913404]], Action: [[ 1.         -1.          1.         -0.4447962  -0.76880383  1.        ]], Reward: [3.6060028],Reward_sum: 108.38658142089844, Done: [False]
==========
t: 190, State: [[  9.86296605  -0.11573225   0.05960226   0.75737733  -0.53918953
   -0.08641296  -0.39275152  -0.36213315   0.58203435   2.84893884
   -0.28767287   0.93035172   0.44264728   0.55123599 -18.68571724
   -8.41585493  -2.00363264  -2.63306267]], Action: [[ 1.         -1.         -0.75468165 -0.76689816 -0.7738148   1.        ]], Reward: [2.772497],Reward_sum: 111.1590805053711, Done: [False]
==========
t: 191, State: [[  9.96133902  -0.16174808   0.12446017   0.04770719   0.4015878
   -0.48161073  -0.85410789  -0.45391508  -0.1008391    2.0228058
   -1.33068018   0.94243425 -16.86355161  19.21489709   2.24027182
   -7.04686622  -2.01324389 -17.59518488]], Action: [[-0.46636885  1.         -0.96255904 -1.         -1.         -1.        ]], Reward: [1.4530573],Reward_sum: 112.61213684082031, Done: [False]
==========
t: 192, State: [[10.11462191 -0.20989988  0.04310274 -0.55679564  0.8098306   0.3114899
  -0.52577598 -0.06401333 -0.60034609  4.10352815 -0.47739039 -2.29555094
  -0.87477501 -1.46987441 16.39426461 12.72704988 11.78439486  3.19125855]], Action: [[-0.9797752  1.         1.         0.120581   1.        -1.       ]], Reward: [2.568208],Reward_sum: 115.18034362792969, Done: [False]
==========
t: 193, State: [[ 10.38478498  -0.17329711   0.07185803   0.22613701  -0.06513332
    0.73255723   0.20467809  -0.23630836  -0.54674132   5.8912026
    1.0598138    1.47923543  17.03067214 -15.94234305   2.88619815
   14.08586383  -8.37602899   1.65963972]], Action: [[ 1.         -1.          1.          0.28545594 -0.4562729  -0.89870477]], Reward: [4.9935274],Reward_sum: 120.17387390136719, Done: [False]
==========
t: 194, State: [[ 10.61233161  -0.14438303   0.10752101   0.72790374  -0.50805573
    0.28078502   0.30918405  -0.43801442  -0.09309112   3.62189657
    0.61898641   0.28337543   4.1757895   -2.16738172 -11.76989328
   -4.08171322  -3.34535977  10.8011633 ]], Action: [[ 1.         -0.6516791   0.15093154 -0.47426683 -1.          0.25589263]], Reward: [4.277145],Reward_sum: 124.45101928710938, Done: [False]
==========
t: 195, State: [[ 1.07414065e+01 -1.20529787e-01  1.44763076e-01  5.84994392e-01
  -1.72711405e-01 -5.19867205e-01 -3.75602825e-01 -3.99549341e-01
   1.20341269e-02  2.30029451e+00  1.46447840e-01  1.38228951e+00
  -5.07613796e+00  7.86521508e+00 -1.34985163e+01 -1.65548889e+01
   2.21446836e+00 -3.14536031e+00]], Action: [[ 1.        -0.1639425 -1.        -1.        -1.        -1.       ]], Reward: [2.0788093],Reward_sum: 126.52983093261719, Done: [False]
==========
t: 196, State: [[ 10.83820521  -0.1378935    0.22726847  -0.23382226   0.57329805
   -0.33745865  -1.03246309  -0.13897294  -0.38342678   2.25782641
   -0.73131319   0.89820766 -17.5924308   12.22557252   4.9888485
   -6.9434707    4.33551178  -9.20420184]], Action: [[-1.          1.         -0.58707917 -0.89631546 -0.14683484 -1.        ]], Reward: [1.5190147],Reward_sum: 128.04884338378906, Done: [False]
==========
t: 197, State: [[11.02910073 -0.15528503  0.15301056 -0.58517167  0.68696277  0.36285188
  -0.56089437  0.17121839 -0.5343966   4.74440858 -0.12147378 -1.79608014
   2.2646247  -3.65952715 13.97012635 14.6377358   8.12172727  1.64991411]], Action: [[-0.9951484   1.          1.          0.04748601  1.         -1.        ]], Reward: [3.3186529],Reward_sum: 131.36749267578125, Done: [False]
==========
t: 198, State: [[ 11.2875279   -0.12058052   0.12168781   0.26670294  -0.39094391
    0.6840279    0.19379059  -0.34735088  -0.50087143   5.16578414
    0.11332966  -0.95960112  18.17610412 -23.53206911   1.42175634
   13.58429112  -6.69655307   1.43966983]], Action: [[ 1.         -1.          1.          0.08627513 -0.68061876 -0.9687916 ]], Reward: [4.727619],Reward_sum: 136.09510803222656, Done: [False]
==========
t: 199, State: [[ 11.48953817  -0.10540591   0.1064538    0.74604225  -0.63682159
    0.35672267   0.03938548  -0.41566503   0.14247842   3.11180948
    0.2430829   -0.14986047   3.68909914   1.07454002  -9.27226904
  -12.07929111   0.83143221  17.11273161]], Action: [[ 1.         -1.          0.31729758 -1.         -1.          1.        ]], Reward: [3.5301378],Reward_sum: 139.625244140625, Done: [False]
==========
HalfCheetah-v4 - Steps: 200, Return: 139.625244140625, State: [[ 11.48953817  -0.10540591   0.1064538    0.74604225  -0.63682159
    0.35672267   0.03938548  -0.41566503   0.14247842   3.11180948
    0.2430829   -0.14986047   3.68909914   1.07454002  -9.27226904
  -12.07929111   0.83143221  17.11273161]]
