[CudaDevice(id=0)]
Using AIRL:  False
Using GAIL:  False
Using RGCL:  True
Experiment State @  2025-07-26 17:01:28.232312-05:00
Experiment Saved @  results/experiment_128
Experiment Settings Saved @  results/experiment_128
128
Using cuda device
Wrapping the env with a `Monitor` wrapper
Wrapping the env in a DummyVecEnv.
Wrapping the env with a `Monitor` wrapper
Wrapping the env in a DummyVecEnv.
t: 0, State: [[  0.02961217  -0.0270988   -0.03332769   0.17853418   0.23069289
   -0.44119641  -0.17765876  -0.11883912   0.0606582   -0.11421765
   -0.82465573  -0.46602051   6.5251932    8.24113731 -10.14961416
   -8.31977921  -5.55485591   1.21279982]], Action: [[ 1.          1.         -1.         -1.         -1.         -0.11940391]], Reward: [-0.54589945],Reward_sum: -0.5458994507789612, Done: [False]
==========
t: 1, State: [[-8.52322059e-03 -8.49647475e-02 -8.22985405e-03  5.58728508e-02
   6.58021010e-01 -4.19481407e-01 -7.57839658e-01 -4.40284318e-02
  -2.42704752e-01 -8.37432169e-01 -1.28070940e+00  1.08222970e+00
  -6.16104026e+00  5.99342901e+00  5.04272523e-01 -1.06724131e+01
   3.71384453e+00 -9.12328176e+00]], Action: [[-0.5918731   1.         -1.         -0.8047683   0.27987653 -0.9913226 ]], Reward: [-1.1686096],Reward_sum: -1.7145090103149414, Done: [False]
==========
t: 2, State: [[-6.09353699e-04 -1.34329565e-01 -6.64012825e-02 -3.47172617e-01
   7.30061342e-01  3.46463051e-01 -3.23789274e-01  1.03575916e-01
  -4.60833422e-01  7.63867222e-01 -9.90528075e-01 -2.13927364e+00
  -7.24578968e+00 -1.70189408e+00  1.76315913e+01  1.74634153e+01
   3.81806342e+00 -3.99447448e-01]], Action: [[-1.          1.          0.96435016  1.          1.         -0.02844527]], Reward: [-0.33480072],Reward_sum: -2.049309730529785, Done: [False]
==========
t: 3, State: [[  0.10417173  -0.1196848    0.01744612   0.07560418  -0.01989324
    0.71334955   0.47005835  -0.05810785  -0.29465011   2.73156938
    1.40745809   3.40303732  10.34539645 -11.58100237   0.0650002
   12.39849753  -9.03508008   0.57905082]], Action: [[ 1.         -1.          1.          0.49016166 -0.0238732   0.38610715]], Reward: [1.756631],Reward_sum: -0.29267871379852295, Done: [False]
==========
t: 4, State: [[  0.18985992  -0.05146347   0.13789099   0.50990188  -0.46133457
    0.20176479   0.27936205  -0.22287864   0.07876771   1.01364952
    1.26159063   1.73489574   5.61669531  -4.24668662 -11.82545882
  -12.58816956  -1.37192096   9.78584712]], Action: [[ 1.         -0.5295682   0.14370161 -0.92704195 -1.          0.32886028]], Reward: [1.3868989],Reward_sum: 1.0942201614379883, Done: [False]
==========
t: 5, State: [[ 1.95084224e-01 -3.87202267e-02  2.06222467e-01  4.50769697e-01
   2.22765363e-01 -4.51830346e-01 -5.82650766e-01 -2.77002737e-01
   3.67452940e-01 -8.20232816e-03 -3.92633966e-01  1.82157449e+00
  -2.10301819e+00  1.72774589e+01 -1.83071535e+00 -1.73774340e+01
  -1.91658059e+00  1.99238021e+00]], Action: [[ 0.86685336  1.         -1.         -1.         -1.          0.05345716]], Reward: [-0.37094313],Reward_sum: 0.7232770323753357, Done: [False]
==========
t: 6, State: [[  0.22552138  -0.03725491   0.25730277  -0.01326827   0.85088032
   -0.32884252  -0.58785668  -0.06125185  -0.01382001   1.21535373
    0.30240947   0.29059469 -12.35549838   5.56603398   2.67329813
   10.61051838   6.57853445 -11.03906763]], Action: [[-1.          1.         -0.82828206  0.8472686   1.         -0.19759293]], Reward: [0.16444719],Reward_sum: 0.8877242207527161, Done: [False]
==========
t: 7, State: [[ 0.32731757 -0.01733667  0.25323647 -0.16653086  0.5554771   0.33773996
  -0.11351965  0.06995582 -0.55812624  2.22423609  0.50450225 -0.59896552
   2.08656694 -8.86503739 14.59337025  7.58581862  0.13354847  0.34609427]], Action: [[ 0.16002746  0.8168041   1.          0.03349632  0.8591926  -1.        ]], Reward: [1.6927125],Reward_sum: 2.5804367065429688, Done: [False]
==========
t: 8, State: [[ 4.54155833e-01  1.46346450e-02  2.80416705e-01  3.73685065e-01
  -4.73501465e-01  7.04712850e-01  5.96298550e-02 -9.65404451e-02
   4.82203903e-02  2.26080252e+00  3.69086763e-01  4.43146255e-02
   1.14199885e+01 -1.99016836e+01  1.88992509e+00  6.39080381e-01
  -4.00112153e+00  1.65561931e+01]], Action: [[ 1.         -1.          1.         -0.41981164 -0.4839812   1.        ]], Reward: [2.0957174],Reward_sum: 4.676154136657715, Done: [False]
==========
t: 9, State: [[ 5.19106269e-01  2.80155335e-03  2.47570444e-01  6.31719929e-01
  -7.48414429e-01 -2.13109442e-01 -1.37738683e-01 -3.31772392e-01
   5.44827574e-01  7.84778016e-01 -5.64250182e-01 -7.43881647e-01
   4.27702562e-01  2.51966262e+00 -2.21865800e+01 -6.33918074e+00
  -4.18934209e+00 -1.24457571e+00]], Action: [[ 1.        -0.9441125 -1.        -0.6253294 -1.         1.       ]], Reward: [0.77077025],Reward_sum: 5.446924209594727, Done: [False]
==========
t: 10, State: [[ 5.18803455e-01 -5.87367679e-02  1.96447785e-01  8.18765484e-02
   3.52076329e-01 -4.78162548e-01 -6.06873661e-01 -3.46607160e-01
  -7.01964148e-02  3.59359580e-03 -1.76299234e+00 -1.26519599e+00
  -1.15329670e+01  2.20051206e+01  2.62159368e+00 -8.87878213e+00
   1.04446495e+00 -1.64833124e+01]], Action: [[-0.05587767  1.         -1.         -0.8600066  -0.6961577  -1.        ]], Reward: [-0.42879322],Reward_sum: 5.018130779266357, Done: [False]
==========
t: 11, State: [[ 5.81656716e-01 -1.35530901e-01  4.04337693e-02 -4.23386423e-01
   8.10812816e-01  3.78979282e-01 -2.14009937e-01 -1.15466536e-02
  -5.39165435e-01  2.08492031e+00 -1.32205359e+00 -3.50259714e+00
  -7.03911340e+00 -1.59896632e+00  1.90261025e+01  1.51778267e+01
   8.97998811e+00  1.36353737e+00]], Action: [[-1.          1.          1.          1.          1.         -0.61574703]], Reward: [0.7191508],Reward_sum: 5.737281799316406, Done: [False]
==========
t: 12, State: [[ 7.53808193e-01 -1.40981957e-01 -1.16227829e-02  2.16422146e-01
  -3.07465662e-03  8.27454073e-01  5.42475962e-01 -7.55057526e-02
  -3.98503257e-01  4.30425130e+00  4.12633845e-01  6.25658120e-01
   1.62745936e+01 -9.58859005e+00  4.96920261e-01  1.42236715e+01
  -2.13270418e-01  7.06427756e+00]], Action: [[ 1.         -1.          1.          1.          0.23992233  0.4615422 ]], Reward: [3.0159712],Reward_sum: 8.753252983093262, Done: [False]
==========
t: 13, State: [[ 8.94282937e-01 -1.13860390e-01  2.82995644e-02  7.49728377e-01
  -5.25344788e-01  2.08319470e-01  3.65612270e-01  1.03942547e-02
  -1.77485945e-02  1.78053481e+00  6.31734138e-01  1.06064127e+00
   4.72041290e+00 -7.39781586e+00 -1.47383584e+01 -1.24858659e+01
   4.88535380e-01  6.43512793e+00]], Action: [[ 1.         -1.         -0.04282022 -1.         -1.         -0.5845291 ]], Reward: [2.375144],Reward_sum: 11.128396987915039, Done: [False]
==========
t: 14, State: [[ 9.10079570e-01 -5.75254463e-02  1.23438433e-02  3.67832768e-01
   2.00532114e-01 -4.75839349e-01 -6.24612219e-02 -8.35377203e-02
   3.95809441e-01 -2.71496237e-01  7.94586733e-01 -3.55932492e-02
  -1.17050352e+01  1.87115211e+01 -1.33091086e+00 -1.32121479e+01
  -2.98133306e+00  4.71171771e+00]], Action: [[ 0.55379766  1.         -1.         -1.         -0.9379112  -0.04089274]], Reward: [-0.10287151],Reward_sum: 11.025525093078613, Done: [False]
==========
t: 15, State: [[ 9.23680083e-01 -4.17815044e-02 -7.73185243e-03 -4.11631075e-01
   8.04234464e-01  2.54631640e-02 -3.42442350e-01  1.06421413e-01
   1.05750965e-01  9.92793755e-01  1.32345942e-01 -1.02243794e+00
  -1.40235476e+01  4.97902451e+00  1.19006399e+01  9.76245198e-01
   5.95555625e+00 -1.03601127e+01]], Action: [[-1.          1.          0.29168475  0.4634887   1.         -0.32101935]], Reward: [-0.06828526],Reward_sum: 10.95724105834961, Done: [False]
==========
t: 16, State: [[  1.03610307  -0.02133765  -0.04067326  -0.40409655   0.58302195
    0.55688539   0.0502392    0.4001042   -0.56172774   2.72651733
    0.35250466  -0.28194656   6.44860411  -7.07131105   7.12867221
   10.13801636   5.62043977 -12.14230495]], Action: [[-0.16311558  1.          1.          0.5568924   1.         -1.        ]], Reward: [1.8147861],Reward_sum: 12.772027015686035, Done: [False]
==========
t: 17, State: [[ 1.17915259e+00  3.51830923e-03  3.92030537e-02  3.51856535e-01
  -4.85008595e-01  6.20766988e-01  3.83910664e-01  1.27200676e-01
  -1.54548512e-01  2.56152908e+00 -1.75602946e-02  1.02188464e+00
   1.44251221e+01 -2.14459995e+01 -1.64673707e+00  3.62952992e+00
  -8.64513133e+00  1.34190226e+01]], Action: [[ 1.         -1.          1.         -0.22705346 -0.7577639   0.40234894]], Reward: [2.4822261],Reward_sum: 15.254253387451172, Done: [False]
==========
t: 18, State: [[  1.23890905  -0.0286388    0.02762264   0.62840001  -0.66479237
   -0.28983557  -0.02394599  -0.21883017   0.61831189   0.44862685
   -1.0188116   -0.19662638  -0.33900776   5.60011619 -20.39751837
  -14.49031318  -5.45828559  10.67726119]], Action: [[ 1.         -0.64135176 -1.         -1.         -1.          0.92306644]], Reward: [0.66879076],Reward_sum: 15.923044204711914, Done: [False]
==========
t: 19, State: [[  1.23512668  -0.13274619   0.05085225   0.08599447   0.41144788
   -0.4392426   -0.84478228  -0.33781689   0.07261913   0.24141387
   -2.70899089   0.59571573 -10.63267949  20.48975004   1.31423176
  -14.58296862  -1.47867313 -17.11884771]], Action: [[-0.1088026  1.        -1.        -1.        -0.8553563 -1.       ]], Reward: [-0.5499946],Reward_sum: 15.37304973602295, Done: [False]
==========
t: 20, State: [[ 1.30927939 -0.22800668 -0.05633334 -0.36819048  0.82800413  0.3795794
  -0.44132294 -0.09817492 -0.64196605  2.21576147 -1.38113652 -3.09582001
  -6.59855775 -1.97436453 18.73713907 18.67295555  7.20743584  2.14834582]], Action: [[-1.          1.          1.          1.          1.         -0.78391874]], Reward: [0.9216012],Reward_sum: 16.29465103149414, Done: [False]
==========
t: 21, State: [[  1.51057629  -0.21544487  -0.04008142   0.26617268   0.16725455
    0.82161199   0.43109831  -0.26836918  -0.48817158   4.69468054
    0.72531605   1.18845458  17.12331199 -13.47132996   0.46953111
   14.96340428  -5.94065507   4.00671323]], Action: [[ 1.         -1.          1.          0.9388678   0.19469331  0.37024838]], Reward: [3.6202917],Reward_sum: 19.91494369506836, Done: [False]
==========
t: 22, State: [[ 1.67139747e+00 -1.66743910e-01  3.81715748e-03  8.10944420e-01
  -4.00377767e-01  3.32642708e-01  4.68253695e-01 -3.78920516e-01
   1.96787074e-02  2.12728598e+00  1.51286576e+00  5.35791737e-01
   5.10437464e+00 -6.86380287e+00 -1.18423211e+01 -5.04352534e+00
  -2.42580339e+00  1.11079614e+01]], Action: [[ 1.         -0.80814874  0.12489963 -0.73078173 -1.          0.3438201 ]], Reward: [2.884328],Reward_sum: 22.799270629882812, Done: [False]
==========
t: 23, State: [[  1.7110282   -0.09806607   0.07539909   0.55035398  -0.19332261
   -0.49918535  -0.34175082  -0.33520787   0.34105508   0.39409632
    0.94929966   2.17858409  -8.83014647   6.64534989 -14.36066372
  -19.17536012   1.65826313   2.37493906]], Action: [[ 0.8089387  -0.11167113 -1.         -1.         -1.         -0.10289879]], Reward: [0.4248706],Reward_sum: 23.224140167236328, Done: [False]
==========
t: 24, State: [[  1.72594706  -0.08943821   0.15740037  -0.33548354   0.52770994
   -0.43564688  -1.03223038   0.03771985  -0.12198477   1.11556038
   -0.20996774  -0.3347164  -16.45339396  12.91257316   1.18010124
   -0.35460157   4.76226704 -14.67768554]], Action: [[-1.          1.         -1.         -1.          0.37454903 -1.        ]], Reward: [-0.21565169],Reward_sum: 23.008487701416016, Done: [False]
==========
t: 25, State: [[ 1.85777291 -0.07599555  0.09072161 -0.47642876  0.62804062  0.24609952
  -0.57855186  0.31100074 -0.53509555  3.33493851  0.46106278 -1.23263245
   5.11827515 -3.29756804 15.95987432 11.59856533  5.97042335  1.17732755]], Action: [[-0.19442783  1.          1.         -0.35193112  1.         -0.8073856 ]], Reward: [2.2551641],Reward_sum: 25.263652801513672, Done: [False]
==========
t: 26, State: [[ 2.06112632e+00 -4.52908716e-02  1.18243131e-01  3.54948212e-01
  -3.87729951e-01  7.04594543e-01  9.91953838e-03 -3.81746204e-02
  -1.40782847e-01  3.92145438e+00  3.78827671e-02 -1.91803891e-03
   1.66370977e+01 -2.17517219e+01  3.70569957e+00  9.96902474e+00
  -9.99222112e+00  1.02424369e+01]], Action: [[ 1.         -1.          1.         -0.21609646 -0.40932363  0.579069  ]], Reward: [3.7121117],Reward_sum: 28.975765228271484, Done: [False]
==========
t: 27, State: [[ 2.18019320e+00 -8.08293801e-02  7.14615039e-02  6.83844411e-01
  -5.32531626e-01 -8.01075857e-03 -8.19655903e-02 -3.66091108e-01
   5.73320824e-01  1.55002514e+00 -9.69495329e-01 -9.52250205e-01
   4.04090168e-01  6.73992384e+00 -1.80808698e+01 -8.94379350e+00
  -4.27965558e+00  1.38161660e+01]], Action: [[ 1.         -0.37495774 -0.54617983 -1.         -1.          1.        ]], Reward: [1.9374471],Reward_sum: 30.913211822509766, Done: [False]
==========
t: 28, State: [[  2.21494952  -0.16452381   0.05684845   0.17111521   0.46068251
   -0.47420603  -0.70440832  -0.41079601   0.10069294   0.7739268
   -2.11055435   0.03178278 -11.82534746  18.35050062   1.75576804
  -12.01601959  -0.02539132 -15.76454346]], Action: [[-0.02103016  1.         -1.         -1.         -0.9532894  -1.        ]], Reward: [0.20420612],Reward_sum: 31.11741828918457, Done: [False]
==========
t: 29, State: [[ 2.31475883 -0.24572415 -0.0629285  -0.40470526  0.81000496  0.36849027
  -0.31210225 -0.05451077 -0.62516257  2.78454609 -1.33558189 -3.30764293
  -8.72175819 -2.19080411 19.00787846 16.82204523  9.4371261   1.45758346]], Action: [[-1.         1.         1.         1.         1.        -0.9430098]], Reward: [1.4072595],Reward_sum: 32.52467727661133, Done: [False]
==========
t: 30, State: [[  2.54736173  -0.20593282  -0.04246784   0.20762167   0.18512213
    0.81176687   0.44244198  -0.23241077  -0.41372728   5.29504777
    1.22159638   1.48401243  18.3238812  -19.50469296   0.19087014
   14.23287713  -1.52040615   7.93688381]], Action: [[ 1.         -1.          1.          1.          0.24664442  0.34154773]], Reward: [4.234309],Reward_sum: 36.75898742675781, Done: [False]
==========
t: 31, State: [[ 2.73960687e+00 -1.29742895e-01  1.12505325e-02  8.41351741e-01
  -5.09016412e-01  2.09778141e-01  3.68476736e-01 -2.34245297e-01
   3.12460249e-01  2.69598416e+00  1.87337634e+00  8.54047096e-01
   6.10331920e+00 -9.14702989e+00 -1.58374270e+01 -8.99329772e+00
  -1.69647326e-01  1.70580770e+01]], Action: [[ 1.         -1.         -0.29460448 -1.         -1.          0.8474742 ]], Reward: [3.3644023],Reward_sum: 40.123390197753906, Done: [False]
==========
t: 32, State: [[  2.8001194   -0.06427563   0.07686049   0.44333883   0.13481193
   -0.49184862  -0.42055757  -0.23332155   0.44017649   0.90575695
    0.72792556   1.87690603 -11.84221934  17.56427492  -0.91531246
  -17.08816149  -0.76593679  -6.35249964]], Action: [[ 0.6527274   0.8761238  -1.         -1.         -1.         -0.28199404]], Reward: [0.78293395],Reward_sum: 40.90632247924805, Done: [False]
==========
t: 33, State: [[ 2.89425230e+00 -3.89247627e-02  8.54838650e-02 -2.94846911e-01
   8.06402336e-01 -1.57286831e-01 -4.03440181e-01 -1.11519269e-02
  -2.84012401e-01  2.71049104e+00  4.40091362e-01 -1.14826222e+00
  -1.37769913e+01  7.17348544e+00  7.77228561e+00  1.10425516e+01
   6.21634120e+00 -1.57887479e+01]], Action: [[-1.          1.         -0.2281617   1.          1.         -0.51105803]], Reward: [1.4513342],Reward_sum: 42.35765838623047, Done: [False]
==========
t: 34, State: [[ 3.08666787e+00 -8.09622634e-03  9.45229160e-02 -2.26157812e-01
   5.04197039e-01  4.26005269e-01  8.52397979e-02  4.58107031e-01
  -5.09564080e-01  4.18376237e+00  4.58478172e-01  9.80872657e-01
   7.73848079e+00 -9.83486925e+00  1.04302829e+01  7.65095350e+00
   9.85783616e+00  2.63279350e+00]], Action: [[ 0.33521557  0.824004    1.          0.01312286  0.850381   -0.73255527]], Reward: [3.5431805],Reward_sum: 45.900840759277344, Done: [False]
==========
t: 35, State: [[ 3.28344179e+00  1.24466147e-02  2.27178043e-01  4.03260131e-01
  -5.45159433e-01  6.51604841e-01  1.72890230e-01  2.80408813e-01
   1.24895960e-01  3.39594991e+00  2.76441276e-02  2.26814026e+00
   1.11491025e+01 -1.95939689e+01  5.35879540e-01 -2.02668606e+00
  -9.44971397e+00  1.57605951e+01]], Action: [[ 1.        -1.         1.        -0.88228   -0.9298618  0.4750852]], Reward: [3.4486017],Reward_sum: 49.34944152832031, Done: [False]
==========
t: 36, State: [[ 3.40210729e+00  1.00045143e-02  2.67326821e-01  6.12532400e-01
  -7.12608213e-01 -2.46431562e-01  4.02303605e-02 -1.44151575e-01
   6.33693777e-01  1.79003597e+00  1.61485102e-01  2.58388363e-01
  -5.29585908e-01  4.84134976e+00 -2.10365126e+01 -2.62686291e+00
  -5.85311974e+00 -4.04106828e+00]], Action: [[ 1.         -0.8084466  -1.         -1.         -1.          0.85941094]], Reward: [1.8340927],Reward_sum: 51.18353271484375, Done: [False]
==========
t: 37, State: [[ 3.44631898e+00  1.01402942e-02  2.53818403e-01  1.71638695e-01
   3.35660666e-01 -4.31292358e-01 -3.07331425e-01 -3.31106559e-01
   4.73494911e-02  6.59840893e-01 -3.89074249e-01 -1.73940576e-01
  -8.28759927e+00  2.04236251e+01  9.47787830e-01 -1.04392125e+01
  -2.61018813e+00 -1.63559093e+01]], Action: [[ 0.39967114  1.         -1.         -1.         -1.         -1.        ]], Reward: [0.36826],Reward_sum: 51.55179214477539, Done: [False]
==========
t: 38, State: [[ 3.52685564e+00 -1.08397969e-02  1.96299557e-01 -3.29622442e-01
   8.53285310e-01  3.78581775e-01 -1.93465728e-01 -6.56549912e-02
  -6.34803670e-01  2.40013141e+00 -2.50406816e-01 -1.38707926e+00
  -8.54946172e+00 -7.56977680e-01  1.87486410e+01  9.58449581e+00
   7.48072536e+00  1.91527567e+00]], Action: [[-1.         1.         1.         1.         1.        -0.8596095]], Reward: [1.0368404],Reward_sum: 52.58863067626953, Done: [False]
==========
t: 39, State: [[ 3.71093956e+00  2.54798533e-03  2.57376009e-01  2.06821618e-01
  -2.55123254e-01  7.81482575e-01  2.11812010e-01  1.77177874e-01
  -2.11017505e-01  3.82539645e+00  1.68141097e-01  8.34607586e-01
   1.53826553e+01 -2.62550082e+01  8.09145885e-01  7.34015532e+00
  -4.51359313e-01  7.25113146e+00]], Action: [[ 1.         -1.          1.          0.13448787  0.14212717  0.1242265 ]], Reward: [3.3763063],Reward_sum: 55.96493911743164, Done: [False]
==========
t: 40, State: [[ 3.83214483e+00 -1.03992494e-02  2.34812582e-01  6.11995183e-01
  -8.42301908e-01  7.03159335e-02  1.54362420e-01 -2.03932977e-03
   5.74493314e-01  1.69382351e+00 -1.35072962e-01 -1.46726011e+00
   1.85250623e+00  5.30653097e-01 -1.69231597e+01 -1.15158244e+00
  -3.37669898e+00  2.22808390e+01]], Action: [[ 1.         -0.949552   -0.25913733 -1.         -1.          1.        ]], Reward: [1.9272254],Reward_sum: 57.89216613769531, Done: [False]
==========
t: 41, State: [[  3.86450029  -0.01675688   0.14741045   0.23095146  -0.03123194
   -0.44974875  -0.06259531  -0.12643399   0.29044904   0.2463101
   -0.276474    -1.5540888   -9.28811021  16.5825589    0.75489301
   -7.91714036  -3.01961739 -11.90703157]], Action: [[ 0.43463266  0.26841766 -1.         -1.         -1.         -1.        ]], Reward: [0.22101383],Reward_sum: 58.11317825317383, Done: [False]
==========
t: 42, State: [[ 3.90381336e+00 -6.49856856e-02  1.19269759e-02 -4.05043394e-01
   7.14875851e-01  3.41340804e-01 -4.52905004e-02  6.64756490e-02
  -5.81616237e-01  1.41308106e+00 -1.26032462e+00 -3.42063227e+00
  -1.15235847e+01  9.00162830e+00  1.80616945e+01  5.84261853e+00
   6.47589950e+00 -1.70279441e+01]], Action: [[-1.          1.          1.          0.91473234  1.         -1.        ]], Reward: [0.20258787],Reward_sum: 58.315765380859375, Done: [False]
==========
t: 43, State: [[ 4.02244589 -0.11440059 -0.12588791 -0.35039433  0.67428522  0.7499326
   0.37811356  0.40584075 -0.43018855  2.68138918 -0.96148752 -2.03107677
   6.70877038 -4.66399891  1.43048649  8.72531592  7.10904842  5.11320763]], Action: [[-0.2088568   1.          1.          0.8466865   1.         -0.47772682]], Reward: [1.9737784],Reward_sum: 60.28954315185547, Done: [False]
==========
t: 44, State: [[  4.16582744  -0.09303596  -0.03530828   0.35154391  -0.05385836
    0.39659041   0.3334642    0.28150644  -0.17716947   2.84902931
    0.85538273   3.08283276  13.7009529  -16.33566798  -8.72278646
   -6.27238603  -7.49837005   3.82650616]], Action: [[ 1.         -1.          0.46747637 -0.92564845 -1.         -1.        ]], Reward: [2.360095],Reward_sum: 62.64963912963867, Done: [False]
==========
t: 45, State: [[  4.21812905  -0.08486346   0.07246274   0.26119252   0.17348088
   -0.41561299  -0.2609763   -0.28940201   0.13528354   0.28556518
   -0.14196107   2.22208261  -8.65366656  12.41121465 -15.1049917
  -15.38834838 -11.38520171   5.90104016]], Action: [[-0.20622139  1.         -1.         -1.         -1.          0.07825826]], Reward: [0.6411671],Reward_sum: 63.29080581665039, Done: [False]
==========
t: 46, State: [[  4.24365406  -0.11260802   0.19187423  -0.34302118   0.67376991
   -0.43676354  -1.05702046  -0.32154782  -0.10733724   1.05698132
   -0.68016591   2.0236294  -10.24416076   5.63703093   1.14603959
  -11.39655792   3.50437811 -10.11535311]], Action: [[-0.7969148   1.         -1.         -1.         -0.07922603 -1.        ]], Reward: [0.04636508],Reward_sum: 63.3371696472168, Done: [False]
==========
t: 47, State: [[ 4.37287483 -0.1151513   0.10286378 -0.53840941  0.70883499  0.3135843
  -0.3182663   0.02999014 -0.42562966  3.44186068 -0.04863465 -2.58673186
   0.72961242 -2.76677667 17.2151665  22.62944669 10.98530329 -1.71668054]], Action: [[-1.          1.          1.          1.          1.          0.09005414]], Reward: [2.0836046],Reward_sum: 65.4207763671875, Done: [False]
==========
t: 48, State: [[  4.56125449  -0.08184836   0.08322179   0.24967737  -0.37572596
    0.72749952   0.25923328   0.04408025  -0.47609716   3.58844806
    0.40497081  -1.01236702  17.46466255 -23.90221729   2.08179159
    6.42746832   0.29172029   3.8671372 ]], Action: [[ 1.         -1.          1.         -0.19202653  0.07513164 -0.17213549]], Reward: [3.4603782],Reward_sum: 68.88115692138672, Done: [False]
==========
t: 49, State: [[ 4.69850848e+00 -5.31384734e-02  8.74793074e-02  6.78170490e-01
  -6.69814974e-01  4.24836323e-01  8.60303283e-03 -1.06131740e-01
   2.67062429e-01  1.93252780e+00  3.52194133e-01  3.36914263e-01
   3.18444432e+00  1.42854765e-01 -8.19601597e+00 -1.12251438e+01
  -4.69890340e+00  1.82878307e+01]], Action: [[ 1.         -1.          0.54804826 -1.         -1.          1.        ]], Reward: [2.2150443],Reward_sum: 71.09619903564453, Done: [False]
==========
t: 50, State: [[  4.74142636  -0.08308658   0.13291825   0.22679218   0.34368267
   -0.41117758  -0.72815726  -0.3211034    0.36936776   0.80305896
   -1.17843605   1.30625852 -10.59023833  21.3397918  -15.58235805
  -14.2813979   -3.99737097  -7.8513971 ]], Action: [[-0.03651647  0.957209   -1.         -1.         -0.8985011  -0.95003116]], Reward: [0.39561304],Reward_sum: 71.49181365966797, Done: [False]
==========
t: 51, State: [[  4.81974613  -0.12298164   0.15620945  -0.37708629   0.81428152
   -0.44480653  -0.88839479  -0.13388932  -0.44798471   2.19796085
   -0.42126247  -0.15014165 -10.29726111  -1.06615317   1.50363746
    4.59566972   6.11791352 -17.80010894]], Action: [[-1.          1.         -1.         -0.25883153  0.59612453 -1.        ]], Reward: [1.1241597],Reward_sum: 72.61597442626953, Done: [False]
==========
t: 52, State: [[ 5.00499556 -0.12856867  0.085821   -0.0706174   0.46756743  0.24564578
  -0.21694265  0.07145449 -0.54900652  3.94929049 -0.13973567 -2.75040476
  11.46372056 -7.13092325 16.20289098 12.63604694 -6.32050888 -1.5926605 ]], Action: [[ 0.67139184  1.          1.          0.23634845  0.74206793 -0.62165123]], Reward: [3.3606143],Reward_sum: 75.9765853881836, Done: [False]
==========
t: 53, State: [[ 5.20760456e+00 -1.47272967e-01  2.62206566e-03  6.25237979e-01
  -4.00083509e-01  7.47816370e-01  3.86666057e-01 -4.42100617e-01
   1.81738494e-02  3.59658775e+00 -7.13399775e-01 -1.61913375e+00
   1.11769406e+01 -1.64476030e+01  4.29825268e+00  8.85348649e+00
  -8.86007017e+00  1.64673765e+01]], Action: [[ 1.         -1.          1.          0.30091238 -1.          1.        ]], Reward: [3.5431252],Reward_sum: 79.51971435546875, Done: [False]
==========
t: 54, State: [[ 5.34023260e+00 -1.71100116e-01 -1.87739205e-02  9.03736942e-01
  -4.01863107e-01  8.30461338e-02  2.30277312e-01 -5.55116968e-01
   5.69903936e-01  1.96410767e+00 -3.26083326e-01  6.29537117e-01
   5.87314933e-01  3.30811879e+00 -2.00410496e+01 -8.93344695e+00
   1.29005229e+00 -1.19431201e+00]], Action: [[ 1.         -1.         -0.9109997  -0.31268945 -1.          1.        ]], Reward: [2.1597912],Reward_sum: 81.67950439453125, Done: [False]
==========
t: 55, State: [[  5.35565268  -0.20118881   0.11180219  -0.05458638   0.46900768
   -0.44820422  -0.61817149  -0.37037913  -0.03480982   0.1888544
   -1.26824499   2.84932731 -23.79819203  15.65972956   0.74725662
  -16.84694236   3.78480437 -16.3330024 ]], Action: [[-0.81055534  1.         -1.         -1.         -0.959014   -1.        ]], Reward: [-0.24926917],Reward_sum: 81.43022918701172, Done: [False]
==========
t: 56, State: [[ 5.46331755 -0.24764735  0.08874602 -0.60294854  0.6793483   0.24350137
  -0.4757946  -0.10429874 -0.58779856  2.95217212  0.15686497 -3.02045718
   2.45416024 -2.93583399 15.21121994 11.74415578 -6.88261804  0.27494623]], Action: [[-1.          1.          1.          0.58642423  1.         -0.5732344 ]], Reward: [1.6860485],Reward_sum: 83.11627960205078, Done: [False]
==========
t: 57, State: [[ 5.67143552e+00 -1.58652049e-01  1.12342265e-01  2.29471501e-01
  -1.67055374e-01  5.84557041e-01  1.68747185e-02 -4.32205069e-01
  -6.88763927e-02  4.32887132e+00  1.80175512e+00  3.79140981e-01
   1.87778983e+01 -2.17124213e+01  3.31853406e+00  7.66848622e+00
  -4.70591856e+00  1.33967298e+01]], Action: [[ 1.         -1.          1.         -0.15675998 -0.38536203  1.        ]], Reward: [3.7450514],Reward_sum: 86.861328125, Done: [False]
==========
t: 58, State: [[  5.82537814  -0.11169731   0.07293281   0.77320502  -0.52135198
   -0.17336018  -0.07525693  -0.45113513   0.53908226   2.25592361
    0.58987407  -0.81321861   4.24726527   1.85382857 -19.33762881
   -6.66208214   1.97366155   0.76362591]], Action: [[ 1.         -0.52283514 -1.         -0.7114333  -1.          1.        ]], Reward: [2.600903],Reward_sum: 89.46223449707031, Done: [False]
==========
t: 59, State: [[ 5.86179317e+00 -1.02587183e-01  1.14102086e-01 -1.05866552e-04
   4.64416763e-01 -4.53589464e-01 -6.81008322e-01 -3.62935493e-01
   3.54836449e-04  5.32603782e-01 -3.44299809e-01  1.13048786e+00
  -2.03891729e+01  1.89601798e+01  1.66548176e+00 -1.17996250e+01
   8.13049377e-01 -1.55748903e+01]], Action: [[-0.83961356  1.         -1.         -1.         -1.         -1.        ]], Reward: [0.15780555],Reward_sum: 89.62004089355469, Done: [False]
==========
t: 60, State: [[ 5.96677531 -0.10803728  0.05414877 -0.57081227  0.77129834  0.27985725
  -0.56240858  0.043161   -0.60732526  3.23063534  0.39783287 -1.83883279
   0.8721604  -2.79169382 15.69486473  9.55591145  9.79275909  1.54698881]], Action: [[-1.          1.          1.          0.12121791  1.         -0.7146155 ]], Reward: [1.6471058],Reward_sum: 91.26714324951172, Done: [False]
==========
t: 61, State: [[  6.19501036  -0.07075444   0.08288158   0.28558178  -0.34181331
    0.70085084   0.1423702    0.07748584  -0.16723374   4.80192923
   -0.10039938   0.5740227   18.28397572 -25.0055202    2.93395652
   14.86633461  -1.71566682  11.45961433]], Action: [[ 1.         -1.          1.          0.31117493 -0.3815695   0.03038271]], Reward: [4.240366],Reward_sum: 95.50750732421875, Done: [False]
==========
t: 62, State: [[ 6.35818664 -0.07942284  0.08320456  0.71782179 -0.72018266  0.60810699
   0.17395504 -0.20176945  0.48748373  2.34943591 -0.17133754  0.25043929
   2.17486944  1.50903594 -4.08130294 -8.0925271  -4.30897934 14.39714946]], Action: [[ 1.         -1.          0.92386657 -1.         -1.          1.        ]], Reward: [2.6781726],Reward_sum: 98.18567657470703, Done: [False]
==========
t: 63, State: [[  6.40452236  -0.09508381   0.0722524    0.24024236   0.37411241
   -0.30904833  -0.40102172  -0.20588445   0.26496177   0.53827761
   -0.76464698   0.22240241 -11.44789678  22.24081267 -19.2813956
  -14.02985929   1.9455219  -13.88242449]], Action: [[ 0.05345963  1.         -1.         -1.         -0.55428183 -1.        ]], Reward: [0.49570575],Reward_sum: 98.681396484375, Done: [False]
==========
t: 64, State: [[  6.49053304  -0.12880376   0.04958368  -0.38665904   0.82046038
   -0.38004284  -0.36811542   0.06446141  -0.66425072   2.60102653
   -0.46015065  -0.81963081 -10.4232231   -2.27681914   3.7037187
    9.29814842   6.02323241 -17.32591283]], Action: [[-1.         1.        -0.5372661  0.8081306  0.9581109 -1.       ]], Reward: [1.2342429],Reward_sum: 99.91564178466797, Done: [False]
==========
t: 65, State: [[ 6.66286859e+00 -1.30642174e-01  8.56926307e-04 -7.78310161e-02
   3.76268994e-01  2.84450919e-01  5.73524669e-02  1.31377913e-01
  -5.23056086e-01  3.63791189e+00 -3.84920813e-02 -1.73942330e+00
   1.18619858e+01 -9.03353556e+00  1.44969015e+01  6.89854836e+00
   2.47675520e-01  3.60411061e+00]], Action: [[ 0.77881736  0.9561273   1.         -0.07839103  0.5373461  -0.39318734]], Reward: [3.149689],Reward_sum: 103.0653305053711, Done: [False]
==========
t: 66, State: [[ 6.84306696e+00 -1.18163040e-01  1.09976470e-03  5.58922877e-01
  -3.04488683e-01  5.47041854e-01  1.42058569e-01 -1.91596206e-01
   1.99463362e-01  3.34696887e+00  2.34456955e-01  7.34104533e-01
   1.01032754e+01 -1.17617497e+01 -1.90555548e-01 -2.64233881e+00
  -8.09459121e+00  1.80887534e+01]], Action: [[ 1.         -1.          0.6446633  -0.48864806 -1.          1.        ]], Reward: [3.1385307],Reward_sum: 106.203857421875, Done: [False]
==========
t: 67, State: [[  6.96394674  -0.12427633   0.07356422   0.76727274  -0.52933098
   -0.21245214  -0.38115591  -0.41875754   0.52805173   1.99032453
   -0.39386602   2.11626282   0.0725415   -0.28378735 -17.83824498
  -13.55743451  -2.6797644   -1.20210321]], Action: [[ 1.         -1.         -1.         -0.89020956 -0.9191574   1.        ]], Reward: [1.8538634],Reward_sum: 108.05772399902344, Done: [False]
==========
t: 68, State: [[  7.0325399   -0.17327349   0.17784567   0.13298405   0.38363232
   -0.46203202  -1.00628868  -0.32650556  -0.11424768   1.53160868
   -1.31593064   1.52114314 -14.18942184  19.25716018   2.01820525
   -8.2081914    2.64524334 -17.12927428]], Action: [[-0.2515937   1.         -1.         -1.         -0.49549043 -1.        ]], Reward: [0.94098216],Reward_sum: 108.99870300292969, Done: [False]
==========
t: 69, State: [[ 7.15852659 -0.21914383  0.12156057 -0.50776587  0.83699458  0.35414353
  -0.5604995   0.05105299 -0.59670937  3.32795254 -0.69437406 -1.76643056
  -8.92162374 -0.79776507 18.26272563 15.58758756  9.69399657  3.11024243]], Action: [[-1.          1.          1.          0.29816496  1.         -1.        ]], Reward: [2.0108435],Reward_sum: 111.0095443725586, Done: [False]
==========
t: 70, State: [[  7.37199227  -0.17384948   0.1022695    0.11519826  -0.11825798
    0.77425704   0.07904754  -0.29698176  -0.47322547   5.20390942
    1.66645003   1.0287219   15.12145148 -11.26772739   3.06399832
   11.77107333  -4.63097597   1.60434003]], Action: [[ 1.         -1.          1.          0.27286875  0.201209   -0.31630158]], Reward: [3.9478147],Reward_sum: 114.95735931396484, Done: [False]
==========
t: 71, State: [[ 7.57641772e+00 -1.10948283e-01  1.39755243e-01  6.77023529e-01
  -5.92987082e-01  3.03065248e-01  4.62678378e-02 -3.78751762e-01
   7.68065445e-03  3.28395624e+00  1.04030841e+00  6.31596312e-01
   6.47756082e+00 -5.05029322e+00 -1.23427055e+01 -7.89960832e+00
  -3.43450820e-01  1.26300452e+01]], Action: [[ 1.         -1.          0.1696155  -0.82754064 -1.          0.48835593]], Reward: [3.6933005],Reward_sum: 118.65066528320312, Done: [False]
==========
t: 72, State: [[  7.68431058  -0.09693159   0.15818532   0.47428999   0.24083974
   -0.52550449  -0.59978385  -0.2877688    0.33696651   1.92292114
   -0.19945106   0.65317012  -5.76117901  20.37680038 -13.35305928
  -13.07951133   1.67217317   1.82394574]], Action: [[ 0.66951954  1.         -1.         -1.         -0.79188967 -0.14816655]], Reward: [1.7481273],Reward_sum: 120.39879608154297, Done: [False]
==========
t: 73, State: [[  7.78759661  -0.09383294   0.22561211  -0.22192405   0.83095148
   -0.35304001  -0.95246854   0.01644876  -0.15700636   2.62216236
    0.2589984    1.37544498 -14.71816782   0.14897319   4.55835879
   -1.06695181   6.01586879 -14.47517274]], Action: [[-1.          1.         -0.67065626 -0.6311888   0.4824173  -1.        ]], Reward: [1.65763],Reward_sum: 122.05642700195312, Done: [False]
==========
t: 74, State: [[  8.01739185  -0.07067083   0.22539679   0.04821778   0.32499622
    0.31815498  -0.33998671   0.05300063  -0.59339297   5.11206178
    0.29420097  -1.0640793   12.2181507  -11.77586281  14.23665407
   14.95913349  -6.39629864  -8.58094578]], Action: [[ 1.          0.5629604   1.          0.17831671  0.51189053 -0.03873439]], Reward: [4.3346796],Reward_sum: 126.39110565185547, Done: [False]
==========
t: 75, State: [[  8.26217616  -0.08336568   0.21092237   0.63952441  -0.5124189
    0.72451141   0.34398502  -0.42759147  -0.0587397    4.27586045
   -0.59291286  -0.204523     8.15317063 -13.49498436   2.86283508
    9.8533457   -7.78769554  16.86387722]], Action: [[ 1.         -1.          1.          0.17353576 -1.          1.        ]], Reward: [4.3926744],Reward_sum: 130.78378295898438, Done: [False]
==========
t: 76, State: [[ 8.42182660e+00 -1.00935170e-01  1.89457224e-01  6.92527412e-01
  -6.37189393e-01 -7.88978138e-03  3.91645444e-01 -5.38093971e-01
   6.34487723e-01  2.62673149e+00 -1.83743144e-02 -6.87000567e-01
  -2.97023590e+00  2.39073154e+00 -1.83788137e+01 -7.42260596e-01
   1.11107528e+00 -1.26315554e+00]], Action: [[ 1.         -1.         -0.5773712  -0.19076782 -1.          1.        ]], Reward: [2.756034],Reward_sum: 133.53981018066406, Done: [False]
==========
t: 77, State: [[ 8.48241538e+00 -8.81761510e-02  8.30977849e-02 -2.05151277e-03
   3.11276342e-01 -4.83736631e-01  1.22650449e-02 -2.93830984e-01
   2.24920698e-01  7.99574507e-01 -8.87878928e-02 -2.61303580e+00
  -1.54384425e+01  1.83877076e+01  1.97513955e+00 -1.22256290e+01
   6.46086199e+00 -1.34143793e+01]], Action: [[ 0.03191601  1.         -1.         -1.         -1.         -1.        ]], Reward: [0.71167386],Reward_sum: 134.25148010253906, Done: [False]
==========
t: 78, State: [[  8.57947235  -0.11830992  -0.07855931  -0.58285683   0.71794804
    0.29852052  -0.17497646   0.28659357  -0.61788162   3.10552242
   -0.39073244  -3.02423637  -0.06961694  -1.26112275  16.06202871
    2.24976837  10.98219023 -15.36944979]], Action: [[-1.          1.          1.          0.51716876  1.         -1.        ]], Reward: [1.4143928],Reward_sum: 135.66587829589844, Done: [False]
==========
t: 79, State: [[  8.78642825  -0.07526571  -0.05190623  -0.08871783   0.08601651
    0.80192666   0.25098231   0.37466069  -0.14842009   4.67329618
    1.18209496   2.5551116   11.48870554 -13.64350848   5.39945837
   10.89547493  -0.97483099  14.96759583]], Action: [[-0.16889752 -1.          1.          1.          0.82056034  0.8459753 ]], Reward: [3.697366],Reward_sum: 139.3632354736328, Done: [False]
==========
t: 80, State: [[  8.98202398  -0.03146071   0.09297093   0.48431006  -0.66382077
    0.6386326    0.27748445   0.12732402   0.60267163   3.22696058
    0.55847846   2.32051724   8.35257398 -10.88238968  -6.03346482
   -5.00064335  -6.05166895  -0.38168338]], Action: [[ 1. -1.  1. -1. -1.  1.]], Reward: [3.3119147],Reward_sum: 142.67515563964844, Done: [False]
==========
t: 81, State: [[  9.07609174  -0.04015952   0.14115207   0.34560848   0.11917938
   -0.21808484  -0.23202243  -0.24442239   0.10660629   1.33945378
   -0.43174522   0.59643513  -4.7878137   21.76691897 -16.45492176
  -11.60171972  -8.03310852 -13.21502553]], Action: [[ 0.5300227   1.         -0.5961263  -1.         -1.         -0.97904205]], Reward: [1.4218739],Reward_sum: 144.09703063964844, Done: [False]
==========
t: 82, State: [[  9.14292516  -0.06576674   0.23191181  -0.03583205   0.84721733
   -0.4030721   -0.96398254  -0.23169253  -0.62057561   1.77289735
   -0.46830329   2.24341813  -7.59911015   7.00389341   2.78025993
  -12.18100628   2.93793575 -12.81429594]], Action: [[-0.436823    1.         -0.40757388 -0.94589424  0.01659138 -1.        ]], Reward: [1.011476],Reward_sum: 145.10850524902344, Done: [False]
==========
t: 83, State: [[ 9.29253974 -0.05686709  0.21336901 -0.38936073  0.69682229  0.40443025
  -0.46762419  0.03160832 -0.49318982  3.62750742  0.10524559 -1.63874239
  -5.31479402 -4.92242147 17.49951043 19.03413673  8.58272164  3.22266171]], Action: [[-1.          1.          1.          0.81922126  1.         -0.7159109 ]], Reward: [2.4739263],Reward_sum: 147.58242797851562, Done: [False]
==========
t: 84, State: [[  9.50929331  -0.03196235   0.23801254   0.18445089  -0.41415595
    0.74922745   0.16198492  -0.16472657  -0.49512733   4.23835801
    0.18316717   0.1925444   14.75655933 -24.03725112   0.05876602
    9.02692333  -4.16231545   2.31763307]], Action: [[ 1.         -1.          1.         -0.14625758 -0.40543133 -0.3174243 ]], Reward: [4.006419],Reward_sum: 151.58885192871094, Done: [False]
==========
t: 85, State: [[ 9.65522240e+00 -4.98642546e-02  1.77041090e-01  5.50842481e-01
  -8.16122329e-01  2.05085309e-01 -1.23955818e-02 -2.75181470e-01
   1.93005020e-01  2.17289758e+00 -6.39794773e-01 -1.65419307e+00
   1.51490733e+00  3.28294025e+00 -1.27355814e+01 -1.03245908e+01
  -1.39876495e+00  1.77410571e+01]], Action: [[ 1.         -1.          0.16710585 -1.         -1.          1.        ]], Reward: [2.4157894],Reward_sum: 154.004638671875, Done: [False]
==========
t: 86, State: [[  9.7168869   -0.13301473   0.08886409   0.0543409    0.37089271
   -0.49184128  -0.68643175  -0.14423303   0.30468005   1.21677677
   -2.33919463  -1.5950851  -10.69481419  23.57190356 -10.26734944
  -12.27746967   3.05225938  -6.99958831]], Action: [[-0.2275468   1.         -0.87594503 -1.         -0.46043193 -1.        ]], Reward: [0.83018434],Reward_sum: 154.83482360839844, Done: [False]
==========
t: 87, State: [[  9.84851718  -0.23000394  -0.06183619  -0.41386969   0.83632085
    0.17113469  -0.36806672   0.09304433  -0.47451402   3.50889218
   -1.55997671  -3.31657598  -6.66364284  -2.55455839  19.80120067
   15.23115976   5.36405004 -16.85877321]], Action: [[-1.         1.         1.         0.9121189  1.        -1.       ]], Reward: [2.0494096],Reward_sum: 156.88421630859375, Done: [False]
==========
t: 88, State: [[ 10.08010943  -0.19098792  -0.02579189   0.04843642   0.24813414
    0.77292512   0.23498397  -0.14957867  -0.45568289   4.90159566
    1.52896514   1.86248454  14.01807106 -18.07602278   6.58890024
    9.28681284  -4.98700026   5.86667124]], Action: [[ 0.42311096 -0.8975602   1.          0.37622482  0.40712643  0.523339  ]], Reward: [4.375263],Reward_sum: 161.2594757080078, Done: [False]
==========
t: 89, State: [[ 10.27974545  -0.11672734   0.06029876   0.65661683  -0.5590744
    0.61000456   0.06380576  -0.32733707   0.26699668   3.15350906
    1.25831789   1.37125102   7.77945123 -11.56085509  -8.07252971
  -10.89811723  -2.48783687  17.16242465]], Action: [[ 1.        -1.         0.6458304 -1.        -1.         1.       ]], Reward: [3.4510107],Reward_sum: 164.71047973632812, Done: [False]
==========
t: 90, State: [[ 10.38930911  -0.10278236   0.10953006   0.55663923  -0.05534584
   -0.40779791  -0.66914764  -0.29231489   0.49977018   2.03863605
   -0.3029247    1.09159932  -4.52194664  15.894758   -19.63940596
  -13.8881761    1.20975771  -4.45745288]], Action: [[ 0.85654235  0.5173932  -1.         -1.         -0.7549602  -0.17682289]], Reward: [1.8310142],Reward_sum: 166.54148864746094, Done: [False]
==========
t: 91, State: [[ 10.49059601  -0.11553847   0.16333103  -0.15271115   0.75452514
   -0.40536001  -0.91449015  -0.16065882  -0.26186738   2.37471121
   -0.24002888   0.38546129 -16.25584932  10.57444846   4.45108819
    2.33933852   2.06492092 -18.32802172]], Action: [[-1.         1.        -0.6781613 -0.4250499  0.0345862 -1.       ]], Reward: [1.6615614],Reward_sum: 168.2030487060547, Done: [False]
==========
t: 92, State: [[ 10.69532428  -0.10556978   0.15351487  -0.20154774   0.50463139
    0.32757606  -0.26094181  -0.04959146  -0.53696075   4.79567614
    0.20719746   0.13568271   6.48206835 -11.09364242  15.64257456
   15.32952183   4.36227664   2.83604919]], Action: [[ 0.30493468  0.495301    1.          0.14642021  0.3116424  -0.80606014]], Reward: [3.8839052],Reward_sum: 172.0869598388672, Done: [False]
==========
t: 93, State: [[ 10.91942426  -0.08611961   0.19201018   0.40521687  -0.52731378
    0.72051563   0.16173787  -0.31565937  -0.26041691   3.89785556
    0.14903882   0.09119484  11.20160889 -18.67219678   2.02196925
    2.87564669  -5.17727923   9.1284674 ]], Action: [[ 1.         -1.          1.         -0.5559283  -0.79706407  0.45725918]], Reward: [4.066654],Reward_sum: 176.1536102294922, Done: [False]
==========
t: 94, State: [[ 11.06143025  -0.09633594   0.15067411   0.62563834  -0.75543221
    0.14552665  -0.08390994  -0.49426844   0.44308931   2.25927544
   -0.31217075  -1.15872606  -0.04511883   3.20543414 -14.28006311
   -8.09348396  -3.2093513   14.07298077]], Action: [[ 1.         -1.         -0.09238052 -0.65362096 -1.          1.        ]], Reward: [2.3965445],Reward_sum: 178.55015563964844, Done: [False]
==========
t: 95, State: [[ 11.14067959  -0.15602324   0.06961658   0.22396523   0.28720936
   -0.49604275  -0.64293889  -0.41721323   0.24866651   1.66358033
   -1.70932973  -1.60889764  -8.06579872  21.07363802  -0.4468121
  -10.4578177    2.78697451 -12.55938744]], Action: [[ 0.39363933  0.9069174  -1.         -1.         -0.9327132  -1.        ]], Reward: [1.1002461],Reward_sum: 179.65042114257812, Done: [False]
==========
t: 96, State: [[ 11.25427293  -0.22850987  -0.06857148  -0.3301284    0.84533627
    0.33499216  -0.57887615   0.10152979  -0.62335134   2.92720053
   -1.1315094   -3.0901132   -9.83013001  -0.42234429  19.85468253
    7.90861594  11.75220206 -16.39141094]], Action: [[-1.          1.          1.          0.18971157  1.         -1.        ]], Reward: [1.7682679],Reward_sum: 181.41868591308594, Done: [False]
==========
t: 97, State: [[ 1.14756331e+01 -2.17701796e-01 -1.06904247e-01  5.12843624e-02
   4.31360408e-01  8.31433282e-01  1.58075420e-01  1.40333018e-02
  -5.13344201e-01  4.79536325e+00  7.73880224e-01  2.22068226e-01
   1.32174187e+01 -9.85757704e+00 -1.12612002e+00  1.47718770e+01
  -1.00399801e+01  6.79336916e-02]], Action: [[ 0.15058659 -0.43409866  1.          0.8589635   0.452573    0.16121809]], Reward: [4.209228],Reward_sum: 185.62791442871094, Done: [False]
==========
t: 98, State: [[ 11.67967291  -0.17999001  -0.0380338    0.6878089   -0.21619399
    0.5265519    0.25943333  -0.32220772  -0.16121808   3.33057152
    0.6586913    1.60766638   8.80585107 -12.14333885  -8.01079699
   -6.4202668   -4.67066483   9.54421994]], Action: [[ 1.         -0.72842747  0.57127047 -0.72700655 -1.          0.01334648]], Reward: [3.7422287],Reward_sum: 189.37014770507812, Done: [False]
==========
t: 99, State: [[ 11.78617516  -0.17703194   0.04934775   0.66617306  -0.02739535
   -0.2012571   -0.50420152  -0.37544657   0.28487185   1.79039577
   -0.405512     2.20842704  -4.30423449   9.10594729 -13.67942678
  -17.39703059   0.28242786   6.72933798]], Action: [[ 1.          0.45602047 -0.5090347  -1.         -0.88334644  0.20968507]], Reward: [1.8009112],Reward_sum: 191.1710662841797, Done: [False]
==========
t: 100, State: [[ 11.86173947  -0.2073382    0.18940214  -0.14484361   0.63308223
   -0.43202682  -1.08372284  -0.27325945  -0.02102999   2.10078735
   -0.63806636   1.24526309 -17.4513369   10.39811354   0.88108127
    1.52734131  -0.62398912 -12.84776046]], Action: [[-1.         1.        -1.        -1.        -0.3777756 -1.       ]], Reward: [0.9970147],Reward_sum: 192.16807556152344, Done: [False]
==========
t: 101, State: [[12.04886874 -0.21250935  0.15496338 -0.23340244  0.52397716  0.24493627
  -0.38221708 -0.22288936 -0.60077056  4.04060764  0.29383514 -1.87232459
   5.73507747 -6.9143506  15.98940473 13.94676482 -9.17315205 -1.80235749]], Action: [[ 0.39352983  0.66782004  1.          0.1309281   0.5760287  -0.8643839 ]], Reward: [3.4728894],Reward_sum: 195.64096069335938, Done: [False]
==========
t: 102, State: [[ 12.27380541  -0.1913684    0.12369305   0.43201665  -0.35239339
    0.73107791   0.25015456  -0.63946137  -0.06710883   4.40461919
    0.5634856   -0.35819063  12.34538952 -10.85785478   5.38205243
   10.52035123  -8.62513102  13.59358191]], Action: [[ 1.         -1.          1.          0.04532373 -1.          1.        ]], Reward: [3.998528],Reward_sum: 199.63949584960938, Done: [False]
==========
t: 103, State: [[ 12.43798287  -0.16020954   0.08957891   0.756061    -0.55211479
    0.26873094   0.19277745  -0.68276957   0.60739571   2.60218732
    0.77055235  -0.64825402   1.89254112   0.32270436 -13.31038714
   -6.50346739   2.2143076    9.74622258]], Action: [[ 1.         -1.         -0.02614665 -0.33631587 -1.          1.        ]], Reward: [2.87217],Reward_sum: 202.5116729736328, Done: [False]
==========
t: 104, State: [[ 12.50468043  -0.14829108   0.07667674   0.28230579   0.297128
   -0.52657847  -0.48442041  -0.3582472    0.1091981    1.1245631
   -0.31185953   0.12912053 -11.41000972  17.75611546 -12.65576991
  -14.31453665   6.41752831 -15.65911361]], Action: [[ 0.30485556  0.8956165  -0.9628485  -1.         -1.         -1.        ]], Reward: [0.8517369],Reward_sum: 203.3634033203125, Done: [False]
==========
t: 105, State: [[ 12.59941102  -0.16902893   0.02419688  -0.45164503   0.80836437
    0.14929126  -0.63571504   0.19731948  -0.59518386   2.61426798
   -0.43164099  -2.07213424 -12.7778556    3.13842874  19.74955011
    4.50812843   9.72083975   0.57701989]], Action: [[-1.          1.          1.          0.06407303  1.         -1.        ]], Reward: [1.3942012],Reward_sum: 204.75759887695312, Done: [False]
==========
t: 106, State: [[ 12.82083832  -0.11888418   0.03448173   0.07438824  -0.08369393
    0.73030355  -0.05449576   0.09048041  -0.3819514    5.41728751
    1.9089394    1.6645364   14.14455125 -11.71248727   5.02449869
   12.85644858  -9.13979052   2.48449831]], Action: [[ 1.         -1.          1.          0.3416083   0.3544638   0.10715304]], Reward: [4.1031637],Reward_sum: 208.8607635498047, Done: [False]
==========
t: 107, State: [[13.04705073 -0.05876559  0.11387622  0.61856747 -0.57988547  0.4735792
   0.13458991 -0.31134892  0.06132532  3.77281594  0.87914601  1.32687959
   6.61709404 -5.14792055 -8.24044872 -2.84060691 -6.35177956 10.68186062]], Action: [[ 1.         -0.88955694  0.5725851  -0.6964181  -1.          0.33468014]], Reward: [4.152631],Reward_sum: 213.01339721679688, Done: [False]
==========
t: 108, State: [[ 13.18241338  -0.03818992   0.17469659   0.5588893   -0.1075376
   -0.36661774  -0.43145199  -0.43963259   0.28046736   2.37930217
    0.07846565   1.57193031  -3.4290604   12.45265137 -15.64976943
  -14.16452187  -0.91360609  -0.21617683]], Action: [[ 0.8776235   0.12899251 -0.853882   -1.         -1.         -0.28136647]], Reward: [2.3477387],Reward_sum: 215.3611297607422, Done: [False]
==========
t: 109, State: [[ 13.29661496  -0.05099972   0.28531039   0.08163023   0.63089943
   -0.4437641   -1.00525097  -0.47940478  -0.1763194    2.62218973
   -0.37103607   2.15095832  -9.60454827  10.96513974   1.45366076
   -7.08759208  -1.57130831 -12.6657578 ]], Action: [[-0.23486005  1.         -1.         -1.         -1.         -1.        ]], Reward: [1.7785156],Reward_sum: 217.1396484375, Done: [False]
==========
t: 110, State: [[13.47248246 -0.04941366  0.28027062 -0.43599421  0.78136641  0.35859812
  -0.44212839 -0.32880716 -0.56133781  4.09711425  0.03709991 -0.78362031
  -8.27619303 -2.6296004  18.03562113 18.22154011  6.49873677  1.95707721]], Action: [[-1.          1.          1.          0.4187473   0.18939371 -1.        ]], Reward: [3.0962281],Reward_sum: 220.23587036132812, Done: [False]
==========
t: 111, State: [[ 13.73477004  -0.02626358   0.36565262   0.1369012   -0.35519906
    0.74540874   0.21874025  -0.29279594  -0.51986931   5.23167994
    0.17865006   1.32771826  15.65447291 -25.82102213   0.84717257
    9.67339326  -1.31357497   0.81871802]], Action: [[ 1.         -1.          1.          0.09399387 -0.46346617 -0.4072836 ]], Reward: [4.9068],Reward_sum: 225.14266967773438, Done: [False]
==========
t: 112, State: [[ 1.39214300e+01 -1.57955686e-02  3.20206763e-01  5.23223612e-01
  -8.30310627e-01  5.23301100e-01  2.45505230e-01 -2.98458173e-01
   8.38603866e-02  2.83894413e+00  4.64880070e-01 -1.99090891e+00
   1.49753749e+00  3.15900553e+00 -5.66936576e+00 -5.12760807e+00
   4.62024079e-01  1.64918749e+01]], Action: [[ 1.        -1.         0.9601343 -1.        -1.         1.       ]], Reward: [3.1410124],Reward_sum: 228.28367614746094, Done: [False]
==========
t: 113, State: [[ 1.40281461e+01  1.25223070e-02  2.33226357e-01  4.80359723e-01
  -5.22548400e-01 -9.67198376e-02 -2.42223632e-01 -2.43092735e-01
   5.27181219e-01  1.83935133e+00  3.17349061e-01 -1.05921700e+00
  -1.49044403e+00  5.05421041e+00 -1.19029496e+01 -1.28564008e+01
   7.97987523e-01  1.30775739e+00]], Action: [[ 1.         -1.         -0.29184467 -1.         -1.         -0.20499223]], Reward: [1.7216039],Reward_sum: 230.00527954101562, Done: [False]
==========
t: 114, State: [[ 1.40999675e+01 -2.51120913e-02  1.82427649e-01  3.55641964e-02
   4.08832025e-01 -4.33894422e-01 -8.30769754e-01 -3.01650847e-01
  -2.62259043e-03  1.71383833e+00 -1.30774721e+00 -1.01857591e+00
  -8.78580394e+00  1.79999607e+01  6.52617872e-01 -9.23507878e+00
  -2.78868459e+00 -1.56015398e+01]], Action: [[-0.09392537  1.         -0.9076461  -1.         -0.9697858  -1.        ]], Reward: [0.95911545],Reward_sum: 230.9644012451172, Done: [False]
==========
t: 115, State: [[14.22507203 -0.07421805  0.04474563 -0.42235814  0.83514834  0.34889982
  -0.65600391 -0.14837414 -0.55617129  3.04711015 -0.6341936  -3.39533493
  -6.98355036 -0.7154788  18.22675896 10.20610527  5.02211368  0.99167168]], Action: [[-1.          1.          1.          0.05251184  0.6195822  -1.        ]], Reward: [2.0634258],Reward_sum: 233.02783203125, Done: [False]
==========
t: 116, State: [[ 1.44504268e+01 -6.36003788e-02 -2.04906654e-02  2.41610539e-01
  -2.51762630e-01  7.68624827e-01  5.62536875e-02 -3.12705652e-02
   3.42517656e-02  4.87264850e+00 -2.25140594e-01 -1.04028376e+00
   1.72817711e+01 -2.57052015e+01  1.48983037e+00  1.39159147e+01
   2.87204746e+00  1.61917978e+01]], Action: [[ 1.         -1.          1.          0.27060384 -0.12681048  0.8849234 ]], Reward: [4.119857],Reward_sum: 237.14768981933594, Done: [False]
==========
t: 117, State: [[14.6644356  -0.06741312  0.0627867   0.66417122 -0.58437269  0.6587716
   0.1467275   0.02337026  0.53313718  3.40550738 -0.27597609  2.14665706
   3.60154725 -3.07702763 -4.87365804 -4.45642618 -0.80252836 -0.80084609]], Action: [[ 1.         -1.          1.         -1.         -1.          0.71581423]], Reward: [3.7289362],Reward_sum: 240.8766326904297, Done: [False]
==========
t: 118, State: [[ 14.78438389  -0.0475588    0.09473412   0.54760563  -0.05310247
   -0.06094273   0.0620086   -0.08589974   0.45254748   1.81710488
    0.51724828   0.69378864  -4.30692367  12.90854719 -14.31192524
   -5.17458076  -3.44528818  -3.5464566 ]], Action: [[ 1.          0.25785106 -0.29150206 -1.         -1.         -0.22963358]], Reward: [2.0785465],Reward_sum: 242.95518493652344, Done: [False]
==========
t: 119, State: [[ 1.48217777e+01 -2.84039984e-02  1.99247512e-01 -2.69341519e-01
   6.65523117e-01 -3.30854944e-01 -5.58693149e-01 -5.18149322e-02
  -1.56292973e-01  7.54599156e-01  1.11604315e-03  2.52347594e+00
  -1.86852161e+01  9.24299706e+00 -6.81837320e-01 -1.34637054e+01
   1.75744087e+00 -1.51523890e+01]], Action: [[-1.          1.         -0.34072965 -1.         -0.14711545 -1.        ]], Reward: [0.3341027],Reward_sum: 243.28927612304688, Done: [False]
==========
t: 120, State: [[14.94318567 -0.02419076  0.29179001 -0.54964945  0.61252773  0.24620562
  -0.68666065 -0.04019775 -0.56761436  3.22241304  0.20809503  1.26395289
   1.9223605  -4.73143245 14.37480407  3.74914744 -0.82265392  2.04561526]], Action: [[-1.          1.          1.         -0.23476332  0.31018656 -1.        ]], Reward: [2.0130262],Reward_sum: 245.30230712890625, Done: [False]
==========
t: 121, State: [[ 1.51749427e+01 -7.82321725e-03  3.75146925e-01  2.81162416e-01
  -4.22899950e-01  6.64365766e-01 -1.01163159e-01 -3.91652843e-01
   2.98335589e-03  4.60206080e+00 -2.13888221e-01  1.21586692e-01
   1.76885322e+01 -2.14928445e+01  3.63550378e+00  1.30030607e+01
  -1.31989590e+01  9.48798763e+00]], Action: [[ 1.         -1.          1.          0.19759494 -0.5158915   1.        ]], Reward: [4.2046223],Reward_sum: 249.50692749023438, Done: [False]
==========
t: 122, State: [[15.32744959 -0.03350393  0.33335374  0.7037135  -0.77639641  0.33285184
  -0.11147809 -0.5972907   0.41264481  2.22588764 -0.50995192 -0.95453035
   2.07956523  2.3531475  -9.36854452 -8.11600317  0.66317159  6.05250704]], Action: [[ 1.         -1.          0.32073867 -1.         -1.          0.4026872 ]], Reward: [2.6236339],Reward_sum: 252.13055419921875, Done: [False]
==========
t: 123, State: [[ 15.39275571  -0.07126202   0.33539875   0.24613902  -0.07648994
   -0.23607507  -0.67104697  -0.4484402    0.0720336    1.18158728
   -1.07920524   0.46857157 -11.51069968  12.91706044  -9.17777045
  -10.12580937   2.88938769 -12.9161892 ]], Action: [[-0.13510244 -0.24143453 -0.49463838 -0.90042865 -1.         -1.        ]], Reward: [0.9929242],Reward_sum: 253.12347412109375, Done: [False]
==========
t: 124, State: [[ 15.45832578  -0.15061044   0.27963867  -0.52375204   0.60478034
    0.19857358  -0.89188279  -0.03862831  -0.53968575   1.78609918
   -1.86553416  -2.12732705 -13.74087802   8.74549652  14.02567529
    0.46749434   7.70937318  -1.39665256]], Action: [[-1.         1.         1.        -0.8251045  0.3339134 -1.       ]], Reward: [0.8321718],Reward_sum: 253.9556427001953, Done: [False]
==========
t: 125, State: [[ 15.6302438   -0.14834101   0.12173334  -0.03664157  -0.15204651
    0.64378575  -0.29860149  -0.08545734  -0.41970787   3.94036691
    0.44320104  -4.14872055  17.47381593 -21.49058478   4.41814146
   14.84276018  -1.410042     1.12971085]], Action: [[ 0.7193489  -1.          1.          0.4371612   1.         -0.16338976]], Reward: [3.0648334],Reward_sum: 257.0204772949219, Done: [False]
==========
t: 126, State: [[15.83947734 -0.07941463  0.11470104  0.54650982 -0.50038157  0.55152711
  -0.09011061 -0.26436902  0.18303229  3.56324857  1.06865431  0.06449408
   8.96606982 -6.22897128 -2.53911561 -2.26246442 -3.5408635  16.16218011]], Action: [[ 1.         -1.          0.97281486 -1.         -1.          1.        ]], Reward: [3.590034],Reward_sum: 260.6105041503906, Done: [False]
==========
t: 127, State: [[ 15.97687867  -0.04265587   0.15071665   0.69066082  -0.53005549
    0.0731956   -0.50444298  -0.33158436   0.56976948   2.40697189
    0.51179223   1.30975044  -0.67359003   1.90889433 -10.05231685
  -10.06882388  -0.41690364  -2.36634141]], Action: [[ 0.95127976 -1.         -0.06990853 -1.         -0.78641397  0.80547535]], Reward: [2.3303206],Reward_sum: 262.94085693359375, Done: [False]
==========
t: 128, State: [[ 16.07119076  -0.05290288   0.20214278   0.19435328   0.39355454
   -0.44676202  -0.8984382   -0.42365076  -0.10156277   2.00704811
   -0.52062835   0.71078098 -10.93670045  19.02828197  -2.35586726
   -4.93427226  -2.89090255 -17.39164815]], Action: [[ 0.00362466  1.         -1.         -1.         -1.         -1.        ]], Reward: [1.3862406],Reward_sum: 264.32708740234375, Done: [False]
==========
t: 129, State: [[ 16.19901644  -0.05917992   0.15887674  -0.44377812   0.82970196
    0.29169103  -0.60556186  -0.16737089  -0.59187443   3.11293997
    0.09401234  -1.39112501 -10.56738162  -0.90906722  18.30678644
   10.85005612   8.51304366   2.88104368]], Action: [[-1.          1.          1.         -0.07771474  0.66396976 -1.        ]], Reward: [2.111824],Reward_sum: 266.4389343261719, Done: [False]
==========
t: 130, State: [[ 1.64350381e+01 -2.42979730e-02  2.15766489e-01  1.34518722e-01
  -3.04787222e-01  7.37612088e-01  2.77520861e-02 -6.84635335e-02
  -2.13766712e-01  4.88488994e+00  4.35340864e-01  6.98064206e-01
   1.64823484e+01 -2.64146940e+01  2.18023132e+00  1.12204848e+01
  -7.26099857e+00  2.84678972e+00]], Action: [[ 1.         -1.          1.          0.09748289 -0.34363985  0.05119137]], Reward: [4.407413],Reward_sum: 270.8463439941406, Done: [False]
==========
t: 131, State: [[ 1.66111830e+01 -4.15183003e-02  1.77204580e-01  5.60153647e-01
  -8.17409255e-01  4.07631814e-01  7.30731035e-03 -2.91939611e-01
   3.46481713e-01  2.70954084e+00 -6.65477095e-01 -1.39998290e+00
   2.04747221e+00  2.69251156e+00 -8.79651235e+00 -7.50906782e+00
  -2.89748651e+00  1.37614451e+01]], Action: [[ 1.        -1.         0.6062704 -1.        -1.         1.       ]], Reward: [2.9861405],Reward_sum: 273.8324890136719, Done: [False]
==========
t: 132, State: [[ 16.71209994  -0.09722857   0.16380129   0.3568232   -0.43988052
   -0.27765268  -0.60435342  -0.38009587   0.38434547   1.93435954
   -1.48003151   0.45668472  -5.58938659   6.22731668 -12.16758071
  -12.83959678  -1.54223374  -6.98649673]], Action: [[ 0.34330946 -1.         -0.6213126  -1.         -1.         -0.6085443 ]], Reward: [1.6309174],Reward_sum: 275.4634094238281, Done: [False]
==========
t: 133, State: [[ 16.806466    -0.21013287   0.11022441  -0.34972464   0.49158064
   -0.10511754  -0.92233748  -0.27504994  -0.35064619   2.2536431
   -2.59992275  -2.25658845 -14.56027863  16.77784768   9.47093305
   -0.45681824   2.44884099 -16.32159924]], Action: [[-1.          1.          0.3490439  -0.7333815  -0.27697664 -1.        ]], Reward: [1.5136815],Reward_sum: 276.97711181640625, Done: [False]
==========
t: 134, State: [[ 1.69793859e+01 -2.92572218e-01 -1.48560765e-02 -4.93687477e-01
   8.21062473e-01  4.63865817e-01 -6.09834094e-01  1.41897010e-01
  -5.57618537e-01  4.17855660e+00 -6.18764708e-01 -8.99642708e-01
   5.03242797e+00  5.56027315e-01  9.63439714e+00  7.35094309e+00
   1.05711533e+01  2.63913823e+00]], Action: [[-0.687944    1.          1.         -0.41492105  1.         -1.        ]], Reward: [2.9938557],Reward_sum: 279.970947265625, Done: [False]
==========
t: 135, State: [[ 17.2383416   -0.21913865  -0.07016858   0.47892761   0.07822168
    0.74079035   0.20458586  -0.33679021  -0.06290685   5.70719275
    1.30377712  -0.72182594  19.90041871 -17.18617674   3.45618666
   18.00721772  -7.49487632  10.57739308]], Action: [[ 1.         -1.          1.          0.738137   -0.26440892  0.44597596]], Reward: [4.7977486],Reward_sum: 284.7686767578125, Done: [False]
==========
t: 136, State: [[ 17.42963741  -0.15979116  -0.04734262   0.89616943  -0.52050827
    0.71849887   0.1531803   -0.35836499   0.58164506   2.7123683
    1.28513095   1.4190821    0.66051318  -5.41175445  -2.24032782
  -11.15013015   1.79400749  11.89275895]], Action: [[ 1.        -1.         1.        -1.        -1.         0.8258824]], Reward: [3.257708],Reward_sum: 288.0263671875, Done: [False]
==========
t: 137, State: [[ 17.5226106   -0.12838623   0.05638867   0.57019987  -0.13379228
   -0.28177673  -0.60654814  -0.23620551   0.51191637   1.80255783
    0.07809057   2.32570424  -7.60498837   9.81103756 -22.27739861
  -14.87156482   0.83915173  -1.50124753]], Action: [[ 1.          0.07080983 -1.         -1.         -0.82104474  1.        ]], Reward: [1.3915509],Reward_sum: 289.4179382324219, Done: [False]
==========
t: 138, State: [[ 17.61046769  -0.15144724   0.17271069  -0.28992394   0.58895044
   -0.4357477   -1.03083931  -0.41778145  -0.12162016   2.326249
   -0.68771761   1.04719564 -17.18550364  11.42326847   1.34131395
    0.46775386  -6.7511867  -17.08953336]], Action: [[-1.          1.         -0.89191645 -1.         -1.         -1.        ]], Reward: [1.1775903],Reward_sum: 290.59552001953125, Done: [False]
==========
t: 139, State: [[17.78904706 -0.15064554  0.15953655 -0.47561046  0.5353425   0.25501806
  -0.54148838 -0.25240689 -0.59881887  4.13697131  0.32129954 -0.4528542
   4.19542086 -6.60295625 15.98905598 12.0651625   9.16610008  3.18474375]], Action: [[-0.12305398  0.7302344   1.         -0.28643107  0.5909703  -1.        ]], Reward: [3.27362],Reward_sum: 293.869140625, Done: [False]
==========
t: 140, State: [[ 18.03126798  -0.12103898   0.15292119   0.31565659  -0.46320974
    0.69735961   0.10926668  -0.39216537  -0.19097566   4.62269386
    0.20210609  -1.37642609  16.26330523 -19.65289115   3.32551128
   11.9068655   -6.35739865   9.63166994]], Action: [[ 1.         -1.          1.          0.1656335  -0.46408826  1.        ]], Reward: [4.4201374],Reward_sum: 298.289306640625, Done: [False]
==========
t: 141, State: [[ 18.2004186   -0.11674156   0.09146112   0.70849503  -0.67936598
    0.63592403  -0.04621783  -0.42348131   0.51935339   2.56598494
   -0.02987914  -0.97327654   2.18824619   2.34791276  -3.68038348
  -10.87925445   1.70436812  14.30203919]], Action: [[ 1. -1.  1. -1. -1.  1.]], Reward: [2.7830124],Reward_sum: 301.0722961425781, Done: [False]
==========
t: 142, State: [[ 18.30045935  -0.14011921   0.112982     0.55912174  -0.38882089
   -0.28491353  -0.70880329  -0.26496125   0.35761004   1.97447767
   -0.79439069   1.17345679  -4.57045859   4.28653319 -19.97089465
  -12.29334851   1.99201692  -7.77048866]], Action: [[ 0.68583184 -0.9566588  -1.         -1.         -0.7600082  -0.06690685]], Reward: [1.60405],Reward_sum: 302.67633056640625, Done: [False]
==========
t: 143, State: [[ 18.38309315  -0.21189996   0.13094756  -0.25990497   0.48188693
   -0.31905     -1.0333285   -0.20780565  -0.36270281   2.00025896
   -1.78105465  -1.01523992 -17.85522496  16.33171311   7.54148097
    0.89885061  -1.0609812  -15.73600068]], Action: [[-1.          1.          0.02790356 -1.         -0.39310884 -1.        ]], Reward: [1.2371446],Reward_sum: 303.9134826660156, Done: [False]
==========
t: 144, State: [[18.55100305 -0.2714479   0.02314489 -0.54763635  0.74791994  0.37197665
  -0.51098268 -0.10282027 -0.54194111  4.26554973 -0.38070961 -1.08057531
   2.94584064  3.64328413 11.12441514 12.52127898  5.00111199  1.75474897]], Action: [[-0.46725583  1.          1.         -0.2940532   0.4420037  -1.        ]], Reward: [3.0081816],Reward_sum: 306.9216613769531, Done: [False]
==========
t: 145, State: [[ 1.88111738e+01 -2.22954004e-01  7.80186483e-02  3.36561360e-01
  -1.75434865e-02  5.94957054e-01  1.96099476e-01 -4.98385074e-01
  -3.89542953e-01  5.38058884e+00  9.26875129e-01  1.07097766e+00
   1.89118357e+01 -2.07638459e+01  7.22196865e-01  1.31900708e+01
  -7.10010634e+00  6.17467741e+00]], Action: [[ 1.         -1.          0.833639    0.33675843 -0.43259534  0.59967625]], Reward: [4.8679047],Reward_sum: 311.78955078125, Done: [False]
==========
t: 146, State: [[ 1.89908021e+01 -1.81803437e-01  1.01979637e-01  8.04786695e-01
  -6.51954167e-01  6.02163281e-01  8.22329875e-03 -5.57733589e-01
   7.33686767e-02  2.56925079e+00  8.34420675e-01  6.02469691e-01
   2.36838759e+00 -4.46753282e+00 -5.63218799e-01 -1.29532942e+01
   1.93232773e+00  1.01289845e+01]], Action: [[ 1.         -1.          1.         -1.         -1.          0.36715764]], Reward: [3.0790846],Reward_sum: 314.86865234375, Done: [False]
==========
t: 147, State: [[ 19.08766042  -0.17393818   0.14382814   0.60417188  -0.19075277
   -0.27392582  -0.76372898  -0.31211338   0.5789353    1.9747454
   -0.33185473   0.98672468  -4.88769002  11.35007012 -20.03140929
  -13.19499442   4.65528508   6.89908953]], Action: [[ 1.         -0.10226031 -1.         -1.         -0.72149867  1.        ]], Reward: [1.4840649],Reward_sum: 316.35272216796875, Done: [False]
==========
t: 148, State: [[ 19.17645411  -0.20490755   0.19709667  -0.19351039   0.63458163
   -0.38471397  -1.00173544  -0.3284374    0.04494855   2.11487629
   -0.81833408   0.23356746 -17.72231221  12.6350504    3.34022663
    2.78387779  -3.80723889 -17.04296215]], Action: [[-1.          1.         -0.55296457 -1.         -0.84982324 -1.        ]], Reward: [1.2730768],Reward_sum: 317.62579345703125, Done: [False]
==========
t: 149, State: [[19.35257226 -0.21716516  0.16233147 -0.41166477  0.47768866  0.31760602
  -0.42792213 -0.11188167 -0.57028461  4.13036217 -0.02049247 -0.59928366
   3.49864275 -9.74890802 15.30222013 12.89333346  8.82143215  1.28903617]], Action: [[-0.10590117  0.43516606  1.         -0.14063126  0.6396422  -1.        ]], Reward: [3.2594128],Reward_sum: 320.88519287109375, Done: [False]
==========
t: 150, State: [[ 19.57831279  -0.15379974   0.17459883   0.24880366  -0.30079142
    0.65904839   0.15514579  -0.51560643  -0.24163649   4.71671438
    1.47231672   0.48173334  14.54095907 -14.26606533   1.56050734
    9.50082756  -4.56022747  11.5109399 ]], Action: [[ 1.         -1.          1.          0.11228871 -0.34662312  1.        ]], Reward: [4.101535],Reward_sum: 324.98675537109375, Done: [False]
==========
t: 151, State: [[ 19.74808826  -0.08809516   0.16461195   0.65788874  -0.66840521
    0.53332864  -0.08954911  -0.48068327   0.5098717    2.64224501
    1.17836999  -0.17615548   3.15309731  -1.26753536  -3.67272993
  -12.04232311   3.23843826  14.88255435]], Action: [[ 1.        -1.         0.9083875 -1.        -1.         1.       ]], Reward: [2.8129928],Reward_sum: 327.79974365234375, Done: [False]
==========
t: 152, State: [[ 19.85677728  -0.06689839   0.17426343   0.58557324  -0.21635573
   -0.3386106   -0.71681329  -0.3257804    0.50891485   2.19592949
   -0.02612059   0.48270525  -2.10159097  10.19085633 -18.48232798
  -10.82980182   1.033296    -3.37403504]], Action: [[ 1.         -0.24532373 -1.         -1.         -0.99081206  0.8083722 ]], Reward: [1.7042445],Reward_sum: 329.50396728515625, Done: [False]
==========
t: 153, State: [[ 19.9476352   -0.07802675   0.21022249  -0.13210564   0.63137327
   -0.38798833  -0.96251226  -0.38066323  -0.18563201   1.99007733
   -0.38390939   0.18514338 -17.17670628  13.50965359   3.7761428
    0.37042297  -2.57008284 -17.29951082]], Action: [[-1.          1.         -0.6152302  -0.79464394 -0.76764214 -1.        ]], Reward: [1.3572342],Reward_sum: 330.8612060546875, Done: [False]
==========
t: 154, State: [[20.11478998 -0.07761891  0.1480726  -0.37905344  0.6528885   0.32342367
  -0.45058706 -0.19513948 -0.52584972  3.98978334  0.20720256 -1.31932583
   2.79706457 -5.89103756 15.29976303 12.59498261  8.10150298  0.92467594]], Action: [[-0.05864613  0.8284239   1.         -0.15604472  0.43838856 -1.        ]], Reward: [3.0524695],Reward_sum: 333.9136962890625, Done: [False]
==========
t: 155, State: [[ 20.35589706  -0.06118463   0.15617362   0.35105469  -0.39847247
    0.71172938   0.1293786   -0.19638151  -0.09118712   4.61213572
   -0.04185697  -0.65083632  15.20370287 -21.61754908   2.25179819
    9.41816303  -6.32569969   8.6466401 ]], Action: [[ 1.         -1.          1.          0.05919731 -0.5227962   0.7990456 ]], Reward: [4.430612],Reward_sum: 338.34429931640625, Done: [False]
==========
t: 156, State: [[ 20.51397963  -0.08333503   0.0945638    0.66120327  -0.79454778
    0.57934894  -0.05256858  -0.33507021   0.55461931   2.37588263
   -0.64313566  -1.16307959   0.16532311   1.24977303  -4.18605877
  -10.59417908  -1.19841801  12.87313875]], Action: [[ 1. -1.  1. -1. -1.  1.]], Reward: [2.5616515],Reward_sum: 340.90594482421875, Done: [False]
==========
t: 157, State: [[ 20.62015028  -0.13550311   0.11773538   0.48040578  -0.32824747
    0.11241495  -0.63865899  -0.39261814   0.19834911   2.16991273
   -1.32880951   1.1844018   -4.34886244   6.89172186 -10.63376374
  -10.89712057  -1.9091803  -12.16174007]], Action: [[ 0.5155811  -0.9250763  -0.09461367 -0.8291025  -1.         -0.5422975 ]], Reward: [1.8122091],Reward_sum: 342.7181701660156, Done: [False]
==========
t: 158, State: [[ 20.722637    -0.22305557   0.09410373  -0.20628555   0.55972554
    0.1304692   -0.69633368  -0.3376184   -0.5915002    2.29652491
   -1.94457927  -1.67813942 -15.32463408  15.92155363   5.08585627
    5.70108093   1.91271224 -14.86470104]], Action: [[-1.          1.          0.5958022  -0.15458623 -0.18779103 -1.        ]], Reward: [1.7083201],Reward_sum: 344.4264831542969, Done: [False]
==========
t: 159, State: [[ 2.08798930e+01 -2.91239604e-01 -1.66607856e-02 -3.12072695e-01
   7.04200925e-01  4.60229409e-01 -3.20005500e-01 -1.30217367e-01
  -5.35688795e-01  2.93749416e+00 -3.82618004e-01 -3.60866039e+00
   5.21135153e+00 -2.71805986e+00  5.81378489e+00  9.01515892e+00
  -6.08367506e+00 -5.32364323e-01]], Action: [[ 0.1384768   0.9593219   1.         -0.49826017  0.48511142 -1.        ]], Reward: [2.8028135],Reward_sum: 347.22930908203125, Done: [False]
==========
t: 160, State: [[ 2.10987656e+01 -2.46418859e-01 -1.60783369e-02  4.78943060e-01
   4.53946301e-02  6.52205892e-01  1.59997251e-01 -5.47027010e-01
  -1.89751701e-01  4.50754221e+00  8.18498220e-01  5.80051241e-01
   1.62028636e+01 -1.94418830e+01  2.41490658e+00  7.76832544e+00
  -6.22463041e+00  9.92746413e+00]], Action: [[ 1.         -1.          1.          0.07467151 -1.          0.24672996]], Reward: [3.9708052],Reward_sum: 351.2001037597656, Done: [False]
==========
t: 161, State: [[ 21.25660542  -0.20780429   0.04843852   0.84296617  -0.54329766
    0.61102294  -0.19695832  -0.55063398   0.4978123    2.27155137
    0.73845375   1.87946688   0.75128925  -6.06252198  -3.11600057
  -13.77112771   1.33890679  13.1781654 ]], Action: [[ 1.         -1.          0.84423053 -1.         -1.          1.        ]], Reward: [2.5855248],Reward_sum: 353.78564453125, Done: [False]
==========
t: 162, State: [[ 21.34937815  -0.20537017   0.14400954   0.60116462  -0.20518752
   -0.31528809  -0.84999792  -0.37399374   0.52022196   1.9602176
   -0.35851061   1.68431151  -5.57247017   9.4451468  -20.12958736
   -9.82341456   2.68363246  -2.81254215]], Action: [[ 1.         -0.08952399 -1.         -1.         -0.8353122   1.        ]], Reward: [1.3848785],Reward_sum: 355.1705017089844, Done: [False]
==========
t: 163, State: [[ 21.43288459  -0.23615735   0.2160136   -0.23087793   0.5937086
   -0.36720597  -0.99438754  -0.41058872  -0.15696622   1.91835237
   -0.85800982   0.59510818 -18.28750599  12.67596167   4.39861336
    2.96503673  -2.9567586  -17.18114864]], Action: [[-1.          1.         -0.47269803 -1.         -0.92571557 -1.        ]], Reward: [1.1620893],Reward_sum: 356.33258056640625, Done: [False]
==========
t: 164, State: [[21.59042219 -0.24084354  0.16688344 -0.42925367  0.51781135  0.32559653
  -0.46063222 -0.38751547 -0.59339962  3.47921412  0.55938658 -1.99411626
   4.32851604 -7.4119465  14.62056026 11.38623047  0.10623362  3.04258753]], Action: [[-0.00378202  0.6150006   1.         -0.25024068  0.37701616 -1.        ]], Reward: [2.892452],Reward_sum: 359.22503662109375, Done: [False]
==========
t: 165, State: [[ 21.80880326  -0.16944605   0.160725     0.30171179  -0.2651412
    0.54734823   0.08190463  -0.56154273  -0.13844772   4.44325822
    1.5495323    0.05754167  15.29890455 -15.20393815  -0.90681504
    8.56795841  -3.3914125   10.86491272]], Action: [[ 1.         -1.          0.7188151  -0.04752153 -0.66125906  0.7726752 ]], Reward: [4.0122967],Reward_sum: 363.23736572265625, Done: [False]
==========
t: 166, State: [[ 21.96451777  -0.10451671   0.14279854   0.69229424  -0.66845115
    0.51051161  -0.16704227  -0.48037736   0.53018439   2.3765164
    1.11887424  -0.17437837   2.2770499   -1.67799903  -0.51842271
  -11.42027712   3.80605735  12.80330582]], Action: [[ 1.        -1.         1.        -1.        -1.         0.9522465]], Reward: [2.523613],Reward_sum: 365.760986328125, Done: [False]
==========
t: 167, State: [[ 22.06305348  -0.08534272   0.14971794   0.58478674  -0.23653296
   -0.29000918  -0.73604921  -0.32671733   0.49676411   2.0157238
   -0.03793085   0.31936902  -2.66673425   9.84532897 -18.30652228
   -9.58889776   0.6948873   -1.20983976]], Action: [[ 1.         -0.29274452 -1.         -1.         -0.9754463   0.9285057 ]], Reward: [1.4807824],Reward_sum: 367.2417297363281, Done: [False]
==========
t: 168, State: [[ 22.14161856  -0.1015579    0.17777188  -0.15931848   0.61411901
   -0.4041568   -0.97126764  -0.42101037  -0.12095135   1.72605165
   -0.54406627   0.03557936 -17.48471087  13.6543518    1.84706398
   -0.08659299  -3.36178759 -16.43851831]], Action: [[-1.         1.        -0.7644506 -0.9163829 -0.9175533 -1.       ]], Reward: [1.0446969],Reward_sum: 368.28643798828125, Done: [False]
==========
t: 169, State: [[22.29408944 -0.10516031  0.10486622 -0.39524541  0.65558071  0.27804187
  -0.50214601 -0.19566206 -0.58626858  3.66400172  0.19560396 -1.61566475
   3.30628304 -5.39027472 15.53715942 11.65863719  8.83744346  2.75560556]], Action: [[-0.02165906  0.87651294  1.         -0.2576005   0.51304793 -1.        ]], Reward: [2.7395856],Reward_sum: 371.0260009765625, Done: [False]
==========
t: 170, State: [[ 22.53253272  -0.09186586   0.09011012   0.37618174  -0.37788298
    0.709111     0.21995523  -0.15670018   0.03253685   4.6353938
   -0.13951857  -1.25383645  15.9445867  -21.29534608   3.20511891
   13.28351119  -8.77004365  10.10033622]], Action: [[ 1.         -1.          1.          0.4544989  -0.46193328  1.        ]], Reward: [4.3268704],Reward_sum: 375.3528747558594, Done: [False]
==========
t: 171, State: [[ 22.6959482   -0.09942991   0.04420409   0.74026485  -0.6360969
    0.68058669   0.10881018  -0.31875341   0.55188438   2.42121866
   -0.1056743   -0.35908238   1.47102648   2.1359481   -3.18046043
  -10.42115474  -0.40559887   0.25895557]], Action: [[ 1. -1.  1. -1. -1.  1.]], Reward: [2.6683095],Reward_sum: 378.02117919921875, Done: [False]
==========
t: 172, State: [[ 22.77284536  -0.14301942   0.05853772   0.26304986   0.27297586
    0.07881996  -0.47347813  -0.37330324   0.05297119   1.52169193
   -1.35812453   0.57704581 -11.10546462  18.26040433 -12.35904836
  -10.19528781  -1.84971864 -14.20913843]], Action: [[ 0.03358898  0.6781155  -0.08892369 -0.5042335  -0.938553   -0.7182028 ]], Reward: [1.3259606],Reward_sum: 379.3471374511719, Done: [False]
==========
t: 173, State: [[ 22.87181423  -0.21617829   0.05766144  -0.43579103   0.81972761
    0.13205929  -0.63654389  -0.31311287  -0.57044046   2.49599311
   -1.40891581  -0.63217696 -12.57800488   3.90043315   6.37081665
    2.22217033   1.12935226   0.09087558]], Action: [[-1.          1.          0.7191032  -0.25590023 -0.11878081 -1.        ]], Reward: [1.6197071],Reward_sum: 380.96685791015625, Done: [False]
==========
t: 174, State: [[ 23.11192443  -0.19454136   0.11484948   0.08692799   0.06941545
    0.44669845   0.1065375   -0.35484133  -0.40763068   5.64723312
    1.36971709   1.78918267  16.24478498 -14.83646811   4.18419308
   15.513092   -12.13578788  -5.67660767]], Action: [[ 1.         -1.          1.          1.          0.18777208  0.16171356]], Reward: [4.396063],Reward_sum: 385.3629150390625, Done: [False]
==========
t: 175, State: [[ 2.33361804e+01 -1.49739552e-01  1.62053882e-01  6.43000164e-01
  -5.09784565e-01  4.88662233e-01  2.08154381e-01 -5.46689863e-01
  -2.68315820e-01  3.66402659e+00  7.44609185e-01  3.67448714e-01
   6.15502731e+00 -5.44651813e+00 -9.28311496e-01 -6.42844615e+00
   8.40419980e-03  6.90508344e+00]], Action: [[ 1.        -0.6584832  0.7895242 -0.6184531 -1.         0.1510195]], Reward: [4.1388965],Reward_sum: 389.5018005371094, Done: [False]
==========
t: 176, State: [[ 23.4793046   -0.12545508   0.19966447   0.6647887   -0.39160209
   -0.17998436  -0.43662989  -0.4147537    0.36693283   2.62437786
    0.18757797   1.24980018  -2.15615034   4.51436715 -15.23735736
  -13.75865247   3.00592276  13.62722705]], Action: [[ 1.         -0.66609216 -0.7297713  -0.78301406 -0.8814981   1.        ]], Reward: [2.4258435],Reward_sum: 391.9276428222656, Done: [False]
==========
t: 177, State: [[ 23.60656405  -0.13707783   0.29579624   0.27035645   0.02894854
   -0.43757295  -0.93331533  -0.38107679   0.24482924   2.81419754
   -0.45593096   1.90922382  -8.26285701   6.87703119   1.05492423
   -5.54441897  -1.49155704 -11.10337872]], Action: [[ 0.22831507 -0.03946544 -0.9890856  -1.         -1.         -1.        ]], Reward: [2.1419914],Reward_sum: 394.06964111328125, Done: [False]
==========
t: 178, State: [[ 23.77271622  -0.17038489   0.25276019  -0.35527275   0.59112113
    0.35067288  -0.3449813   -0.33235947  -0.57224971   3.77869442
   -1.00837856  -1.93572172 -12.30005055   8.52453805  17.80766066
   18.86744046   3.72025448 -15.62553057]], Action: [[-1.          1.          1.          0.5161946  -0.05896281 -1.        ]], Reward: [2.8960502],Reward_sum: 396.9656982421875, Done: [False]
==========
t: 179, State: [[ 23.96757194  -0.14789402   0.16642166  -0.22980856   0.1277587
    0.75172615   0.09660861  -0.32330743  -0.53089724   3.81241892
    1.0204255   -1.73508576   8.72700923 -14.89270129   1.21357334
    3.5660007    5.35626401   0.96282708]], Action: [[ 0.19409719 -0.23774739  1.         -0.3378665   0.5404329  -0.46262556]], Reward: [3.72567],Reward_sum: 400.6913757324219, Done: [False]
==========
t: 180, State: [[ 2.41534712e+01 -8.53767462e-02  1.35591181e-01  4.32169931e-01
  -5.04778129e-01  3.97677285e-01 -1.65556611e-01 -2.21800394e-01
  -2.17733238e-02  3.49704273e+00  1.01486678e+00 -1.95158304e-01
   1.23577237e+01 -7.45432829e+00 -8.72553493e+00 -9.52026376e+00
   2.07486768e-01  1.42614534e+01]], Action: [[ 1.         -1.          0.38087505 -1.         -1.          0.5930909 ]], Reward: [3.2683022],Reward_sum: 403.95965576171875, Done: [False]
==========
t: 181, State: [[ 24.30019926  -0.07492269   0.1444161    0.74733377  -0.53459112
   -0.09894663  -0.72112792  -0.34180536   0.54238743   2.75169155
   -0.19407623   0.60497235   2.45513807   3.0656597   -7.50655552
  -10.66529939  -3.88690716   7.2461663 ]], Action: [[ 1.         -0.9261399  -0.16053343 -1.         -1.          0.48160452]], Reward: [2.5230172],Reward_sum: 406.482666015625, Done: [False]
==========
t: 182, State: [[24.43259623 -0.09516433  0.17907182  0.56688709 -0.0393216  -0.36177637
  -1.02663394 -0.55083021  0.35719868  2.74987203 -0.37889723  0.56778934
  -5.10896234  9.40100561 -2.82777747 -2.13945956 -4.20094461 -6.13394939]], Action: [[ 0.5776161  -0.1902187  -0.6451669  -1.         -1.          0.41276175]], Reward: [2.3522959],Reward_sum: 408.8349609375, Done: [False]
==========
t: 183, State: [[ 24.55437358  -0.1067172    0.14526116  -0.21266348   0.63577626
    0.33160917  -0.63766658  -0.44475944  -0.37638549   2.58675953
   -0.46918426  -1.66538871 -17.66613832   9.80770774  17.10601821
   12.5132986    5.47081082 -16.30031594]], Action: [[-1.          1.          1.         -0.26872182 -0.26587224 -1.        ]], Reward: [2.0212572],Reward_sum: 410.85626220703125, Done: [False]
==========
t: 184, State: [[ 24.74912322  -0.10928352   0.07905976  -0.1525392    0.34253715
    0.70461566  -0.08923232   0.07949561  -0.54413289   4.03160276
    0.41246587  -1.83684327   9.31018341 -10.64713701   1.10115518
    7.68203506   1.59375677  -2.65596967]], Action: [[ 0.622585    0.31097022  1.         -0.19891003  0.6970756   0.14423315]], Reward: [3.6919332],Reward_sum: 414.5481872558594, Done: [False]
==========
t: 185, State: [[24.93867072 -0.0896282   0.05661355  0.4676906  -0.47812806  0.58567532
  -0.09351577 -0.12779872 -0.06548771  3.63412071  0.36125304  0.43681827
  10.51375579 -7.26285522 -1.48514456 -4.9901233  -6.51718091 14.50804708]], Action: [[ 1.         -1.          1.         -1.         -1.          0.62042356]], Reward: [3.2524574],Reward_sum: 417.8006591796875, Done: [False]
==========
t: 186, State: [[ 25.08952668  -0.10196076   0.09554315   0.72008169  -0.53856144
    0.08164555  -0.52991024  -0.46302393   0.54859742   2.76780217
   -0.56405411   1.16804339   1.44496124   1.96875038 -11.03022729
   -9.5171605   -5.27635912   0.30906339]], Action: [[ 0.9395663  -1.         -0.11589253 -0.8118121  -1.          0.9775372 ]], Reward: [2.5660357],Reward_sum: 420.36669921875, Done: [False]
==========
t: 187, State: [[ 25.20020027  -0.15885468   0.13444157   0.32204038   0.40414079
   -0.44540927  -0.93645883  -0.56609522  -0.05737061   2.26505805
   -1.30543883   0.49972438  -9.40272828  19.57856365  -1.29455213
   -5.19737951  -0.82524963 -17.02169288]], Action: [[ 0.16234319  1.         -1.         -1.         -1.         -1.        ]], Reward: [1.7108364],Reward_sum: 422.0775451660156, Done: [False]
==========
t: 188, State: [[25.33578256 -0.1995661   0.11026044 -0.25301822  0.80641712  0.31746911
  -0.67481538 -0.33712049 -0.56361044  3.16654548 -0.58378534 -0.83089616
  -9.82733665 -1.43841019 18.34371535 10.05572217  6.58133418  1.89895683]], Action: [[-0.673265    1.          1.         -0.29067615  0.09662689 -1.        ]], Reward: [2.3569343],Reward_sum: 424.4344787597656, Done: [False]
==========
t: 189, State: [[ 25.57561511  -0.19393456   0.1020051    0.23965526  -0.23169137
    0.77197614   0.19810815  -0.50136939  -0.20077024   4.86510041
    0.05642513  -1.03322735  14.58656772 -24.08414282   2.17687119
   16.93996321 -11.83786516   3.82033504]], Action: [[ 1.        -1.         1.         0.8443577 -0.3678738  1.       ]], Reward: [4.311824],Reward_sum: 428.7463073730469, Done: [False]
==========
t: 190, State: [[ 25.77601921  -0.15700252   0.10598808   0.68315902  -0.54266687
    0.68962336   0.11777933  -0.60892904   0.2767422    3.12913725
    0.85900259   0.06925419   4.40946383  -2.76539404  -5.24358396
  -12.29067184   2.83453872  11.49138793]], Action: [[ 1.         -1.          1.         -1.         -1.          0.87790734]], Reward: [3.4310098],Reward_sum: 432.17730712890625, Done: [False]
==========
t: 191, State: [[ 25.89850535  -0.143993     0.14635212   0.63210699  -0.25081944
   -0.32503627  -0.67438826  -0.36800923   0.52909493   2.39228719
   -0.20361961   1.38615921  -2.74099502   6.96531068 -21.1852464
  -14.46329559   4.01940905  -1.66263437]], Action: [[ 1.         -0.36181992 -1.         -1.         -1.          0.65345186]], Reward: [1.9939315],Reward_sum: 434.17120361328125, Done: [False]
==========
t: 192, State: [[ 26.0025686   -0.1721676    0.22568083  -0.15127102   0.5631045
   -0.38169727  -1.03496036  -0.39510102  -0.1214463    2.41129919
   -0.78597706   0.59201912 -17.78317012  14.22844815   4.46906536
    1.07675003  -4.13020094 -17.28143647]], Action: [[-1.        1.       -0.536518 -1.       -1.       -1.      ]], Reward: [1.5524797],Reward_sum: 435.72369384765625, Done: [False]
==========
t: 193, State: [[26.18793374 -0.19170348  0.18357366 -0.38858196  0.63846914  0.32519848
  -0.56039688 -0.17389023 -0.59721098  4.33350756 -0.16471283 -0.95408403
   3.45985896 -4.7846541  14.88334587 11.2103555   9.13622976  3.13701002]], Action: [[ 0.03329431  0.86618674  1.         -0.40162024  0.583872   -1.        ]], Reward: [3.3819435],Reward_sum: 439.10565185546875, Done: [False]
==========
t: 194, State: [[ 2.64358002e+01 -1.75346477e-01  1.49325452e-01  3.66845711e-01
  -3.53697325e-01  7.11332197e-01  1.97005196e-01 -5.19227830e-01
  -3.09897675e-01  4.79344109e+00 -2.55964396e-02 -1.41347605e+00
   1.58269524e+01 -2.10992290e+01  2.36290822e+00  1.47402587e+01
  -6.58858506e+00  1.02105663e+01]], Action: [[ 1.         -1.          1.          0.41680217 -0.57184714  0.934321  ]], Reward: [4.5199604],Reward_sum: 443.6256103515625, Done: [False]
==========
t: 195, State: [[ 26.60223402  -0.15897589   0.07893846   0.75055119  -0.59319204
    0.6817463    0.06184324  -0.56610091   0.40107094   2.47509704
    0.52128771  -1.00396947   2.20938847   2.03687084  -2.96622292
  -12.32276659   2.60959415  14.96419246]], Action: [[ 1. -1.  1. -1. -1.  1.]], Reward: [2.7286766],Reward_sum: 446.3542785644531, Done: [False]
==========
t: 196, State: [[ 26.69793018  -0.15398673   0.10458681   0.62688102  -0.35987958
   -0.266163    -0.70344375  -0.30991032   0.45519918   1.90702282
   -0.26512709   1.33406524  -3.98153073   3.11862884 -20.9150234
  -13.94804479   4.13097146  -4.44879979]], Action: [[ 0.87285936 -0.8846453  -1.         -1.         -0.84973556  0.27161252]], Reward: [1.4798927],Reward_sum: 447.83416748046875, Done: [False]
==========
t: 197, State: [[ 26.7781087   -0.19965345   0.14961118  -0.21683917   0.46874727
   -0.36450747  -1.03200361  -0.37048691  -0.21889115   1.93604024
   -1.29248732  -0.37030846 -18.81385901  15.89403704   6.09804276
    0.98182651  -4.84662919 -16.32853152]], Action: [[-0.99719083  1.         -0.21942598 -0.949743   -1.         -1.        ]], Reward: [1.1091155],Reward_sum: 448.9432678222656, Done: [False]
==========
t: 198, State: [[26.93291648 -0.23827976  0.06499463 -0.50333464  0.58928721  0.35301006
  -0.63958468 -0.1717456  -0.53156082  3.65450231 -0.40204036 -1.74782509
   3.05414474 -4.26811441 14.29571601  9.29267662  9.18836276  1.09959233]], Action: [[-0.11672269  0.8136211   1.         -0.5882      0.621503   -1.        ]], Reward: [2.7553709],Reward_sum: 451.6986389160156, Done: [False]
==========
t: 199, State: [[ 27.19768146  -0.18516967   0.0964018    0.27868419  -0.11954862
    0.63154141   0.12411019  -0.4522404   -0.30024904   5.57796024
    1.03874251   0.60745038  17.80572242 -18.6622391    1.77843511
   16.22066332  -9.0065331    5.96487192]], Action: [[ 1.         -1.          1.          0.55801773 -0.5051346   0.7032428 ]], Reward: [4.88919],Reward_sum: 456.58782958984375, Done: [False]
==========
HalfCheetah-v4 - Steps: 200, Return: 456.58782958984375, State: [[ 27.19768146  -0.18516967   0.0964018    0.27868419  -0.11954862
    0.63154141   0.12411019  -0.4522404   -0.30024904   5.57796024
    1.03874251   0.60745038  17.80572242 -18.6622391    1.77843511
   16.22066332  -9.0065331    5.96487192]]
