[CudaDevice(id=0)]
Using AIRL:  False
Using GAIL:  False
Using RGCL:  True
Experiment State @  2025-07-26 15:18:33.767634-05:00
Experiment Saved @  results/experiment_126
Experiment Settings Saved @  results/experiment_126
126
Using cuda device
Wrapping the env with a `Monitor` wrapper
Wrapping the env in a DummyVecEnv.
Wrapping the env with a `Monitor` wrapper
Wrapping the env in a DummyVecEnv.
t: 0, State: [[-0.10795746  0.05863472 -0.11901106  0.2224345   0.26149455 -0.45176082
  -0.19056389 -0.08612727 -0.19381428 -0.25630648 -0.99446096 -0.60261588
   4.70428539  8.4774196  -8.32947443 -8.15988284 -5.24003906 -5.77372442]], Action: [[ 1.        1.       -1.       -1.       -0.931862 -1.      ]], Reward: [-0.7706901],Reward_sum: -0.7706900835037231, Done: [False]
==========
t: 1, State: [[-1.15041121e-01  2.78492538e-03 -1.63503164e-01  3.18808214e-01
   6.46047751e-01 -4.20039124e-01 -4.10966297e-01  6.58742146e-02
  -5.65350401e-01 -4.34040501e-02 -1.06449685e+00 -9.29220182e-01
   2.30380965e-01  5.18633893e+00  5.79804301e-01 -8.25379827e-01
   6.03545909e+00 -6.90233691e+00]], Action: [[ 0.13491501  1.         -1.          0.1686765   0.9690299  -0.89592016]], Reward: [-0.5205079],Reward_sum: -1.2911980152130127, Done: [False]
==========
t: 2, State: [[ -0.10711552  -0.05076732  -0.20508278  -0.18204712   0.68667151
    0.39145869   0.021654     0.26193326  -0.51837315   0.41820654
   -1.34093655  -0.80151555 -12.50699     -2.22745012  18.39608935
   13.01034803   3.97900162   0.73420957]], Action: [[-1.          0.96067345  1.          1.          1.         -1.        ]], Reward: [-0.43377736],Reward_sum: -1.724975347518921, Done: [False]
==========
t: 3, State: [[-2.11815406e-02 -6.91131143e-02 -3.20143448e-02  5.45660478e-02
  -4.91531434e-02  7.80857097e-01  7.39062712e-01  2.25154469e-01
  -7.66471033e-03  2.10174847e+00 -1.28782403e-01  5.67777909e+00
   1.03760153e+01 -1.78412523e+01  6.55669380e-01  1.24134373e+01
  -4.98921735e-01  1.39791060e+01]], Action: [[ 1.0000000e+00 -1.0000000e+00  1.0000000e+00  9.8512423e-01
   2.2507831e-04  5.4134798e-01]], Reward: [1.2923268],Reward_sum: -0.43264853954315186, Done: [False]
==========
t: 4, State: [[  0.03471558  -0.04893048   0.21738518   0.50924975  -0.71694489
   -0.11369384   0.37039949   0.28702127   0.56595929   0.4819438
    0.22208864   4.03118365   6.29455499  -8.42630854 -20.98284539
  -12.43806648  -2.89405815  -0.57149704]], Action: [[ 1.         -1.         -0.7434723  -1.         -1.          0.28925174]], Reward: [0.6543007],Reward_sum: 0.22165215015411377, Done: [False]
==========
t: 5, State: [[ 2.90207835e-02 -5.37521229e-03  2.88277513e-01  2.30850719e-01
   1.91008427e-01 -4.54588536e-01  1.02517064e-01  3.07669568e-01
   5.26705628e-01 -4.09932407e-01  1.28573767e+00  7.13676960e-01
  -7.98825216e+00  2.26069735e+01  1.79835819e+00 -2.71805897e+00
   1.85704918e+00  4.78415289e-01]], Action: [[ 0.06864946  1.         -1.         -0.9595674  -0.35805845  0.12568395]], Reward: [-0.42084447],Reward_sum: -0.19919231534004211, Done: [False]
==========
t: 6, State: [[ 2.00315714e-03  7.09481188e-02  3.61905225e-01 -3.85335718e-01
   8.32105820e-01  3.78638866e-01 -5.46014248e-02  5.35389430e-01
   3.44461489e-02 -2.97754824e-01  1.57068682e+00  2.14296951e+00
  -1.17969381e+01  3.59684052e+00  1.82923737e+01 -2.57980558e+00
   4.59585996e+00 -1.42517679e+01]], Action: [[-1.          1.          1.         -0.19821274  1.         -1.        ]], Reward: [-1.0442814],Reward_sum: -1.2434736490249634, Done: [False]
==========
t: 7, State: [[ 0.02399865  0.14242402  0.52644287 -0.53071135  0.60710365  0.77879508
   0.01496777  0.50763485 -0.5579964   0.73027829  1.2330009   3.64476565
   1.2181485  -6.14025283  0.75136352  3.11347188 -2.53715891 -8.44273531]], Action: [[-1.          1.          1.          0.3440534   1.         -0.59773713]], Reward: [-0.0076565],Reward_sum: -1.2511301040649414, Done: [False]
==========
t: 8, State: [[  0.10302689   0.18756876   0.7778112    0.21001021  -0.34157161
    0.28512934   0.2397232   -0.21235312  -0.07125587   1.37380545
    0.17567412   3.87823002  15.93496459 -19.4085983  -11.55985202
    3.8409149  -15.45821528  15.77352434]], Action: [[ 1.         -0.5572619   0.36815777  0.04759049 -1.          0.8725875 ]], Reward: [1.2595896],Reward_sum: 0.00845944881439209, Done: [False]
==========
t: 9, State: [[  0.09913469   0.19679647   0.85099709   0.51371712  -0.26232112
   -0.51752714  -0.1909405   -0.53565598   0.54747459  -0.73582486
    0.25693874   0.9973066    1.04715967  11.26588912 -13.22125415
  -14.81235298  -1.8084857    8.00063382]], Action: [[ 0.7514275   0.28571486 -1.         -1.         -1.          0.33374405]], Reward: [-0.45361015],Reward_sum: -0.4451507031917572, Done: [False]
==========
t: 10, State: [[  0.02737519   0.26510447   0.9139702   -0.11064659   0.65862901
   -0.4215313   -0.68383052  -0.20372319   0.15276887  -1.53354412
    1.74893816   1.01769325 -16.28559057  14.5890493    1.73834626
   -4.71675395   9.24499438 -13.92390743]], Action: [[-1.          1.         -1.         -0.81115234  0.46995962 -1.        ]], Reward: [-1.9230732],Reward_sum: -2.3682239055633545, Done: [False]
==========
t: 11, State: [[ 1.06667073e-02  3.16625510e-01  9.44558936e-01 -5.64618457e-01
   7.08471124e-01  3.01523987e-01 -5.77327010e-01  3.53191521e-01
  -5.69330966e-01  5.91987245e-01  5.58327318e-01  9.04614166e-01
   7.86915293e-01 -6.70627736e+00  1.55996463e+01  5.41987231e+00
   9.82953416e+00 -5.09707209e+00]], Action: [[-1.          1.          1.         -0.33758754  1.         -1.        ]], Reward: [-0.84556615],Reward_sum: -3.213789939880371, Done: [False]
==========
t: 12, State: [[  0.09954306   0.28608077   1.06950275   0.25526564  -0.44424176
    0.69338043   0.0957111    0.24389875  -0.07197691   1.29524036
   -1.56109925   2.07084098  17.50762044 -24.08021909   2.28143636
   15.84820209  -4.69269999  15.94281456]], Action: [[ 1.         -1.          1.          0.45577615  0.08290921  0.88637453]], Reward: [1.3775005],Reward_sum: -1.836289405822754, Done: [False]
==========
t: 13, State: [[  0.08924133   0.24455301   1.13861371   0.62711866  -0.81395221
    0.06496498   0.28292428   0.01877458   0.59149326  -0.70511596
   -0.19870292   1.1256556    0.6418229    3.78121549 -15.67259212
   -3.35109281  -4.04572551  -0.73561534]], Action: [[ 1.         -1.         -0.29734546 -1.         -1.          0.64760834]], Reward: [-0.65681565],Reward_sum: -2.493104934692383, Done: [False]
==========
t: 14, State: [[ 1.49722137e-02  2.57331445e-01  1.17460544e+00  2.71513692e-01
   2.93267749e-01 -4.43626930e-01 -2.59477928e-01 -1.96194457e-01
   4.13921536e-02 -1.84872997e+00  1.45790263e-01  1.11291836e+00
  -6.53911425e+00  2.22601505e+01  6.00441156e-01 -1.43589197e+01
  -4.44694901e+00 -1.53535186e+01]], Action: [[ 0.6424797  1.        -1.        -1.        -1.        -1.       ]], Reward: [-2.0266604],Reward_sum: -4.519765377044678, Done: [False]
==========
t: 15, State: [[-3.94320206e-02  2.26121941e-01  1.21364827e+00 -2.19656702e-01
   8.58265274e-01  3.99733160e-01 -3.05484984e-01 -1.09260716e-01
  -5.49355866e-01 -2.43360235e-01 -1.17624340e+00  6.12412501e-01
  -9.52821058e+00 -8.78621678e-01  1.96299489e+01  8.08464238e+00
   3.69270650e+00  1.71963751e-02]], Action: [[-1.          1.          1.          1.          1.         -0.40382516]], Reward: [-1.6043922],Reward_sum: -6.124157905578613, Done: [False]
==========
t: 16, State: [[ 1.12147289e-02  9.65090077e-02  1.34807614e+00  2.42379121e-01
  -2.15319786e-01  8.06996026e-01  2.73112057e-01  1.04722571e-01
  -1.21711471e-01  8.16627336e-01 -3.22292818e+00  3.09758505e+00
   1.37659113e+01 -2.59491338e+01 -2.33223297e-01  1.12304027e+01
   5.74883055e+00  1.23648784e+01]], Action: [[ 1.         -1.          1.          0.66114837  0.267801    0.43068796]], Reward: [0.64350235],Reward_sum: -5.480655670166016, Done: [False]
==========
t: 17, State: [[ 7.37587360e-03  2.89375803e-02  1.41359496e+00  5.40987011e-01
  -8.29121210e-01  6.92745145e-02  1.80261469e-01  1.98713085e-01
   5.52140573e-01 -3.53812744e-01  5.55557995e-01 -8.10005196e-01
  -1.01116439e+00  2.34977327e-01 -1.72403048e+01 -8.72388247e+00
  -1.22727075e+00  2.97177066e+00]], Action: [[ 1.         -1.         -0.2164709  -1.         -1.          0.79657096]], Reward: [-0.5449156],Reward_sum: -6.025571346282959, Done: [False]
==========
t: 18, State: [[ -0.06196553   0.0981644    1.36864402  -0.28893438   0.30382713
   -0.44512441  -0.25546544  -0.05734046   0.2333094   -1.53259295
    1.51000182  -1.48515039 -18.99977134  21.76692722   0.72724547
    5.44670496  -1.38306179  -1.78591091]], Action: [[-0.8053559  1.        -1.        -1.        -1.        -1.       ]], Reward: [-1.9516878],Reward_sum: -7.977259159088135, Done: [False]
==========
t: 19, State: [[ -0.08505204   0.13041728   1.33903898  -0.57836894   0.58591126
    0.21592817  -0.30596406   0.43727365  -0.21883737   0.17935703
    0.22986692   0.40017977   2.7889703   -1.97167079  15.77509442
   -4.25500604  12.77023865 -11.23186878]], Action: [[-1.         1.         1.        -0.9592661  1.        -0.9961921]], Reward: [-1.0529894],Reward_sum: -9.030248641967773, Done: [False]
==========
t: 20, State: [[-0.06919198  0.09971454  1.37490004 -0.35989511  0.19808702  0.74850489
   0.01523173  0.49892199 -0.33429983  0.16404669 -1.02944959  0.76823714
   3.55390312 -8.18921164  5.03508102 11.14159451 -3.27780546  3.16629558]], Action: [[-1.          0.01567711  1.          0.8520993   1.          0.3697427 ]], Reward: [-0.06910174],Reward_sum: -9.099349975585938, Done: [False]
==========
t: 21, State: [[-4.28119655e-02  4.35929321e-02  1.48178303e+00  2.23811338e-01
  -6.66996469e-01  4.99212633e-01  2.14164367e-01  7.82739029e-04
   3.39537283e-01  2.67555071e-01 -1.04968484e+00  1.48264205e+00
   1.16769252e+01 -1.54157299e+01 -7.98451607e+00 -1.28473551e+00
  -1.07759793e+01  1.66507740e+01]], Action: [[ 1.         -1.          0.7454862  -0.81586355 -1.          1.        ]], Reward: [0.00546206],Reward_sum: -9.093888282775879, Done: [False]
==========
t: 22, State: [[ -0.06305447   0.04771961   1.46054378   0.44785533  -0.56775564
   -0.44136945  -0.14038052  -0.26595087   0.58455066  -0.43445835
    0.56236728  -0.84824874   1.19213999   8.62219188 -17.86852741
    1.30171598   2.49587049   0.69243189]], Action: [[ 1.         -0.449422   -1.         -1.         -1.          0.56507945]], Reward: [-0.85697967],Reward_sum: -9.950867652893066, Done: [False]
==========
t: 23, State: [[ -0.09042144   0.11060353   1.44134533   0.11414348   0.26687362
   -0.42537666  -0.28279982   0.01789831   0.12278368  -0.53143348
    1.44578509   0.08075408  -7.64034568  14.12509395   0.74903199
   -3.07738161   6.23417741 -12.34704667]], Action: [[-0.02224199  0.51356643 -1.         -1.         -0.33401176 -1.        ]], Reward: [-0.8849202],Reward_sum: -10.83578872680664, Done: [False]
==========
t: 24, State: [[ -0.11327058   0.1671282    1.45119357  -0.45585081   0.71569224
    0.33868363  -0.38496113   0.43669813  -0.58864913  -0.33423926
    0.65775084   0.32796723 -10.35768167   3.31874922  17.30981151
   -0.27688876   7.26733715 -12.60732533]], Action: [[-1.         1.         1.        -0.3254126  1.        -1.       ]], Reward: [-0.9675721],Reward_sum: -11.803360939025879, Done: [False]
==========
t: 25, State: [[-0.09691742  0.15088924  1.50557112 -0.35853772  0.5096908   0.720059
  -0.26522598  0.56919602 -0.48472106  0.51252287 -0.82846239  1.39953782
   6.93420126 -6.00759654  1.10783537  3.65312731  0.77720248  2.68667299]], Action: [[-0.17175196  0.9177756   1.         -0.2785469   1.         -0.8890241 ]], Reward: [-0.04691307],Reward_sum: -11.850274085998535, Done: [False]
==========
t: 26, State: [[ -0.05927306   0.07601348   1.65553264   0.38183476  -0.47825913
    0.56179196  -0.07090718  -0.06358684  -0.06623229   0.25541541
   -1.51137998   2.48829261  13.85927003 -20.12765199  -4.16797622
    2.07237608 -15.41909292   9.7953411 ]], Action: [[ 1.        -1.         1.        -0.6568153 -1.        -0.0237986]], Reward: [0.3096899],Reward_sum: -11.540584564208984, Done: [False]
==========
t: 27, State: [[ -0.07458608   0.08785089   1.6349241    0.63641682  -0.50432257
   -0.35041562  -0.21555127  -0.61392369   0.48487505  -0.45201334
    0.63657999  -1.22226991   0.95084839   7.67173966 -19.14284662
   -4.90616958  -7.41739367   9.24655785]], Action: [[ 1.         -0.44590217 -1.         -0.29372835 -1.          0.8199637 ]], Reward: [-0.70200497],Reward_sum: -12.242589950561523, Done: [False]
==========
t: 28, State: [[ -0.09932103   0.16153335   1.60521493   0.13196008   0.47332974
   -0.45178769  -0.42152624  -0.49207998   0.34857606  -0.55038556
    1.59188985  -0.24517849 -11.83833849  17.45738943   1.71513964
   -3.41118492   5.6890894   -9.334447  ]], Action: [[-0.04998054  1.         -1.         -1.         -1.         -1.        ]], Reward: [-0.99494874],Reward_sum: -13.23753833770752, Done: [False]
==========
t: 29, State: [[ -0.10855984   0.20985422   1.57542144  -0.53354398   0.80784034
    0.34182563  -0.49413202   0.25393597  -0.4444399    0.03369692
    0.2630717   -0.5318942  -10.22135587  -1.09547719  17.62403386
    0.32236582  16.3787785  -16.1130093 ]], Action: [[-1.          1.          1.         -0.40811378  1.         -1.        ]], Reward: [-0.7014319],Reward_sum: -13.938970565795898, Done: [False]
==========
t: 30, State: [[ -0.05611168   0.14154068   1.65959825  -0.02151258  -0.10499168
    0.72247534  -0.19400672   0.43853708  -0.45057665   0.88467902
   -2.06564502   1.76225854  15.07384899 -21.04021691   0.95031598
    8.76696578  -1.8611031    5.14241373]], Action: [[ 0.7008565  -0.42668313  1.         -0.10348719  0.3123557  -0.4804809 ]], Reward: [0.84772354],Reward_sum: -13.091246604919434, Done: [False]
==========
t: 31, State: [[-4.95521536e-02  7.63241146e-02  1.71029799e+00  5.15323808e-01
  -8.02806037e-01  3.04647033e-01  7.36599520e-04 -5.23875697e-02
   1.88923679e-01 -8.18583938e-02  4.83138990e-01 -3.15054033e-01
   3.95459679e+00 -4.05053734e+00 -1.01992559e+01 -2.57430471e+00
  -1.11735098e+01  1.46985075e+01]], Action: [[ 1.         -1.          0.38002047 -0.83786535 -1.          0.51182127]], Reward: [-0.27964902],Reward_sum: -13.370893478393555, Done: [False]
==========
t: 32, State: [[ -0.08099543   0.12971478   1.66693128   0.25087236   0.04352917
   -0.50523721  -0.46482513  -0.43413824   0.32904181  -0.96191716
    1.01984158  -0.87804736  -6.03998017  19.80431806 -13.91886014
  -12.04021969  -4.92242062  -4.74761837]], Action: [[ 0.4358145   0.58263284 -1.         -1.         -1.         -0.6970709 ]], Reward: [-1.0303959],Reward_sum: -14.401288986206055, Done: [False]
==========
t: 33, State: [[ -0.10341312   0.2109807    1.64846331  -0.38629544   0.77443945
   -0.43750457  -0.62353607   0.03816906  -0.06277963  -0.31521307
    1.32001408  -0.110271   -12.77390071   7.25499706   1.15029194
   -4.06502078  12.70607313 -12.65880278]], Action: [[-1.         1.        -1.        -1.         0.5393964 -1.       ]], Reward: [-0.9774485],Reward_sum: -15.378737449645996, Done: [False]
==========
t: 34, State: [[-0.08619618  0.19071448  1.64401599 -0.494836    0.55693823  0.28156374
  -0.27462415  0.44912606 -0.58702343  0.528541   -1.19696369  0.15002708
   3.21753031 -8.53264007 16.7835879  11.28919917  4.73152122  1.034509  ]], Action: [[-0.6743954   0.7214594   1.          0.36353636  1.         -1.        ]], Reward: [-0.06640851],Reward_sum: -15.445145606994629, Done: [False]
==========
t: 35, State: [[ -0.05562937   0.08201723   1.75324339   0.25291221  -0.55072592
    0.70193884   0.36357628   0.18999329   0.11834214  -0.04317076
   -2.23416827   1.76269636  15.15668106 -21.43956399   2.40608519
   11.73783858  -6.62693761  18.92779693]], Action: [[ 1.         -1.          1.          0.2352153  -0.29195023  1.        ]], Reward: [0.19728011],Reward_sum: -15.247865676879883, Done: [False]
==========
t: 36, State: [[ -0.05600052   0.09794746   1.73360707   0.54074303  -0.79232166
   -0.0437226    0.33404141  -0.09988487   0.60579127   0.12824808
    0.80668575  -0.77235906   1.23649633   3.45254848 -18.44628484
   -6.70571951  -4.8146756   -3.26996445]], Action: [[ 1.         -1.         -0.5691949  -0.7079897  -1.          0.98059374]], Reward: [-0.4861025],Reward_sum: -15.733967781066895, Done: [False]
==========
t: 37, State: [[ -0.06927698   0.19732916   1.70600839  -0.18160033   0.40995309
   -0.48757511  -0.44005259  -0.08592238  -0.0561811   -0.82255697
    2.04533888  -0.05119054 -17.54519604  22.77177289   2.25248093
  -17.67163374   1.87374749 -16.89471277]], Action: [[-0.82196915  1.         -1.         -1.         -0.44639438 -1.        ]], Reward: [-0.7530194],Reward_sum: -16.486988067626953, Done: [False]
==========
t: 38, State: [[-0.09145389  0.18458222  1.64439928 -0.5672694   0.81619381  0.16902674
  -0.4415296   0.07646241 -0.59075503  0.2601086  -1.58398703 -1.66658031
   1.5829565  -1.92070673 14.43942107  9.94661964  2.64961061  1.62987147]], Action: [[-1.          1.          0.67260367  0.8298546   1.         -0.3435564 ]], Reward: [-0.86944675],Reward_sum: -17.356433868408203, Done: [False]
==========
t: 39, State: [[ -0.04810776   0.07326687   1.66450673   0.2170684   -0.26400419
    0.65865592   0.20061882  -0.05620449   0.06656401  -0.16448725
    0.98289142  -0.36516616   9.92458595 -21.41525748   5.31731025
    7.98603356  -3.94785948  17.51868496]], Action: [[ 1.         -1.          1.          0.52545315 -0.20938669  0.9533711 ]], Reward: [0.44403666],Reward_sum: -16.912399291992188, Done: [False]
==========
t: 40, State: [[ -0.06599618   0.16369041   1.61395239   0.50842049  -0.81736279
    0.28590845   0.04624962  -0.16002201   0.58036004  -0.51805859
    2.30297823  -1.34628299   1.37833177  -1.76022894 -11.26794466
   -8.56843342  -1.28110485  -2.34481616]], Action: [[ 1.         -1.          0.17648593 -1.         -1.          1.        ]], Reward: [-0.8608832],Reward_sum: -17.773283004760742, Done: [False]
==========
t: 41, State: [[ -0.143416     0.31425771   1.53571726  -0.12557535   0.29978321
   -0.50350901  -0.59033019  -0.22948855  -0.04922819  -2.22532955
    2.75446777  -1.58272752 -14.50747241  23.50174651 -13.22704094
  -13.10666459  -1.81017133 -16.43588309]], Action: [[-0.57246876  1.         -1.         -1.         -0.8905882  -1.        ]], Reward: [-2.0604832],Reward_sum: -19.83376693725586, Done: [False]
==========
t: 42, State: [[-0.21983742  0.37928685  1.40032904 -0.58861844  0.8377675  -0.13129861
  -0.76846068  0.0652713  -0.55261117 -0.51552154  0.3064296  -2.90397392
   0.62442948 -0.59892526 10.52798722  3.33225445  7.23564981  1.44026332]], Action: [[-1.          1.          0.24670486 -0.1926364   1.         -1.        ]], Reward: [-1.9382257],Reward_sum: -21.771991729736328, Done: [False]
==========
t: 43, State: [[ -0.18770665   0.36956876   1.34981054  -0.19337997  -0.15061421
    0.58698129  -0.4528286    0.3067843   -0.43291119   0.64655357
   -0.43625979  -0.75152042   8.87458433 -23.29836485  12.17106411
    7.48670631   3.53307774   2.77326702]], Action: [[-0.581033   -1.          1.         -0.33743206  0.63150656 -0.7871427 ]], Reward: [0.29563],Reward_sum: -21.476362228393555, Done: [False]
==========
t: 44, State: [[-1.93509093e-01  3.26943856e-01  1.28777844e+00  2.84086182e-01
  -8.80597566e-01  6.67997995e-01 -1.81465302e-01 -3.34041263e-02
   2.58631151e-01 -7.95754929e-01 -9.29276283e-01 -2.16683003e+00
   4.96837111e+00  5.30116058e-04 -4.20750470e+00  2.66492124e+00
  -9.68676766e+00  1.74192225e+01]], Action: [[ 1. -1.  1. -1. -1.  1.]], Reward: [-0.7160488],Reward_sum: -22.192411422729492, Done: [False]
==========
t: 45, State: [[ -0.26407111   0.2828173    1.16043389   0.33228078  -0.23359043
   -0.33521714  -0.34885727  -0.40063021   0.47969832  -1.67411915
   -0.93722199  -2.42968989   0.77309858  14.19139775 -20.91858556
   -7.06851837  -5.2073395   -3.45388495]], Action: [[ 0.6773708  -0.15698002 -1.         -1.         -1.          0.1866379 ]], Reward: [-1.7630712],Reward_sum: -23.955482482910156, Done: [False]
==========
t: 46, State: [[ -0.36093346   0.2750106    1.0414003    0.01953216   0.63527885
   -0.45286541  -0.5313022   -0.18764297  -0.05937738  -1.89155699
    0.22512945  -2.15984819  -7.9969436   12.90229641   1.7470951
   -0.69903872   7.85511016 -13.0254845 ]], Action: [[-0.29360694  1.         -1.         -1.          0.2170234  -1.        ]], Reward: [-2.3505774],Reward_sum: -26.306060791015625, Done: [False]
==========
t: 47, State: [[-0.42233872  0.25314455  0.91147777 -0.45158391  0.77864701  0.35538764
  -0.21053791  0.31060308 -0.60108711 -0.86138138 -0.91624228 -2.61022308
  -7.54309474 -3.14140072 18.10570998  9.27651082  9.02285483  1.37387968]], Action: [[-1.          1.          1.          0.33398545  1.         -1.        ]], Reward: [-1.73926],Reward_sum: -28.045318603515625, Done: [False]
==========
t: 48, State: [[ -0.39904601   0.17325659   0.92425085   0.16333011  -0.36571913
    0.74812543   0.38902445   0.35226006  -0.07989688   0.30471765
   -2.14205348   0.44164923  16.12866378 -25.7093338    0.93748207
   12.16251506  -1.30720666  13.82405508]], Action: [[ 1.         -1.          1.          0.56363773  0.2343228   0.37847424]], Reward: [0.1142704],Reward_sum: -27.931047439575195, Done: [False]
==========
t: 49, State: [[-4.42112149e-01  9.59110440e-02  8.70078235e-01  5.73600228e-01
  -8.23573760e-01 -1.41253452e-02  4.19923648e-01  1.46371691e-01
   6.06323789e-01 -1.39012219e+00 -1.05184944e+00 -1.80698897e+00
   1.73593843e+00  3.12498708e+00 -1.81693113e+01 -6.54313440e+00
  -5.68386525e+00  9.76702172e+00]], Action: [[ 1.         -1.         -0.44782722 -0.9201789  -1.          0.41316414]], Reward: [-1.283121],Reward_sum: -29.214168548583984, Done: [False]
==========
t: 50, State: [[-0.55002428  0.07701189  0.75085349  0.1613925   0.22103863 -0.48751706
   0.11151907 -0.03986654  0.4280336  -2.11964632  0.13746243 -2.98065388
  -9.00290876 20.52024473  2.21154359  1.24994951 -0.96045116 -1.30202559]], Action: [[ 0.28578812  0.80785865 -1.         -1.         -1.         -1.        ]], Reward: [-2.6316736],Reward_sum: -31.845842361450195, Done: [False]
==========
t: 51, State: [[ -0.65076818   0.10069194   0.59024922  -0.48022905   0.78156775
    0.35237512  -0.02812155   0.42838416  -0.05704267  -1.7200983
    0.4339662   -3.15005162 -11.54733673   2.96507388  18.30283252
   -3.61816933  12.38971981 -12.69990464]], Action: [[-1.         1.         1.        -0.5324675  1.        -1.       ]], Reward: [-2.5432303],Reward_sum: -34.38907241821289, Done: [False]
==========
t: 52, State: [[-0.68683832  0.10835378  0.50693023 -0.38651121  0.40350243  0.7567172
   0.03171751  0.64135896 -0.41700078 -0.40364336 -0.06052276 -1.23914697
   6.66711587 -9.73913028  1.12951524  3.69238147 -0.45599514 -2.85551445]], Action: [[-0.37042773  0.56976837  1.          0.32454443  1.         -0.15024932]], Reward: [-0.9803784],Reward_sum: -35.369449615478516, Done: [False]
==========
t: 53, State: [[-7.00393876e-01  1.11366619e-01  5.14980249e-01  3.51196829e-01
  -5.93417867e-01 -6.18853928e-03 -2.80097807e-02  4.71024385e-02
  -3.54856456e-02 -8.12297924e-01 -3.41029937e-01 -4.32061952e-01
   1.34562922e+01 -1.84750520e+01 -1.79789088e+01 -5.28546887e+00
  -1.46335933e+01  1.17767907e+01]], Action: [[ 1.         -1.         -0.44138443 -1.         -1.          0.40051198]], Reward: [-0.7066341],Reward_sum: -36.07608413696289, Done: [False]
==========
t: 54, State: [[-0.80374041  0.08919198  0.38459918  0.3820545  -0.07537429 -0.48784599
  -0.28939212 -0.49017397  0.47565939 -2.53663577 -0.5859181  -2.95407826
  -3.52297961 19.54492985  2.15650813 -9.01334754 -6.64036033  5.80442704]], Action: [[ 0.62657607  0.7626286  -1.         -1.         -1.          0.0567057 ]], Reward: [-2.4646723],Reward_sum: -38.54075622558594, Done: [False]
==========
t: 55, State: [[-9.47525883e-01  5.64644643e-02  2.31273755e-01 -1.80158648e-01
   7.96969769e-01 -8.23695441e-02 -7.13275720e-01  3.23419650e-03
  -1.08421598e-02 -2.61712452e+00 -8.41523746e-01 -3.28953763e+00
  -1.31192689e+01  1.06797461e+01  7.99509288e+00 -4.67164672e+00
   1.51953395e+01 -1.62476964e+01]], Action: [[-1.          1.         -0.2298041  -0.44319797  0.95871276 -1.        ]], Reward: [-3.2925458],Reward_sum: -41.83330535888672, Done: [False]
==========
t: 56, State: [[-9.95998634e-01  1.68272924e-02  3.70944396e-02 -4.78524277e-01
   5.79990087e-01  5.56367144e-01 -1.36086405e-01  4.00472744e-01
  -6.12458354e-01 -3.46171991e-01 -9.02082666e-01 -3.72467405e+00
  -1.11250844e+00 -9.99620504e+00  1.11723389e+01  1.74593224e+01
   3.62960899e+00  1.78665366e+00]], Action: [[-0.9043883   0.4541697   1.          0.95682895  1.         -0.78683686]], Reward: [-1.4253373],Reward_sum: -43.258644104003906, Done: [False]
==========
t: 57, State: [[-9.93770080e-01  3.66266345e-03  2.83880131e-02  1.10679071e-01
  -4.57269185e-01  5.81619939e-01  4.46897769e-01  3.22285936e-01
  -3.35509104e-02  3.56614710e-01  1.03424974e+00  3.60601783e+00
   6.52465998e+00 -8.05143473e+00 -1.07267329e+01  5.83258745e+00
  -3.22982238e+00  1.48753677e+01]], Action: [[ 1.         -1.          1.         -0.11360779 -0.15830944  0.34885514]], Reward: [-0.27139577],Reward_sum: -43.5300407409668, Done: [False]
==========
t: 58, State: [[ -1.01589183   0.03988739   0.14544344   0.35373188  -0.38576818
   -0.47505171   0.21958194   0.06270204   0.53603907  -0.94064617
    0.5587696    1.8454407    3.5477055    5.78270928 -19.29446118
  -10.03970256  -6.02919136   0.24744011]], Action: [[ 1.         -0.14790116 -1.         -1.         -1.          0.32744646]], Reward: [-0.8553446],Reward_sum: -44.38538360595703, Done: [False]
==========
t: 59, State: [[ -1.12867977   0.04264512   0.28144525  -0.14118506   0.52275747
   -0.42751534  -0.64124006   0.07077527  -0.02387563  -2.51965914
   -0.4312325    3.57986697 -12.84624813  16.72563529   1.29151799
  -18.4006777    1.82014667 -16.02096813]], Action: [[-1.          1.         -1.         -1.          0.14262815 -1.        ]], Reward: [-2.7577932],Reward_sum: -47.1431770324707, Done: [False]
==========
t: 60, State: [[-1.16481223  0.0201166   0.37237913 -0.50016677  0.8149368   0.16179922
  -0.51543981  0.04380331 -0.54669852  0.28601602 -0.28515009  0.95765923
  -2.89837102 -2.14357133 13.41795738 13.89619128 -0.54903242 -5.17136769]], Action: [[-1.         1.         0.5235192  1.         1.         0.0754333]], Reward: [-1.1506253],Reward_sum: -48.29380416870117, Done: [False]
==========
t: 61, State: [[-1.09988175e+00  4.06406179e-02  4.87867196e-01  2.07692217e-01
  -3.21927291e-01  6.24846437e-01 -1.17588711e-02 -3.20046518e-01
  -3.06406393e-01  1.32034294e+00  8.96384265e-02  1.35591633e+00
   1.70611702e+01 -2.60147775e+01  5.09549284e+00  7.59657091e+00
  -2.98941720e+00  1.13397918e+01]], Action: [[ 1.         -1.          1.         -0.11899501  0.10172571  1.        ]], Reward: [0.8961587],Reward_sum: -47.39764404296875, Done: [False]
==========
t: 62, State: [[ -1.11389073   0.04234321   0.45499591   0.66202819  -0.80776716
   -0.1694283   -0.11837346  -0.52423016   0.36984075  -1.1481497
    0.09277145  -1.30996793   2.50990879   1.74946413 -20.87976686
   -8.42235297  -2.06266689  14.00427438]], Action: [[ 1. -1. -1. -1. -1.  1.]], Reward: [-0.8801796],Reward_sum: -48.27782440185547, Done: [False]
==========
t: 63, State: [[-1.21200175e+00  1.81417081e-02  3.78317152e-01  2.83715743e-01
   3.07339439e-01 -4.75075832e-01 -6.74604841e-01 -4.37067762e-01
   2.77962545e-01 -2.03932633e+00 -1.00730427e+00 -1.55591285e+00
  -7.51917465e+00  2.29610989e+01  2.52113145e+00 -1.00512650e+01
   2.54881135e+00 -1.04960764e+01]], Action: [[ 0.43056732  1.         -1.         -1.         -1.         -1.        ]], Reward: [-2.4807594],Reward_sum: -50.75857925415039, Done: [False]
==========
t: 64, State: [[ -1.2652046   -0.020226     0.24157323  -0.2464766    0.81550344
    0.41763922  -0.4051179    0.04414173  -0.57682413  -0.25667874
   -0.69973173  -3.06491903 -10.07398534  -1.2300421   19.7116271
   12.8474829   11.64072037 -16.81341922]], Action: [[-1.         1.         1.         0.6821079  1.        -1.       ]], Reward: [-1.6105841],Reward_sum: -52.369163513183594, Done: [False]
==========
t: 65, State: [[-1.22995138e+00 -2.17156918e-02  1.31395401e-01  1.87711863e-02
  -9.80961493e-02  8.22235576e-01  2.41095407e-01  1.79005812e-01
  -5.14380526e-01  7.26059784e-01  1.29734836e-01 -2.53547588e+00
   1.02548131e+01 -2.15960714e+01 -8.23879103e-01  1.13305166e+01
   1.05940798e-01  3.18367088e+00]], Action: [[ 0.29830796 -0.76486766  1.          0.61829424  1.         -0.28747618]], Reward: [0.39117035],Reward_sum: -51.97799301147461, Done: [False]
==========
t: 66, State: [[-1.23418341e+00 -6.23959990e-03  3.77377927e-02  4.70776072e-01
  -6.73354875e-01  1.52765201e-01  1.92759524e-01  6.73972209e-03
   1.36361854e-01 -4.49824595e-01  7.95169480e-01 -3.73868355e-01
   5.49993824e+00  7.48868842e-01 -1.58436554e+01 -8.55631430e+00
  -5.41887800e+00  1.60223158e+01]], Action: [[ 1.         -1.          0.13439454 -1.         -1.          0.577766  ]], Reward: [-0.5198281],Reward_sum: -52.49782180786133, Done: [False]
==========
t: 67, State: [[-1.31020539e+00 -1.81352938e-02  3.25194260e-02  2.05051525e-01
   3.06623897e-01 -5.02450418e-01 -5.17886109e-01 -2.73659564e-01
   2.70343483e-01 -1.67610402e+00 -8.22841721e-01  7.03097850e-01
  -7.32405732e+00  2.08159315e+01 -1.98173158e-01 -1.60491523e+01
  -5.44736421e+00 -5.78139876e+00]], Action: [[ 0.09395638  0.92860854 -1.         -1.         -1.         -1.        ]], Reward: [-2.0075538],Reward_sum: -54.505374908447266, Done: [False]
==========
t: 68, State: [[-1.34344526e+00 -4.02823263e-02 -1.06913392e-03 -2.29923222e-01
   8.64979744e-01 -1.24446848e-01 -4.45712596e-01 -1.25552482e-01
  -4.05500636e-01  9.44752992e-02  9.69875521e-02 -1.15903765e+00
  -8.12632594e+00 -8.51735569e-01  8.83160087e+00  1.18855196e+01
   6.43235371e+00 -1.47968475e+01]], Action: [[-1.          1.         -0.21898514  1.          1.         -0.7124397 ]], Reward: [-1.1203499],Reward_sum: -55.62572479248047, Done: [False]
==========
t: 69, State: [[-1.29416144e+00 -2.13590534e-02  1.27210194e-02  4.40220398e-02
   1.41644710e-01  4.77845733e-01  1.27806745e-02  3.85407431e-01
  -4.30466697e-01  1.19333474e+00  6.31262157e-02  7.46563583e-01
   9.47951162e+00 -1.69770806e+01  1.03405636e+01  6.58873061e+00
   1.10047838e+01  5.30809910e+00]], Action: [[ 0.64685774  0.06108539  1.         -0.12124199  0.7254357  -0.28781438]], Reward: [0.78108126],Reward_sum: -54.844642639160156, Done: [False]
==========
t: 70, State: [[ -1.26311855  -0.05005237   0.08171553   0.48888039  -0.69779244
    0.66311976   0.1314747    0.29425818   0.36078026   0.07220926
   -0.99942723   1.25387315   5.82457064 -10.32679504  -0.43191264
   -0.49597659  -7.77042895  18.63748641]], Action: [[ 1.         -1.          1.         -0.68605936 -0.71677107  1.        ]], Reward: [0.12241407],Reward_sum: -54.72222900390625, Done: [False]
==========
t: 71, State: [[ -1.28465702  -0.05101694   0.11028551   0.58273213  -0.60739607
   -0.26113304   0.08109593  -0.1510314    0.51999132  -1.01544548
    0.10806415   0.61267535  -0.83454816   4.29497886 -20.96394061
   -5.30048692  -7.49914019  -1.94357636]], Action: [[ 1.         -1.         -1.         -1.         -1.          0.34250855]], Reward: [-0.94250053],Reward_sum: -55.66473388671875, Done: [False]
==========
t: 72, State: [[ -1.37388578  -0.07731826   0.13621567   0.1286488    0.35451146
   -0.43507063  -0.51686897  -0.29284071  -0.0725532   -1.78082943
   -1.04031366   0.63732476  -8.47977472  18.89097159   1.08714805
  -13.71831463  -0.80514835 -15.65942659]], Action: [[ 0.2626844   1.         -1.         -1.         -0.69916105 -1.        ]], Reward: [-2.240358],Reward_sum: -57.90509033203125, Done: [False]
==========
t: 73, State: [[-1.40809772 -0.11884738  0.08309385 -0.33112703  0.84557354  0.37833548
  -0.34018011 -0.05334147 -0.55842869  0.10435556 -0.51192944 -1.61892526
  -7.47558546 -0.56261746 18.83968755 12.75890181  6.6553333   1.70631339]], Action: [[-1.          1.          1.          1.          1.         -0.93405896]], Reward: [-1.2714854],Reward_sum: -59.17657470703125, Done: [False]
==========
t: 74, State: [[ -1.34444053  -0.10545155   0.09329446   0.23689197  -0.21980171
    0.79129477   0.29412281  -0.20051502  -0.44524126   1.36532935
    0.18165685  -0.27234928  15.67845156 -25.35908104   0.99310189
   10.96061906  -5.31524566   2.41136993]], Action: [[ 1.         -1.          1.          0.5252843  -0.03838538  0.16468422]], Reward: [0.94269204],Reward_sum: -58.233882904052734, Done: [False]
==========
t: 75, State: [[ -1.31905305  -0.07833705   0.12123242   0.62858693  -0.6251528
    0.28569323   0.07079176  -0.29751931   0.18094502  -0.14010866
    0.59877652   0.97681822   3.01134544  -1.12038878 -12.12208146
  -12.55125747  -0.76839073  15.97266543]], Action: [[ 1.         -1.          0.23953396 -1.         -1.          0.8722921 ]], Reward: [0.02592265],Reward_sum: -58.20796203613281, Done: [False]
==========
t: 76, State: [[ -1.38440315  -0.09129832   0.18822403   0.11691502   0.34290061
   -0.5026515   -0.73546249  -0.20688523   0.365451    -1.39934632
   -0.8439484    1.65293132 -12.37092686  20.74424447 -12.89751331
  -14.66685405   1.684076    -4.12083204]], Action: [[-0.27793622  0.9673016  -1.         -1.         -0.5925016  -0.58909893]], Reward: [-1.6781037],Reward_sum: -59.88606643676758, Done: [False]
==========
t: 77, State: [[ -1.38271606  -0.11937073   0.17050198  -0.42060538   0.82833608
   -0.24506832  -0.44954872   0.04133492  -0.38542896   0.98926535
   -0.31196793  -0.89958751  -7.72657635  -0.92706134   7.65907541
   15.48906786   6.50879968 -17.59153459]], Action: [[-1.          1.         -0.25527185  0.8749927   1.         -1.        ]], Reward: [-0.4493358],Reward_sum: -60.33540344238281, Done: [False]
==========
t: 78, State: [[-1.28580837e+00 -9.75515709e-02  1.40100886e-01  2.93001635e-02
   7.55673954e-03  4.14549875e-01  2.14250534e-01 -1.08033626e-01
  -4.80835564e-01  2.21742597e+00  3.01440455e-01 -1.06466955e+00
   1.36848809e+01 -1.91518940e+01  1.26024956e+01  1.23590257e+01
   1.42338331e+00  6.19211065e+00]], Action: [[ 0.7480587  -0.24206577  1.          0.55215895  0.59702736 -0.00456639]], Reward: [1.7102008],Reward_sum: -58.62520217895508, Done: [False]
==========
t: 79, State: [[-1.22084755 -0.07032603  0.09481734  0.51675436 -0.63907319  0.63514122
   0.16180086 -0.16769983  0.25884213  0.85495212  0.99195247 -0.16554369
   4.56879474 -3.25056689 -1.71606231 -7.84699352 -2.45613693 17.95434424]], Action: [[ 1. -1.  1. -1. -1.  1.]], Reward: [0.6992164],Reward_sum: -57.92597961425781, Done: [False]
==========
t: 80, State: [[ -1.22332622  -0.05126746   0.11917477   0.39131498  -0.25037848
   -0.27317613  -0.50612242  -0.24615245   0.47980587  -0.27096776
   -0.08247995   1.1571101   -4.66929217   9.1297354  -20.35776179
  -14.46223157  -1.75061971  -4.85839696]], Action: [[ 0.47027045 -0.35455745 -1.         -1.         -0.8543041  -0.489793  ]], Reward: [-0.38123333],Reward_sum: -58.307212829589844, Done: [False]
==========
t: 81, State: [[ -1.23785022  -0.07962627   0.11886568  -0.2566139    0.59780578
   -0.43349577  -0.87568853   0.05704505  -0.29428243   0.0791659
   -0.74578951  -1.0317549  -13.73217702  14.23578611   1.02306842
   -0.67225417   7.60001731 -18.37486307]], Action: [[-1.          1.         -1.         -0.39554486  0.7592437  -1.        ]], Reward: [-0.7637707],Reward_sum: -59.07098388671875, Done: [False]
==========
t: 82, State: [[-1.16632121e+00 -1.00756851e-01  1.39991375e-02 -5.62266388e-01
   7.50909916e-01  2.85972659e-01 -3.18049859e-01  3.19982120e-01
  -5.42330202e-01  2.19036318e+00 -2.49257739e-01 -1.80791184e+00
   1.30547187e+00 -3.70237660e+00  1.63603835e+01  1.49067624e+01
   4.91626506e+00  3.44668540e+00]], Action: [[-1.         1.         1.         0.2955351  1.        -0.7216038]], Reward: [0.9697749],Reward_sum: -58.1012077331543, Done: [False]
==========
t: 83, State: [[ -1.03611434  -0.07552178   0.03802304   0.25699938  -0.37743405
    0.70994676   0.17369244  -0.04114186  -0.24399827   2.55711232
    0.16351807   0.03726369  17.64593927 -23.42824118   3.06536542
    6.38376253  -7.52528278   9.14010808]], Action: [[ 1.         -1.          1.         -0.2758006  -0.3653921   0.33553076]], Reward: [2.2719216],Reward_sum: -55.82928466796875, Done: [False]
==========
t: 84, State: [[ -0.94435041  -0.06334176   0.0770277    0.62437155  -0.36942786
   -0.23655515  -0.09110724  -0.31829851   0.49550068   1.11240371
   -0.09853796   0.68145073   3.2415904    6.20647855 -21.82325084
  -11.63537088  -4.12153375  15.18624512]], Action: [[ 1.         -0.24357186 -1.         -1.         -1.          1.        ]], Reward: [1.329346],Reward_sum: -54.49993896484375, Done: [False]
==========
t: 85, State: [[ -0.93256999  -0.09333125   0.16718206   0.19367645   0.50190356
   -0.43476874  -0.81716733  -0.33833943   0.22826813   0.26069165
   -0.90428096   2.33028547 -10.78469265  16.0899176    1.10862763
  -13.05345785   0.60360698 -14.62265511]], Action: [[-0.20356934  1.         -1.         -1.         -0.6944193  -1.        ]], Reward: [-0.21675745],Reward_sum: -54.716697692871094, Done: [False]
==========
t: 86, State: [[-0.85643579 -0.113178    0.16073621 -0.34970274  0.80789346  0.12799868
  -0.39588827 -0.03715585 -0.55991872  2.3461266  -0.21463177 -1.01644512
  -8.95200761 -2.04025111 12.52194209 17.9855598   8.09112279 -0.75006868]], Action: [[-1.          1.          0.3708839   1.          1.         -0.98220235]], Reward: [1.0124562],Reward_sum: -53.70424270629883, Done: [False]
==========
t: 87, State: [[ -0.69720841  -0.08169111   0.18229963   0.15205829  -0.31765716
    0.60211223   0.14576512  -0.16346118  -0.47406339   3.26186833
    0.52482962  -0.11616302  15.07623441 -26.06714362   5.64952026
    7.5475894   -0.46083214   4.2334571 ]], Action: [[ 1.         -1.          1.          0.06867084  0.20530109 -0.33829796]], Reward: [2.8684168],Reward_sum: -50.8358268737793, Done: [False]
==========
t: 88, State: [[-0.58890969 -0.05873612  0.13934147  0.57011687 -0.78539713  0.58887728
   0.05011767 -0.27409729  0.21488114  1.51441029  0.59926651 -0.83223431
   3.28319316  1.67754835 -2.84291151 -7.62424417 -2.90679081 16.73730362]], Action: [[ 1.         -1.          0.95789796 -1.         -1.          1.        ]], Reward: [1.5742176],Reward_sum: -49.2616081237793, Done: [False]
==========
t: 89, State: [[ -0.55872272  -0.06734324   0.1137389    0.33132189   0.06625557
   -0.30120341  -0.57051472  -0.35026166   0.32645092   0.4499273
   -0.66365345   0.02725017  -5.65353269  17.27400569 -19.12971222
  -13.12305972  -1.35162149  -6.5920098 ]], Action: [[ 0.34377366  0.30033183 -1.         -1.         -1.         -0.9310926 ]], Reward: [0.19620797],Reward_sum: -49.065399169921875, Done: [False]
==========
t: 90, State: [[ -0.52745526  -0.10253601   0.09482839  -0.16278843   0.77210045
   -0.43704923  -0.94734      0.02948223  -0.39967826   1.03217119
   -0.6260104   -0.86784627  -9.81397511   8.13763553   1.15399139
   -1.74665672   9.35467266 -16.08426995]], Action: [[-0.6798711   1.         -1.         -0.62785214  0.7167264  -1.        ]], Reward: [0.18833724],Reward_sum: -48.8770637512207, Done: [False]
==========
t: 91, State: [[-0.40239122 -0.11349281 -0.02298129 -0.24995277  0.68487086  0.30641852
  -0.26331997  0.31390322 -0.51859115  3.19049486 -0.32067987 -2.37076706
   2.46317804 -5.70906375 17.22313392 18.49894849  5.54924211  1.39324173]], Action: [[-0.245874    1.          1.          0.61073196  1.         -1.        ]], Reward: [2.057936],Reward_sum: -46.81912612915039, Done: [False]
==========
t: 92, State: [[-0.23082775 -0.09902562 -0.02605245  0.33876665 -0.22736057  0.75837672
   0.31053304  0.02731956 -0.27916179  3.74614556  0.87034453  1.60283308
   9.68192094 -7.9357699   3.42581737  6.39688248 -6.20450325  8.83344003]], Action: [[ 1.         -1.          1.         -0.2141841  -0.26158988  0.43212533]], Reward: [3.1011658],Reward_sum: -43.717960357666016, Done: [False]
==========
t: 93, State: [[-1.03093231e-01 -6.94420523e-02  4.44978290e-02  6.12376935e-01
  -2.75114625e-01 -1.09934309e-01  3.62256010e-03 -2.25922648e-01
   4.48702578e-01  1.85078279e+00  3.93091988e-01  1.63096643e+00
   2.08034341e+00  2.35367779e+00 -2.16190099e+01 -1.28818963e+01
  -4.47214598e+00  1.49548681e+01]], Action: [[ 1.         -0.28788024 -0.8515448  -1.         -1.          0.85307854]], Reward: [2.1011157],Reward_sum: -41.616844177246094, Done: [False]
==========
t: 94, State: [[ -0.04744627  -0.08522993   0.17087291   0.20550345   0.41832595
   -0.45605898  -0.77811792  -0.37729444   0.23029521   1.24839195
   -0.74591141   2.91956598  -9.62962311  14.10803575   1.71912118
  -14.40305284  -2.57803255 -13.45208382]], Action: [[ 0.05491389  1.         -1.         -1.         -0.93984294 -1.        ]], Reward: [0.62430716],Reward_sum: -40.99253845214844, Done: [False]
==========
t: 95, State: [[ 0.07048502 -0.10121696  0.17031223 -0.33375165  0.8152484   0.37951532
  -0.43400758 -0.133102   -0.15651534  3.13725521 -0.18143526 -1.31834837
  -9.34286568  1.46813351 18.77787418 17.22490328  8.97128162 -2.33935221]], Action: [[-1.  1.  1.  1.  1.  1.]], Reward: [1.7586257],Reward_sum: -39.23391342163086, Done: [False]
==========
t: 96, State: [[  0.28242069  -0.06866976   0.19791368   0.18330379  -0.20661425
    0.78334086   0.17159963  -0.12913463  -0.53371483   4.39724066
    0.54967122   0.45316567  15.44423052 -25.48073279   0.82082152
    9.38465927   1.55067167  -4.67229323]], Action: [[ 1.         -1.          1.          0.1769101   0.17072509 -0.1275378 ]], Reward: [3.9310424],Reward_sum: -35.30287170410156, Done: [False]
==========
t: 97, State: [[  0.42766988  -0.05714358   0.14861102   0.60888483  -0.83327014
    0.22173741   0.15776664  -0.19735354  -0.05101544   1.88632514
    0.34837721  -2.0756445    1.87469692  -0.06743845 -13.5647903
   -3.71955028  -4.16166627  15.00041731]], Action: [[ 1.         -1.          0.12236689 -1.         -1.          1.        ]], Reward: [2.4034865],Reward_sum: -32.899383544921875, Done: [False]
==========
t: 98, State: [[  0.46862513  -0.07586858   0.04365394   0.17752635   0.08179087
   -0.46228545  -0.40412128  -0.30819172   0.16397342   0.65935743
   -0.95107903  -1.76479149 -10.31244897  18.97237176  -1.69553518
  -13.50507691  -1.40780627  -2.68394345]], Action: [[ 0.2451043  0.5172695 -1.        -1.        -1.        -1.       ]], Reward: [0.38634056],Reward_sum: -32.51304244995117, Done: [False]
==========
t: 99, State: [[ 5.55301715e-01 -1.35479621e-01 -1.46362575e-01 -3.83978064e-01
   8.04207475e-01  1.45680827e-01 -2.69947343e-01 -4.51408962e-03
  -3.88601749e-01  2.53276699e+00 -1.15340874e+00 -4.87955634e+00
  -9.48145684e+00  7.65470174e+00  1.49634337e+01  1.16806138e+01
   8.64789232e+00 -1.31061837e+01]], Action: [[-1.          1.          0.60930747  1.          1.         -0.8958495 ]], Reward: [1.2161515],Reward_sum: -31.296890258789062, Done: [False]
==========
t: 100, State: [[  0.73355427  -0.12592797  -0.20071473  -0.2474411    0.55034604
    0.7350172    0.32342764   0.46770122  -0.5206808    3.89217215
    0.74104958   1.69328212   7.35910117 -10.27183585   7.17683268
   10.26053793   9.07339585   3.58873044]], Action: [[-0.2874776 -0.2241352  1.         0.673554   1.        -0.7423379]], Reward: [3.251289],Reward_sum: -28.04560089111328, Done: [False]
==========
t: 101, State: [[ 9.17754302e-01 -6.16830438e-02  1.31779465e-02  4.02493622e-01
  -3.67870275e-01  7.27031188e-01  3.40375489e-01  3.57547610e-01
   1.55684484e-01  3.27074873e+00  1.12966666e+00  4.17131916e+00
   1.21387180e+01 -1.94731716e+01 -4.54076716e+00 -5.19833188e+00
  -8.04309159e+00  1.63160412e+01]], Action: [[ 1.         -1.          1.         -0.99240327 -1.          0.389641  ]], Reward: [3.1703322],Reward_sum: -24.875268936157227, Done: [False]
==========
t: 102, State: [[ 1.01506072e+00 -2.33462781e-02  1.29488333e-01  5.20174674e-01
  -3.40966150e-01 -3.12850050e-01  1.29093329e-03 -1.63140022e-01
   6.32518469e-01  1.28687668e+00  1.18464098e+00  1.08698081e+00
  -2.43832668e+00  9.30128875e+00 -2.17925978e+01 -3.05427580e+00
  -9.27904178e+00 -2.36682709e+00]], Action: [[ 0.62169296  0.02871926 -1.         -1.         -1.         -0.26197624]], Reward: [1.6005324],Reward_sum: -23.274736404418945, Done: [False]
==========
t: 103, State: [[ 1.05097813e+00  1.51454961e-02  1.94010107e-01  1.73928078e-01
   4.65788536e-01 -4.51584206e-01 -4.87024161e-01 -4.08758879e-01
  -3.58270920e-02  7.59232245e-01  4.57265155e-01  1.59328834e+00
  -5.59793462e+00  1.39635579e+01  1.70900428e+00 -1.22580191e+01
  -2.53597689e+00 -1.75684119e+01]], Action: [[ 0.41034377  1.         -1.         -1.         -0.88249207 -1.        ]], Reward: [0.22363074],Reward_sum: -23.051105499267578, Done: [False]
==========
t: 104, State: [[ 1.13336606  0.05099212  0.18982694 -0.27217396  0.81249559  0.3925755
  -0.30089131 -0.11359027 -0.53750862  2.31550624  0.84705678 -0.83789604
  -8.70455623 -0.24837995 19.03010899 12.40551806  9.6177111  -2.56400872]], Action: [[-1.          1.          1.          1.          1.          0.27793115]], Reward: [1.1400341],Reward_sum: -21.91107177734375, Done: [False]
==========
t: 105, State: [[  1.31180244   0.105363     0.29756402   0.20276808  -0.25929201
    0.78908863   0.15000603   0.31939382  -0.26133541   3.69471794
    0.59121992   2.78118529  13.78408132 -25.97478296   0.41670539
    6.55101525   7.21178351   8.97314855]], Action: [[ 1.         -1.          1.         -0.02188262  0.17892905 -0.10651515]], Reward: [3.2643435],Reward_sum: -18.646728515625, Done: [False]
==========
t: 106, State: [[  1.4249131    0.10104992   0.39206633   0.53928665  -0.82671485
    0.05513856   0.1070606    0.1959063    0.45915172   1.41697806
   -0.30129123   1.36055454   0.56225161   0.8096217  -17.36642481
   -5.21247156  -7.51220338  14.57841231]], Action: [[ 1.         -1.         -0.25739306 -1.         -1.          0.64567214]], Reward: [1.8138988],Reward_sum: -16.83283042907715, Done: [False]
==========
t: 107, State: [[ 1.43933221e+00  8.74031200e-02  4.10569811e-01  9.88908985e-03
   2.89190517e-01 -4.57993073e-01 -1.20778283e-01 -2.49759618e-01
   4.93027979e-01  1.36787047e-03  1.45343779e-01 -6.25288609e-01
  -1.12265621e+01  2.29407210e+01  1.13901393e+00  6.21059496e-01
  -7.99429592e+00 -1.72948419e+00]], Action: [[-0.06834595  1.         -1.         -1.         -1.         -1.        ]], Reward: [-0.2120849],Reward_sum: -17.0449161529541, Done: [False]
==========
t: 108, State: [[  1.46167111   0.09755874   0.37333939  -0.52792042   0.83145658
    0.26442365  -0.1369337    0.06345238  -0.18158817   1.00628895
    0.32541409  -0.17135291  -7.41223451  -0.36545242  16.39863125
   -0.26226453  11.77922546 -17.37999901]], Action: [[-1.          1.          0.8238561   0.03983846  1.         -1.        ]], Reward: [-0.02125465],Reward_sum: -17.066171646118164, Done: [False]
==========
t: 109, State: [[  1.56939162   0.11975582   0.45164483  -0.09680267   0.17640849
    0.68455015  -0.05373857   0.3804542   -0.5341528    2.46438679
    0.06903566   1.55565795  12.58315333 -14.97517749   2.54063123
    3.10264084   2.40887046   2.52073544]], Action: [[ 0.4106949   0.2065968   1.         -0.01241904  0.43219563 -0.48170388]], Reward: [1.9913764],Reward_sum: -15.07479476928711, Done: [False]
==========
t: 110, State: [[ 1.66615523e+00  1.09965742e-01  5.28717515e-01  5.27078816e-01
  -6.67486580e-01  3.47253384e-01 -4.01117508e-02 -3.61672713e-03
   1.72316623e-01  1.34799943e+00 -4.69784574e-02  3.89024225e-01
   9.11894429e+00 -1.18288251e+01 -8.89595553e+00  3.12115866e+00
  -1.06948150e+01  1.98581837e+01]], Action: [[ 1.        -1.         0.4041912 -1.        -1.         0.759063 ]], Reward: [1.4613175],Reward_sum: -13.61347770690918, Done: [False]
==========
t: 111, State: [[  1.68313906   0.11100393   0.53854769   0.59396428  -0.60316229
   -0.46223525  -0.20563718  -0.38637127   0.54353022  -0.09632428
    0.15441899   0.24720538  -2.44587317   6.36317732 -14.88252435
   -6.04888292  -5.25455682  -1.32385691]], Action: [[ 1.         -0.7967159  -1.         -1.         -1.          0.98089355]], Reward: [-0.22001438],Reward_sum: -13.833492279052734, Done: [False]
==========
t: 112, State: [[  1.64253109   0.102699     0.53653699   0.04548533   0.42363419
   -0.4280842   -0.68976395  -0.33067274  -0.08126896  -0.85673111
   -0.61076269  -0.29143311 -10.44451807  19.17199319   0.87632228
   -9.22693246   3.30134966 -16.67385222]], Action: [[-0.07320122  1.         -1.         -1.         -0.5094643  -1.        ]], Reward: [-1.2386507],Reward_sum: -15.072142601013184, Done: [False]
==========
t: 113, State: [[ 1.66006174  0.06781864  0.44071657 -0.43427688  0.80397211  0.35578035
  -0.40253838  0.06604896 -0.57587494  1.17516535 -0.74737677 -2.33260583
  -6.86034864 -1.807717   18.05209344 12.51442153  9.07763416  2.32487354]], Action: [[-1.         1.         1.         0.5801735  1.        -1.       ]], Reward: [-0.18304697],Reward_sum: -15.255189895629883, Done: [False]
==========
t: 114, State: [[  1.78826656   0.05457017   0.40416526   0.2045042   -0.28850145
    0.75955612   0.32460019  -0.07972594  -0.41392032   2.66630863
   -0.57601289  -0.97029988  16.86093527 -25.31473943   1.22672684
   13.90683213  -2.07608703   6.35845435]], Action: [[ 1.         -1.          1.          0.5682725   0.08574404  0.1021627 ]], Reward: [2.230024],Reward_sum: -13.025165557861328, Done: [False]
==========
t: 115, State: [[  1.84357374   0.02651882   0.29456223   0.62603974  -0.82912505
    0.44385192   0.23585221  -0.09946468   0.38405533   0.19920439
   -0.48558631  -2.56746647   1.7064443    0.78011869  -8.00247605
  -10.25802676  -0.45141317  18.50679903]], Action: [[ 1.        -1.         0.6924485 -1.        -1.         1.       ]], Reward: [0.55819505],Reward_sum: -12.466970443725586, Done: [False]
==========
t: 116, State: [[ 1.78275012e+00  4.14467659e-03  1.07793672e-01  5.80720274e-02
   3.23023623e-01 -1.68679950e-01 -1.64326437e-01 -4.66953591e-03
   4.56511361e-01 -1.67089732e+00 -5.09910911e-01 -4.55905326e+00
  -1.31594806e+01  2.33263958e+01 -1.03865716e+01 -5.31589251e+00
   2.11561327e+00 -7.88980405e+00]], Action: [[-0.22645842  1.         -0.37714148 -1.         -0.49907088 -1.        ]], Reward: [-1.5607315],Reward_sum: -14.027702331542969, Done: [False]
==========
t: 117, State: [[  1.7379487   -0.04038809  -0.12917957  -0.56081781   0.83640193
   -0.12001029  -0.21938465   0.32106161  -0.35087769  -0.20667087
   -0.83331502  -4.37854798  -8.69845296  -0.7915523    5.60086047
    1.75012815   6.83013151 -17.65999887]], Action: [[-1.         1.         0.2007229  0.1601094  1.        -1.       ]], Reward: [-1.3026209],Reward_sum: -15.330323219299316, Done: [False]
==========
t: 118, State: [[ 1.77737633 -0.04054015 -0.28779764 -0.20248144  0.51806239  0.26336431
  -0.0418712   0.50795822 -0.54456467  1.46642167  0.89998705 -1.61278129
   5.59932753  2.23596872 -2.16953308  4.17144676  1.83419428  2.25030972]], Action: [[ 0.44653434  0.9650786   1.         -0.00187838  0.9154797  -1.        ]], Reward: [0.39166492],Reward_sum: -14.938658714294434, Done: [False]
==========
t: 119, State: [[  1.8485532    0.04244764  -0.20164686   0.41108516  -0.18106188
   -0.06576995  -0.07723762   0.03050484  -0.36243912   1.22312086
    1.49757984   2.53180895  11.82279738 -18.82384543  -5.85641289
   -4.71706559 -13.06125429   3.46798327]], Action: [[ 1.         -1.         -0.10526538 -1.         -1.         -1.        ]], Reward: [0.92242926],Reward_sum: -14.016227722167969, Done: [False]
==========
t: 120, State: [[  1.88617465   0.05324768  -0.1439514    0.62533231  -0.20095015
   -0.4444476   -0.53034602  -0.55324394   0.24248308   0.63077916
   -0.31990066   0.68369405   0.47135355   8.64781193  -2.34840188
  -10.80070602  -8.90600251  14.24766413]], Action: [[ 1.          0.33477747 -1.         -0.76513755 -1.          1.        ]], Reward: [0.28267804],Reward_sum: -13.733550071716309, Done: [False]
==========
t: 121, State: [[  1.87574809   0.02572604  -0.09280674   0.03744695   0.61790517
   -0.41091259  -1.0540762   -0.41091607   0.1457383   -0.2696543
   -0.5841788    0.7384451  -14.99080569  13.75242376   0.25178163
   -6.11125815   7.21822191 -10.48717294]], Action: [[-0.75000036  1.         -1.         -1.         -0.13981695 -1.        ]], Reward: [-0.6667362],Reward_sum: -14.400286674499512, Done: [False]
==========
t: 122, State: [[  1.90822257   0.02566977  -0.17756265  -0.57627184   0.78044306
    0.32288027  -0.56751643   0.19318748  -0.60195925   1.36460678
    0.21738345  -2.21301501  -7.59172577  -3.43096215  17.03631613
   14.72727962  13.92236604 -13.5396716 ]], Action: [[-1.          1.          1.          0.08844435  1.         -1.        ]], Reward: [0.14870736],Reward_sum: -14.251579284667969, Done: [False]
==========
t: 123, State: [[ 2.03655816e+00  6.83241606e-02 -1.12268649e-01  1.06696383e-01
  -4.10030389e-01  7.08553099e-01  2.13774132e-01  5.13355495e-01
  -3.03919600e-01  2.98366833e+00  2.26384943e-02  1.99371234e+00
   1.70535286e+01 -2.67941910e+01  1.36012364e+00  1.51253519e+01
   3.74138254e+00  9.45594359e+00]], Action: [[ 1.         -1.          1.          0.31483698  0.40002847 -0.25790453]], Reward: [2.2341456],Reward_sum: -12.017433166503906, Done: [False]
==========
t: 124, State: [[ 2.14109784e+00  8.04265135e-02  1.06247224e-01  4.52564066e-01
  -8.05898753e-01  3.50002044e-01  3.85896403e-01  2.95947096e-01
   5.85941965e-01  1.35501222e+00 -1.28613510e-02  3.87552623e+00
   3.44261872e+00 -1.37087228e+00 -7.07853841e+00 -3.26469547e+00
  -7.91019579e+00  1.90203625e+01]], Action: [[ 1.        -1.         0.6615315 -1.        -1.         1.       ]], Reward: [1.5470313],Reward_sum: -10.470401763916016, Done: [False]
==========
t: 125, State: [[  2.15195465   0.05637205   0.26769635   0.23716886   0.04513878
   -0.42303402  -0.14533387  -0.1487686    0.38018279  -0.27575059
   -0.81913816   3.56611166  -4.75579063  18.84858705 -14.40278701
  -15.40676652  -9.16906184  -7.39795004]], Action: [[ 0.33333993  0.49233538 -1.         -1.         -1.         -0.07338549]], Reward: [-0.11875336],Reward_sum: -10.589155197143555, Done: [False]
==========
t: 126, State: [[ 2.13722197e+00  3.35216409e-03  4.88772101e-01 -9.01698402e-02
   7.70930600e-01 -4.20504162e-01 -1.03537223e+00 -3.72112317e-03
  -3.75152139e-01  1.27096083e-01 -1.15138846e+00  4.75764078e+00
  -5.29138487e+00  8.31976207e+00  6.76390509e-01 -1.46693569e+01
   6.55790425e+00 -1.67241422e+01]], Action: [[-0.60963637  1.         -1.         -0.88382155  0.6589796  -1.        ]], Reward: [-0.7533587],Reward_sum: -11.342514038085938, Done: [False]
==========
t: 127, State: [[ 2.22079072e+00 -1.64154452e-02  5.02068437e-01 -3.32132225e-01
   7.64317300e-01  3.77733829e-01 -5.22320410e-01 -2.60155243e-01
  -5.26891241e-01  2.18952067e+00 -7.78406268e-02 -1.99317094e+00
  -4.53997034e+00 -3.26906634e+00  1.82429358e+01  1.86902860e+01
  -5.64226256e+00  7.89040577e-01]], Action: [[-1.  1.  1.  1.  1. -1.]], Reward: [1.0713749],Reward_sum: -10.271139144897461, Done: [False]
==========
t: 128, State: [[ 2.36954884e+00  6.91458837e-03  4.87896867e-01  2.39844128e-01
  -3.19402547e-01  7.71489980e-01  7.01162271e-04 -5.09393842e-01
  -1.96939992e-01  2.81093866e+00  4.66918956e-01 -7.87760074e-01
   1.46814736e+01 -2.43027756e+01  8.67159968e-01  5.26522331e+00
  -1.40034440e+00  1.01580515e+01]], Action: [[ 1.        -1.         1.        -0.4050784 -0.2394207  1.       ]], Reward: [2.5530212],Reward_sum: -7.718116760253906, Done: [False]
==========
t: 129, State: [[ 2.43945102e+00  2.24362592e-02  3.79361079e-01  6.37345358e-01
  -7.83573509e-01 -2.16490988e-01 -2.14031888e-01 -4.70959546e-01
   4.74966112e-01  6.32457048e-01  1.46318405e-01 -2.49783699e+00
   2.12328127e+00  5.38363919e-01 -2.33118461e+01 -9.62928958e+00
   2.56213904e+00  1.36259825e+01]], Action: [[ 1.         -0.88449055 -1.         -1.         -1.          1.        ]], Reward: [0.8198113],Reward_sum: -6.898303985595703, Done: [False]
==========
t: 130, State: [[ 2.41823838e+00 -3.85833184e-03  2.60892181e-01 -4.51244632e-02
   3.59756181e-01 -4.43569146e-01 -7.57713160e-01 -1.94145505e-01
   2.32751236e-01 -5.07314567e-01 -1.25314799e+00 -2.70065342e+00
  -1.58835950e+01  2.30395732e+01  1.40230288e+00 -8.35682234e+00
   4.98811388e+00 -1.34089934e+01]], Action: [[-0.5803786   1.         -1.         -1.         -0.57503504 -1.        ]], Reward: [-0.8910033],Reward_sum: -7.789306640625, Done: [False]
==========
t: 131, State: [[  2.47544008  -0.06692043   0.02439909  -0.55283855   0.78914535
    0.32370093  -0.34263419   0.16852482  -0.65255183   2.30168692
   -0.93767392  -4.84811019  -1.11924346  -3.20316423  16.92104315
   15.3238826    7.76024268 -16.18556147]], Action: [[-1.          1.          1.          0.64206344  1.         -1.        ]], Reward: [0.6028095],Reward_sum: -7.186496734619141, Done: [False]
==========
t: 132, State: [[ 2.63304417 -0.06708227 -0.03524699  0.02889053 -0.09120843  0.7511268
   0.32211597  0.4892924  -0.39135582  3.93958379  0.98167838  2.66663231
   7.38677935 -4.143809    1.72327269 10.69671558  6.04497326  7.48060276]], Action: [[ 0.42916214 -1.          1.          0.44489348  0.83629936 -0.46999145]], Reward: [2.8218417],Reward_sum: -4.364654541015625, Done: [False]
==========
t: 133, State: [[  2.78483204  -0.02215724   0.14256802   0.45924011  -0.56697108
    0.33421508   0.35728112   0.32847264   0.02748376   2.39491962
    0.82150501   3.34786775   6.92944126  -8.50504757 -10.48444098
   -5.19550357  -8.07682389   6.99908742]], Action: [[ 1.         -1.          0.36572605 -1.         -1.         -0.6501252 ]], Reward: [2.5801156],Reward_sum: -1.7845382690429688, Done: [False]
==========
t: 134, State: [[ 2.84038508e+00  1.44849472e-02  2.20595927e-01  2.92637158e-01
   1.78471081e-01 -4.86763461e-01  2.40453354e-02 -1.75282177e-01
   5.73045895e-01  5.92514209e-01  1.12546756e+00  6.68236221e-01
  -5.31436262e+00  2.00122691e+01 -1.39291245e+01 -4.49518541e+00
  -9.18790401e+00  1.30029852e+01]], Action: [[ 0.33156118  1.         -1.         -1.         -1.          0.27652735]], Reward: [0.69242096],Reward_sum: -1.0921173095703125, Done: [False]
==========
t: 135, State: [[  2.84045703   0.08268076   0.32652798  -0.33176582   0.8233443
   -0.43312786  -0.5766913   -0.09325876   0.08991623   0.11644563
    1.27441407   2.89678893 -13.15124471   5.24592774   0.99953505
  -13.42433785   5.45324535 -16.04161461]], Action: [[-1.          1.         -1.         -1.          0.14313273 -1.        ]], Reward: [-0.5006098],Reward_sum: -1.5927352905273438, Done: [False]
==========
t: 136, State: [[ 2.93533954  0.14252381  0.39470545 -0.55667692  0.64121058  0.30096632
  -0.32944804  0.13260188 -0.42707256  2.79957773  0.98541386  0.47921956
   1.60538622 -5.89604479 16.69818312 14.03816417  4.50415597 -4.69957396]], Action: [[-1.          1.          1.          0.956404    1.          0.30330622]], Reward: [1.3969798],Reward_sum: -0.1957550048828125, Done: [False]
==========
t: 137, State: [[ 3.10940473e+00  1.88550897e-01  5.54073676e-01  2.14895710e-01
  -5.11281956e-01  7.01032110e-01  6.11568277e-02  2.53329118e-01
  -6.61577796e-04  3.21494494e+00  2.08206190e-01  2.75522949e+00
   1.63087845e+01 -2.38306194e+01  2.01627175e+00  4.34246861e+00
   1.63070077e+00  1.45333425e+01]], Action: [[ 1.         -1.          1.         -0.55515873 -0.12401961  0.86915094]], Reward: [3.0734034],Reward_sum: 2.8776473999023438, Done: [False]
==========
t: 138, State: [[ 3.19792030e+00  1.67884985e-01  6.17939727e-01  5.99561600e-01
  -7.09091973e-01 -2.23420120e-01  3.92993205e-02 -2.46739539e-04
   5.42264241e-01  1.01801329e+00 -4.91248664e-01  9.40305332e-01
   2.00331874e+00  6.63369956e+00 -2.21348289e+01 -3.73232392e+00
  -7.63697592e+00  7.84323189e-03]], Action: [[ 1.         -0.6041965  -1.         -0.81628656 -1.          0.44413775]], Reward: [1.3474478],Reward_sum: 4.225093841552734, Done: [False]
==========
t: 139, State: [[ 3.20073663  0.16161817  0.65125588  0.28118433  0.38414318 -0.44411009
  -0.19595519 -0.3749227   0.15556882 -0.25270803  0.41363384  0.39700981
  -6.52823538 20.82730072  1.47076284 -0.49316243 -6.80142637 -8.42049212]], Action: [[ 0.43887115  1.         -1.         -1.         -1.         -1.        ]], Reward: [-0.46293417],Reward_sum: 3.7621612548828125, Done: [False]
==========
t: 140, State: [[  3.18878274   0.21145434   0.72247642  -0.36324966   0.80040276
    0.38106547  -0.6393813    0.09192679  -0.49513645   0.12520911
    0.97902058   2.04957388 -12.47208875  -1.94690319  18.29105869
  -10.28403856  14.69730688 -13.08193203]], Action: [[-1.  1.  1. -1.  1. -1.]], Reward: [-0.8390777],Reward_sum: 2.923084259033203, Done: [False]
==========
t: 141, State: [[ 3.24839766  0.23574621  0.73104595 -0.54643223  0.57829094  0.78845855
  -0.38384433  0.2177363  -0.50723807  1.72734645  0.21368222 -0.88142178
   1.50941138 -4.6500342   0.6957848  12.22188219 -2.1189598   4.14818288]], Action: [[-1.          1.          1.          0.56609654  1.         -0.10861401]], Reward: [0.7590722],Reward_sum: 3.6821556091308594, Done: [False]
==========
t: 142, State: [[  3.3706311    0.24498789   0.83249452   0.21108194  -0.50865258
    0.38574052  -0.08786567  -0.14188579  -0.1781006    2.05422677
   -0.22559353   1.65097778  15.83191199 -23.20969426  -9.53620796
    1.73077318  -7.53610009   6.69334955]], Action: [[ 1.         -1.          0.59240144 -1.         -1.         -0.51215756]], Reward: [1.9833442],Reward_sum: 5.665500640869141, Done: [False]
==========
t: 143, State: [[  3.40603381   0.21407272   0.81416407   0.54302089  -0.53783729
   -0.48502761  -0.3301942   -0.40065208   0.1208313    0.13559421
   -0.7586628   -0.82184985   1.72309445  10.41274043 -15.73219274
   -8.64314465  -3.59864553   4.30076231]], Action: [[ 1.         -0.15557982 -1.         -1.         -1.         -0.11833377]], Reward: [0.3042334],Reward_sum: 5.969730377197266, Done: [False]
==========
t: 144, State: [[ 3.37747344  0.17384855  0.79922695  0.13250216  0.54889451 -0.42204343
  -0.8485154  -0.46414887 -0.10873467 -0.61559148 -1.03264097 -0.06437234
  -9.42149333 18.94618468  1.50473046 -8.84397389 -0.56699513 -8.92239473]], Action: [[-0.3487991  1.        -1.        -1.        -0.9182185 -1.       ]], Reward: [-1.0676861],Reward_sum: 4.902046203613281, Done: [False]
==========
t: 145, State: [[ 3.4157094   0.11955711  0.70732149 -0.370301    0.78450805  0.38654635
  -0.43817696 -0.049227   -0.58315601  1.52104238 -1.32576707 -2.56495865
  -8.22031241 -3.32646309 18.12349825 15.22732725 11.9850495   0.9313613 ]], Action: [[-1.         1.         1.         0.5810803  1.        -1.       ]], Reward: [0.23095377],Reward_sum: 5.132999420166016, Done: [False]
==========
t: 146, State: [[  3.55530792   0.0762636    0.61387993   0.20080297  -0.31297991
    0.76954423   0.35750238  -0.2006276   -0.38253417   2.90397467
   -1.25204885  -1.95311193  16.25228705 -25.03003765   0.60421302
   14.64809766   2.94681553   7.73467589]], Action: [[ 1.         -1.          1.          0.639758    0.14001502 -0.05452736]], Reward: [2.4487836],Reward_sum: 7.581783294677734, Done: [False]
==========
t: 147, State: [[ 3.62724987e+00  2.90841052e-02  4.58505613e-01  5.98821283e-01
  -8.02735638e-01  4.86377702e-01  2.56961490e-01 -1.57641728e-02
   4.48582321e-01  5.95447084e-01 -7.33465118e-01 -3.46453190e+00
   1.35481311e+00  2.19899537e+00 -6.97580493e+00 -1.01405765e+01
   2.31127889e+00  1.86872873e+01]], Action: [[ 1.        -1.         0.8378941 -1.        -1.         1.       ]], Reward: [0.8686325],Reward_sum: 8.450416564941406, Done: [False]
==========
t: 148, State: [[ 3.60467511e+00  1.46046851e-02  2.57416441e-01  8.30202497e-02
   1.42728079e-01 -5.77590228e-03  4.35615929e-02  3.19976590e-01
   4.67840665e-01 -8.39918602e-01 -2.08424714e-01 -4.31258413e+00
  -1.25450136e+01  1.81639650e+01 -8.18670484e+00 -1.89693828e+00
   6.22583980e+00 -5.16837924e+00]], Action: [[-0.24050505  0.4965207  -0.05363932 -1.         -0.4789344  -1.        ]], Reward: [-0.70515835],Reward_sum: 7.745258331298828, Done: [False]
==========
t: 149, State: [[  3.57886037  -0.02170754   0.02881052  -0.51255695   0.60872655
    0.20304561   0.03755001   0.61873696  -0.18510353  -0.11061603
   -0.93800398  -4.35860032  -8.58955853   1.99472138   8.29712328
    0.75543925   4.05432919 -15.55152917]], Action: [[-0.7677411   0.8416866   0.86355335  0.00673985  1.         -1.        ]], Reward: [-0.9206581],Reward_sum: 6.8246002197265625, Done: [False]
==========
t: 150, State: [[ 3.62067418 -0.05543311 -0.15563505 -0.14106355  0.38218408  0.48863273
   0.13603412  0.61278233 -0.56198529  1.19039524 -0.74240768 -3.85945265
  13.17388297 -4.90679059  3.47737146  2.09993809 -2.12785691  1.99955396]], Action: [[ 0.6075363   1.          1.          0.15225476  1.         -0.9743862 ]], Reward: [0.40210518],Reward_sum: 7.226703643798828, Done: [False]
==========
t: 151, State: [[  3.7088584   -0.03369088  -0.15610282   0.47452328  -0.0675896
    0.20394156   0.12205222  -0.11853849   0.16520923   1.7920455
    0.61255852   1.37784356  10.97281609 -12.77943712  -5.36004985
   -3.56250213 -17.09925525  18.57769042]], Action: [[ 1.         -1.          0.4425884  -0.35656792 -1.          1.        ]], Reward: [1.331382],Reward_sum: 8.558090209960938, Done: [False]
==========
t: 152, State: [[  3.75745568  -0.04401657  -0.09254968   0.6807889   -0.20802777
   -0.41697016  -0.53640782  -0.5901777    0.58335214   0.71572564
   -0.69993877   1.47125867   0.08902159   2.67111839 -12.15724422
  -16.51121799  -4.15087566  -3.20380469]], Action: [[ 1.         -0.01584689 -1.         -1.         -1.          0.7481716 ]], Reward: [0.5159443],Reward_sum: 9.07403564453125, Done: [False]
==========
t: 153, State: [[  3.77521936  -0.08278387  -0.0630468    0.09464837   0.52309145
   -0.42688283  -0.9280433   -0.2183186    0.04276014   0.4581689
   -0.76464544  -0.54300829 -14.35309526  14.38894348   0.8454396
    0.32057883  10.51142078 -12.70281768]], Action: [[-0.6174509   1.         -1.         -0.3082754   0.43702456 -0.00276281]], Reward: [0.08854586],Reward_sum: 9.162582397460938, Done: [False]
==========
t: 154, State: [[ 3.84636345 -0.11002325 -0.15550269 -0.54274616  0.65307344  0.33573857
  -0.37939     0.36102333 -0.55092497  2.09102154 -0.56645401 -1.85593678
  -8.68528418 -4.55437401 17.41113322 14.18081827 10.50426369 -0.20534606]], Action: [[-1.          0.6711108   1.          0.18273932  1.         -1.        ]], Reward: [0.97450346],Reward_sum: 10.1370849609375, Done: [False]
==========
t: 155, State: [[ 4.02096366e+00 -5.62946630e-02  7.07267896e-02  7.24142035e-04
  -2.02063625e-01  6.56753675e-01  3.18493575e-01  3.84796452e-01
  -1.84473562e-01  3.92284051e+00  8.56339879e-01  6.45076325e+00
   1.63396122e+01 -2.32803357e+01  8.21476410e-01  1.24204462e+01
  -2.19091893e+00  1.04231410e+01]], Action: [[ 1.         -1.          1.          0.26106048 -0.00819533 -0.05512048]], Reward: [3.1848783],Reward_sum: 13.32196044921875, Done: [False]
==========
t: 156, State: [[  4.15359019  -0.06437778   0.30335296   0.54007892  -0.85588488
    0.15378896   0.35625094   0.15397019   0.65435701   1.76496719
   -0.51055461   3.26562129   4.56569714   0.15781987 -12.18294097
   -6.23505197  -6.21360264  17.05989016]], Action: [[ 1.         -1.          0.02373096 -1.         -1.          1.        ]], Reward: [2.1524744],Reward_sum: 15.474433898925781, Done: [False]
==========
t: 157, State: [[ 4.20939631 -0.04669044  0.37449372  0.31918705  0.10979777 -0.46194864
   0.27643325  0.17565078  0.55533662  0.71595291  0.92867422  1.37875928
  -6.52370542 20.2764013  -4.39405107 -2.27765236  2.95172464 -1.87857357]], Action: [[ 0.17812853  0.49992996 -1.         -1.         -0.63977116 -0.20506005]], Reward: [0.8428207],Reward_sum: 16.31725311279297, Done: [False]
==========
t: 158, State: [[  4.23452051   0.03632064   0.46532422  -0.33989922   0.78599551
    0.27303931   0.01911116   0.62269152   0.08692091   0.62353693
    1.78729678   2.28858952 -14.05435506   5.69760242  18.67168849
   -5.62577577   9.91581571 -12.63703941]], Action: [[-1.         1.         1.        -0.5067325  1.        -1.       ]], Reward: [-0.02319381],Reward_sum: 16.29405975341797, Done: [False]
==========
t: 159, State: [[ 4.30613565  0.11195977  0.64266892 -0.53415855  0.62390369  0.74953907
  -0.01364542  0.65275896 -0.40294166  1.80005846  1.32253992  4.10418604
   1.4182066  -6.07071609  2.56621445  1.63185154 -3.98125903 -6.63057306]], Action: [[-1.          0.98248535  1.          0.24204016  1.         -0.3497817 ]], Reward: [1.0176818],Reward_sum: 17.311752319335938, Done: [False]
==========
t: 160, State: [[  4.43763605   0.14038896   0.89768691   0.19719875  -0.19613515
    0.49548251   0.33360307  -0.25997653  -0.03131429   2.36632196
   -0.24525708   3.94969576  15.89036539 -16.23283932  -6.76566088
    7.65583893 -18.98655859  13.62511405]], Action: [[ 1.         -0.19248872  0.867162    0.43839574 -1.          1.        ]], Reward: [2.2318869],Reward_sum: 19.54364013671875, Done: [False]
==========
t: 161, State: [[  4.50211071   0.15132057   0.99488359   0.65720094  -0.45641587
   -0.11582675  -0.06924459  -0.60144011   0.46192395   0.70557935
    0.54607089   1.41979169   3.97170745   2.45578768 -10.98825837
  -16.13353878  -0.76637534   5.74590544]], Action: [[ 1.         -0.3529902  -0.3026371  -1.         -1.          0.16617559]], Reward: [0.9651127],Reward_sum: 20.508750915527344, Done: [False]
==========
t: 162, State: [[  4.5013175    0.24533993   1.07555326   0.26419879   0.40901509
   -0.43418401  -0.41252744  -0.45406881   0.29180188  -0.2105849
    2.0327101    2.06434043 -10.31310256  17.48641679   0.54370523
   -7.60067276   3.92577715 -11.14210357]], Action: [[ 0.15079902  1.         -1.         -1.         -1.         -1.        ]], Reward: [-0.51813823],Reward_sum: 19.990615844726562, Done: [False]
==========
t: 163, State: [[  4.51574081   0.33378849   1.16988501  -0.4293194    0.81502377
    0.34774225  -0.64016527   0.19824604  -0.52990771   0.79301746
    1.25687866   1.85312518 -11.86594041  -0.36526767  17.86735706
   -1.22966613  14.42681014 -15.98867133]], Action: [[-1.          1.          1.         -0.41055185  1.         -1.        ]], Reward: [-0.22838913],Reward_sum: 19.762229919433594, Done: [False]
==========
t: 164, State: [[  4.61528223   0.34287789   1.33518141  -0.17564613   0.16363534
    0.73490543  -0.44968126   0.3806706   -0.46931254   2.15119928
   -0.50385117   3.5479395   10.27937168 -15.30550147   0.84076452
    6.29960198  -1.03826946   2.42258034]], Action: [[ 0.27587503  0.14165129  1.         -0.46847546  0.28801978 -0.85098755]], Reward: [1.7785507],Reward_sum: 21.54077911376953, Done: [False]
==========
t: 165, State: [[  4.69366992   0.29575018   1.52176467   0.4289833   -0.72188428
    0.54435572  -0.25486223  -0.12730547   0.2214908    0.87365371
   -0.90300745   3.04832275   9.3694411  -12.49452155  -4.78151243
    0.84754902 -11.86264347  17.49891192]], Action: [[ 1.        -1.         0.9997892 -1.        -1.         1.       ]], Reward: [0.967796],Reward_sum: 22.508575439453125, Done: [False]
==========
t: 166, State: [[  4.70351396   0.26761381   1.62668736   0.58280748  -0.53340639
   -0.36309183  -0.46639037  -0.52106173   0.53067056  -0.02481115
   -0.44096492   1.83970664   0.42771576   9.68817116 -18.64671981
   -6.93243613  -4.93461964  -1.28232078]], Action: [[ 1.        -0.5627615 -1.        -1.        -1.         1.       ]], Reward: [-0.3347894],Reward_sum: 22.173782348632812, Done: [False]
==========
t: 167, State: [[  4.69503716   0.25667909   1.70559179   0.29813896   0.49850844
   -0.44556039  -0.83606004  -0.49951226  -0.10657581  -0.07292407
   -0.37731413   1.62844799  -5.29099388  18.35890129   2.32183765
   -5.95698191   2.29108597 -16.96980293]], Action: [[ 0.2092904  1.        -1.        -1.        -0.7472822 -1.       ]], Reward: [-0.62975925],Reward_sum: 21.544021606445312, Done: [False]
==========
t: 168, State: [[ 4.74479977e+00  1.85060196e-01  1.71915424e+00 -2.06827556e-01
   8.29997715e-01  4.31711744e-01 -2.49424518e-01 -9.52475383e-03
  -5.95308596e-01  1.28256845e+00 -2.33191107e+00  2.18897395e-01
  -1.07057462e+01 -2.87388996e+00  1.92373829e+01  1.78423987e+01
   1.34512763e+01  3.16255733e+00]], Action: [[-1.  1.  1.  1.  1. -1.]], Reward: [0.3952522],Reward_sum: 21.93927001953125, Done: [False]
==========
t: 169, State: [[ 4.81470089e+00  9.68438623e-02  1.84798166e+00  1.29163445e-02
  -1.89845607e-01  8.06757555e-01  3.42366955e-01  5.41860420e-01
   9.44649492e-02  1.32225150e+00  1.08471218e+00  1.62848735e+00
   5.67737598e+00 -2.19677502e+01 -4.15910509e-01  6.58883229e+00
   7.09488004e+00  1.72428440e+01]], Action: [[ 1.         -1.          1.          0.61111075  0.42563823  0.5834781 ]], Reward: [1.0085154],Reward_sum: 22.947784423828125, Done: [False]
==========
t: 170, State: [[  4.88312919   0.17970641   1.8839776    0.28350505  -0.8776773
    0.23216685   0.33709521   0.37456341   0.57230712   1.36137017
    2.03693764  -0.58986791   1.09389322  -0.09652513 -13.56356106
   -4.05596842  -8.18263099  -2.2858987 ]], Action: [[ 1.         -1.          0.28004375 -1.         -1.          0.58874667]], Reward: [0.9260614],Reward_sum: 23.87384796142578, Done: [False]
==========
t: 171, State: [[ 4.92826081e+00  3.27453314e-01  1.82129594e+00 -2.49520260e-01
   2.52845616e-01 -4.62301391e-01 -2.31921641e-01 -4.28766384e-02
  -1.06925634e-02  4.31504811e-01  3.08580412e+00 -7.99274789e-01
  -1.21470629e+01  2.33166836e+01 -1.73057644e+00 -1.55487621e+01
  -7.44844513e+00 -1.53945577e+01]], Action: [[-0.49594843  1.         -1.         -1.         -0.75807095 -1.        ]], Reward: [0.4205686],Reward_sum: 24.294418334960938, Done: [False]
==========
t: 172, State: [[ 4.94676669  0.40661129  1.78774478 -0.562201    0.82922055 -0.11895599
  -0.64291201 -0.09546821 -0.62724833  0.94821673  0.4861251  -0.50916556
   0.56655454  0.11279088  8.844465   -1.5461256   0.10775118  1.80105358]], Action: [[-1.          1.          0.0340519   0.19458911  0.64338374 -1.        ]], Reward: [0.02482099],Reward_sum: 24.319236755371094, Done: [False]
==========
t: 173, State: [[  5.04667768   0.33249837   1.79356707   0.30456219  -0.24985424
    0.49134617  -0.26102526  -0.08161323  -0.07430596   1.665911
   -2.12602386  -0.96865374  19.5797074  -25.520275    11.05514332
   11.32748413   2.40222478  14.64734912]], Action: [[ 1.         -1.          1.          0.20494723  0.306285    0.7155169 ]], Reward: [1.6334419],Reward_sum: 25.952682495117188, Done: [False]
==========
t: 174, State: [[ 5.09378518  0.27988969  1.73756713  0.77014084 -0.80901086  0.65518985
  -0.04688172 -0.14132421  0.58752009  0.83290226 -0.3727081  -0.77624544
   1.61750351 -0.05452821 -1.43533553  0.29063368 -2.5881304  -0.42164175]], Action: [[ 1.         -1.          0.89362    -0.75256526 -1.          1.        ]], Reward: [0.40565887],Reward_sum: 26.35834503173828, Done: [False]
==========
t: 175, State: [[  5.12268823   0.32286504   1.71260899   0.14622217   0.346363
   -0.25963953  -0.39021808  -0.30174826   0.0244632    0.24631073
    1.06642225  -0.39232915 -14.46404736  23.62598569 -20.40529893
   -9.76458675  -3.26746294 -15.73359819]], Action: [[-0.13773505  1.         -1.         -1.         -1.         -1.        ]], Reward: [0.076164],Reward_sum: 26.434497833251953, Done: [False]
==========
t: 176, State: [[  5.1487466    0.33455307   1.68684168  -0.58310215   0.79653822
   -0.41067645  -0.85539178   0.08877533  -0.61821641   0.90066888
   -0.60804173  -0.50051431 -10.75511936  -2.36637534   4.34053999
   -6.1051981    9.69672779   1.48055113]], Action: [[-1.          1.         -0.39106125 -0.83001024  0.91541684 -1.        ]], Reward: [0.05318403],Reward_sum: 26.487682342529297, Done: [False]
==========
t: 177, State: [[  5.2649717    0.16849393   1.67806944   0.07726425  -0.34740272
    0.31033005  -0.07561598  -0.20852414   0.03217233   2.00226779
   -4.46241666  -0.7948663   18.87589905 -26.18806895  15.92506494
   23.96503445  -8.30592103  17.24267947]], Action: [[ 1.         -1.          1.          1.         -0.51189274  1.        ]], Reward: [1.7982986],Reward_sum: 28.28598403930664, Done: [False]
==========
t: 178, State: [[ 5.29889264e+00  7.87401406e-02  1.63789287e+00  4.22786987e-01
  -8.45921738e-01  7.13987623e-01  2.59067232e-01 -2.80132422e-01
   5.44352012e-01  2.59665064e-03  1.08129570e+00 -4.19016651e-01
  -3.01419008e+00  2.44776761e+00  1.66070487e+00 -4.73370127e+00
  -6.96952730e-01 -1.25311486e+00]], Action: [[ 1.        -1.         1.        -0.9034554 -1.         0.7943488]], Reward: [0.13369656],Reward_sum: 28.419681549072266, Done: [False]
==========
t: 179, State: [[  5.26545953   0.17750243   1.55674127  -0.36215522   0.36557111
    0.12010292  -0.39210769   0.16763768  -0.03901164  -1.26171525
    1.87974968  -1.81056961 -17.067675    23.1790283  -14.41077973
  -14.21345704  10.94059963 -15.59932539]], Action: [[-1.          1.         -0.17310423 -1.          0.2687286  -1.        ]], Reward: [-1.0788803],Reward_sum: 27.340801239013672, Done: [False]
==========
t: 180, State: [[ 5.24065164  0.18990467  1.51355935 -0.57498251  0.72398119  0.08185196
  -0.63345384  0.56745192 -0.60706883  0.22757278 -0.44147434 -0.40386084
   3.24901826 -0.74135012  6.31309613  2.64110196  4.16205781  1.61319416]], Action: [[-1.          1.          0.93508214 -0.534809    1.         -1.        ]], Reward: [-1.0121976],Reward_sum: 26.328601837158203, Done: [False]
==========
t: 181, State: [[  5.28865838   0.07431722   1.56698816   0.32305807  -0.3081878
    0.49900567   0.25427505  -0.16003239  -0.11648517   0.24627269
   -2.91953892   0.80361163  18.50059031 -24.12099304   7.47507106
   22.45764697 -15.95215816  12.66800598]], Action: [[ 1.         -1.          1.          0.9774754  -0.63968295  0.33938825]], Reward: [0.51215094],Reward_sum: 26.840755462646484, Done: [False]
==========
t: 182, State: [[ 5.27911036  0.09398495  1.53245184  0.61807408 -0.78161889  0.63063646
   0.34049707 -0.40831229  0.41244724 -0.06752361  1.53826139 -1.25513324
  -0.11938759 -0.22129068 -0.61493938 -9.36864002 -0.0980335   7.40148441]], Action: [[ 1.         -1.          1.         -0.8439215  -1.          0.06072836]], Reward: [-0.66254956],Reward_sum: 26.178203582763672, Done: [False]
==========
t: 183, State: [[  5.23494596   0.21160581   1.44957176   0.0614914    0.29816853
   -0.1950322   -0.48974741  -0.14491655   0.46606056  -1.55019253
    2.20556046  -1.42912214 -11.98960785  22.35338939 -18.69749716
  -16.90491597   5.98014625  -3.01452995]], Action: [[-0.03918435  1.         -0.8015327  -1.         -0.5679121   0.15070264]], Reward: [-1.1822106],Reward_sum: 24.995990753173828, Done: [False]
==========
t: 184, State: [[ 5.18425320e+00  3.15919598e-01  1.36607500e+00 -5.81641719e-01
   8.14300617e-01 -4.66073952e-01 -7.39766612e-01  4.05139722e-01
  -5.61160863e-03 -5.01340100e-01  1.60291387e+00 -1.34445783e+00
  -9.99114966e+00 -2.20606225e-01  2.06264525e+00 -9.95690468e-01
   1.09340946e+01 -1.33764143e+01]], Action: [[-1.  1. -1. -1.  1. -1.]], Reward: [-1.6138551],Reward_sum: 23.382137298583984, Done: [False]
==========
t: 185, State: [[  5.24713429   0.30910262   1.36990149   0.03274331  -0.15602516
    0.241893    -0.2554945    0.47487953  -0.56656315   1.31016242
   -1.06315049  -0.34769771  17.72659468 -22.72831453  16.75525665
   13.94507963  -2.03936665   0.3523424 ]], Action: [[ 1.         -0.5114605   1.          0.15675592  0.84268975 -1.        ]], Reward: [0.8579928],Reward_sum: 24.240131378173828, Done: [False]
==========
t: 186, State: [[  5.25358872   0.27142637   1.33061332   0.61082562  -0.82097143
    0.6898062    0.22594326  -0.05652062   0.06202103  -0.41026319
   -0.25066462  -1.08056941   5.66657821  -3.21367162   2.61335634
    4.28618399 -11.98867547  16.89170635]], Action: [[ 1.         -1.          0.89791745 -0.5715219  -1.          0.7179214 ]], Reward: [-0.33574182],Reward_sum: 23.90439224243164, Done: [False]
==========
t: 187, State: [[  5.22398458   0.29762985   1.29602716   0.61178275  -0.54887544
   -0.06830791  -0.16434285  -0.39996859   0.55952705  -0.74483605
    0.78182189  -0.11638514  -2.29419768   6.69109897 -18.81057718
  -13.52468514  -3.3954743   -1.74907318]], Action: [[ 1.        -1.        -0.6884127 -1.        -1.         1.       ]], Reward: [-1.1394742],Reward_sum: 22.76491928100586, Done: [False]
==========
t: 188, State: [[  5.14542974   0.33726182   1.30850774  -0.06144052   0.47322673
   -0.49549081  -0.90099744  -0.44194017  -0.08866596  -1.75024523
    0.18020954   0.09267134 -14.64719304  18.69330658   2.57133571
  -11.86269809  -0.33874771 -17.11797813]], Action: [[-0.5279349  1.        -1.        -1.        -1.        -1.       ]], Reward: [-2.0989683],Reward_sum: 20.665950775146484, Done: [False]
==========
t: 189, State: [[ 5.12337182  0.29265174  1.17320954 -0.57281911  0.80123851  0.33825592
  -0.55853509 -0.06452768 -0.5920244   0.47331576 -1.54295219 -3.58005804
  -4.45540507 -2.71597209 18.45487899 14.95285013 10.67328407  2.89116419]], Action: [[-1.         1.         1.         0.4148643  1.        -1.       ]], Reward: [-0.9583697],Reward_sum: 19.707584381103516, Done: [False]
==========
t: 190, State: [[  5.21209816   0.14214248   1.13669604   0.20958343  -0.32566225
    0.75653996   0.41379596   0.2752893   -0.06924646   1.19615308
   -3.83585322   0.03837382  18.07705467 -25.6661736    1.42959372
   19.41877814   6.23157345  13.29798974]], Action: [[ 1.         -1.          1.          0.98724186  0.20579036  0.22976635]], Reward: [1.3675479],Reward_sum: 21.075130462646484, Done: [False]
==========
t: 191, State: [[ 5.21099411  0.01285053  1.10220062  0.58730802 -0.81855657  0.50928473
   0.62879211  0.42211073  0.48376825 -0.25251821 -1.79906685 -1.3366082
   0.64110833  2.67129239 -6.54321208 -3.83878335 -1.19406702  7.67292931]], Action: [[ 1.         -1.          0.86908597 -1.         -1.         -0.21322514]], Reward: [-0.5021586],Reward_sum: 20.57296371459961, Done: [False]
==========
t: 192, State: [[ 5.16213443e+00 -2.36526285e-02  1.05764155e+00  2.70224318e-02
   4.15912193e-02 -2.58554381e-01  1.50794169e-02  8.66943470e-02
   2.66485384e-01 -1.58742681e+00 -5.10294701e-01 -1.10178547e-01
  -1.41227418e+01  1.57481942e+01 -1.50761051e+01 -1.68045942e+01
  -8.76584736e+00 -1.10877227e+01]], Action: [[-0.29676652  0.19070728 -0.73555607 -1.         -1.         -1.        ]], Reward: [-1.3437419],Reward_sum: 19.22922134399414, Done: [False]
==========
t: 193, State: [[ 5.14054705 -0.04864341  0.94078093 -0.56904784  0.55725283 -0.3920628
   0.37729303  0.30474311  0.07043868  0.26428998 -0.95673369 -1.79450302
  -2.76565816  1.64720583  1.71639887  5.30052196  6.48273164 -9.54820725]], Action: [[-1.          1.         -0.30738097  0.205686    0.4828971  -1.        ]], Reward: [-0.76874566],Reward_sum: 18.46047592163086, Done: [False]
==========
t: 194, State: [[ 5.20342873 -0.09213831  0.91598552 -0.13255481  0.15674201  0.26505252
   0.28809536  0.68835085 -0.440731    1.40751085 -1.0184171  -0.60417692
  11.71739688 -9.35426125 15.38140847 -4.34976706  5.71326801 -8.80759931]], Action: [[ 0.4705513   0.493441    1.         -0.31813234  0.7025972  -1.        ]], Reward: [0.9516583],Reward_sum: 19.41213607788086, Done: [False]
==========
t: 195, State: [[ 5.23597892e+00 -1.69231216e-01  8.77101130e-01  1.07056271e-01
   8.41290788e-04  7.47925162e-01  4.98068872e-01  3.50673684e-01
  -6.57160947e-02  2.37090915e-01 -1.70624840e+00 -6.42633388e-01
   4.55882276e-01  1.06705320e+00  4.08113356e+00  7.20906387e+00
  -1.02314581e+01  1.49534512e+01]], Action: [[-0.40986562  0.12366904  1.          1.          0.2684368   1.        ]], Reward: [0.32546958],Reward_sum: 19.737606048583984, Done: [False]
==========
t: 196, State: [[  5.25896009  -0.23416875   0.87380464   0.38678463  -0.38840971
    0.35497954   0.6579424   -0.1193884    0.64224714  -0.14200828
   -0.01173306  -1.81362443   5.02774996  -7.60531924 -11.1088213
    1.85130068  -0.55178183  -0.33931578]], Action: [[ 1.         -1.          0.313374    0.16904485 -1.          1.        ]], Reward: [0.0469454],Reward_sum: 19.784549713134766, Done: [False]
==========
t: 197, State: [[  5.24641923  -0.19422058   0.76404213   0.4768159   -0.51114385
   -0.49739758   0.47464184   0.23134102   0.5154446   -0.33312732
    1.2852697   -2.25837356  -0.79875588   0.46379816 -14.81066748
   -5.30487502   8.30673727  -1.85888733]], Action: [[ 1.         -0.62304854 -1.         -1.         -1.         -0.57983184]], Reward: [-0.72325665],Reward_sum: 19.061294555664062, Done: [False]
==========
t: 198, State: [[  5.1904163   -0.09515575   0.65418057  -0.23098485   0.17118722
   -0.43157461   0.17782911   0.64906169   0.3015439   -1.48013493
    1.96037501  -2.38719852 -16.92075837  12.62667447   1.22621262
   -4.7102555    6.44050071  -5.15053351]], Action: [[-0.8694334  0.5539082 -1.        -1.        -0.2417864 -1.       ]], Reward: [-1.5321776],Reward_sum: 17.529117584228516, Done: [False]
==========
t: 199, State: [[ 5.15866191e+00 -1.94430211e-02  5.55427730e-01 -5.56369880e-01
   3.62296866e-01  2.38382672e-01  1.35986675e-02  9.19954120e-01
  -9.44528403e-02  7.74587882e-02  1.46055635e+00 -1.09272969e+00
   3.05911870e+00 -1.65228478e+00  1.46909008e+01 -1.31832113e+00
  -3.63203109e-01 -8.16257736e+00]], Action: [[-0.29713267  1.          1.         -0.6184715   1.         -1.        ]], Reward: [-1.0821673],Reward_sum: 16.446949005126953, Done: [False]
==========
HalfCheetah-v4 - Steps: 200, Return: 16.446949005126953, State: [[ 5.15866191e+00 -1.94430211e-02  5.55427730e-01 -5.56369880e-01
   3.62296866e-01  2.38382672e-01  1.35986675e-02  9.19954120e-01
  -9.44528403e-02  7.74587882e-02  1.46055635e+00 -1.09272969e+00
   3.05911870e+00 -1.65228478e+00  1.46909008e+01 -1.31832113e+00
  -3.63203109e-01 -8.16257736e+00]]
