[CudaDevice(id=0)]
Using AIRL:  False
Using GAIL:  False
Using RGCL:  False
Experiment State @  2025-07-28 11:09:19.131961-05:00
Experiment Saved @  results/experiment_132
Experiment Settings Saved @  results/experiment_132
132
Using cuda device
Wrapping the env with a `Monitor` wrapper
Wrapping the env in a DummyVecEnv.
Wrapping the env with a `Monitor` wrapper
Wrapping the env in a DummyVecEnv.
t: 0, State: [[ -0.07442107   0.03318716   0.06230283   0.28161493   0.03734405
   -0.4253007   -0.22922282  -0.13185511  -0.13075775  -0.16493124
   -0.90476056   0.43380809   5.29780768  -0.11054753 -10.11904799
   -7.63695819  -6.330796    -6.61709674]], Action: [[ 1.          0.30754524 -1.         -1.         -1.         -0.9220768 ]], Reward: [-0.5533076],Reward_sum: -0.5533075928688049, Done: [False]
==========
t: 1, State: [[-0.11549815 -0.0363748   0.07663481  0.03744516  0.48848885 -0.41903895
  -0.71743981 -0.12271258 -0.21101552 -0.89755422 -1.6138028   0.16940124
  -8.00528668  9.94754643  0.40287274 -8.18410812  2.71486492  1.33283243]], Action: [[-0.5471904   1.         -1.         -0.6696894   0.25259942  0.2013896 ]], Reward: [-1.1067684],Reward_sum: -1.6600759029388428, Done: [False]
==========
t: 2, State: [[-0.10712864 -0.11174782 -0.02313133 -0.40111625  0.74892101  0.34499195
  -0.22595521  0.11390103 -0.4246998   0.85022477 -1.59659427 -2.6999923
  -7.33837261  0.82109789 17.68726646 17.43189422  6.52364265 -5.93558805]], Action: [[-1.         1.         1.         1.         1.        -0.9556416]], Reward: [-0.42393488],Reward_sum: -2.0840108394622803, Done: [False]
==========
t: 3, State: [[-3.16430405e-04 -1.16192962e-01  1.95977932e-02  7.66304734e-02
   2.10132853e-02  7.04123229e-01  5.23118020e-01  4.24597548e-02
  -4.94996897e-01  2.83675386e+00  9.30356488e-01  2.76243253e+00
   1.17978325e+01 -1.23923470e+01 -2.10506293e-01  1.15630242e+01
  -3.30262204e+00  3.45467717e+00]], Action: [[ 1.         -1.          1.          0.626707    0.3242733   0.14907716]], Reward: [1.7842304],Reward_sum: -0.2997804880142212, Done: [False]
==========
t: 4, State: [[ 8.69323127e-02 -6.71210837e-02  1.28089617e-01  5.75158681e-01
  -5.94810839e-01 -3.70182924e-03  3.04139843e-01 -4.03271190e-02
   8.04323288e-02  9.32877612e-01  8.81046616e-01  1.64739213e+00
   6.05340882e+00 -8.11482738e+00 -1.63246388e+01 -1.26876406e+01
  -2.05119456e+00  1.38447067e+01]], Action: [[ 1.         -0.90488034 -0.41153622 -1.         -1.          0.3072487 ]], Reward: [1.3367176],Reward_sum: 1.0369371175765991, Done: [False]
==========
t: 5, State: [[  0.08097527  -0.02140554   0.12587434   0.41698487   0.10411559
   -0.47019448  -0.22385016  -0.21414308   0.53799676  -0.51735073
    0.52229704   0.18628515  -5.34905822  18.79564095   1.5618083
  -13.53358329  -3.32975106  -0.81919512]], Action: [[ 0.85131234  0.88036215 -1.         -1.         -1.         -0.06896688]], Reward: [-0.5695935],Reward_sum: 0.46734362840652466, Done: [False]
==========
t: 6, State: [[ 7.47212571e-02 -3.89710414e-03  1.23315452e-01 -1.46860915e-01
   8.41732732e-01 -2.91522707e-01 -3.33644401e-01 -1.42131704e-02
  -1.92558598e-01  4.20076571e-01  3.15632705e-01 -5.26444614e-01
  -1.27478136e+01  8.22303898e+00  2.84268285e+00  5.73793659e+00
   6.63213939e+00 -1.91961425e+01]], Action: [[-1.          1.         -0.76460046  0.8589972   1.         -0.91872555]], Reward: [-0.64173496],Reward_sum: -0.17439132928848267, Done: [False]
==========
t: 7, State: [[ 0.13040021  0.01596176  0.13728439 -0.50615586  0.60377291  0.37071458
  -0.05982209  0.43102509 -0.52805389  1.34052374  0.25814903  0.65577366
  -2.77091703 -7.70291869 14.0710892   4.84688018  8.7517345   1.55526916]], Action: [[-0.68079805  1.          1.         -0.01281297  0.96089923 -1.        ]], Reward: [0.6748814],Reward_sum: 0.5004901885986328, Done: [False]
==========
t: 8, State: [[  0.23181061   0.03512231   0.27903284   0.05779943  -0.45525802
    0.66728885   0.26399823   0.19972035   0.10039299   2.05958571
   -0.18833635   2.47080157  13.2398529  -20.98123751   0.63315899
    6.4924501   -8.71470248  16.37956819]], Action: [[ 0.74335676 -0.7944265   1.          0.07842329 -0.4526417   0.7803325 ]], Reward: [1.7278433],Reward_sum: 2.2283334732055664, Done: [False]
==========
t: 9, State: [[ 2.84233751e-01 -1.83200003e-03  3.18121730e-01  4.72672167e-01
  -7.82254243e-01 -2.60253930e-01  9.44593202e-02 -1.42823206e-01
   5.78949325e-01  3.88117722e-01 -9.79250752e-01  1.18301713e-01
   3.77952199e+00  2.92816328e+00 -2.16791159e+01 -9.14992794e+00
  -5.32098887e+00 -2.35994803e+00]], Action: [[ 1.         -0.81920075 -1.         -1.         -1.          0.9458018 ]], Reward: [0.49189976],Reward_sum: 2.720233201980591, Done: [False]
==========
t: 10, State: [[ 2.47990978e-01  7.19364080e-03  2.11393763e-01 -2.56824462e-02
   4.13930854e-01 -4.33029146e-01  4.41935908e-02  7.12073052e-02
   4.21903400e-01 -1.28749806e+00  3.09914319e-01 -2.45423722e+00
  -1.30140724e+01  2.31934912e+01  1.09781864e+00 -3.57704521e+00
   7.34613355e+00 -5.64517003e+00]], Action: [[-0.66624403  1.         -1.         -0.8111163   0.01309307 -0.42711473]], Reward: [-1.0532944],Reward_sum: 1.6669387817382812, Done: [False]
==========
t: 11, State: [[ 2.27595568e-01  9.31364933e-03  1.22590376e-01 -5.45472731e-01
   7.90943096e-01  3.24733287e-01  1.75804409e-01  4.09553571e-01
  -2.90479892e-01  1.86963248e-01  4.79749895e-02 -8.76369206e-01
  -6.04485194e+00 -3.07057044e+00  1.72788696e+01  5.62138475e+00
   5.22085354e+00 -1.62221797e+01]], Action: [[-0.89954364  0.91808295  1.          0.78803384  1.         -0.9586366 ]], Reward: [-0.9271118],Reward_sum: 0.7398269772529602, Done: [False]
==========
t: 12, State: [[  0.27484251   0.0302033    0.15726483  -0.06243103   0.09399005
    0.70249761   0.42824682   0.49270337  -0.38084863   1.14027929
    0.15065459   0.44891097  13.12926227 -14.54187191   1.1553184
    4.52291499   0.29233644   6.57457612]], Action: [[0.5279724  0.20552325 1.         0.47735262 0.70898926 0.596233  ]], Reward: [0.70423687],Reward_sum: 1.4440639019012451, Done: [False]
==========
t: 13, State: [[  0.29221443   0.03592757   0.16436097   0.55395711  -0.64575391
   -0.04602015   0.19751131   0.14024324   0.29211119  -0.45253602
   -0.15216264  -0.29325614   8.0664785   -9.81418804 -17.79359531
  -10.36270978  -9.96424708  14.57261065]], Action: [[ 1.         -0.94019896 -0.5634261  -1.         -1.          0.48227358]], Reward: [-0.09596277],Reward_sum: 1.3481011390686035, Done: [False]
==========
t: 14, State: [[  0.23163751  -0.01785639   0.17818846   0.52564004  -0.38512331
   -0.49896285  -0.60508003  -0.32607279   0.53157839  -1.19222268
   -1.74953617   0.9372315   -3.11278653  10.00360064   2.5321982
  -17.81920752  -7.9235046   -2.0143823 ]], Action: [[ 1.         -0.27277905 -1.         -1.         -1.          1.        ]], Reward: [-1.7189791],Reward_sum: -0.3708779811859131, Done: [False]
==========
t: 15, State: [[  0.19607724  -0.11484678   0.08029414  -0.02773198   0.64622965
    0.22084689  -0.55417239  -0.19328724   0.25129428  -0.29392756
   -1.91914393  -3.84078987 -12.59890336  17.61089907  15.93898537
   12.84684657   7.19105027  -5.88042862]], Action: [[-1.        1.        0.516758  1.        1.        1.      ]], Reward: [-1.2379094],Reward_sum: -1.6087872982025146, Done: [False]
==========
t: 16, State: [[ 2.50901977e-01 -1.77891000e-01 -9.97440035e-02  7.56843567e-03
   4.54807129e-01  7.46840944e-01  2.21239275e-01  1.51442585e-02
  -5.33915092e-01  1.47968027e+00 -8.87332948e-01 -3.22604776e+00
   6.61238870e+00 -1.26190572e+01  5.03322293e+00  1.39887077e+01
   3.31858250e+00 -1.75090235e+01]], Action: [[ 0.30088007 -0.18609993  1.          0.91563845  1.         -0.42583078]], Reward: [0.7820061],Reward_sum: -0.8267812132835388, Done: [False]
==========
t: 17, State: [[ 3.52641023e-01 -1.65429904e-01 -9.31437770e-02  4.74751775e-01
   1.64536911e-03  7.59758507e-01  4.29195085e-01  3.57469921e-02
  -3.08513724e-01  1.97348033e+00  6.57127004e-01  1.53355641e+00
   9.37298947e+00 -1.15588804e+01 -3.27953160e+00 -1.91534119e+00
  -9.62651256e-01  8.37480917e+00]], Action: [[ 1.         -1.          1.         -0.39168963 -0.6833867  -0.13561668]], Reward: [1.670898],Reward_sum: 0.844116747379303, Done: [False]
==========
t: 18, State: [[ 3.91949102e-01 -1.18301873e-01 -2.17667092e-02  7.03279473e-01
  -2.37384198e-01 -2.20365246e-01  5.07372991e-02 -2.30838878e-01
   4.79893699e-02 -7.79489736e-04  1.04020897e+00  1.59420720e+00
   3.62132138e-02 -1.87216281e+00 -2.22550994e+01 -1.15352427e+01
  -6.46689408e+00  5.18407220e+00]], Action: [[ 1.         -0.32936865 -1.         -0.9018464  -1.         -0.34014815]], Reward: [0.38241044],Reward_sum: 1.226527214050293, Done: [False]
==========
t: 19, State: [[  0.35746774  -0.10562949   0.08599785   0.17696011   0.33285693
   -0.4661944   -0.75441983  -0.43784974  -0.0917672   -0.47269495
   -0.3060928    2.08913687 -11.42872873  13.18260037   2.12172135
  -15.28242818  -2.86721278  -7.09171553]], Action: [[ 0.16498049  1.         -1.         -1.         -1.         -1.        ]], Reward: [-1.1923492],Reward_sum: 0.03417801856994629, Done: [False]
==========
t: 20, State: [[ 3.86953121e-01 -1.02418462e-01  1.77311646e-02 -4.03186022e-01
   7.79252813e-01  3.66250963e-01 -4.04284697e-01 -1.48825004e-01
  -1.06733201e-01  1.36206791e+00  1.87879799e-01 -3.00080688e+00
  -9.42594437e+00  3.74789566e+00  1.84905623e+01  1.74668555e+01
   1.04145675e+01  4.26280138e+00]], Action: [[-1.  1.  1.  1.  1.  1.]], Reward: [-0.01029231],Reward_sum: 0.023885706439614296, Done: [False]
==========
t: 21, State: [[  0.51559268  -0.05262124   0.02942304   0.15618471  -0.21953966
    0.76564873   0.24286464   0.14449332  -0.12505354   2.64775283
    1.01062734   0.07422931  16.22848769 -25.29092679   1.01409189
    9.70387874  -0.83538142  -5.60248559]], Action: [[ 1.         -1.          1.          0.09898847  0.09694736 -0.24768908]], Reward: [2.2647364],Reward_sum: 2.2886221408843994, Done: [False]
==========
t: 22, State: [[ 6.00591325e-01 -6.90619990e-03  5.59672471e-02  6.42270682e-01
  -6.69525519e-01  1.91313935e-01  1.42029960e-01 -4.52868545e-02
   1.90630031e-01  9.34285775e-01  8.13931957e-01  7.44096205e-01
   4.62027597e+00 -1.21534540e+00 -1.43079184e+01 -9.06195288e+00
  -5.49881961e+00  1.14907405e+01]], Action: [[ 1.         -1.         -0.08551443 -1.         -1.          1.        ]], Reward: [1.1992416],Reward_sum: 3.487863779067993, Done: [False]
==========
t: 23, State: [[ 5.82322271e-01 -1.05101741e-02  1.23208228e-01  1.59445915e-01
   3.45085948e-01 -4.61001771e-01 -6.02481184e-01 -3.27972900e-01
   1.59609861e-01 -5.14109379e-01 -6.47491981e-01  1.95354805e+00
  -1.25684670e+01  2.17702445e+01 -1.41056713e+00 -1.62183238e+01
  -5.25977754e+00 -7.77869452e+00]], Action: [[-0.18222617  1.         -1.         -1.         -1.         -1.        ]], Reward: [-0.8687017],Reward_sum: 2.61916184425354, Done: [False]
==========
t: 24, State: [[  0.62403871  -0.02102057   0.12122476  -0.36161674   0.82012
   -0.30167081  -0.4342398   -0.14667232  -0.5011069    1.71237413
    0.21534744  -0.81753479  -7.85898999  -1.39744942   3.84531763
   14.11985061   7.80450781 -13.15103538]], Action: [[-1.         1.        -0.6011898  1.         1.        -0.7012383]], Reward: [0.3490123],Reward_sum: 2.9681742191314697, Done: [False]
==========
t: 25, State: [[ 7.60181757e-01  2.69232569e-03  1.87271676e-01  2.64075183e-02
  -3.52418553e-02  3.27444257e-01 -5.22005563e-03  4.53306448e-01
  -4.21042565e-01  2.93364835e+00  1.75541654e-02  1.77270138e+00
   1.18187049e+01 -1.96745991e+01  1.36213309e+01  5.09759062e+00
   1.23766924e+01  7.00249885e+00]], Action: [[ 0.80988896 -0.1848182   1.         -0.31795374  0.6860321  -0.43430853]], Reward: [2.4778173],Reward_sum: 5.445991516113281, Done: [False]
==========
t: 26, State: [[ 8.64623532e-01  4.39011211e-03  1.87260275e-01  5.21636246e-01
  -7.67783424e-01  6.87100143e-01  4.91151565e-02  1.36294595e-01
   1.06765375e-01  1.43209127e+00 -3.29046862e-01 -4.24564018e-01
   5.91498589e+00 -6.86212641e+00  1.99460990e+00 -3.11197138e+00
  -9.30537260e+00  1.61244289e+01]], Action: [[ 1.        -1.         1.        -0.8252866 -0.6887151  1.       ]], Reward: [1.5732929],Reward_sum: 7.019284248352051, Done: [False]
==========
t: 27, State: [[  0.88966962  -0.02376951   0.18291596   0.48123613  -0.57336158
   -0.19793178  -0.36423715  -0.33845145   0.54228466   0.12622883
   -0.88832266   0.47114075  -3.69083549   6.26427421 -21.55309291
  -11.9826523   -7.92984679  -1.57608374]], Action: [[ 0.6257098 -1.        -1.        -1.        -1.         0.5717312]], Reward: [0.02908283],Reward_sum: 7.048367023468018, Done: [False]
==========
t: 28, State: [[  0.87595778  -0.10713403   0.16215386  -0.18734826   0.46177861
   -0.48427533  -0.98115907  -0.16269684  -0.13998401   0.03003671
   -2.08840878  -1.15311274 -13.67721457  19.11249611   2.78858375
   -8.54848863   7.22153607 -17.89876032]], Action: [[-0.6677349   1.         -1.         -1.          0.19803716 -1.        ]], Reward: [-0.7227457],Reward_sum: 6.325621128082275, Done: [False]
==========
t: 29, State: [[ 9.52739555e-01 -1.83963516e-01 -1.56670097e-02 -5.58932914e-01
   7.92972328e-01  3.35512767e-01 -4.35380949e-01  1.67723923e-01
  -6.01851678e-01  2.48254069e+00 -1.09062835e+00 -3.80505516e+00
   3.55697689e-01 -3.25287695e+00  1.77905743e+01  1.82810875e+01
   6.39547331e+00  3.31171573e+00]], Action: [[-1.         1.         1.         0.6152347  1.        -1.       ]], Reward: [0.99778414],Reward_sum: 7.3234052658081055, Done: [False]
==========
t: 30, State: [[ 1.14239046e+00 -1.46677262e-01  9.96271967e-03  1.58998491e-01
   6.41823506e-02  6.78218856e-01  2.34118790e-01 -1.86909260e-01
  -3.16814727e-01  4.42420989e+00  1.36108030e+00  2.18459754e+00
   1.66798215e+01 -1.70840312e+01  7.32006186e-01  1.04096987e+01
  -6.58848437e+00  9.75060301e+00]], Action: [[ 1.         -1.          1.          0.1646375  -0.22922616  0.58883435]], Reward: [3.4503806],Reward_sum: 10.773785591125488, Done: [False]
==========
t: 31, State: [[  1.29286215  -0.10699535   0.05019644   0.66484162  -0.30453709
   -0.1542397    0.09984446  -0.34359588   0.46470838   1.96126094
    0.95922297  -0.27532284   4.65751283  -0.01954891 -19.4161822
   -5.93149012  -5.13757098  17.12828703]], Action: [[ 1.         -0.05816101 -0.8049044  -1.         -1.          0.8631545 ]], Reward: [2.5698047],Reward_sum: 13.343591690063477, Done: [False]
==========
t: 32, State: [[  1.33941586  -0.07954124   0.08040332   0.3558169    0.27281011
   -0.4572604   -0.52616319  -0.41228945   0.2528071    0.78916625
    0.17429533   1.18919566  -8.79531528  12.46673879   1.73041384
  -13.91467629  -0.03471343 -13.55145042]], Action: [[ 0.40350384  0.7438715  -1.         -1.         -1.         -1.        ]], Reward: [0.4594583],Reward_sum: 13.80305004119873, Done: [False]
==========
t: 33, State: [[  1.42080205  -0.06784712   0.02859551  -0.28832829   0.75119838
    0.38143947  -0.33951613  -0.04947688  -0.33250274   2.32045599
    0.17033881  -2.43906679 -12.39626724   4.83719677  18.66345435
   13.35564346   9.9832396   -7.81284597]], Action: [[-1.         1.         1.         1.         1.         0.2743814]], Reward: [1.1201953],Reward_sum: 14.923245429992676, Done: [False]
==========
t: 34, State: [[  1.5512072   -0.03560763   0.06688918  -0.3704642    0.03262313
    0.80883861  -0.09586809   0.56011635  -0.51815289   2.49206211
    0.63557339   2.14802304   3.41654398 -20.08012013   0.02814563
    0.74071855  10.2698926    0.82524861]], Action: [[-0.49678868 -0.5422286   1.         -0.6437956   0.68252337 -1.        ]], Reward: [2.2659907],Reward_sum: 17.18923568725586, Done: [False]
==========
t: 35, State: [[ 1.70413561e+00  8.96573116e-03  1.64920716e-01  1.75646389e-01
  -7.44466050e-01  5.57210095e-01  9.03018400e-02  1.84558280e-01
  -4.40403424e-02  3.25582530e+00  5.91013116e-01  1.75981883e+00
   1.10899503e+01 -8.14116878e+00 -5.81336037e+00  3.69771973e+00
  -1.06793305e+01  1.59046600e+01]], Action: [[ 1.         -1.          1.         -0.10736161 -0.26069146  1.        ]], Reward: [2.6506195],Reward_sum: 19.839855194091797, Done: [False]
==========
t: 36, State: [[ 1.82321588e+00 -1.22372496e-03  1.87298532e-01  4.88698749e-01
  -3.80422838e-01 -3.80990207e-01 -1.30071799e-01 -2.79396099e-01
   5.54675866e-01  1.84961836e+00 -6.03669312e-01  1.80941429e-01
   4.50327929e+00  1.22333425e+01 -1.85368862e+01 -9.21650837e+00
  -7.08071505e+00 -1.73408962e-01]], Action: [[ 1.         -0.19017605 -1.         -1.         -1.          0.5649977 ]], Reward: [1.9460666],Reward_sum: 21.785921096801758, Done: [False]
==========
t: 37, State: [[  1.88241898  -0.05682859   0.23318222   0.45149037   0.54882477
   -0.43987304  -0.7945313   -0.41521127  -0.04488125   1.15486571
   -1.28636003   1.73078549  -1.32298825  15.3730254    2.9929973
  -13.54084872  -0.86548308 -16.75471705]], Action: [[ 0.38719332  1.         -1.         -1.         -0.7881783  -1.        ]], Reward: [0.70694745],Reward_sum: 22.492868423461914, Done: [False]
==========
t: 38, State: [[  1.98274177  -0.07440479   0.24667803  -0.06867442   0.81747113
    0.47239     -0.45869863  -0.11526011  -0.46835326   2.67487899
   -0.10818871  -0.5580458  -12.91690477  -2.42563542  19.58071145
   16.87062762   9.65548189  -1.4947444 ]], Action: [[-1.          1.          1.          1.          1.          0.53582543]], Reward: [1.4777449],Reward_sum: 23.970613479614258, Done: [False]
==========
t: 39, State: [[  2.16454908  -0.0560523    0.26814956   0.2183092   -0.23659573
    0.78947521   0.07981754  -0.1765762   -0.51862468   3.67847707
    0.40227682   0.07640957  11.87667233 -25.00505212  -2.78485282
    7.48401164  -1.36748298   2.88580816]], Action: [[ 1.         -1.          1.          0.05428368  0.24683149 -0.15578364]], Reward: [3.327332],Reward_sum: 27.297943115234375, Done: [False]
==========
t: 40, State: [[  2.27711374  -0.05525207   0.18884873   0.51828946  -0.70181397
   -0.09215518  -0.02201432  -0.30361002   0.13206183   1.47061151
   -0.22147776  -2.26259661   0.90841291   1.06183573 -19.14708084
   -8.15954487  -2.19027925  17.12326476]], Action: [[ 1.         -0.53175575 -0.488845   -1.         -1.          1.        ]], Reward: [1.7991198],Reward_sum: 29.097063064575195, Done: [False]
==========
t: 41, State: [[  2.31921821  -0.11593164   0.05843117   0.13156922   0.27554495
   -0.44264384  -0.59552216  -0.29760643   0.27867191   0.94959485
   -1.87324762  -2.594711    -7.53086206  20.55012272   1.20421061
  -11.00741745   0.43320731  -5.72080372]], Action: [[ 0.32030842  1.         -1.         -1.         -0.897814   -1.        ]], Reward: [0.3512228],Reward_sum: 29.448286056518555, Done: [False]
==========
t: 42, State: [[  2.41860538  -0.19903555  -0.15646578  -0.30033972   0.84202605
    0.38154101  -0.2883587    0.02018726  -0.45624226   2.74496176
   -1.30495656  -4.62062924  -7.13242661  -0.19263429  19.14130086
   14.38448826   8.36144474 -16.3055088 ]], Action: [[-1.  1.  1.  1.  1. -1.]], Reward: [1.3877432],Reward_sum: 30.836029052734375, Done: [False]
==========
t: 43, State: [[  2.61224549  -0.18602497  -0.17704771   0.05458845   0.47157255
    0.83131935   0.27433624   0.39531534  -0.55364692   4.01827574
    1.08964467   0.84208182  12.03429558 -11.20204369  -1.12886744
    7.57417511  -1.04656887  -4.05142853]], Action: [[ 0.12883759 -0.52786213  1.          0.33137554  0.9352157  -0.5327947 ]], Reward: [3.6164477],Reward_sum: 34.452476501464844, Done: [False]
==========
t: 44, State: [[ 2.78327733e+00 -1.25619427e-01 -6.14466493e-02  7.01824155e-01
  -2.39969906e-01  2.93436203e-01  1.73521113e-01  6.72882060e-03
  -1.06134568e-01  2.67799454e+00  1.02723005e+00  2.73028086e+00
   9.05394504e+00 -1.43122409e+01 -1.41107617e+01 -8.65628069e+00
  -1.02380686e+01  1.41657172e+01]], Action: [[ 1.         -0.85756284 -0.10503691 -0.9216804  -1.          0.48735905]], Reward: [3.0372906],Reward_sum: 37.489768981933594, Done: [False]
==========
t: 45, State: [[ 2.85454245e+00 -1.19574314e-01  9.01469951e-02  5.18607086e-01
   2.57156854e-03 -5.06405615e-01 -6.36004612e-01 -4.27416907e-01
   4.01918800e-01  1.24540531e+00 -4.46074115e-01  3.33273486e+00
  -8.06606491e+00  1.16965008e+01 -9.32802555e+00 -1.81522323e+01
  -6.72409693e+00  5.49967357e+00]], Action: [[ 0.6060455   0.65117913 -1.         -1.         -1.          0.08556692]], Reward: [1.0454378],Reward_sum: 38.53520584106445, Done: [False]
==========
t: 46, State: [[  2.93381075  -0.13318059   0.15702299  -0.20366771   0.70304088
   -0.34389625  -0.82387577  -0.1116865   -0.06174963   2.05050534
   -0.17296688  -0.34071967 -14.93152242  10.08652181   4.09290375
    6.61017714  10.9129767  -15.2231624 ]], Action: [[-1.          1.         -0.67337126  0.17292288  1.         -0.7983314 ]], Reward: [1.1732996],Reward_sum: 39.70850372314453, Done: [False]
==========
t: 47, State: [[ 3.09840976 -0.12058801  0.10887384 -0.37779109  0.51563599  0.35358385
  -0.238253    0.12638069 -0.56165323  3.4877105   0.63810869 -1.62228525
   2.80709204 -9.00053656 14.785107   10.97240947 -4.45265517  1.25137736]], Action: [[-0.17905395  0.5278276   1.          0.18324757  1.         -1.        ]], Reward: [2.957556],Reward_sum: 42.66606521606445, Done: [False]
==========
t: 48, State: [[  3.30273929  -0.07733422   0.10666184   0.29621162  -0.45387187
    0.69792456   0.22463191  -0.24037926   0.08558815   4.30529511
    0.87289266   0.61789889  13.09519975 -12.22193575   1.70650559
    6.40874843  -5.99850764  17.3242573 ]], Action: [[ 1.         -1.          1.         -0.03612357 -0.6564697   1.        ]], Reward: [3.6433647],Reward_sum: 46.30942916870117, Done: [False]
==========
t: 49, State: [[  3.46452012  -0.05594948   0.11203339   0.6888648   -0.63650078
   -0.19855287   0.05722078  -0.35579186   0.57356408   2.54985267
    0.22103325   0.19648466   3.25791761   1.43692217 -21.52724738
   -8.20361209  -0.56329715  -2.20054391]], Action: [[ 1.        -1.        -1.        -0.6641693 -1.         1.       ]], Reward: [2.6915045],Reward_sum: 49.00093460083008, Done: [False]
==========
t: 50, State: [[  3.51514284  -0.06976588   0.17417112  -0.10682325   0.44785146
   -0.47719568  -0.66966357  -0.21711269  -0.07151747   0.82160079
   -0.88026507   1.49446252 -20.23811869  21.02681856   2.55560026
  -14.44670692   3.19063181 -16.87298564]], Action: [[-1.         1.        -1.        -1.        -0.5487331 -1.       ]], Reward: [0.48234367],Reward_sum: 49.4832763671875, Done: [False]
==========
t: 51, State: [[ 3.65291618 -0.10073152  0.14300116 -0.57782653  0.79937113  0.28779994
  -0.51362309  0.08280214 -0.52951159  3.94965136 -0.1580482  -1.15385007
   1.73135763 -2.25605241 16.58904871 11.76015872  6.58198434  1.10386094]], Action: [[-1.         1.         1.         0.4641819  1.        -0.5025263]], Reward: [2.308667],Reward_sum: 51.79194259643555, Done: [False]
==========
t: 52, State: [[  3.88843021  -0.07333415   0.18363571   0.28388902  -0.32786743
    0.71973137   0.03230091  -0.12769427  -0.4027549    4.60328549
    0.13085984   0.09353967  18.32521436 -25.37972077   2.78834684
    9.50437609  -5.44504781   4.33739936]], Action: [[ 1.         -1.          1.         -0.23671171 -0.2887311   0.01767503]], Reward: [4.39631],Reward_sum: 56.18825149536133, Done: [False]
==========
t: 53, State: [[  4.0366905   -0.09406227   0.12861257   0.72490835  -0.80942609
    0.04661935  -0.04518716  -0.36453267   0.25255301   2.01853068
   -0.56869047  -1.28935814   1.64687102   1.08954376 -16.93894244
   -8.58756453  -3.63505306  15.84713374]], Action: [[ 1.         -0.9725588  -0.40957338 -1.         -1.          1.        ]], Reward: [2.4538438],Reward_sum: 58.642093658447266, Done: [False]
==========
t: 54, State: [[  4.09516206  -0.16740298   0.06157346   0.23948538   0.30771974
   -0.45600393  -0.65941998  -0.40343066   0.28508991   1.20903626
   -2.07310755  -1.32795325 -10.40283767  23.09180511   1.09529145
  -11.62911549   0.0885257   -8.19731472]], Action: [[ 0.29807118  1.         -1.         -1.         -1.         -1.        ]], Reward: [0.6605466],Reward_sum: 59.30263900756836, Done: [False]
==========
t: 55, State: [[  4.21019514  -0.24876182  -0.09508557  -0.32175115   0.81505631
    0.38090671  -0.33037615  -0.020132    -0.52799162   3.11339589
   -1.3024409   -3.68805784  -9.31509201  -1.32772812  19.14835597
   15.19838277  10.53871879 -16.90634656]], Action: [[-1.          1.          1.          0.93505836  1.         -1.        ]], Reward: [1.7132282],Reward_sum: 61.015869140625, Done: [False]
==========
t: 56, State: [[ 4.4095571  -0.22529589 -0.14225019 -0.02690073  0.55127444  0.85968544
   0.28000937  0.05309113 -0.52862406  4.08216388  1.3655859   0.21779843
  11.59679283 -7.94734075 -1.88819198  8.90103513 -1.64070931  1.66041739]], Action: [[-0.14738391 -0.3781963   1.          0.60946745  0.98461896 -0.4856335 ]], Reward: [3.713087],Reward_sum: 64.72895812988281, Done: [False]
==========
t: 57, State: [[  4.58673885  -0.137697    -0.04908798   0.69054596  -0.20973925
    0.20914074   0.13295983  -0.12379019  -0.15171396   2.85677653
    1.62027211   2.32399906  11.26467476 -16.2062891  -15.47819021
  -10.18910811  -4.52979079   9.6070585 ]], Action: [[ 1.         -1.         -0.32398266 -1.         -1.         -0.10200413]], Reward: [3.1320982],Reward_sum: 67.86105346679688, Done: [False]
==========
t: 58, State: [[  4.67449625  -0.0987749    0.09213264   0.67522853  -0.28999708
   -0.47628117  -0.6637874   -0.36911385   0.22481583   1.58492502
    0.29976526   3.30785664  -5.7741477    5.49894541  -1.26697798
  -16.80288809  -4.77548677   4.57221117]], Action: [[ 0.8921592  -0.02596341 -1.         -1.         -1.         -0.04144718]], Reward: [1.3753139],Reward_sum: 69.23636627197266, Done: [False]
==========
t: 59, State: [[ 4.74117427e+00 -8.80867096e-02  1.74959639e-01 -1.46824683e-01
   5.57909043e-01 -3.12279242e-03 -1.03546485e+00 -2.00532073e-03
  -1.36948530e-01  1.70224522e+00  1.51037176e-01 -4.22278105e-01
  -1.74853188e+01  1.55348437e+01  1.13120607e+01  3.83804292e+00
   1.01365631e+01 -1.24166403e+01]], Action: [[-1.          1.          0.14414367 -0.7567869   1.         -0.85266554]], Reward: [0.9015062],Reward_sum: 70.13787078857422, Done: [False]
==========
t: 60, State: [[ 4.89891555 -0.07393966  0.13234672 -0.47960382  0.62538862  0.57126669
  -0.44541887  0.45700784 -0.53494925  3.86017081  0.28421867 -0.02957241
   0.42636103 -5.74068448  8.22380862 13.12181446  7.97846007  0.84619042]], Action: [[-0.43729746  0.66012377  1.         -0.19430184  1.         -1.        ]], Reward: [2.788351],Reward_sum: 72.92622375488281, Done: [False]
==========
t: 61, State: [[ 5.09544095e+00 -2.04882248e-02  2.12274351e-01  2.11980306e-01
  -4.86544183e-01  6.25413042e-01 -1.18734417e-01 -1.79369135e-01
  -4.65746012e-01  3.74558719e+00  5.57181933e-01  1.37918692e+00
   1.50907023e+01 -2.35109785e+01 -2.39851812e+00  2.15233127e+00
  -1.23703165e+01  2.78696093e+00]], Action: [[ 1.         -1.          1.         -1.         -1.         -0.90422064]], Reward: [3.3487463],Reward_sum: 76.27497100830078, Done: [False]
==========
t: 62, State: [[  5.23746686  -0.04775582   0.16923272   0.57648391  -0.57059082
   -0.32234179  -0.31766845  -0.58801777   0.14363151   2.38977854
   -1.00156192  -1.60095226   2.62430817   9.13469726 -20.63825617
   -7.58547529  -4.71149824  15.0872934 ]], Action: [[ 1.         -0.28372884 -1.         -0.78242505 -1.          0.90857035]], Reward: [2.388699],Reward_sum: 78.6636734008789, Done: [False]
==========
t: 63, State: [[ 5.32603019 -0.12207825  0.10103572  0.29140332  0.46493517 -0.44573454
  -0.79354848 -0.55954738  0.18577985  1.7515548  -1.7083324  -1.09520578
  -6.43304003 18.53348978  1.83789661 -8.07576485  2.42361151 -7.31810823]], Action: [[ 0.13574767  0.92374724 -1.         -1.         -1.         -1.        ]], Reward: [1.2840929],Reward_sum: 79.94776916503906, Done: [False]
==========
t: 64, State: [[ 5.44719306e+00 -1.75645512e-01 -2.77688503e-02 -2.56355985e-01
   8.18774598e-01  4.07848304e-01 -3.96019643e-01  1.87064831e-02
  -5.31310303e-01  3.09045518e+00 -8.80152543e-01 -3.04285158e+00
  -1.06643585e+01 -2.50040337e+00  1.90655063e+01  1.45282219e+01
   1.49028255e+01 -1.45326544e+01]], Action: [[-1.          1.          1.          0.63072836  1.         -1.        ]], Reward: [1.8834757],Reward_sum: 81.83124542236328, Done: [False]
==========
t: 65, State: [[ 5.66048072 -0.15204444 -0.04087683  0.06969032  0.11358136  0.87736839
   0.20309182  0.10774108 -0.52626332  4.90267819  1.48430815  1.62432366
  11.91089837 -8.81912008 -0.64610753  9.48974956 -3.52010785  1.9213275 ]], Action: [[ 0.5748693  -1.          1.          0.34195334  0.48482576 -0.6524203 ]], Reward: [3.9549415],Reward_sum: 85.78618621826172, Done: [False]
==========
t: 66, State: [[ 5.85939813 -0.09110719  0.0533321   0.56463975 -0.41953168  0.49446053
   0.0922299  -0.12228385 -0.13554469  3.25351613  0.96097678  1.7944182
   6.28715465 -7.91327372 -8.6888442  -9.12390955 -5.17902208  9.53969061]], Action: [[ 1.         -0.6695629   0.7899551  -1.         -1.         -0.16314195]], Reward: [3.5684524],Reward_sum: 89.3546371459961, Done: [False]
==========
t: 67, State: [[  5.96695239  -0.09244224   0.13448972   0.347815     0.22540205
   -0.42834272  -0.63209615  -0.37224694   0.19775029   1.98032989
   -0.60101939   1.84313143  -6.66221168  17.516558   -17.27849193
  -15.3764091   -4.58531342   3.44267746]], Action: [[ 0.3537704  1.        -1.        -1.        -1.        -0.1616077]], Reward: [1.7359581],Reward_sum: 91.09059143066406, Done: [False]
==========
t: 68, State: [[  6.09309829  -0.11999997   0.2231203   -0.04841141   0.78967146
   -0.42172718  -1.04263175  -0.41849034  -0.15707428   3.12452896
   -0.32617969   0.99757667  -6.0654185    5.40915729   0.62328452
    1.12936201  -0.73310466 -12.01936973]], Action: [[-0.33790708  1.         -1.         -1.         -0.44452876 -1.        ]], Reward: [2.0917392],Reward_sum: 93.18232727050781, Done: [False]
==========
t: 69, State: [[ 6.31386003e+00 -1.22043445e-01  1.80820992e-01  1.94203713e-02
   6.74996096e-01  2.22998856e-01 -1.78659178e-01 -2.31159489e-01
  -5.41602514e-01  4.96815051e+00 -2.79433416e-01 -9.49446592e-01
   4.24839063e+00 -5.65973793e+00  1.51933380e+01  2.08044287e+01
   8.17657347e+00  1.38184141e+00]], Action: [[ 0.22808607  1.          0.80116343  0.5797226   0.19916274 -1.        ]], Reward: [4.1082716],Reward_sum: 97.29059600830078, Done: [False]
==========
t: 70, State: [[  6.54511934  -0.11187776   0.20955597   0.46516535  -0.31103691
    0.71821097   0.30060939  -0.36827805  -0.47080091   4.01680228
    0.3717661    0.49636218   8.75765404 -21.30084366   4.52715871
    2.7339628   -3.61093895   4.58718497]], Action: [[ 1.         -1.          1.         -0.44499975 -0.8229353  -0.10714029]], Reward: [4.2365136],Reward_sum: 101.52710723876953, Done: [False]
==========
t: 71, State: [[  6.6731273   -0.08493426   0.1844434    0.60683601  -0.7742195
    0.1086475   -0.10142091  -0.51006892   0.15297503   1.7599783
    0.51734063  -0.96813507  -1.63875829  -1.24572374 -16.40759941
  -13.23889365  -1.81812755  14.81102067]], Action: [[ 1.         -1.         -0.31701034 -1.         -1.          1.        ]], Reward: [2.0501096],Reward_sum: 103.57722473144531, Done: [False]
==========
t: 72, State: [[  6.72352001  -0.12084727   0.10690534  -0.11241917   0.28956882
   -0.5252159   -0.80357067  -0.41924888   0.20123484   1.253819
   -1.51196978  -2.10895281 -15.80905331  22.31996612   0.50016201
  -10.69029      2.36953107  -7.09062874]], Action: [[-0.4316566  1.        -1.        -1.        -1.        -1.       ]], Reward: [0.48922145],Reward_sum: 104.06644439697266, Done: [False]
==========
t: 73, State: [[  6.86317951  -0.17707363  -0.13656853  -0.58691963   0.82313754
    0.27193269  -0.39540718   0.05472518  -0.51629403   3.90235113
   -0.5140754   -5.29367208   0.61810372  -0.23492389  17.9344092
   15.91786853  11.99848388 -14.86679727]], Action: [[-1.          1.          1.          0.62527406  1.         -1.        ]], Reward: [2.2540934],Reward_sum: 106.32054138183594, Done: [False]
==========
t: 74, State: [[  7.13088133  -0.10555921  -0.09837587   0.13954357   0.15207623
    0.69399338   0.32980736   0.50223519  -0.45764352   5.84844711
    1.41812216   3.20819973  16.86493015 -19.85689271   4.49081115
   12.73075605   7.83900097   4.45159725]], Action: [[ 0.64772844 -1.          1.          0.51790106  0.682573   -0.7840314 ]], Reward: [4.9771976],Reward_sum: 111.29773712158203, Done: [False]
==========
t: 75, State: [[  7.35316037  -0.06677315   0.07208345   0.66350121  -0.69969455
    0.64978256   0.41106663   0.37511199   0.38642922   3.43870704
    0.59233647   3.06947132   4.76947086 -10.39687771  -3.70230815
   -5.02936328  -8.17537929  20.37254395]], Action: [[ 1.        -1.         1.        -1.        -1.         0.9703774]], Reward: [3.8514175],Reward_sum: 115.14915466308594, Done: [False]
==========
t: 76, State: [[  7.4585321   -0.02929281   0.17372208   0.3106668   -0.05381523
   -0.31199739   0.15168158  -0.03666024   0.54372596   1.69591999
    1.37456751   0.89766382  -9.38587415  17.51080097 -20.34970746
    0.95924961  -5.08070864  -1.37682264]], Action: [[ 0.2809481   0.4597221  -1.         -1.         -1.         -0.17919536]], Reward: [1.7751958],Reward_sum: 116.92434692382812, Done: [False]
==========
t: 77, State: [[ 7.50976000e+00  4.35544027e-02  2.38056411e-01 -4.16267618e-01
   6.59602685e-01 -4.46264534e-01 -2.28957976e-01  2.88166945e-02
   1.64536730e-03  1.06204418e+00  1.34467020e+00  1.79927564e+00
  -1.34836107e+01  7.55536380e+00  1.40199852e+00 -1.10819350e+01
   3.20251984e+00 -1.50103933e+01]], Action: [[-0.76716495  1.         -1.         -1.         -0.1329876  -1.        ]], Reward: [0.56393534],Reward_sum: 117.48828125, Done: [False]
==========
t: 78, State: [[ 7.62902858  0.1109958   0.33348878 -0.54202571  0.60444221  0.26556339
  -0.44962459  0.2839789  -0.54708541  2.95125424  1.25006024  1.54295073
   1.94175828 -3.76431456 16.98333114  0.05104209  4.05154945  0.06758869]], Action: [[-1.          1.          1.          0.03511032  1.         -0.62505746]], Reward: [1.9461786],Reward_sum: 119.43446350097656, Done: [False]
==========
t: 79, State: [[  7.83966687   0.17011167   0.46891436   0.27924024  -0.43069632
    0.71206624  -0.17499581   0.02331647   0.05588219   4.31142884
    0.36381461   1.70959556  17.78614672 -22.01373122   3.01056368
    7.62640868  -6.90187783  16.62611   ]], Action: [[ 1.         -1.          1.         -0.11262915 -0.21533357  1.        ]], Reward: [3.8068604],Reward_sum: 123.24132537841797, Done: [False]
==========
t: 80, State: [[  7.98191826   0.15804167   0.51212771   0.73167552  -0.77961236
   -0.09025852  -0.15466597  -0.29583942   0.55428332   2.019876
   -0.31637096   0.8553679    2.43987232   2.52484374 -19.93691694
   -4.29146651  -5.17669644  -1.52732583]], Action: [[ 1.        -1.        -0.7703814 -0.9365901 -1.         1.       ]], Reward: [2.2979589],Reward_sum: 125.5392837524414, Done: [False]
==========
t: 81, State: [[  8.03265904   0.13119541   0.5582577    0.28893223   0.3487588
   -0.44168485  -0.61120035  -0.44828002  -0.05607623   0.82852683
   -0.86602408   1.02701386  -9.36122675  22.80195533   1.28250727
  -10.24669117  -2.00732129 -16.34920614]], Action: [[ 0.29155505  1.         -1.         -1.         -1.         -1.        ]], Reward: [0.5063152],Reward_sum: 126.04560089111328, Done: [False]
==========
t: 82, State: [[  8.1211561    0.09892356   0.55963482  -0.31008578   0.82515075
    0.39523667  -0.54000515  -0.07173579  -0.56523971   2.57545279
   -0.59914971  -0.41120583 -10.7730132   -1.77215955  18.87273158
    8.18976179  10.63273308   1.91425876]], Action: [[-1.         1.         1.         0.3137269  1.        -1.       ]], Reward: [1.2600986],Reward_sum: 127.30570220947266, Done: [False]
==========
t: 83, State: [[ 8.32811560e+00  8.97684788e-02  5.75764890e-01  1.81597092e-01
  -2.54471019e-01  7.89240595e-01  1.50510181e-02 -1.52735305e-01
  -4.24789681e-01  4.36801540e+00 -3.76075673e-01 -2.24364818e-01
   1.53647795e+01 -2.54133613e+01  4.44532578e-01  1.12932710e+01
  -1.18319590e+00  6.88016655e+00]], Action: [[ 1.         -1.          1.          0.27360934  0.3312966   0.61560005]], Reward: [3.7828317],Reward_sum: 131.08853149414062, Done: [False]
==========
t: 84, State: [[ 8.47580191  0.07112086  0.50878803  0.58299045 -0.84964823  0.47495426
   0.10370318 -0.20985482  0.38326845  2.12767612 -0.13000672 -2.04538514
   1.44029727  0.59971069 -7.70444507 -2.30705368 -0.97359729 19.27631543]], Action: [[ 1.         -1.          0.80319905 -1.         -1.          1.        ]], Reward: [2.3892133],Reward_sum: 133.4777374267578, Done: [False]
==========
t: 85, State: [[  8.54581104   0.08333547   0.4217609    0.39416595  -0.53483656
   -0.10924914  -0.11242392  -0.19236636   0.46117611   1.04084269
    0.35434125  -1.4286664   -5.2494072    5.80513919 -10.18169418
   -6.09833677  -0.17863632  -4.64504534]], Action: [[ 0.6838894  -1.         -0.23825592 -1.         -1.         -0.18573524]], Reward: [1.0442858],Reward_sum: 134.5220184326172, Done: [False]
==========
t: 86, State: [[  8.54768413   0.06094432   0.32107543  -0.40405627   0.4281108
   -0.39469344  -0.59206757  -0.06858469  -0.17781128   0.05326261
   -1.197894    -2.35217559 -17.0605418   16.96044703  -2.48720451
   -9.2116248    2.53201257 -15.29707018]], Action: [[-1.          1.         -0.58213174 -1.         -0.3275157  -1.        ]], Reward: [-0.40715256],Reward_sum: 134.1148681640625, Done: [False]
==========
t: 87, State: [[ 8.64965483e+00  7.98051794e-03  1.57789597e-01 -5.18553579e-01
   6.69203661e-01  1.93491401e-01 -4.77872637e-01  1.89468603e-01
  -5.87605144e-01  2.67514545e+00 -9.77045643e-01 -3.74582466e+00
   2.25895390e+00  4.43460221e-01  1.65178668e+01  7.36706187e+00
   5.41967532e+00  2.74470929e+00]], Action: [[-1.          1.          1.          0.14085999  1.         -1.        ]], Reward: [1.5374298],Reward_sum: 135.65231323242188, Done: [False]
==========
t: 88, State: [[ 8.84749795e+00 -1.90912937e-02  5.88317525e-02  3.50639555e-01
  -2.83215065e-01  7.05793702e-01  1.27827317e-01  2.17764677e-01
  -6.71159185e-02  4.16126682e+00 -1.11498967e+00 -2.13231642e+00
   1.87447654e+01 -2.22215771e+01  4.81028053e+00  1.30304869e+01
   1.25286567e-01  1.31327149e+01]], Action: [[ 1.         -1.          1.          0.43025655  0.36556554  0.41199118]], Reward: [3.608013],Reward_sum: 139.2603302001953, Done: [False]
==========
t: 89, State: [[ 8.98293981e+00 -8.68987779e-02 -2.05090773e-03  7.45136204e-01
  -6.22529637e-01  6.54182933e-01  1.94749788e-01  3.36357353e-02
   5.92035918e-01  2.08851139e+00 -1.00244555e+00  3.67260973e-01
   8.11613172e-01  5.69306020e+00 -2.99940512e+00 -5.25010630e+00
  -5.15512690e+00 -4.18712073e-01]], Action: [[ 1. -1.  1. -1. -1.  1.]], Reward: [2.1088371],Reward_sum: 141.36917114257812, Done: [False]
==========
t: 90, State: [[ 8.99026475e+00 -8.65805692e-02 -3.51906413e-02 -3.48455752e-02
   5.41432444e-01 -1.50883751e-01 -4.20271582e-02  4.15115900e-04
   3.27674828e-01 -5.85286012e-01  6.89121712e-02 -8.95078081e-01
  -2.06992523e+01  2.09599771e+01 -1.76482815e+01 -7.81980200e+00
   2.42366387e+00 -1.07999565e+01]], Action: [[-1.          1.         -0.804722   -1.         -0.14129357 -1.        ]], Reward: [-0.32025525],Reward_sum: 141.04891967773438, Done: [False]
==========
t: 91, State: [[  9.03897863  -0.08418659  -0.09342413  -0.57993467   0.72637456
   -0.20312435  -0.05799527   0.29674227  -0.49620607   2.02648896
    0.48463827  -0.61094373   1.74734399  -6.04807424   6.05066191
    3.79929871   6.25477485 -16.42344302]], Action: [[-1.          1.          0.48216134  0.5161732   1.         -1.        ]], Reward: [0.5243861],Reward_sum: 141.57330322265625, Done: [False]
==========
t: 92, State: [[  9.18938707  -0.02491384  -0.04702247   0.13756823  -0.155075
    0.26953076   0.2133851    0.44610552  -0.23812056   3.61546858
    1.61670615   2.20196218  11.16638161 -11.36447698  -0.10198697
    5.42194269   1.66577802  14.49924275]], Action: [[ 1.         -0.3996467   1.          0.41063994  0.82780606  1.        ]], Reward: [2.6068082],Reward_sum: 144.18011474609375, Done: [False]
==========
t: 93, State: [[  9.32278809   0.0317712    0.06723169   0.5575183   -0.65397228
   -0.15319021   0.10551808   0.11614738   0.56418652   1.97216992
    0.82902022   2.19501734   4.62252155  -5.48388062  -9.79449025
   -7.07631484 -10.01019991  13.74721676]], Action: [[ 1.        -1.        -0.5699914 -1.        -1.         0.4781477]], Reward: [2.2126687],Reward_sum: 146.3927764892578, Done: [False]
==========
t: 94, State: [[  9.37355574   0.02588604   0.16096262   0.27508938   0.21663739
   -0.44657519  -0.50821121  -0.33985487   0.21410634   0.87512368
   -0.71017706   2.08680994  -6.49652431  20.98009573   1.06667827
  -14.83002433  -7.78731104 -12.04328439]], Action: [[ 0.42710298  1.         -1.         -1.         -1.         -0.57731533]], Reward: [0.56378204],Reward_sum: 146.95655822753906, Done: [False]
==========
t: 95, State: [[ 9.46184135e+00  5.57233034e-03  1.97147955e-01 -1.81728846e-01
   8.37271435e-01  4.12247876e-01 -4.33298103e-01 -2.81292013e-01
  -5.88773163e-01  2.53802576e+00  3.46523529e-02  3.02396499e-01
  -8.84729775e+00  2.93112105e-01  1.99434875e+01  1.16956744e+01
   5.33405290e+00 -1.48816162e+01]], Action: [[-1.         1.         1.         0.9397249  0.7098591 -0.7187049]], Reward: [1.2753602],Reward_sum: 148.23190307617188, Done: [False]
==========
t: 96, State: [[ 9.62441989e+00  1.42477621e-02  2.87709735e-01 -1.97490070e-01
   2.48852295e-01  8.18971891e-01  5.44387364e-02  2.87804817e-01
  -3.71378389e-01  3.41472760e+00 -1.12812767e-01  2.81059580e+00
   2.94078542e+00 -1.48855461e+01 -8.91306977e-01  7.01054741e+00
   1.36429825e+01  7.34470646e+00]], Action: [[-0.26287913  0.00651883  1.          0.24042219  0.81149334 -0.29771262]], Reward: [3.0641603],Reward_sum: 151.2960662841797, Done: [False]
==========
t: 97, State: [[ 9.76841727e+00  5.08930591e-02  3.74904347e-01  1.42863867e-01
  -6.80014821e-01  4.65722768e-01  9.99977451e-02  1.32598469e-01
  -1.45084258e-02  2.43389296e+00  7.06755294e-01  8.71177238e-01
   5.71741237e+00 -1.48418594e+01 -8.00759852e+00 -5.54083719e-01
  -3.58262300e+00  1.40440388e+01]], Action: [[ 0.46339107 -1.          0.7933006  -1.         -0.61160666  0.6524655 ]], Reward: [2.5155644],Reward_sum: 153.81163024902344, Done: [False]
==========
t: 98, State: [[  9.8636359    0.06392417   0.35347355   0.25960446  -0.68438816
   -0.32867259  -0.13206404  -0.08408571   0.63247354   1.67415942
    0.0178391   -0.81614769   0.68829151   6.69875619 -14.66826573
   -6.40615584  -3.81174997  -1.65215064]], Action: [[ 1.         -0.5175893  -0.63790995 -1.         -0.8351842   0.97680765]], Reward: [1.4717213],Reward_sum: 155.28335571289062, Done: [False]
==========
t: 99, State: [[  9.92602287   0.06198086   0.23936638   0.16583147   0.31217302
   -0.42958588  -0.29626486  -0.26948664   0.13970229   1.05750408
   -0.387671    -2.10815406   0.25573394  19.27578162   1.18682922
   -6.52876254  -3.57514533 -15.50280898]], Action: [[ 0.5899853   1.         -0.92210656 -1.         -1.         -1.        ]], Reward: [0.727903],Reward_sum: 156.01126098632812, Done: [False]
==========
t: 100, State: [[ 9.97694031e+00  5.07534848e-02  1.69173620e-01 -1.06976914e-01
   8.19515526e-01  4.07067913e-01 -5.85659970e-01 -5.15829330e-02
  -5.63402305e-01  1.31253068e+00  1.27869581e-03 -9.30155233e-01
  -7.08201371e+00  1.48032768e-01  1.91618198e+01 -3.22906282e+00
   5.60796385e+00 -3.67301117e-01]], Action: [[-0.7990695   1.          1.         -0.25699142  0.60437346 -1.        ]], Reward: [0.6113664],Reward_sum: 156.6226348876953, Done: [False]
==========
t: 101, State: [[ 10.11780326   0.08136074   0.16635824   0.17925672  -0.10459222
    0.82822038  -0.25947583   0.14628413  -0.34511758   3.23686589
    0.50662026   0.08322919   9.54492696 -22.8565322   -0.8204049
   10.15737602   3.8152056    6.45797719]], Action: [[ 0.3692084  -1.          1.          0.35625613  0.6513406  -0.18544465]], Reward: [2.5450723],Reward_sum: 159.16770935058594, Done: [False]
==========
t: 102, State: [[10.23221194  0.06042607  0.17417821  0.4934172  -0.84818928  0.41144515
  -0.08974293 -0.02266515  0.38865928  1.58999891 -0.92844918 -0.13339184
   1.80810845 -5.55881516 -9.46479156 -1.00375639 -6.31690646 16.51179499]], Action: [[ 1.        -1.         0.6819143 -1.        -1.         0.9230166]], Reward: [1.7564769],Reward_sum: 160.92417907714844, Done: [False]
==========
t: 103, State: [[ 10.28535407  -0.0171079    0.150986     0.37789094  -0.53201157
   -0.48719191  -0.36747358  -0.32441118   0.48018148   0.94892248
   -1.92723622  -0.48681788  -2.83942655   8.83366819 -16.55259215
   -8.0786071   -5.48302905  -2.82606458]], Action: [[ 1.         -0.61203194 -1.         -1.         -1.          0.49857533]], Reward: [0.6005266],Reward_sum: 161.52468872070312, Done: [False]
==========
t: 104, State: [[ 10.33567597  -0.15185185   0.09774594   0.11146643   0.41007251
   -0.36107636  -0.77110854  -0.48885249  -0.14685901   1.2896637
   -3.0545728   -1.36649799  -2.56266788  17.22687863   4.12641179
   -6.82176762  -2.25814597 -15.92563289]], Action: [[ 0.3609298   1.         -0.59405184 -1.         -1.         -1.        ]], Reward: [0.5581212],Reward_sum: 162.0828094482422, Done: [False]
==========
t: 105, State: [[10.40768368 -0.27652775 -0.0323417  -0.23735477  0.84171778  0.4690069
  -0.59834778 -0.06413294 -0.59492701  1.7579111  -2.08854709 -2.91465345
  -7.57959688 -0.73138543 17.65543549  8.71125463 12.08761021  2.98924432]], Action: [[-1.          1.          1.          0.09445876  1.         -1.        ]], Reward: [0.939262],Reward_sum: 163.02206420898438, Done: [False]
==========
t: 106, State: [[10.58360136 -0.30048009 -0.08445155  0.4171197   0.27557486  0.86760855
   0.09025434 -0.28519045 -0.50683325  4.18235517  0.0783392  -0.54177158
  18.33343697 -9.94177132 -1.5358613  14.19746469 -9.70942424  1.71025343]], Action: [[ 1.        -1.         1.         0.5778608  0.0874071  0.0319265]], Reward: [3.1840954],Reward_sum: 166.20616149902344, Done: [False]
==========
t: 107, State: [[10.72474764 -0.29180467 -0.03772555  0.92425975 -0.21578601  0.47590549
   0.05463736 -0.54090055 -0.23400452  1.93792092  0.32893562  2.10824373
   3.88179473 -7.08905571 -8.28275577 -9.81602969 -2.04177306  7.16099527]], Action: [[ 1.         -0.85867006  0.34924138 -0.8243348  -1.         -0.14645626]], Reward: [2.4668994],Reward_sum: 168.67306518554688, Done: [False]
==========
t: 108, State: [[ 10.771452    -0.29985848   0.09507231   0.65568993   0.20404165
   -0.41198363  -0.71347879  -0.4877357    0.09928474   0.83399608
   -0.55403334   2.81025689  -7.53841019  11.9573702  -17.17537685
  -14.65047324   1.88491271   5.05363443]], Action: [[ 1.          0.86792177 -1.         -1.         -1.         -0.02984165]], Reward: [0.45866925],Reward_sum: 169.13172912597656, Done: [False]
==========
t: 109, State: [[ 10.80201067  -0.29646472   0.19108813  -0.24158269   0.71593813
   -0.44621051  -1.00197929  -0.28861861  -0.12678892   0.72662183
    0.65932866  -0.66431946 -18.68575918   5.6127439    1.53733208
    3.92774176   4.44492789  -8.84619168]], Action: [[-1.         1.        -1.        -1.        -0.5858925 -1.       ]], Reward: [0.07684644],Reward_sum: 169.2085723876953, Done: [False]
==========
t: 110, State: [[ 1.09113304e+01 -2.38396972e-01  7.66533509e-02 -1.24542149e-01
   4.93338488e-01  2.11596480e-01 -5.74869465e-01 -1.20112148e-02
  -5.63445678e-01  2.72152941e+00  1.37099222e+00 -3.02480989e+00
   1.20007257e+01 -7.36623629e+00  1.53868101e+01  8.72422733e+00
   6.54863883e+00 -6.88993234e+00]], Action: [[ 1.         1.         1.        -0.7169125  0.6041368 -0.9969464]], Reward: [1.6991105],Reward_sum: 170.90768432617188, Done: [False]
==========
t: 111, State: [[ 1.10665071e+01 -1.76804565e-01  3.86004647e-03  6.24904203e-01
  -3.11644909e-01  7.43571863e-01 -1.71038964e-01 -1.67251979e-01
  -4.45739849e-02  2.88374346e+00  8.90679063e-01 -8.52263034e-01
   1.23362140e+01 -1.43365075e+01  5.73316701e+00  5.80093976e+00
  -6.32314269e+00  1.67336574e+01]], Action: [[ 1.         -1.          1.         -0.5288224  -0.88846517  1.        ]], Reward: [2.5966315],Reward_sum: 173.50433349609375, Done: [False]
==========
t: 112, State: [[ 1.11600605e+01 -1.48914587e-01  1.78488785e-02  8.60030122e-01
  -5.18250143e-01  1.76713480e-02 -2.15772064e-01 -4.57137415e-01
   6.11467365e-01  1.25222801e+00  4.57475987e-01  1.14972061e+00
  -9.93770346e-01  1.05629728e-01 -2.05783214e+01 -4.25795432e+00
  -3.93476865e+00 -1.34943906e+00]], Action: [[ 1.         -1.         -0.8325488  -0.65833646 -1.          1.        ]], Reward: [1.3584138],Reward_sum: 174.8627471923828, Done: [False]
==========
t: 113, State: [[ 11.19097804  -0.16055094   0.0507936    0.45651903   0.28123571
   -0.50698183  -0.60533513  -0.4799852   -0.03263978   0.68839888
   -0.64004222   0.36076878  -7.8736025   17.66509649   2.76266395
   -7.92194141   0.70920159 -17.28219341]], Action: [[ 1.  1. -1. -1. -1. -1.]], Reward: [0.01834994],Reward_sum: 174.881103515625, Done: [False]
==========
t: 114, State: [[ 11.23040798  -0.17811388   0.01978517  -0.29138532   0.83076724
    0.39510133  -0.60944343   0.02538727  -0.56220025   1.21451878
   -0.33533225  -1.59888087 -15.15697864   3.96930348  19.5144887
    5.42034854  12.42917715   1.80987682]], Action: [[-1.          1.          1.         -0.03790987  1.         -1.        ]], Reward: [0.28845495],Reward_sum: 175.1695556640625, Done: [False]
==========
t: 115, State: [[ 11.38790628  -0.13875613   0.03806391   0.12606235  -0.03969507
    0.8282293   -0.03119783  -0.02373603  -0.33847728   4.00968615
    1.36276244   1.22950917  14.63108622 -13.89879085   3.15187497
   11.76947254 -10.33024781   1.22662924]], Action: [[ 1.         -1.          1.          0.3874452   0.08741094  0.2010703 ]], Reward: [2.8301477],Reward_sum: 177.9997100830078, Done: [False]
==========
t: 116, State: [[ 11.54584011  -0.10730299   0.07703582   0.64882614  -0.48166108
    0.3169768    0.17504394  -0.42597806  -0.01362479   2.44634352
    0.32018606   0.46376308   5.87148578  -3.23583322 -13.21653324
   -1.78153543  -5.67257943   8.1150121 ]], Action: [[ 1.         -0.625403    0.2126939  -0.43721235 -1.          0.20287375]], Reward: [2.8918087],Reward_sum: 180.8915252685547, Done: [False]
==========
t: 117, State: [[ 11.61665431  -0.10932765   0.10397415   0.5894421   -0.07348678
   -0.54004236  -0.39390349  -0.45210537  -0.02669483   1.11556304
   -0.3520389    0.98705112  -3.44033188  10.34195995 -13.97022217
  -14.54180395   1.42793871  -5.07331931]], Action: [[ 1.          0.13347031 -1.         -1.         -1.         -1.        ]], Reward: [0.91450244],Reward_sum: 181.8060302734375, Done: [False]
==========
t: 118, State: [[ 11.65294158  -0.13675167   0.18017243  -0.18811708   0.64239812
   -0.16587609  -0.96237251  -0.17306751  -0.46352876   0.99154494
   -0.78558728   0.92373535 -17.56657731  10.56878417  10.50903128
   -5.53791144   5.41622958  -9.20819421]], Action: [[-1.          1.         -0.06590241 -0.7780272  -0.07421128 -1.        ]], Reward: [0.36422792],Reward_sum: 182.17025756835938, Done: [False]
==========
t: 119, State: [[11.78094657 -0.15301767  0.1230872  -0.53598882  0.55609115  0.5342721
  -0.38878459  0.17283974 -0.49391878  3.38502111 -0.24788084 -1.33414444
   0.09697358 -7.34547765 11.56331019 16.92998367  8.93421545  2.34270317]], Action: [[-0.6617188  0.539053   1.         0.5003985  1.        -0.7172316]], Reward: [2.2107728],Reward_sum: 184.38101196289062, Done: [False]
==========
t: 120, State: [[ 11.96666644  -0.10818871   0.18377721   0.128875    -0.35757455
    0.65027191  -0.02686646  -0.34701953  -0.45661382   4.06768242
    1.20901119   2.58935349  14.11834022 -14.28966039  -2.54916155
    2.6020831   -9.16907039   4.49061516]], Action: [[ 1.        -1.         1.        -0.7131819 -1.        -0.5762386]], Reward: [3.2303295],Reward_sum: 187.61134338378906, Done: [False]
==========
t: 121, State: [[ 1.21280211e+01 -8.82813435e-02  2.31190997e-01  5.79636074e-01
  -5.16059451e-01  3.24826017e-01 -2.98980446e-01 -5.57257075e-01
   7.78296677e-02  2.70590268e+00 -1.00091573e-02  3.78077086e-01
   5.23902175e+00  3.80880111e+00 -6.10154926e+00 -9.51033567e+00
  -1.33609958e+00  1.22224302e+01]], Action: [[ 1.         -0.48215526  0.612614   -0.8882636  -1.          0.4980051 ]], Reward: [2.862614],Reward_sum: 190.4739532470703, Done: [False]
==========
t: 122, State: [[ 12.21294024  -0.11168914   0.2501443    0.34651606   0.46284593
   -0.36704627  -0.85938408  -0.29330789   0.11400958   1.528367
   -0.61006047   0.8033923   -6.80950212  19.67559597 -13.12840664
   -9.32803949   6.60390669  -5.79150929]], Action: [[-0.03063899  0.99280286 -1.         -1.         -0.38109392 -0.83414847]], Reward: [1.3156197],Reward_sum: 191.78956604003906, Done: [False]
==========
t: 123, State: [[ 1.23242910e+01 -1.18310729e-01  2.72133315e-01 -2.84628919e-01
   8.28518885e-01  7.65830179e-02 -7.38220153e-01  1.32281227e-01
  -4.73353045e-01  2.91338559e+00 -8.72586666e-03  1.98416385e-01
  -1.27450138e+01 -3.05758944e+00  1.60960424e+01  8.85128621e+00
   8.05799307e+00 -1.24158805e+01]], Action: [[-1.          1.          0.7992698  -0.12973882  0.7530694  -1.        ]], Reward: [1.8047372],Reward_sum: 193.59429931640625, Done: [False]
==========
t: 124, State: [[ 12.52541703  -0.05753792   0.25557918   0.14508212  -0.30223192
    0.65917958  -0.18132406  -0.13440243  -0.44335323   4.29703277
    1.04979593  -0.91347428  14.9686765  -26.08480921   6.40595605
   11.05050941  -2.82711006   5.6310787 ]], Action: [[ 1.0000000e+00 -1.0000000e+00  1.0000000e+00  8.1434846e-04
   4.3030137e-01  2.6830173e-01]], Reward: [3.6968062],Reward_sum: 197.29110717773438, Done: [False]
==========
t: 125, State: [[12.67955983 -0.04890271  0.15895539  0.55017389 -0.81041889  0.41985865
  -0.11066349 -0.2764145   0.30281465  2.34908871 -0.23861827 -2.38118391
   2.15553035  2.44998356 -8.65654193 -4.58679464 -2.47390766 17.5495988 ]], Action: [[ 1.        -1.         0.4972782 -1.        -1.         1.       ]], Reward: [2.5581276],Reward_sum: 199.84922790527344, Done: [False]
==========
t: 126, State: [[ 12.77692008  -0.08553836   0.07224664   0.51695222  -0.51176055
   -0.18561184  -0.53541723  -0.36131957   0.45620516   1.90430759
   -1.07281335  -1.23254777  -1.26893131   5.32025121 -10.17078378
   -9.38385594  -1.62377712  -5.77266709]], Action: [[ 0.95875204 -1.         -0.33843714 -1.         -1.         -0.6447186 ]], Reward: [1.5022641],Reward_sum: 201.3514862060547, Done: [False]
==========
t: 127, State: [[ 12.85062878  -0.17517561  -0.0350356   -0.15955777   0.51636655
   -0.17847953  -0.75667844  -0.27918836  -0.28809416   1.6386062
   -2.16569511  -3.05586042 -15.91988915  19.02759004   4.64816076
    0.33490679   2.23236259 -17.20990813]], Action: [[-1.          1.         -0.05093992 -0.49382    -0.281003   -1.        ]], Reward: [1.1416326],Reward_sum: 202.49314880371094, Done: [False]
==========
t: 128, State: [[ 1.29794364e+01 -2.27467879e-01 -1.49074123e-01 -5.16503729e-01
   8.71602627e-01  4.91910269e-01 -5.56483463e-01  1.45362555e-01
  -5.57466181e-01  3.15251672e+00  2.37987673e-01 -8.81606066e-03
   9.68193780e-01 -1.29365539e+00  1.47123096e+01  4.46408787e+00
   1.02006969e+01  2.32247367e+00]], Action: [[-0.8222553   1.          1.         -0.40894997  1.         -1.        ]], Reward: [2.0918188],Reward_sum: 204.5849609375, Done: [False]
==========
t: 129, State: [[ 13.22058996  -0.15778693  -0.02471759   0.35153257  -0.04892476
    0.78582998   0.10625721  -0.14552915  -0.14267646   5.33933833
    1.09289128   2.3050615   18.98496463 -21.56741518   1.10480556
   15.35213134 -12.72924115   7.55610525]], Action: [[ 1.         -1.          1.          0.60504806 -0.39321384  0.5629036 ]], Reward: [4.4393144],Reward_sum: 209.02427673339844, Done: [False]
==========
t: 130, State: [[ 13.40316387  -0.13115447   0.07883979   0.82065134  -0.67743804
    0.34976679   0.17197733  -0.45775188   0.26368306   2.4709243
    0.73101132   1.69884957   2.05328189  -4.45181247 -11.32014794
   -4.83902359  -5.75661104   6.80342852]], Action: [[ 1.        -1.         0.2650244 -0.8569958 -1.         0.1729589]], Reward: [3.268019],Reward_sum: 212.29229736328125, Done: [False]
==========
t: 131, State: [[ 13.48043173  -0.11376406   0.16391649   0.53651152  -0.19283176
   -0.41874676  -0.48363589  -0.48142121   0.22185709   1.39744541
   -0.05375534   1.8424282   -6.8568386   11.99101883 -12.80761563
  -14.88648939   1.57844439  -5.26135162]], Action: [[ 1.         -0.0284975  -0.7655241  -1.         -1.         -0.39779305]], Reward: [1.1708493],Reward_sum: 213.46315002441406, Done: [False]
==========
t: 132, State: [[ 13.53811597  -0.13366317   0.24574048  -0.27150319   0.63530582
   -0.14347363  -1.00293762  -0.16831864  -0.37166215   1.50410732
   -0.64502362   0.85758661 -16.91990944  12.37724234  10.08464871
   -4.26203147   6.08888884 -13.37031486]], Action: [[-1.          1.          0.13274032 -0.8443053  -0.05317985 -1.        ]], Reward: [0.7803549],Reward_sum: 214.24349975585938, Done: [False]
==========
t: 133, State: [[13.67873754 -0.14311733  0.19494213 -0.55612852  0.72141729  0.50143459
  -0.59884831  0.06331306 -0.58230488  3.05160201  0.32423159 -2.10612842
   1.47452904 -3.33451285 10.58471255 10.73867531 -7.30134912 -0.94607273]], Action: [[-0.87874377  1.          1.         -0.0801616   1.         -0.80047655]], Reward: [2.3704934],Reward_sum: 216.61399841308594, Done: [False]
==========
t: 134, State: [[ 1.38893152e+01 -1.07082479e-01  1.87339377e-01  2.91358188e-01
  -3.58061391e-01  6.66913915e-01  1.07522056e-01 -5.13400435e-01
   3.30270860e-03  4.24955043e+00  1.25288749e-01 -5.67829916e-01
   1.80205783e+01 -2.38761096e+01 -7.94487351e-01  1.34904506e+01
  -8.84711403e+00  1.67273570e+01]], Action: [[ 1.         -1.          1.          0.10493994 -1.          1.        ]], Reward: [3.7104511],Reward_sum: 220.32444763183594, Done: [False]
==========
t: 135, State: [[14.02375552 -0.1159057   0.10693876  0.74269669 -0.73202615  0.28958951
   0.07279323 -0.53587876  0.54643203  1.83058798 -0.01950851 -1.62763717
   3.19085711  4.52009232 -7.47442232 -7.02884058  2.48114029 -0.87898311]], Action: [[ 1.         -1.          0.27144343 -0.919001   -1.          1.        ]], Reward: [2.1969829],Reward_sum: 222.5214385986328, Done: [False]
==========
t: 136, State: [[ 14.04558524  -0.13917127   0.09653123   0.13227631   0.25518431
   -0.11575997  -0.56981753  -0.36408356  -0.03768255   0.20182759
   -0.94515293   0.47455065 -15.71352707  18.01673979  -6.26575071
  -13.08661855   2.62893053 -15.89979311]], Action: [[-0.5229312   0.42839783 -0.29713166 -0.89630747 -1.         -1.        ]], Reward: [0.10173063],Reward_sum: 222.6231689453125, Done: [False]
==========
t: 137, State: [[ 14.10331292  -0.19358371   0.0145017   -0.58961468   0.77584061
    0.27451219  -0.63331282   0.10208045  -0.5440019    1.9395935
   -0.98312618  -2.70752632 -10.39729464   3.40332497  11.70134099
    5.93045374  10.10864183   1.16947588]], Action: [[-1.          1.          1.          0.01502344  1.         -1.        ]], Reward: [0.6545311],Reward_sum: 223.27769470214844, Done: [False]
==========
t: 138, State: [[ 1.43005846e+01 -1.35238094e-01  7.11931276e-02  3.50944346e-02
   3.13632958e-02  5.42153762e-01 -4.52981496e-02 -5.39289862e-03
  -5.47897534e-01  4.76016296e+00  1.76669425e+00  2.22621549e+00
   1.85942242e+01 -2.00309669e+01  1.82842684e+00  1.24601495e+01
  -8.43719205e+00  7.98664764e-01]], Action: [[ 1.         -1.          1.          0.38756013  0.19053532 -0.71129936]], Reward: [3.5761876],Reward_sum: 226.8538818359375, Done: [False]
==========
t: 139, State: [[14.48862226 -0.09985003  0.12948405  0.66682467 -0.65780459  0.25076754
   0.16926448 -0.35251502 -0.08951599  2.90950362  0.27431477  0.53670041
   6.63308545 -5.35799851 -7.55616301 -2.01252512 -5.28788714 12.07938819]], Action: [[ 1.         -0.79361475  0.238448   -0.5541542  -1.          0.27757198]], Reward: [3.4536724],Reward_sum: 230.30755615234375, Done: [False]
==========
t: 140, State: [[ 14.57979504  -0.10113326   0.16457363   0.56859724  -0.24580424
   -0.34596637  -0.40755914  -0.44204482   0.50689393   1.49171355
   -0.32277408   1.16076147  -4.55545903  10.98814637 -10.48806513
  -14.63570027  -0.27409271   9.48606625]], Action: [[ 0.8800493  -0.21202765 -0.7251472  -1.         -1.          0.63041574]], Reward: [1.4491851],Reward_sum: 231.75674438476562, Done: [False]
==========
t: 141, State: [[ 14.62944561  -0.14151922   0.25217553  -0.20240609   0.62083442
   -0.42126312  -1.0122638   -0.3693731    0.16040743   1.25628624
   -1.11705602   1.41620057 -16.9570539   13.58279604   0.54143381
   -7.05897378   1.00343649 -14.7303622 ]], Action: [[-1.         1.        -1.        -1.        -0.7410889 -1.       ]], Reward: [0.43808997],Reward_sum: 232.19483947753906, Done: [False]
==========
t: 142, State: [[14.76249334 -0.17573686  0.23185447 -0.5579467   0.72914823  0.25741598
  -0.68555064 -0.09135427 -0.56214353  3.46844087 -0.37334525 -0.75601325
   1.77646492 -4.4124436  15.60467917 11.41408431  7.11415087 -0.42906434]], Action: [[-0.8369669   1.          0.9789163  -0.27868432  0.5422413  -1.        ]], Reward: [2.2579067],Reward_sum: 234.45274353027344, Done: [False]
==========
t: 143, State: [[ 14.98588165  -0.16179376   0.21214994   0.29374882  -0.35564389
    0.69524547   0.07844284  -0.52321711  -0.39588053   4.49489106
   -0.23405223  -1.2802736   18.41875794 -23.48345703   3.40773306
   15.90691033  -7.79987032   6.53045714]], Action: [[ 1.         -1.          1.          0.36355305 -0.61258966  0.3610127 ]], Reward: [4.1039896],Reward_sum: 238.5567169189453, Done: [False]
==========
t: 144, State: [[ 15.13046682  -0.16724481   0.1244985    0.72983348  -0.67013317
    0.63455319   0.03428006  -0.63240421   0.23223275   2.06881764
    0.17357998  -1.44516879   2.67563307   3.78572708  -2.92684918
  -10.36729333   0.91807734  14.38824323]], Action: [[ 1.        -1.         0.9885802 -1.        -1.         1.       ]], Reward: [2.2939742],Reward_sum: 240.85069274902344, Done: [False]
==========
t: 145, State: [[ 15.19005599  -0.17104648   0.13260127   0.44846895  -0.20302463
   -0.25383851  -0.72564805  -0.3288037    0.47952515   1.07984838
   -0.36598233   1.09355587  -8.06504018   7.13842458 -19.61051824
  -14.14972282   6.64950069  -1.29981333]], Action: [[ 0.2409649  -0.67596215 -1.         -1.         -0.6582831  -0.05289905]], Reward: [0.89667094],Reward_sum: 241.7473602294922, Done: [False]
==========
t: 146, State: [[ 15.24439128  -0.22822244   0.14825951  -0.37230187   0.51254768
   -0.41855194  -1.01979839  -0.30271861  -0.11716247   1.53717931
   -1.53361062  -0.72093827 -16.78826549  11.90970848   4.0684061
    0.73978546  -3.59813378 -15.84552741]], Action: [[-1.          1.         -0.46893543 -1.         -0.9583589  -1.        ]], Reward: [0.5728707],Reward_sum: 242.3202362060547, Done: [False]
==========
t: 147, State: [[15.39724396 -0.24091132  0.10056102 -0.47623896  0.54765759  0.17892155
  -0.50205847 -0.11765478 -0.57817429  3.85175691  0.74604067  0.36307652
   5.52009818 -1.52263186 10.55065467 12.15083058  7.96853501  2.47869653]], Action: [[-0.1753097   0.47267896  1.         -0.15099326  0.69525117 -1.        ]], Reward: [2.7810204],Reward_sum: 245.10125732421875, Done: [False]
==========
t: 148, State: [[ 1.56143175e+01 -1.48108152e-01  1.42128885e-01  3.18896123e-01
  -2.80515916e-01  5.42557538e-01 -9.33020101e-02 -4.35288525e-01
  -2.24558381e-03  4.38127822e+00  1.67213046e+00  6.35120475e-01
   1.61698267e+01 -1.87390649e+01  4.35771558e+00  6.17118689e+00
  -5.48935459e+00  1.40558544e+01]], Action: [[ 1.         -1.          1.         -0.34591773 -0.66352224  0.8660134 ]], Reward: [3.9104815],Reward_sum: 249.01173400878906, Done: [False]
==========
t: 149, State: [[ 15.77635147  -0.09709667   0.14188013   0.75090414  -0.69851566
    0.19097034  -0.20200113  -0.49794441   0.57439253   2.55727911
    0.73965475   0.0785895    2.67030104  -0.46429208 -10.22112045
   -6.12408297   1.40492691  -0.43257343]], Action: [[ 1.         -1.         -0.04698175 -0.7719079  -1.          1.        ]], Reward: [2.7808735],Reward_sum: 251.7926025390625, Done: [False]
==========
t: 150, State: [[ 1.58690975e+01 -9.93166800e-02  1.23180624e-01  5.35081019e-01
   2.04638387e-01 -5.13500016e-01 -6.24260198e-01 -3.74478708e-01
  -1.49755696e-02  1.78581431e+00 -4.89119221e-01 -3.62377344e-01
  -4.06075251e+00  2.00269846e+01 -1.06693459e+01 -8.20321135e+00
   1.72964006e+00 -1.62402334e+01]], Action: [[ 1.        0.843183 -1.       -1.       -1.       -1.      ]], Reward: [1.2838253],Reward_sum: 253.07643127441406, Done: [False]
==========
t: 151, State: [[ 15.9579081   -0.1052219    0.13621151  -0.1888242    0.81947016
    0.17323071  -0.75083267  -0.20876733  -0.56943589   2.20600886
    0.07193476   0.17457299 -16.38369372   0.67362177  20.0362919
    2.6360417    2.27977045   1.14470742]], Action: [[-1.          1.          0.9252983  -0.39576638  0.02794532 -1.        ]], Reward: [1.3748528],Reward_sum: 254.45127868652344, Done: [False]
==========
t: 152, State: [[ 1.61768144e+01 -6.98037755e-02  1.64395816e-01  1.62562425e-01
  -2.19405847e-01  7.59996987e-01  6.01957528e-02 -1.90217548e-01
   2.41049780e-02  5.05237357e+00  2.72443870e-01  7.76069215e-01
   1.41938904e+01 -2.56457603e+01  4.43309959e+00  1.91137636e+01
   2.99828026e+00  1.63959888e+01]], Action: [[ 1.         -1.          1.          0.8147     -0.07400043  1.        ]], Reward: [3.9112043],Reward_sum: 258.36248779296875, Done: [False]
==========
t: 153, State: [[16.34725843 -0.06035525  0.12048836  0.57719786 -0.79267975  0.67116472
   0.14072194 -0.36274569  0.48008363  2.69804039  0.12882019 -1.00570878
   3.81410288  0.80523807 -3.10097567 -7.35656395 -0.18109834  9.19632903]], Action: [[ 1.        -1.         1.        -1.        -1.         0.7673383]], Reward: [2.8500001],Reward_sum: 261.2124938964844, Done: [False]
==========
t: 154, State: [[ 16.4471943   -0.0771925    0.11140164   0.56974042  -0.48968967
   -0.28647882  -0.50918563  -0.31718996   0.49020789   1.82407768
   -0.74063002   0.56876958  -1.58051421   5.6312791  -20.90819228
  -14.23458209   0.21760954  -2.72338671]], Action: [[ 0.90404844 -1.         -1.         -1.         -0.9744069   0.6622873 ]], Reward: [1.4781778],Reward_sum: 262.690673828125, Done: [False]
==========
t: 155, State: [[ 16.53525852  -0.1535878    0.12703578   0.10535794   0.44183484
   -0.44000928  -1.00369985  -0.40405451  -0.15176467   2.08086114
   -1.83262885  -0.17177949  -8.88257632  17.86885463   1.32465398
   -5.37863988  -3.31554495 -16.34183555]], Action: [[-0.08436953  1.         -1.         -1.         -1.         -1.        ]], Reward: [1.2605724],Reward_sum: 263.95123291015625, Done: [False]
==========
t: 156, State: [[16.65947566 -0.21683376  0.03772344 -0.41660318  0.80144806  0.36350899
  -0.71800075 -0.13535812 -0.60024549  2.88450868 -0.94196515 -2.35843968
  -8.59810541 -1.66184696 18.19100451 10.77266594  9.10159776  3.19023488]], Action: [[-1.          1.          1.         -0.21380734  0.790728   -1.        ]], Reward: [2.0172465],Reward_sum: 265.968505859375, Done: [False]
==========
t: 157, State: [[ 16.90636955  -0.19740158   0.02993786   0.19598855   0.03406588
    0.81619488   0.18921662  -0.35618665  -0.24002411   5.68783431
    0.90347172   0.66159891  16.54810538 -13.4316617    1.06086432
   17.74549626 -14.00971231   3.01140768]], Action: [[ 1.         -1.          1.          0.8461418  -0.29934758  0.7030559 ]], Reward: [4.5078926],Reward_sum: 270.47637939453125, Done: [False]
==========
t: 158, State: [[17.12012013 -0.16105494  0.06033793  0.73357402 -0.50959473  0.45205801
   0.20469934 -0.52987492  0.03705064  3.31910607  0.72329276  0.54989331
   5.07514836 -6.42790415 -9.59147677 -9.95253318  1.10239385  5.91784993]], Action: [[ 1.         -0.88193434  0.53076696 -0.84610623 -1.          0.04107325]], Reward: [3.8973012],Reward_sum: 274.3736877441406, Done: [False]
==========
t: 159, State: [[ 17.24009667  -0.15533541   0.10572117   0.59776164  -0.17019438
   -0.43678727  -0.5929616   -0.37435579   0.34811021   2.27339205
   -0.39725977   1.34452417  -4.92535588   9.83322541 -16.36700538
  -15.92806184   2.74693746   5.02472695]], Action: [[ 1.          0.01584293 -0.95471495 -1.         -1.          0.48769987]], Reward: [1.9845726],Reward_sum: 276.3582458496094, Done: [False]
==========
t: 160, State: [[ 1.73448722e+01 -1.95849284e-01  1.88014926e-01 -1.99219526e-01
   6.11451201e-01 -3.72216984e-01 -1.04974326e+00 -3.89617359e-01
  -1.57163930e-02  2.57493353e+00 -9.95261232e-01  4.48405755e-01
  -1.67782498e+01  1.26432739e+01  2.56215506e+00  9.86689225e-01
  -3.82872851e+00 -1.33141068e+01]], Action: [[-1.         1.        -0.7258    -1.        -0.9298988 -1.       ]], Reward: [1.5563606],Reward_sum: 277.91461181640625, Done: [False]
==========
t: 161, State: [[17.54235884 -0.21117721  0.14986307 -0.4031982   0.47293998  0.31231471
  -0.44953861 -0.14565936 -0.61488782  4.57385656 -0.06821585 -0.77570181
   3.35847889 -9.35974964 15.24481726 14.38843913  9.75685765  1.60490581]], Action: [[-0.14996283  0.39784077  1.         -0.05290636  0.637099   -1.        ]], Reward: [3.6907868],Reward_sum: 281.60540771484375, Done: [False]
==========
t: 162, State: [[ 17.80267236  -0.13859296   0.12069429   0.28921784  -0.26740759
    0.68386466   0.15582448  -0.42851357  -0.07406207   5.40722341
    1.60450912  -0.10392814  15.09837532 -13.72776178   2.21600037
    9.70068599  -3.33784715  13.46882263]], Action: [[ 1.         -1.          1.          0.09261137 -0.43016165  0.83233625]], Reward: [4.8176303],Reward_sum: 286.42303466796875, Done: [False]
==========
t: 163, State: [[ 18.00653249  -0.07274978   0.10895807   0.70745874  -0.63440891
    0.31818202  -0.06385259  -0.3541181    0.55453181   3.27435894
    1.14019798   0.12358308   2.82486467  -1.73341532  -9.55835899
  -10.6661168    3.46898629   0.44947519]], Action: [[ 1.         -1.          0.29535758 -1.         -1.          1.        ]], Reward: [3.5684788],Reward_sum: 289.99151611328125, Done: [False]
==========
t: 164, State: [[ 18.13791175  -0.06515648   0.10432864   0.51865669   0.17368522
   -0.49277262  -0.66212407  -0.27063556   0.14665079   2.64201124
   -0.42149871   0.0266572   -3.55214948  18.59119695 -14.15820838
  -10.82168018  -0.52729433 -11.84654009]], Action: [[ 1.          0.81991845 -1.         -1.         -1.         -0.5073728 ]], Reward: [2.134616],Reward_sum: 292.1261291503906, Done: [False]
==========
t: 165, State: [[ 18.2715194   -0.07440934   0.13370778  -0.17743662   0.83879489
    0.0530308   -0.88866077  -0.24976998  -0.58937519   3.02101327
   -0.14343242   0.0489202  -16.32115643   6.32318186  16.3183879
    1.48635997   0.14707073 -13.70889443]], Action: [[-1.         1.         0.6002868 -0.5275463 -0.1447816 -1.       ]], Reward: [2.306192],Reward_sum: 294.43231201171875, Done: [False]
==========
t: 166, State: [[ 18.51729655  -0.04225042   0.10087305   0.09380995   0.25451096
    0.64443523  -0.24089299  -0.07789393  -0.13986559   5.6854386
    0.59077996  -0.77422027  13.42340114 -17.027921     6.67432532
   15.14569337   7.90710316  15.09129893]], Action: [[ 0.9637424  -0.05585088  1.          0.27464134  0.56548756  1.        ]], Reward: [4.582831],Reward_sum: 299.01513671875, Done: [False]
==========
t: 167, State: [[ 1.87552297e+01 -3.41172400e-02  1.02820258e-01  5.93140586e-01
  -6.29123700e-01  6.55367774e-01  1.33011380e-02 -1.05514348e-01
   5.74030008e-01  3.83601875e+00  1.75244104e-02 -1.89614640e-01
   5.40647835e+00 -1.22433080e+01 -2.98095141e+00 -6.07032353e-01
  -5.00327103e+00  1.13109762e+01]], Action: [[ 0.92978567 -1.          0.9919502  -1.         -1.          0.67811847]], Reward: [4.2278323],Reward_sum: 303.24298095703125, Done: [False]
==========
t: 168, State: [[ 1.89012042e+01 -5.86191970e-02  9.66936214e-02  5.37511080e-01
  -6.18263469e-01 -2.88517094e-04 -3.44832220e-01 -3.23622075e-01
   4.85243572e-01  2.58912153e+00 -8.75826284e-01  2.53753082e-02
  -3.86862238e+00  5.04435067e+00 -1.39621188e+01 -1.05263820e+01
  -4.13875247e+00 -2.47274260e+00]], Action: [[ 1.         -0.78949684 -0.20524973 -1.         -1.          0.72565645]], Reward: [2.5002882],Reward_sum: 305.7432556152344, Done: [False]
==========
t: 169, State: [[ 19.00409908  -0.15104191   0.0636404   -0.19552495   0.43587506
   -0.34503261  -0.88631955  -0.26057886  -0.1559459    2.32098191
   -2.3863731   -1.35698826 -15.36019373  19.81789004  -1.89948964
   -7.82908265   2.7193089  -16.40501889]], Action: [[-0.72108936  1.         -0.34848136 -1.         -0.36588967 -1.        ]], Reward: [1.6803696],Reward_sum: 307.42364501953125, Done: [False]
==========
t: 170, State: [[19.17850825 -0.24455966 -0.06865806 -0.56458289  0.78616316  0.24862777
  -0.73087834 -0.02470391 -0.59030287  4.17690082 -1.32095949 -2.84193964
   1.33329049 -1.38331521 14.62083501  8.2573842   4.79363246  2.84609508]], Action: [[-1.          1.          1.         -0.39734614  0.5098885  -1.        ]], Reward: [3.0463965],Reward_sum: 310.47003173828125, Done: [False]
==========
t: 171, State: [[ 1.94926692e+01 -1.95624969e-01 -3.90079692e-03  3.20266601e-01
   8.29389195e-02  5.77403881e-01  1.36204657e-01 -3.15070355e-01
  -4.59236024e-02  6.72600636e+00  1.03413247e+00  1.05149165e+00
   1.97053418e+01 -1.87906886e+01  4.91982735e+00  1.80688110e+01
  -1.71225789e+01  5.54256088e+00]], Action: [[ 1.         -1.          0.9523517   0.73845637 -0.38757545  0.91349584]], Reward: [5.8395205],Reward_sum: 316.3095703125, Done: [False]
==========
t: 172, State: [[ 1.97430293e+01 -1.62975536e-01  4.40765559e-02  8.26666945e-01
  -5.68556098e-01  4.82022732e-01  1.77279738e-01 -5.84608712e-01
   2.01794625e-01  3.93278936e+00  6.63697904e-01  1.07324009e+00
   2.93524171e+00 -5.77455496e+00 -4.84539927e+00 -9.60071602e+00
   1.94854642e-02  3.59592061e+00]], Action: [[ 1.         -0.88585335  0.5369604  -0.8418551  -1.          0.05311392]], Reward: [4.628742],Reward_sum: 320.93829345703125, Done: [False]
==========
t: 173, State: [[ 19.89453112  -0.15860128   0.10668919   0.56852177  -0.09606843
   -0.13460952  -0.6109584   -0.42917419   0.44726333   2.95253051
   -0.42598172   1.46785158  -6.49541924  12.39563129 -12.11060927
  -15.55639184   3.3620947    4.46813067]], Action: [[ 1.          0.20511697 -0.38508618 -1.         -1.          0.837539  ]], Reward: [2.640852],Reward_sum: 323.57916259765625, Done: [False]
==========
t: 174, State: [[ 2.00403690e+01 -1.94734253e-01  2.00771838e-01 -1.76993406e-01
   5.71756408e-01 -2.34088321e-01 -1.02320747e+00 -4.22912905e-01
   7.56396320e-03  3.30351569e+00 -8.56101269e-01  1.32828025e+00
  -1.58636614e+01  8.84549209e+00  2.57935411e+00 -1.28322722e+00
  -2.54078629e+00 -1.47256047e+01]], Action: [[-0.8913858   0.76861167 -0.15083933 -0.8720796  -1.         -1.        ]], Reward: [2.4998968],Reward_sum: 326.07904052734375, Done: [False]
==========
t: 175, State: [[20.26807845 -0.22064694  0.17674402 -0.41030043  0.56948419  0.34074064
  -0.49541244 -0.24251015 -0.62388293  5.15151115 -0.40376045 -0.82397972
   2.10451359 -4.29387952 12.46564711 13.85512038  6.96278884  1.76261758]], Action: [[-0.15544192  0.874441    1.         -0.14749417  0.2804317  -1.        ]], Reward: [4.2652683],Reward_sum: 330.3443298339844, Done: [False]
==========
t: 176, State: [[ 20.53863197  -0.16783363   0.12605017   0.31654295  -0.26136813
    0.70518789   0.16099231  -0.53423051  -0.09539002   5.44793637
    1.11134462  -0.7504117   16.18851039 -15.00066524   3.88349973
    9.62992954  -2.3863469   11.867742  ]], Action: [[ 1.         -1.          1.         -0.07059292 -0.525459    0.5838278 ]], Reward: [5.048876],Reward_sum: 335.3931884765625, Done: [False]
==========
t: 177, State: [[ 20.73755675  -0.11965514   0.07219144   0.73693264  -0.64155101
    0.54547712  -0.08774119  -0.44043326   0.59605394   3.14335723
    0.8287716   -0.72134303   2.45215474  -1.36879722  -5.56632748
  -12.1746107    3.81209366  12.96194821]], Action: [[ 1.         -1.          0.78943455 -1.         -1.          1.        ]], Reward: [3.416175],Reward_sum: 338.80938720703125, Done: [False]
==========
t: 178, State: [[ 20.87254802  -0.1136371    0.07767389   0.60833912  -0.31309403
   -0.36097346  -0.72341494  -0.30516972   0.44390382   2.76106071
   -0.31723664   0.50038858  -3.67161621   7.19946353 -18.62248248
  -11.09425381   0.19435314  -4.6252658 ]], Action: [[ 1.         -0.51360804 -1.         -1.         -1.          0.56783485]], Reward: [2.2412024],Reward_sum: 341.0505676269531, Done: [False]
==========
t: 179, State: [[ 20.99359318  -0.14938854   0.0796767   -0.18892588   0.55639504
   -0.31914779  -0.95337223  -0.31512045  -0.25456009   2.63549995
   -0.99435121  -0.97326626 -18.20207803  14.96605268   6.69622639
    1.19967322  -1.05288588 -16.67013669]], Action: [[-1.          1.         -0.29762465 -0.75488794 -0.5201819  -1.        ]], Reward: [2.0280008],Reward_sum: 343.07855224609375, Done: [False]
==========
t: 180, State: [[21.19071546 -0.17707744 -0.03629607 -0.4468587   0.68780185  0.37944844
  -0.44939362 -0.17453396 -0.54141182  4.52588374 -0.25209649 -2.25385664
   3.31241168 -3.63524878 13.60338653 11.93406614  5.94315522  1.6980417 ]], Action: [[-0.0844055   1.          1.         -0.27240217  0.2785641  -1.        ]], Reward: [3.6265528],Reward_sum: 346.70513916015625, Done: [False]
==========
t: 181, State: [[ 2.14773525e+01 -1.39601521e-01  1.62443289e-02  3.37095391e-01
  -7.92683549e-02  5.60475705e-01  1.17435394e-01 -1.88406267e-01
  -7.22430596e-02  5.91016356e+00  9.59447904e-01  1.45645533e+00
   1.68200014e+01 -1.69968221e+01 -1.42885912e+00  1.00825329e+01
  -7.81983380e+00  7.98158717e+00]], Action: [[ 1.         -1.          0.6279038  -0.04371305 -0.6222234   0.50445724]], Reward: [5.4289594],Reward_sum: 352.13409423828125, Done: [False]
==========
t: 182, State: [[ 21.69933019  -0.11295196   0.08628178   0.74701301  -0.66261895
    0.41347375  -0.03939897  -0.36082752   0.24336608   3.53919556
    0.35283733   1.61183277   1.70949797  -4.9405874   -2.95616591
  -10.53725674  -1.5606829    4.13191235]], Action: [[ 1.         -1.          0.7351896  -1.         -1.         -0.05095191]], Reward: [3.985244],Reward_sum: 356.11932373046875, Done: [False]
==========
t: 183, State: [[ 21.84591541  -0.13414585   0.16193786   0.48701791  -0.11334377
   -0.17586019  -0.70985186  -0.41176747   0.38847416   2.98162464
   -0.92293208   1.4411202   -5.59909481  13.81465779 -12.24840717
  -12.34370703  -1.30525625   1.31639199]], Action: [[ 0.8722111   0.17047979 -0.52813476 -1.         -1.          0.5303693 ]], Reward: [2.596701],Reward_sum: 358.7160339355469, Done: [False]
==========
t: 184, State: [[ 21.98503556  -0.19102735   0.23367106  -0.21164807   0.69769481
   -0.38379861  -1.03957399  -0.46822511  -0.11147597   3.14393888
   -1.16427625   0.66235076 -15.15429671  11.66762876   0.07707388
    1.01702135  -2.25365848 -14.79090962]], Action: [[-1.         1.        -0.5110703 -1.        -0.8381512 -1.       ]], Reward: [2.286034],Reward_sum: 361.0020751953125, Done: [False]
==========
t: 185, State: [[22.20771681 -0.22517409  0.20344968 -0.33650356  0.69070117  0.25353914
  -0.50874717 -0.19147514 -0.56090728  5.06529262 -0.50826673 -0.75394313
   4.71879405 -5.67602061 15.39311896 12.42215913  9.65319433  1.95299692]], Action: [[ 0.02899928  0.9656241   1.         -0.26200753  0.47581485 -1.        ]], Reward: [4.130793],Reward_sum: 365.13287353515625, Done: [False]
==========
t: 186, State: [[ 22.45575748  -0.19813928   0.13651631   0.39709813  -0.338797
    0.7089111    0.22745969  -0.61117058  -0.23811516   4.69964848
    0.30814304  -1.98517832  15.22610091 -21.82124508   3.7807139
   12.20405257  -3.9589499   10.67476609]], Action: [[ 1.         -1.          1.          0.24720204 -0.44437957  0.8793538 ]], Reward: [4.557629],Reward_sum: 369.69049072265625, Done: [False]
==========
t: 187, State: [[ 22.62815395  -0.1609763    0.06607848   0.76666318  -0.5847716
    0.7080578   -0.02263353  -0.53505727   0.46275585   2.57568158
    0.78484825  -0.90700945   1.55203803   0.22730977  -3.83547989
  -13.72470594   4.69589214  14.35852902]], Action: [[ 1. -1.  1. -1. -1.  1.]], Reward: [2.8479295],Reward_sum: 372.5384521484375, Done: [False]
==========
t: 188, State: [[ 22.73568906  -0.15492607   0.07838104   0.62475578  -0.29006214
   -0.29272241  -0.74270573  -0.30703452   0.43605797   2.23520659
   -0.32286917   0.77648609  -3.79149437   5.47308986 -21.61147664
  -12.14984863   2.23409157  -5.73170048]], Action: [[ 1.         -0.56576973 -1.         -1.         -1.          0.27607483]], Reward: [1.7110709],Reward_sum: 374.24951171875, Done: [False]
==========
t: 189, State: [[ 22.83116539  -0.19576634   0.10164051  -0.20152582   0.51935782
   -0.38062365  -1.02251615  -0.37393473  -0.26829877   2.18063917
   -1.14489045  -0.67165462 -18.57469774  14.51229431   3.84920857
    0.94405467  -3.84222423 -16.39486683]], Action: [[-1.          1.         -0.53683364 -1.         -0.8751967  -1.        ]], Reward: [1.4041106],Reward_sum: 375.65362548828125, Done: [False]
==========
t: 190, State: [[ 2.30027116e+01 -2.18067840e-01  2.55765498e-03 -4.64816511e-01
   6.13633982e-01  3.05840029e-01 -5.46557688e-01 -1.53121220e-01
  -5.49082121e-01  4.15338092e+00  2.71308779e-01 -1.32679500e+00
   3.44846210e+00 -1.73156927e-01  1.39796860e+01  1.10886513e+01
   9.34283234e+00  1.86392157e+00]], Action: [[-0.08305387  0.7239674   1.         -0.3570426   0.6580645  -1.        ]], Reward: [3.121768],Reward_sum: 378.775390625, Done: [False]
==========
t: 191, State: [[ 23.27497589  -0.16028613   0.04974929   0.35689605  -0.16706582
    0.67991577   0.17045671  -0.27741589  -0.20761082   5.47806191
    1.0230103    0.44415783  17.58189565 -18.55089181   3.88107665
   14.11149167 -10.74217104   4.47663288]], Action: [[ 1.         -1.          1.          0.3840751  -0.49797535  0.5615329 ]], Reward: [5.0742054],Reward_sum: 383.84954833984375, Done: [False]
==========
t: 192, State: [[ 23.46551877  -0.12311684   0.06249572   0.7655806   -0.67553356
    0.6345721    0.04615146  -0.44748598   0.27663636   2.83812252
    0.68829607   0.45077775   1.40752512  -2.6926125   -3.16832343
  -11.66914199  -0.17501031  10.78005527]], Action: [[ 1.         -1.          1.         -1.         -1.          0.65025973]], Reward: [3.2685738],Reward_sum: 387.1181335449219, Done: [False]
==========
t: 193, State: [[ 23.57975627  -0.12139246   0.10653064   0.57539258  -0.29915041
   -0.25601368  -0.69877133  -0.33075274   0.55264515   2.3337604
   -0.44457619   1.14647575  -4.51956638   8.66228401 -19.27353085
  -13.40469002   2.39891564  -1.69270557]], Action: [[ 1.         -0.40574116 -0.86140174 -1.         -0.817493    1.        ]], Reward: [1.8272564],Reward_sum: 388.94537353515625, Done: [False]
==========
t: 194, State: [[ 2.36834486e+01 -1.69198556e-01  1.57731761e-01 -2.10965835e-01
   5.73302379e-01 -4.12186444e-01 -1.03792442e+00 -4.08956975e-01
  -1.09821010e-01  2.44782617e+00 -1.17941499e+00 -1.68135045e-03
  -1.72853022e+01  1.47873150e+01  4.17135367e+00  9.80328434e-01
  -4.61111735e+00 -1.76088637e+01]], Action: [[-1.         1.        -0.4954645 -1.        -1.        -1.       ]], Reward: [1.5492977],Reward_sum: 390.49468994140625, Done: [False]
==========
t: 195, State: [[23.86646548 -0.19458193  0.09890789 -0.42797145  0.57798337  0.31788444
  -0.57449658 -0.17428896 -0.59880318  4.21190724 -0.16257148 -1.23692424
   3.67734879 -6.71919638 15.61040179 11.04402317  9.71862772  3.17705053]], Action: [[-0.09027301  0.6620733   1.         -0.38599372  0.65832627 -1.        ]], Reward: [3.3574505],Reward_sum: 393.8521423339844, Done: [False]
==========
t: 196, State: [[ 24.13411996  -0.16631915   0.09305501   0.31460721  -0.213932
    0.71577453   0.19514688  -0.43117072  -0.20662367   5.68326388
    0.83196595   0.37473663  14.84744059 -11.46096388   2.55057794
   15.32477641  -9.24342483   9.0992545 ]], Action: [[ 1.         -1.          1.          0.48288774 -0.5072844   1.        ]], Reward: [4.904038],Reward_sum: 398.75616455078125, Done: [False]
==========
t: 197, State: [[ 24.34107054  -0.1234199    0.10701134   0.70815631  -0.59041987
    0.61274864   0.10657006  -0.49580976   0.3314526    3.19874102
    1.0318616    0.28770205   2.50363308  -2.79714794  -3.66605833
  -10.25451325   1.15698537   9.69923606]], Action: [[ 1.        -1.         1.        -1.        -1.         0.4231705]], Reward: [3.6211042],Reward_sum: 402.3772888183594, Done: [False]
==========
t: 198, State: [[ 2.44676632e+01 -1.00186589e-01  1.48074993e-01  5.78553175e-01
  -2.73250716e-01 -2.89999966e-01 -6.19107993e-01 -3.57918972e-01
   5.29705691e-01  2.47717327e+00  1.60428953e-03  1.24742207e+00
  -3.74751801e+00  7.51168527e+00 -1.93565317e+01 -1.39512246e+01
   2.16392799e+00 -1.05930986e+00]], Action: [[ 1.         -0.36593723 -0.92055196 -1.         -0.9756356   0.9560831 ]], Reward: [2.0471246],Reward_sum: 404.4244079589844, Done: [False]
==========
t: 199, State: [[ 24.57568479  -0.12539572   0.21447676  -0.19873728   0.55987202
   -0.38135199  -1.02403846  -0.41403796  -0.10101756   2.54592749
   -0.76417795   0.27906822 -17.01324038  14.51908141   3.15650994
    0.10072239  -4.13222567 -17.1548459 ]], Action: [[-1.          1.         -0.58070284 -1.         -1.         -1.        ]], Reward: [1.6267102],Reward_sum: 406.0511169433594, Done: [False]
==========
HalfCheetah-v4 - Steps: 200, Return: 406.0511169433594, State: [[ 24.57568479  -0.12539572   0.21447676  -0.19873728   0.55987202
   -0.38135199  -1.02403846  -0.41403796  -0.10101756   2.54592749
   -0.76417795   0.27906822 -17.01324038  14.51908141   3.15650994
    0.10072239  -4.13222567 -17.1548459 ]]
