Running on node: v010
CUDA_VISIBLE_DEVICES = 0,1,2,3,4,5,6,7
[CudaDevice(id=0), CudaDevice(id=1), CudaDevice(id=2), CudaDevice(id=3), CudaDevice(id=4), CudaDevice(id=5), CudaDevice(id=6), CudaDevice(id=7)]
Using AIRL:  True
Using GAIL:  False
Using RGCL:  False
Experiment State @  2025-11-19 08:17:28.422889-05:00
Experiment Saved @  results/experiment_125
Experiment Settings Saved @  results/experiment_125
125
Loaded data from expert_agents/CartPole-v1/ppo.pkl.
CartPole-v1 - Steps: 200, Return: 200.0, State: [-0.02312959 -0.02138637  0.01030321  0.02436888]
rewards_demo [  1.   2.   3.   4.   5.   6.   7.   8.   9.  10.  11.  12.  13.  14.
  15.  16.  17.  18.  19.  20.  21.  22.  23.  24.  25.  26.  27.  28.
  29.  30.  31.  32.  33.  34.  35.  36.  37.  38.  39.  40.  41.  42.
  43.  44.  45.  46.  47.  48.  49.  50.  51.  52.  53.  54.  55.  56.
  57.  58.  59.  60.  61.  62.  63.  64.  65.  66.  67.  68.  69.  70.
  71.  72.  73.  74.  75.  76.  77.  78.  79.  80.  81.  82.  83.  84.
  85.  86.  87.  88.  89.  90.  91.  92.  93.  94.  95.  96.  97.  98.
  99. 100. 101. 102. 103. 104. 105. 106. 107. 108. 109. 110. 111. 112.
 113. 114. 115. 116. 117. 118. 119. 120. 121. 122. 123. 124. 125. 126.
 127. 128. 129. 130. 131. 132. 133. 134. 135. 136. 137. 138. 139. 140.
 141. 142. 143. 144. 145. 146. 147. 148. 149. 150. 151. 152. 153. 154.
 155. 156. 157. 158. 159. 160. 161. 162. 163. 164. 165. 166. 167. 168.
 169. 170. 171. 172. 173. 174. 175. 176. 177. 178. 179. 180. 181. 182.
 183. 184. 185. 186. 187. 188. 189. 190. 191. 192. 193. 194. 195. 196.
 197. 198. 199. 200.]
Execution time: 2.0876 seconds,Total True Reward = 200.0000
Execution time: 1.6671 seconds,Total True Reward = 86.0000
Execution time: 1.6532 seconds,Total True Reward = 200.0000
Execution time: 2.0424 seconds,Total True Reward = 200.0000
Execution time: 1.6807 seconds,Total True Reward = 200.0000
Execution time: 1.6734 seconds,Total True Reward = 200.0000
Execution time: 1.6725 seconds,Total True Reward = 200.0000
Execution time: 1.6720 seconds,Total True Reward = 200.0000
Execution time: 2.0816 seconds,Total True Reward = 200.0000
Execution time: 1.6824 seconds,Total True Reward = 200.0000
Execution time: 1.6991 seconds,Total True Reward = 200.0000
Execution time: 1.6621 seconds,Total True Reward = 200.0000
Execution time: 1.6590 seconds,Total True Reward = 200.0000
Execution time: 2.1235 seconds,Total True Reward = 200.0000
Execution time: 1.6776 seconds,Total True Reward = 200.0000
Execution time: 1.6640 seconds,Total True Reward = 200.0000
Execution time: 1.6892 seconds,Total True Reward = 200.0000
Execution time: 1.6734 seconds,Total True Reward = 200.0000
Execution time: 1.6801 seconds,Total True Reward = 200.0000
Execution time: 2.1690 seconds,Total True Reward = 200.0000
Execution time: 1.6754 seconds,Total True Reward = 200.0000
Execution time: 1.6718 seconds,Total True Reward = 171.0000
Execution time: 1.6691 seconds,Total True Reward = 168.0000
Execution time: 1.6662 seconds,Total True Reward = 200.0000
Execution time: 1.6796 seconds,Total True Reward = 200.0000
Execution time: 2.2352 seconds,Total True Reward = 200.0000
Execution time: 1.6724 seconds,Total True Reward = 200.0000
Execution time: 1.6832 seconds,Total True Reward = 200.0000
Execution time: 1.6700 seconds,Total True Reward = 200.0000
Execution time: 1.6809 seconds,Total True Reward = 200.0000
Execution time: 1.6756 seconds,Total True Reward = 200.0000
Execution time: 1.6548 seconds,Total True Reward = 200.0000
Execution time: 2.2655 seconds,Total True Reward = 200.0000
Execution time: 1.6674 seconds,Total True Reward = 200.0000
Execution time: 1.6726 seconds,Total True Reward = 200.0000
Execution time: 1.7018 seconds,Total True Reward = 200.0000
Execution time: 1.6742 seconds,Total True Reward = 200.0000
Execution time: 1.6756 seconds,Total True Reward = 200.0000
Execution time: 1.6934 seconds,Total True Reward = 200.0000
Execution time: 1.6542 seconds,Total True Reward = 200.0000
Execution time: 2.3871 seconds,Total True Reward = 200.0000
Execution time: 1.6856 seconds,Total True Reward = 128.0000
Execution time: 1.6715 seconds,Total True Reward = 200.0000
Execution time: 1.6803 seconds,Total True Reward = 200.0000
Execution time: 1.6746 seconds,Total True Reward = 200.0000
Execution time: 1.6867 seconds,Total True Reward = 200.0000
Execution time: 1.6729 seconds,Total True Reward = 200.0000
Execution time: 1.6814 seconds,Total True Reward = 200.0000
Execution time: 1.6147 seconds,Total True Reward = 63.0000
Execution time: 1.6650 seconds,Total True Reward = 61.0000
Execution time: 2.4622 seconds,Total True Reward = 44.0000
Execution time: 1.6617 seconds,Total True Reward = 43.0000
Execution time: 1.6806 seconds,Total True Reward = 43.0000
Execution time: 1.6823 seconds,Total True Reward = 44.0000
Execution time: 1.6691 seconds,Total True Reward = 50.0000
Execution time: 1.6686 seconds,Total True Reward = 46.0000
Execution time: 1.6713 seconds,Total True Reward = 43.0000
Execution time: 1.6766 seconds,Total True Reward = 44.0000
Execution time: 1.6925 seconds,Total True Reward = 47.0000
Execution time: 1.6687 seconds,Total True Reward = 48.0000
Execution time: 2.5696 seconds,Total True Reward = 48.0000
Execution time: 1.6587 seconds,Total True Reward = 48.0000
Execution time: 1.6630 seconds,Total True Reward = 50.0000
Execution time: 1.5656 seconds,Total True Reward = 54.0000
Execution time: 1.6818 seconds,Total True Reward = 59.0000
Execution time: 1.6191 seconds,Total True Reward = 68.0000
Execution time: 1.5717 seconds,Total True Reward = 85.0000
Execution time: 1.6238 seconds,Total True Reward = 200.0000
Execution time: 1.5805 seconds,Total True Reward = 200.0000
Execution time: 1.6652 seconds,Total True Reward = 200.0000
Execution time: 1.6870 seconds,Total True Reward = 111.0000
Execution time: 2.7067 seconds,Total True Reward = 200.0000
Execution time: 1.6720 seconds,Total True Reward = 200.0000
Execution time: 1.6653 seconds,Total True Reward = 200.0000
Execution time: 1.6648 seconds,Total True Reward = 76.0000
Execution time: 1.6608 seconds,Total True Reward = 64.0000
Execution time: 1.6628 seconds,Total True Reward = 66.0000
Execution time: 1.6611 seconds,Total True Reward = 84.0000
Execution time: 1.6612 seconds,Total True Reward = 92.0000
Execution time: 1.6705 seconds,Total True Reward = 72.0000
Execution time: 1.6691 seconds,Total True Reward = 74.0000
Execution time: 1.6716 seconds,Total True Reward = 69.0000
Execution time: 1.6691 seconds,Total True Reward = 120.0000
Execution time: 1.6512 seconds,Total True Reward = 200.0000
Execution time: 2.7480 seconds,Total True Reward = 200.0000
Execution time: 1.6534 seconds,Total True Reward = 200.0000
Execution time: 1.6808 seconds,Total True Reward = 134.0000
Execution time: 1.6572 seconds,Total True Reward = 200.0000
Execution time: 1.6721 seconds,Total True Reward = 200.0000
Execution time: 1.6533 seconds,Total True Reward = 137.0000
Execution time: 1.6762 seconds,Total True Reward = 194.0000
Execution time: 1.6697 seconds,Total True Reward = 159.0000
Execution time: 1.6653 seconds,Total True Reward = 200.0000
Execution time: 1.6870 seconds,Total True Reward = 200.0000
Execution time: 1.6710 seconds,Total True Reward = 200.0000
Execution time: 1.6732 seconds,Total True Reward = 200.0000
Execution time: 1.6783 seconds,Total True Reward = 190.0000
Execution time: 1.6823 seconds,Total True Reward = 166.0000
Execution time: 2.9342 seconds,Total True Reward = 200.0000
Execution time: 1.6850 seconds,Total True Reward = 200.0000
