==========================================
Simple Walker2d GCL - Seed 126
1000 iterations, 1000 steps, sigma=1e-3
Started at: Thu Nov 27 04:11:41 EST 2025
==========================================
================================================================================
SIMPLIFIED WALKER2D TEST - GCL
================================================================================
Method: GCL
Horizon: 50, Trajectories: 500
N_steps: 1000, Iterations: 1000
Q: 0.001, P: 0.01
================================================================================
Initializing reward model...

================================================================================
RUNNING GCL WITH SIMPLIFIED WALKER2D
================================================================================
Testing GCL with generate_session_lax...
Warmup run (includes JIT compilation)...
Warmup completed: 1.10 seconds

Running 1000 iterations...
Iteration 100/1000: Avg Time=0.8499s, Avg Reward=1128.39
Iteration 200/1000: Avg Time=0.8510s, Avg Reward=1128.39
Iteration 300/1000: Avg Time=0.8486s, Avg Reward=1128.39
Iteration 400/1000: Avg Time=0.8614s, Avg Reward=1128.39
Iteration 500/1000: Avg Time=0.8608s, Avg Reward=1128.39
Iteration 600/1000: Avg Time=0.8644s, Avg Reward=1128.39
Iteration 700/1000: Avg Time=0.8555s, Avg Reward=1128.39
Iteration 800/1000: Avg Time=0.8689s, Avg Reward=1128.39
Iteration 900/1000: Avg Time=0.8680s, Avg Reward=1128.39
Iteration 1000/1000: Avg Time=0.8772s, Avg Reward=1128.39

================================================================================
RESULTS - GCL WITH SIMPLIFIED WALKER2D
================================================================================
Total time: 860.58 seconds (0.24 hours)
Average time per iteration: 0.8606 seconds
Average reward (all iterations): 1128.39
Final reward (last 100 iterations): 1128.39
Time per step (avg): 0.0009 seconds
================================================================================

Results saved to simple_walker2d_gcl_seed126_results.txt
================================================================================
==========================================
Completed at: Thu Nov 27 04:26:32 EST 2025
==========================================
