2025-11-27 04:16:32.749097: E external/local_xla/xla/stream_executor/cuda/cuda_fft.cc:477] Unable to register cuFFT factory: Attempting to register factory for plugin cuFFT when one has already been registered
WARNING: All log messages before absl::InitializeLog() is called are written to STDERR
E0000 00:00:1764234992.874817   89770 cuda_dnn.cc:8310] Unable to register cuDNN factory: Attempting to register factory for plugin cuDNN when one has already been registered
E0000 00:00:1764234992.920453   89770 cuda_blas.cc:1418] Unable to register cuBLAS factory: Attempting to register factory for plugin cuBLAS when one has already been registered
jax.errors.SimplifiedTraceback: For simplicity, JAX has removed its internal frames from the traceback of the following exception. Set JAX_TRACEBACK_FILTERING=off to include these.

The above exception was the direct cause of the following exception:

Traceback (most recent call last):
  File "/ocean/projects/cis250114p/pghanem/IRL_Radar_big/test_simple_walker2d.py", line 287, in <module>
    main()
  File "/ocean/projects/cis250114p/pghanem/IRL_Radar_big/test_simple_walker2d.py", line 219, in main
    _, _, _, _, rewards_warm = mppi.RGCL_lax(
  File "/ocean/projects/cis250114p/pghanem/IRL_Radar_big/src/control/mppi_class.py", line 824, in RGCL_lax
    (final_state, final_theta, final_P,_,_),(states, traj_probs, actions, rewards,P_theta) = lax.scan(
  File "/ocean/projects/cis250114p/pghanem/IRL_Radar_big/src/control/mppi_class.py", line 805, in scan_step
    g_s = get_gradients(state_train_local, local_params, next_state, args.N_steps)
  File "/ocean/projects/cis250114p/pghanem/IRL_Radar_big/cost_jax.py", line 249, in get_gradients
    dc_d_theta=jax.grad(cost_fn,argnums=1)(state_train,params,state.reshape(1,-1),N_steps)
  File "/ocean/projects/cis250114p/pghanem/IRL_Radar_big/cost_jax.py", line 85, in cost_fn
    costs = (state_train.apply_fn({'params': params}, states)+1e-6).flatten()/N
flax.errors.ApplyScopeInvalidVariablesTypeError: The first argument passed to an apply function should be a dictionary of collections. Each collection should be a dictionary with string keys. (https://flax.readthedocs.io/en/latest/api_reference/flax.errors.html#flax.errors.ApplyScopeInvalidVariablesTypeError)
