==========================================
Simple Walker2d RGCL - Seed 123
1000 iterations, 1000 steps, sigma=1e-3
Started at: Thu Nov 27 04:11:41 EST 2025
==========================================
================================================================================
SIMPLIFIED WALKER2D TEST - RGCL
================================================================================
Method: RGCL
Horizon: 50, Trajectories: 500
N_steps: 1000, Iterations: 1000
Q: 1e-05, P: 0.01
================================================================================
Initializing reward model...

================================================================================
RUNNING RGCL WITH SIMPLIFIED WALKER2D
================================================================================
Testing RGCL with RGCL_lax...
Warmup run (includes JIT compilation)...
==========================================
Completed at: Thu Nov 27 04:12:06 EST 2025
==========================================
