==========================================
Simple Walker2d GCL - Seed 125
1000 iterations, 1000 steps, sigma=1e-3
Started at: Thu Nov 27 04:11:41 EST 2025
==========================================
================================================================================
SIMPLIFIED WALKER2D TEST - GCL
================================================================================
Method: GCL
Horizon: 50, Trajectories: 500
N_steps: 1000, Iterations: 1000
Q: 0.001, P: 0.01
================================================================================
Initializing reward model...

================================================================================
RUNNING GCL WITH SIMPLIFIED WALKER2D
================================================================================
Testing GCL with generate_session_lax...
Warmup run (includes JIT compilation)...
Warmup completed: 1.08 seconds

Running 1000 iterations...
Iteration 100/1000: Avg Time=0.8544s, Avg Reward=1117.66
Iteration 200/1000: Avg Time=0.8597s, Avg Reward=1117.66
Iteration 300/1000: Avg Time=0.8677s, Avg Reward=1117.66
Iteration 400/1000: Avg Time=0.8665s, Avg Reward=1117.66
Iteration 500/1000: Avg Time=0.8736s, Avg Reward=1117.66
Iteration 600/1000: Avg Time=0.8877s, Avg Reward=1117.66
Iteration 700/1000: Avg Time=0.8892s, Avg Reward=1117.66
Iteration 800/1000: Avg Time=0.8892s, Avg Reward=1117.66
Iteration 900/1000: Avg Time=0.8898s, Avg Reward=1117.66
Iteration 1000/1000: Avg Time=0.9274s, Avg Reward=1117.66

================================================================================
RESULTS - GCL WITH SIMPLIFIED WALKER2D
================================================================================
Total time: 880.54 seconds (0.24 hours)
Average time per iteration: 0.8805 seconds
Average reward (all iterations): 1117.66
Final reward (last 100 iterations): 1117.66
Time per step (avg): 0.0009 seconds
================================================================================

Results saved to simple_walker2d_gcl_seed125_results.txt
================================================================================
==========================================
Completed at: Thu Nov 27 04:26:51 EST 2025
==========================================
