==========================================
Simplified Walker2d with PPO Expert - GPU
==========================================
Start time: Thu Nov 27 14:46:53 EST 2025
Node: gl001.ib.bridges2.psc.edu
Thu Nov 27 14:46:55 2025       
+-----------------------------------------------------------------------------------------+
| NVIDIA-SMI 560.35.03              Driver Version: 560.35.03      CUDA Version: 12.6     |
|-----------------------------------------+------------------------+----------------------+
| GPU  Name                 Persistence-M | Bus-Id          Disp.A | Volatile Uncorr. ECC |
| Fan  Temp   Perf          Pwr:Usage/Cap |           Memory-Usage | GPU-Util  Compute M. |
|                                         |                        |               MIG M. |
|=========================================+========================+======================|
|   0  NVIDIA L40S                    On  |   00000000:B2:00.0 Off |                    0 |
| N/A   54C    P0             93W /  350W |     978MiB /  46068MiB |      0%      Default |
|                                         |                        |                  N/A |
+-----------------------------------------+------------------------+----------------------+
                                                                                         
+-----------------------------------------------------------------------------------------+
| Processes:                                                                              |
|  GPU   GI   CI        PID   Type   Process name                              GPU Memory |
|        ID   ID                                                               Usage      |
|=========================================================================================|
|    0   N/A  N/A     75325      C   python3                                       424MiB |
|    0   N/A  N/A     78673      C   python3                                       424MiB |
+-----------------------------------------------------------------------------------------+

Running GCL with PPO expert...
