==========================================
Simple Walker2d GCL - Seed 123
1000 iterations, 1000 steps, sigma=1e-3
Started at: Thu Nov 27 03:42:26 EST 2025
==========================================
================================================================================
SIMPLIFIED WALKER2D TEST - GCL
================================================================================
Method: GCL
Horizon: 50, Trajectories: 500
N_steps: 1000, Iterations: 1000
Q: 0.001, P: 0.01
================================================================================
Initializing reward model...

================================================================================
RUNNING GCL WITH SIMPLIFIED WALKER2D
================================================================================
Testing GCL with generate_session_lax...
Warmup run (includes JIT compilation)...
Warmup completed: 1.09 seconds

Running 1000 iterations...
Iteration 100/1000: Avg Time=0.8465s, Avg Reward=1053.76
Iteration 200/1000: Avg Time=0.8483s, Avg Reward=1053.76
Iteration 300/1000: Avg Time=0.8475s, Avg Reward=1053.76
Iteration 400/1000: Avg Time=0.8564s, Avg Reward=1053.76
Iteration 500/1000: Avg Time=0.8567s, Avg Reward=1053.76
Iteration 600/1000: Avg Time=0.8615s, Avg Reward=1053.76
Iteration 700/1000: Avg Time=0.9157s, Avg Reward=1053.76
Iteration 800/1000: Avg Time=0.8876s, Avg Reward=1053.76
Iteration 900/1000: Avg Time=0.8621s, Avg Reward=1053.76
Iteration 1000/1000: Avg Time=0.8683s, Avg Reward=1053.76

================================================================================
RESULTS - GCL WITH SIMPLIFIED WALKER2D
================================================================================
Total time: 865.05 seconds (0.24 hours)
Average time per iteration: 0.8651 seconds
Average reward (all iterations): 1053.76
Final reward (last 100 iterations): 1053.76
Time per step (avg): 0.0009 seconds
================================================================================

Results saved to simple_walker2d_gcl_seed123_results.txt
================================================================================
==========================================
Completed at: Thu Nov 27 03:57:22 EST 2025
==========================================
