==========================================
Simple Walker2d RGCL - Horizon 20 - Seed 124
horizon=20, num_traj=1000, 1000 iterations
Started at: Thu Nov 27 04:16:22 EST 2025
==========================================
================================================================================
SIMPLIFIED WALKER2D TEST - RGCL
================================================================================
Method: RGCL
Horizon: 20, Trajectories: 1000
N_steps: 1000, Iterations: 1000
Q: 1e-05, P: 0.01
================================================================================
Initializing reward model...

================================================================================
RUNNING RGCL WITH SIMPLIFIED WALKER2D
================================================================================
Testing RGCL with RGCL_lax...
Warmup run (includes JIT compilation)...
==========================================
Completed at: Thu Nov 27 04:16:46 EST 2025
==========================================
