==========================================
Simple Walker2d GCL - Horizon 20 - Seed 125
horizon=20, num_traj=1000, 1000 iterations
Started at: Thu Nov 27 04:16:22 EST 2025
==========================================
================================================================================
SIMPLIFIED WALKER2D TEST - GCL
================================================================================
Method: GCL
Horizon: 20, Trajectories: 1000
N_steps: 1000, Iterations: 1000
Q: 0.001, P: 0.01
================================================================================
Initializing reward model...

================================================================================
RUNNING GCL WITH SIMPLIFIED WALKER2D
================================================================================
Testing GCL with generate_session_lax...
Warmup run (includes JIT compilation)...
Warmup completed: 1.02 seconds

Running 1000 iterations...
Iteration 100/1000: Avg Time=0.7780s, Avg Reward=1076.79
Iteration 200/1000: Avg Time=0.7814s, Avg Reward=1076.79
Iteration 300/1000: Avg Time=0.7810s, Avg Reward=1076.79
Iteration 400/1000: Avg Time=0.7878s, Avg Reward=1076.79
Iteration 500/1000: Avg Time=0.7880s, Avg Reward=1076.79
Iteration 600/1000: Avg Time=0.7898s, Avg Reward=1076.79
Iteration 700/1000: Avg Time=0.7891s, Avg Reward=1076.79
Iteration 800/1000: Avg Time=0.7993s, Avg Reward=1076.79
Iteration 900/1000: Avg Time=0.7969s, Avg Reward=1076.79
Iteration 1000/1000: Avg Time=0.8067s, Avg Reward=1076.79

================================================================================
RESULTS - GCL WITH SIMPLIFIED WALKER2D
================================================================================
Total time: 789.81 seconds (0.22 hours)
Average time per iteration: 0.7898 seconds
Average reward (all iterations): 1076.79
Final reward (last 100 iterations): 1076.79
Time per step (avg): 0.0008 seconds
================================================================================

Results saved to simple_walker2d_gcl_seed125_results.txt
================================================================================
==========================================
Completed at: Thu Nov 27 04:30:02 EST 2025
==========================================
