2025-11-26 19:28:08.652319: E external/local_xla/xla/stream_executor/cuda/cuda_fft.cc:477] Unable to register cuFFT factory: Attempting to register factory for plugin cuFFT when one has already been registered
WARNING: All log messages before absl::InitializeLog() is called are written to STDERR
E0000 00:00:1764203288.671479  100759 cuda_dnn.cc:8310] Unable to register cuDNN factory: Attempting to register factory for plugin cuDNN when one has already been registered
E0000 00:00:1764203288.677237  100759 cuda_blas.cc:1418] Unable to register cuBLAS factory: Attempting to register factory for plugin cuBLAS when one has already been registered
/jet/home/pghanem/.conda/envs/rirl/lib/python3.10/site-packages/gymnasium/envs/registration.py:521: UserWarning: [33mWARN: Using the latest versioned environment `Walker2d-v4` instead of the unversioned environment `Walker2d`.[0m
  logger.warn(
[CudaDevice(id=0)]
Using AIRL:  False
Using GAIL:  False
Using RGCL:  False
Experiment State @  2025-11-26 19:28:18.828851-05:00
Experiment Saved @  results/experiment_123
Experiment Settings Saved @  results/experiment_123
123

======================================================================
RIRL ITERATION 1 / 1
======================================================================
Using cuda device
Wrapping the env with a `Monitor` wrapper
Wrapping the env in a DummyVecEnv.
Wrapping the env with a `Monitor` wrapper
Wrapping the env in a DummyVecEnv.
t: 0, State: [[ 3.68639037e-03  1.24372476e+00  4.44963991e-03  2.50179878e-03
  -2.58901597e-04  5.77454276e-02  6.13322581e-03  7.07938521e-03
   5.55690997e-02  3.69456942e-01 -4.51959359e-01  1.27022883e+00
   7.51842262e-01  9.99361420e-01  1.00000000e+01  4.45888904e-01
   1.15430502e+00  1.00000000e+01]], Action: [[1.        0.9425915 1.        1.        1.        1.       ]], Reward: [1.2269704],Reward_sum: 1.2269704341888428, Done: [False]
==========
t: 1, State: [[ 5.38649922e-03  1.24100780e+00  1.11162731e-02  8.81931791e-03
   8.97731754e-04  1.13211033e-01  8.79429413e-03  1.34913187e-02
   1.29570380e-01  6.82122653e-02 -2.27991871e-01  4.37309444e-01
   8.14210887e-01 -6.72844508e-01  3.90182364e-01  2.17326381e-01
   5.02220464e-01  4.92451225e+00]], Action: [[ 0.9494848  -0.9535807  -1.          0.77391577  0.46876132 -0.59129834]], Reward: [1.2085345],Reward_sum: 2.435504913330078, Done: [False]
==========
t: 2, State: [[ 6.51492048e-03  1.23774471e+00  1.51645207e-02  1.36911869e-02
  -7.21817752e-04  1.61050097e-01  1.10903142e-02  1.63581890e-02
   2.09153707e-01  2.13141368e-01 -5.86055677e-01  5.79172215e-01
   4.11967174e-01  3.28745297e-01  1.00000000e+01  3.60132175e-01
   2.52645754e-01  1.00000000e+01]], Action: [[1.         0.60233897 0.8355753  1.         1.         0.7042972 ]], Reward: [1.1364956],Reward_sum: 3.572000503540039, Done: [False]
==========
t: 3, State: [[ 7.43331071e-03  1.23387161e+00  1.80421925e-02  1.71868658e-02
  -1.72840323e-03  1.99768004e-01  1.33651130e-02  1.76528038e-02
   2.98717592e-01  2.39077478e-02 -3.84140260e-01  1.63210500e-01
   4.54267350e-01 -5.66419615e-01 -1.79681390e+00  2.07284671e-01
   8.11957652e-02  7.49643869e+00]], Action: [[ 1.         -0.6816857  -1.          0.90614873  0.7266734  -0.49127445]], Reward: [1.1107435],Reward_sum: 4.682744026184082, Done: [False]
==========
t: 4, State: [[ 8.09346105e-03  1.22965819e+00  1.98824322e-02  1.95148328e-02
  -2.48914050e-03  2.36752811e-01  1.53357535e-02  1.82586012e-02
   3.69887936e-01  1.37439617e-01 -6.67667819e-01  2.89860348e-01
   1.51148890e-01  3.58400849e-01  1.00000000e+01  2.80917002e-01
   7.40752901e-02  1.00000000e+01]], Action: [[0.91056883 0.5872422  1.         1.         0.9847249  0.15225887]], Reward: [1.078352],Reward_sum: 5.761096000671387, Done: [False]
==========
t: 5, State: [[ 8.56894973e-03  1.22506497e+00  2.10644664e-02  2.12285838e-02
  -3.24540290e-03  2.71799646e-01  1.69968358e-02  1.84342884e-02
   4.25251425e-01 -1.33914953e-02 -4.82718358e-01  2.02391951e-02
   2.64941554e-01 -5.35441678e-01 -2.23401071e+00  1.36317640e-01
  -2.36735077e-02  3.58068614e+00]], Action: [[ 1.         -0.64349246 -1.          0.9799721   0.7666839  -0.4416263 ]], Reward: [1.0552788],Reward_sum: 6.816374778747559, Done: [False]
==========
t: 6, State: [[ 9.08473135e-03  1.21954446e+00  2.17677263e-02  2.19257855e-02
  -2.76834725e-03  3.07770148e-01  1.87776993e-02  1.83369816e-02
   5.06178072e-01  1.31905002e-01 -8.92804287e-01  1.25028435e-01
  -6.47749602e-02  5.90733554e-01  1.00000000e+01  3.03271587e-01
   8.51349596e-03  1.00000000e+01]], Action: [[0.973757  0.7070864 1.        1.        1.        0.9350709]], Reward: [1.0591502],Reward_sum: 7.875524997711182, Done: [False]
==========
t: 7, State: [[ 9.46195417e-03  1.21316572e+00  2.14749719e-02  2.23388856e-02
  -3.46852953e-03  3.44622590e-01  2.04017508e-02  1.81565882e-02
   6.11753053e-01 -2.98202062e-02 -7.05513011e-01 -1.75333538e-01
   1.50050001e-01 -7.30182981e-01 -1.98547935e+00  1.06587281e-01
  -5.40276243e-02  9.77888196e+00]], Action: [[ 1.         -0.6775409  -1.          1.          0.75339496 -0.4507862 ]], Reward: [1.042923],Reward_sum: 8.918447494506836, Done: [False]
==========
t: 8, State: [[ 9.68535612e-03  1.20726131e+00  2.08521424e-02  2.27868434e-02
  -6.37655096e-03  3.74197933e-01  2.13759690e-02  1.78063495e-02
   6.83306633e-01  1.00097009e-01 -5.81848704e-01  4.83664480e-02
   7.36467976e-04 -4.41525007e-01  7.94604351e+00  1.07753498e-01
  -5.31179702e-02  7.22655098e+00]], Action: [[ 0.93460786  0.5852533   0.9947523   1.          0.7812801  -0.11003531]], Reward: [1.0240972],Reward_sum: 9.942544937133789, Done: [False]
==========
t: 9, State: [[ 1.06457348e-02  1.20426046e+00  2.24345618e-02  2.24971239e-02
  -3.66538367e-03  3.92219740e-01  2.24289559e-02  1.74805525e-02
   7.36448904e-01  1.33182608e-01 -2.06677535e-01  3.25974212e-01
  -7.06190688e-02  1.09320405e+00 -3.20796851e+00  1.57075937e-01
  -2.26794281e-02  6.31537671e+00]], Action: [[ 1.         -0.08595698 -0.85978824  1.          1.          0.16103116]], Reward: [1.1162748],Reward_sum: 11.058819770812988, Done: [False]
==========
t: 10, State: [[ 1.22754602e-02  1.20340053e+00  2.53928031e-02  2.22849138e-02
   5.94351686e-05  4.04010067e-01  2.27842531e-02  1.68367383e-02
   7.97952147e-01  2.51531653e-01 -2.69513761e-02  3.84550991e-01
   1.16958258e-02 -1.66742505e-01  6.19295028e+00 -3.49107418e-02
  -8.51445518e-02  7.53394108e+00]], Action: [[0.78256893 0.22502223 1.         1.         0.8952415  0.50118065]], Reward: [1.2],Reward_sum: 12.258819580078125, Done: [False]
==========
t: 11, State: [[ 1.38776143e-02  1.20385308e+00  2.82120449e-02  2.25774887e-02
   1.04344029e-03  4.20436884e-01  2.27491427e-02  1.67479964e-02
   8.38050003e-01  1.38148665e-01  1.36176300e-01  2.63597799e-01
   9.69435993e-02  2.13431215e-01 -1.88752002e+00 -1.72383472e-02
   2.45648848e-02  2.95558428e+00]], Action: [[ 1.         -0.10665209 -0.7105386   1.          1.          0.12287202]], Reward: [1.1967379],Reward_sum: 13.455557823181152, Done: [False]
==========
t: 12, State: [[ 1.53025544e-02  1.20491827e+00  3.06799295e-02  2.29226859e-02
   4.19769344e-04  4.43747352e-01  2.28989396e-02  1.72942215e-02
   8.53103921e-01  2.17885430e-01  1.27480789e-01  3.48136406e-01
  -3.01312442e-03 -4.07290877e-01  7.66928236e+00  5.01562404e-02
   9.88979079e-02  1.01226495e+00]], Action: [[0.99962854 0.5598989  1.         1.         1.         1.        ]], Reward: [1.1728047],Reward_sum: 14.628362655639648, Done: [False]
==========
t: 13, State: [[ 1.73799338e-02  1.20591208e+00  3.44907356e-02  2.19055754e-02
  -5.03102123e-05  5.13495127e-01  2.41798988e-02  1.84268208e-02
   8.56752704e-01  3.03078857e-01  1.22646113e-01  6.08223177e-01
  -2.47172109e-01  2.96304732e-01  9.71180752e+00  2.68184806e-01
   1.80243276e-01  1.80232058e-02]], Action: [[1.         0.7485158  0.34649765 1.         1.         1.        ]], Reward: [1.2549921],Reward_sum: 15.883355140686035, Done: [False]
==========
t: 14, State: [[ 1.98604816e-02  1.20680773e+00  3.94118478e-02  1.98588884e-02
   1.80290286e-03  5.97677626e-01  2.64680180e-02  1.98616405e-02
   8.54789197e-01  3.16787860e-01  1.01408658e-01  6.18175346e-01
  -2.61264782e-01  1.55490560e-01  1.00000000e+01  2.97829017e-01
   1.75230038e-01 -4.42979936e-01]], Action: [[1.         0.5304411  0.2498336  1.         1.         0.98928547]], Reward: [1.305746],Reward_sum: 17.18910026550293, Done: [False]
==========
t: 15, State: [[ 2.24976135e-02  1.20755957e+00  4.44846061e-02  1.76605283e-02
   2.68594130e-03  6.95559610e-01  2.89556333e-02  2.12332343e-02
   8.50470820e-01  3.43239160e-01  8.79113058e-02  6.51155816e-01
  -2.87446411e-01  7.00144993e-02  1.00000000e+01  3.22120707e-01
   1.67201298e-01 -6.02194709e-01]], Action: [[1.        0.6536686 0.2873015 1.        1.        1.       ]], Reward: [1.3251317],Reward_sum: 18.514232635498047, Done: [False]
==========
t: 16, State: [[ 2.53640976e-02  1.20826949e+00  4.98670562e-02  1.52689695e-02
   3.07888494e-03  8.06182486e-01  3.16040270e-02  2.25329965e-02
   8.45540312e-01  3.53516577e-01  1.12798435e-01  6.68618157e-01
  -2.86199043e-01  7.59302795e-02  1.00000000e+01  3.25885251e-01
   1.46505095e-01 -6.21649159e-01]], Action: [[1.         0.71680063 0.3193318  1.         1.         1.        ]], Reward: [1.3536948],Reward_sum: 19.86792755126953, Done: [False]
==========
t: 17, State: [[ 2.79176647e-02  1.20949474e+00  5.48322358e-02  1.33352828e-02
   4.21195378e-03  8.72842684e-01  3.39642685e-02  2.34865693e-02
   8.40690085e-01  2.97726477e-01  1.67502520e-01  5.98237772e-01
  -2.22554357e-01  1.58908561e-01  4.96713225e+00  2.77980287e-01
   1.04421488e-01 -5.74016066e-01]], Action: [[1.         0.7513509  0.35709703 1.         1.         1.        ]], Reward: [1.3145038],Reward_sum: 21.182432174682617, Done: [False]
==========
t: 18, State: [[ 0.03031515  1.21066352  0.05983513  0.01167505  0.00559428  0.89631627
   0.03597811  0.02415657  0.83637083  0.30182714  0.12029612  0.64801594
  -0.18357651  0.18057807  1.30830931  0.21828047  0.0629209  -0.50147671]], Action: [[1.         0.9591153  0.95488554 1.         1.         1.        ]], Reward: [1.2938534],Reward_sum: 22.476285934448242, Done: [False]
==========
t: 19, State: [[ 0.0327344   1.211374    0.06510385  0.01048587  0.00700829  0.8988145
   0.03739633  0.02451204  0.83271669  0.30251641  0.0553788   0.66522617
  -0.11105509  0.17157293 -0.45822014  0.13469226  0.02705612 -0.41112476]], Action: [[1.         0.93330246 1.         1.         1.         1.        ]], Reward: [1.2965358],Reward_sum: 23.7728214263916, Done: [False]
==========
t: 20, State: [[ 0.03515414  1.21152627  0.07044893  0.00990448  0.0084047   0.89167617
   0.03813685  0.02460864  0.82978589  0.30206192 -0.0183165   0.66856994
  -0.03395436  0.17502352 -1.2043456   0.05073812 -0.00208472 -0.32290614]], Action: [[1. 1. 1. 1. 1. 1.]], Reward: [1.2964675],Reward_sum: 25.06928825378418, Done: [False]
==========
t: 21, State: [[ 0.03756366  1.21106908  0.07577387  0.00993184  0.00978225  0.88096545
   0.03822571  0.02449195  0.82752054  0.30018381 -0.0965127   0.66159764
   0.03936004  0.16834366 -1.41106896 -0.0268129  -0.02624835 -0.24560852]], Action: [[1. 1. 1. 1. 1. 1.]], Reward: [1.29519],Reward_sum: 26.364479064941406, Done: [False]
==========
t: 22, State: [[ 0.03995602  1.20997585  0.08102439  0.01050374  0.01108819  0.86979476
   0.03774137  0.02420217  0.8258195   0.2978901  -0.17706922  0.6507375
   0.10138502  0.15780058 -1.35292406 -0.09191157 -0.0453554  -0.18195938]], Action: [[1. 1. 1. 1. 1. 1.]], Reward: [1.2930447],Reward_sum: 27.65752410888672, Done: [False]
==========
t: 23, State: [[ 0.04231728  1.20824579  0.08614916  0.01149866  0.01229703  0.85961232
   0.03681971  0.02380428  0.82459578  0.27969528 -0.24263598  0.59537782
   0.12794133  0.13724696 -1.18328829 -0.11175478 -0.0295027  -0.10488603]], Action: [[1. 1. 1. 1. 1. 1.]], Reward: [1.2891575],Reward_sum: 28.946680068969727, Done: [False]
==========
t: 24, State: [[ 0.04427465  1.20642882  0.09006869  0.01230794  0.01320176  0.85092318
   0.03624171  0.02391545  0.824202    0.21634775 -0.19080792  0.39396215
   0.08194885  0.09549975 -0.98559608 -0.04643326  0.03763032 -0.01788126]], Action: [[1. 1. 1. 1. 1. 1.]], Reward: [1.2386719],Reward_sum: 30.185352325439453, Done: [False]
==========
t: 25, State: [[ 0.04589114  1.20534926  0.09266367  0.01287351  0.0138658   0.84382006
   0.03593719  0.02420995  0.82408334  0.19200892 -0.0876349   0.26791272
   0.0592901   0.06894427 -0.79516907 -0.03209568  0.03207683 -0.01570235]], Action: [[1. 1. 1. 1. 1. 1.]], Reward: [1.1960613],Reward_sum: 31.38141441345215, Done: [False]
==========
t: 26, State: [[ 0.04739227  1.20489898  0.094514    0.01326263  0.01430271  0.83812957
   0.03570675  0.0244031   0.82392773  0.18530909 -0.03112482  0.20230523
   0.03889347  0.04116739 -0.6316355  -0.02642317  0.01581472 -0.02348941]], Action: [[1. 1. 1. 1. 1. 1.]], Reward: [1.1816409],Reward_sum: 32.56305694580078, Done: [False]
==========
t: 27, State: [[ 4.88794916e-02  1.20477526e+00  9.59935092e-02  1.35115082e-02
   1.45444127e-02  8.33648146e-01  3.55062286e-02  2.44680223e-02
   8.23712873e-01  1.87518574e-01 -3.38087505e-03  1.71903294e-01
   2.42784629e-02  2.06243613e-02 -4.92787770e-01 -2.39393701e-02
   1.14431771e-03 -2.95636548e-02]], Action: [[1. 1. 1. 1. 1. 1.]], Reward: [1.1799026],Reward_sum: 33.742958068847656, Done: [False]
==========
t: 28, State: [[ 0.05040429  1.20480164  0.09731677  0.01366487  0.01465337  0.83018095
   0.03532227  0.02443495  0.82346608  0.1941929   0.00798165  0.16133182
   0.01481263  0.00776966 -0.37790954 -0.02205999 -0.00855711 -0.03146929]], Action: [[1. 1. 1. 1. 1. 1.]], Reward: [1.1845994],Reward_sum: 34.92755889892578, Done: [False]
==========
t: 29, State: [[ 5.19924508e-02  1.20487940e+00  9.86037870e-02  1.37587004e-02
   1.46844226e-02  8.27541855e-01  3.51535811e-02  2.43434799e-02
   8.23218242e-01  2.03104505e-01  1.04076491e-02  1.61744733e-01
   9.17276833e-03  7.98904098e-04 -2.85398488e-01 -2.00836531e-02
  -1.36453983e-02 -3.00586703e-02]], Action: [[1. 1. 1. 1. 1. 1.]], Reward: [1.1925205],Reward_sum: 36.120079040527344, Done: [False]
==========
t: 30, State: [[ 0.05365688  1.20495619  0.09992019  0.0138185   0.01467645  0.82556178
   0.03500126  0.02422539  0.82299016  0.21313109  0.00828528  0.16804508
   0.00611896 -0.00229508 -0.21266695 -0.01798853 -0.01544406 -0.02675547]], Action: [[1. 1. 1. 1. 1. 1.]], Reward: [1.2020543],Reward_sum: 37.3221321105957, Done: [False]
==========
t: 31, State: [[ 0.05540399  1.20500663  0.10130032  0.01386093  0.01465375  0.82409465
   0.03486568  0.0241017   0.8227921   0.22370649  0.00411874  0.1773147
   0.00469858 -0.00310131 -0.1566327  -0.01592726 -0.01523427 -0.02270604]], Action: [[1. 1. 1. 1. 1. 1.]], Reward: [1.2123884],Reward_sum: 38.534515380859375, Done: [False]
==========
t: 32, State: [[ 5.72367307e-02  1.20501987e+00  1.02760487e-01  1.38964028e-02
   1.46300846e-02  8.23019557e-01  3.47458260e-02  2.39843949e-02
   8.22626951e-01  2.34491627e-01 -8.93526604e-04  1.87833110e-01
   4.30588066e-03 -2.67402879e-03 -1.14149743e-01 -1.40864506e-02
  -1.39806827e-02 -1.86136209e-02]], Action: [[1. 1. 1. 1. 1. 1.]], Reward: [1.2230923],Reward_sum: 39.757606506347656, Done: [False]
==========
t: 33, State: [[ 0.05915592  1.20499172  0.10430638  0.0139315   0.01461245  0.82223971
   0.03463936  0.02387906  0.82249333  0.24530702 -0.00614108  0.19864351
   0.00454305 -0.00168344 -0.08238693 -0.0125899  -0.01232574 -0.01487127]], Action: [[1. 1. 1. 1. 1. 1.]], Reward: [1.2338992],Reward_sum: 40.99150466918945, Done: [False]
==========
t: 34, State: [[ 6.11616602e-02  1.20492227e+00  1.05938470e-01  1.39699213e-02
   1.46034987e-02  8.21679171e-01  3.45434427e-02  2.37872304e-02
   8.22387536e-01  2.56130782e-01 -1.11507449e-02  2.09345821e-01
   5.09470902e-03 -5.55286228e-04 -5.89608795e-02 -1.14457293e-02
  -1.06467811e-02 -1.16767827e-02]], Action: [[1. 1. 1. 1. 1. 1.]], Reward: [1.2447169],Reward_sum: 42.23622131347656, Done: [False]
==========
t: 35, State: [[ 6.32541487e-02  1.20481473e+00  1.07655329e-01  1.40132556e-02
   1.46033030e-02  8.21279405e-01  3.44554304e-02  2.37082561e-02
   8.22304908e-01  2.67003999e-01 -1.56302715e-02  2.19832583e-01
   5.74138598e-03  4.79597859e-04 -4.18968505e-02 -1.06016075e-02
  -9.13293394e-03 -9.07772619e-03]], Action: [[1. 1. 1. 1. 1. 1.]], Reward: [1.255561],Reward_sum: 43.491783142089844, Done: [False]
==========
t: 36, State: [[ 0.065434    1.20467395  0.10945529  0.01406167  0.01461065  0.82099614
   0.03437321  0.02364047  0.82224081  0.27798236 -0.01945151  0.23013227
   0.00634745  0.0013218  -0.02959962 -0.00998407 -0.00785521 -0.00703205]], Action: [[1. 1. 1. 1. 1. 1.]], Reward: [1.266482],Reward_sum: 44.75826644897461, Done: [False]
==========
t: 37, State: [[ 0.06770227  1.20450526  0.11133714  0.01411452  0.01462389  0.82079648
   0.03429527  0.02358193  0.82219115  0.28911126 -0.02261965  0.24031731
   0.00684555  0.00195371 -0.02080997 -0.00952433 -0.00681882 -0.00545394]], Action: [[1. 1. 1. 1. 1. 1.]], Reward: [1.2775333],Reward_sum: 46.03580093383789, Done: [False]
==========
t: 38, State: [[ 0.07006023  1.20431345  0.11330021  0.01417089  0.01464143  0.82065644
   0.03422052  0.02353079  0.82215257  0.30040706 -0.02525713  0.25044246
   0.00722745  0.00240584 -0.01455557 -0.0091784  -0.0059996  -0.00424299]], Action: [[1. 1. 1. 1. 1. 1.]], Reward: [1.288745],Reward_sum: 47.324546813964844, Done: [False]
==========
t: 39, State: [[ 0.07250924  1.20410215  0.11534417  0.01422989  0.01466201  0.82055877
   0.03414819  0.02348544  0.82212252  0.31187243 -0.02751966  0.26054865
   0.00750909  0.00271928 -0.01011506 -0.00891796 -0.00536348 -0.00331072]], Action: [[1. 1. 1. 1. 1. 1.]], Reward: [1.3001256],Reward_sum: 48.624671936035156, Done: [False]
==========
t: 40, State: [[ 0.07505064  1.20387375  0.11746902  0.01429082  0.01468467  0.82049117
   0.03407766  0.02344458  0.82209904  0.32350631 -0.02955133  0.27066915
   0.00771222  0.00293074 -0.00696634 -0.00872335 -0.00487589 -0.00258792]], Action: [[1. 1. 1. 1. 1. 1.]], Reward: [1.3116754],Reward_sum: 49.93634796142578, Done: [False]
==========
t: 41, State: [[ 0.07768578  1.20362963  0.11967499  0.01435313  0.01470871  0.82044487
   0.03400848  0.02340712  0.82208069  0.33530816 -0.03146888  0.28083237
   0.00785713  0.00306913 -0.00473639 -0.00858011 -0.00450589 -0.00202317]], Action: [[1. 1. 1. 1. 1. 1.]], Reward: [1.3233932],Reward_sum: 51.259742736816406, Done: [False]
==========
t: 42, State: [[ 0.08041602  1.20337032  0.12196252  0.01441643  0.01473364  0.82041365
   0.03394027  0.02337224  0.82206635  0.34727947 -0.0333594   0.2910633
   0.00796045  0.00315601 -0.00316029 -0.0084772  -0.00422752 -0.0015789 ]], Action: [[1. 1. 1. 1. 1. 1.]], Reward: [1.3352796],Reward_sum: 52.59502410888672, Done: [False]
==========
t: 43, State: [[ 0.08324272  1.20309578  0.12433224  0.01448042  0.01475911  0.82039307
   0.03387276  0.02333929  0.82205518  0.35942396 -0.03528404  0.30138429
   0.00803487  0.003207   -0.00205012 -0.00840601 -0.0040198  -0.00122759]], Action: [[1. 1. 1. 1. 1. 1.]], Reward: [1.3473371],Reward_sum: 53.942359924316406, Done: [False]
==========
t: 44, State: [[ 8.61672818e-02  1.20280557e+00  1.26784964e-01  1.45449328e-02
   1.47848839e-02  8.20379966e-01  3.38057072e-02  2.33077765e-02
   8.22046519e-01  3.71747317e-01 -3.72835269e-02  3.11815552e-01
   8.08971413e-03  3.23330743e-03 -1.27249472e-03 -8.35971031e-03
  -3.86617734e-03 -9.48693981e-04]], Action: [[1. 1. 1. 1. 1. 1.]], Reward: [1.3595705],Reward_sum: 55.30192947387695, Done: [False]
==========
t: 45, State: [[ 8.91911713e-02  1.20249898e+00  1.29321637e-01  1.46098251e-02
   1.48107979e-02  8.20372079e-01  3.37389482e-02  2.32773206e-02
   8.22039852e-01  3.84256718e-01 -3.93838707e-02  3.22375434e-01
   8.13165071e-03  3.24293798e-03 -7.32406652e-04 -8.33288602e-03
  -3.75373802e-03 -7.26450281e-04]], Action: [[1. 1. 1. 1. 1. 1.]], Reward: [1.3719862],Reward_sum: 56.67391586303711, Done: [False]
==========
t: 46, State: [[ 9.23159071e-02  1.20217512e+00  1.31943359e-01  1.46750174e-02
   1.48367418e-02  8.20367796e-01  3.36723405e-02  2.32476336e-02
   8.22034778e-01  3.96960298e-01 -4.16012289e-02  3.33080609e-01
   8.16537558e-03  3.24158939e-03 -3.62006697e-04 -8.32128058e-03
  -3.67251456e-03 -5.48483272e-04]], Action: [[1. 1. 1. 1. 1. 1.]], Reward: [1.3845919],Reward_sum: 58.05850601196289, Done: [False]
==========
t: 47, State: [[ 9.55430770e-02  1.20183302e+00  1.34651354e-01  1.47404581e-02
   1.48626450e-02  8.20365965e-01  3.36057760e-02  2.32184977e-02
   8.22030985e-01  4.09866731e-01 -4.39457218e-02  3.43946208e-01
   8.19419793e-03  3.23332881e-03 -1.12684663e-04 -8.32159011e-03
  -3.61485836e-03 -4.04870563e-04]], Action: [[1. 1. 1. 1. 1. 1.]], Reward: [1.3973962],Reward_sum: 59.455902099609375, Done: [False]
==========
t: 48, State: [[ 9.88743394e-02  1.20147163e+00  1.37446963e-01  1.48061178e-02
   1.48884644e-02  8.20365764e-01  3.35391700e-02  2.31897487e-02
   8.22028230e-01  4.22984900e-01 -4.64241720e-02  3.54985972e-01
   8.22047134e-03  3.22105383e-03  5.04427070e-05 -8.33130877e-03
  -3.57493640e-03 -2.87574394e-04]], Action: [[1. 1. 1. 1. 1. 1.]], Reward: [1.4104078],Reward_sum: 60.866310119628906, Done: [False]
==========
t: 49, State: [[ 1.02311424e-01  1.20108986e+00  1.40331628e-01  1.48719834e-02
   1.49141766e-02  8.20366610e-01  3.34724550e-02  2.31612633e-02
   8.22026331e-01  4.36323689e-01 -4.90419350e-02  3.66212401e-01
   8.24590245e-03  3.20681806e-03  1.52406309e-04 -8.34859168e-03
  -3.54833187e-03 -1.90074707e-04]], Action: [[1. 1. 1. 1. 1. 1.]], Reward: [1.4236356],Reward_sum: 62.289947509765625, Done: [False]
==========
t: 50, State: [[ 1.05856130e-01  1.20068657e+00  1.43306889e-01  1.49380534e-02
   1.49397721e-02  8.20368088e-01  3.34055759e-02  2.31329488e-02
   8.22025150e-01  4.49891863e-01 -5.18040306e-02  3.77636934e-01
   8.27176049e-03  3.19206054e-03  2.11128205e-04 -8.37213161e-03
  -3.53173051e-03 -1.07115531e-04]], Action: [[1. 1. 1. 1. 1. 1.]], Reward: [1.4370883],Reward_sum: 63.72703552246094, Done: [False]
==========
t: 51, State: [[ 1.09510328e-01  1.20026060e+00  1.46374375e-01  1.50043353e-02
   1.49652508e-02  8.20369907e-01  3.33384866e-02  2.31047355e-02
   8.22024589e-01  4.63698015e-01 -5.47157799e-02  3.89270142e-01
   8.29901489e-03  3.17777067e-03  2.39384069e-04 -8.40104819e-03
  -3.52267415e-03 -3.45095546e-05]], Action: [[1. 1. 1. 1. 1. 1.]], Reward: [1.4507748],Reward_sum: 65.17781066894531, Done: [False]
==========
t: 52, State: [[ 1.13275956e-01  1.19981071e+00  1.49535795e-01  1.50708434e-02
   1.49906194e-02  8.20371861e-01  3.32711463e-02  2.30765707e-02
   8.22024579e-01  4.77750572e-01 -5.77831167e-02  4.01121914e-01
   8.32842425e-03  3.16460956e-03  2.46221173e-04 -8.43479042e-03
  -3.51936610e-03  3.10280218e-05]], Action: [[1. 1. 1. 1. 1. 1.]], Reward: [1.4647034],Reward_sum: 66.64251708984375, Done: [False]
==========
t: 53, State: [[ 1.17155017e-01  1.19933563e+00  1.52792934e-01  1.51375974e-02
   1.50158887e-02  8.20373806e-01  3.32035179e-02  2.30484138e-02
   8.22025074e-01  4.92057809e-01 -6.10127060e-02  4.13201637e-01
   8.36059403e-03  3.15300121e-03  2.37991437e-04 -8.47305363e-03
  -3.52051702e-03  9.20288159e-05]], Action: [[1. 1. 1. 1. 1. 1.]], Reward: [1.4788827],Reward_sum: 68.12139892578125, Done: [False]
==========
t: 54, State: [[ 1.21149581e-01  1.19883405e+00  1.56147653e-01  1.52046216e-02
   1.50410723e-02  8.20375641e-01  3.31355657e-02  2.30202330e-02
   8.22026044e-01  5.06627893e-01 -6.44119570e-02  4.25518355e-01
   8.39601486e-03  3.14320189e-03  2.19107843e-04 -8.51571105e-03
  -3.52522276e-03  1.50407203e-04]], Action: [[1. 1. 1. 1. 1. 1.]], Reward: [1.4933206],Reward_sum: 69.6147232055664, Done: [False]
==========
t: 55, State: [[ 1.25261723e-01  1.19830458e+00  1.59601662e-01  1.52721300e-02
   1.50654568e-02  8.20377333e-01  3.30670975e-02  2.29919352e-02
   8.22027466e-01  5.21455158e-01 -6.79861717e-02  4.38031849e-01
   8.47534438e-03  2.97619120e-03  2.00743614e-04 -8.59765639e-03
  -3.54781848e-03  2.05093555e-04]], Action: [[1.        0.9993034 1.        1.        1.        1.       ]], Reward: [1.5080191],Reward_sum: 71.12274169921875, Done: [False]
==========
t: 56, State: [[ 1.29493161e-01  1.19774587e+00  1.63155252e-01  1.53415712e-02
   1.50834761e-02  8.20379127e-01  3.29968606e-02  2.29629777e-02
   8.22029247e-01  5.36466251e-01 -7.17269363e-02  4.50459336e-01
   8.83418613e-03  1.71394930e-03  2.29883377e-04 -8.92624526e-03
  -3.67689873e-03  2.42013010e-04]], Action: [[1.        0.9940506 1.        1.        1.        1.       ]], Reward: [1.5229416],Reward_sum: 72.64568328857422, Done: [False]
==========
t: 57, State: [[ 1.33845680e-01  1.19715649e+00  1.66808744e-01  1.54142473e-02
   1.50898074e-02  8.20381128e-01  3.29235780e-02  2.29328020e-02
   8.22031287e-01  5.51733653e-01 -7.56559366e-02  4.63032879e-01
   9.26396195e-03  1.32717776e-04  2.48552375e-04 -9.34183293e-03
  -3.84502519e-03  2.71271771e-04]], Action: [[1.        0.9890151 1.        1.        1.        1.       ]], Reward: [1.5380868],Reward_sum: 74.18376922607422, Done: [False]
==========
t: 58, State: [[ 1.38321485e-01  1.19653487e+00  1.70563779e-01  1.54903801e-02
   1.50832823e-02  8.20383197e-01  3.28468685e-02  2.29012308e-02
   8.22033551e-01  5.67293025e-01 -7.97885669e-02  4.75860629e-01
   9.68831749e-03 -1.45781046e-03  2.45711700e-04 -9.77287349e-03
  -4.02135883e-03  2.98741321e-04]], Action: [[1.        0.9838465 1.        1.        1.        1.       ]], Reward: [1.5535077],Reward_sum: 75.73727416992188, Done: [False]
==========
t: 59, State: [[ 1.42922993e-01  1.19587934e+00  1.74422607e-01  1.55698216e-02
   1.50643191e-02  8.20385172e-01  3.27667394e-02  2.28682568e-02
   8.22036038e-01  5.83163161e-01 -8.41375847e-02  4.88992099e-01
   1.00849454e-02 -2.94967779e-03  2.25207899e-04 -1.01900857e-02
  -4.19278574e-03  3.27687435e-04]], Action: [[1.         0.97838926 1.         1.         1.         1.        ]], Reward: [1.5692313],Reward_sum: 77.30650329589844, Done: [False]
==========
t: 60, State: [[ 1.47652738e-01  1.19518811e+00  1.78387757e-01  1.56523382e-02
   1.50338250e-02  8.20386940e-01  3.26833452e-02  2.28339405e-02
   8.22038767e-01  5.99355278e-01 -8.87148593e-02  5.02449465e-01
   1.04521553e-02 -4.31921546e-03  1.93573674e-04 -1.05841730e-02
  -4.35473548e-03  3.59790664e-04]], Action: [[1.       0.972574 1.       1.       1.       1.      ]], Reward: [1.5852721],Reward_sum: 78.89177703857422, Done: [False]
==========
t: 61, State: [[ 1.52513326e-01  1.19445931e+00  1.82461878e-01  1.57377147e-02
   1.49927477e-02  8.20388435e-01  3.25968741e-02  2.27983609e-02
   8.22041767e-01  6.15877311e-01 -9.35321968e-02  5.16242543e-01
   1.07951374e-02 -5.57591449e-03  1.56132711e-04 -1.09550180e-02
  -4.50669648e-03  3.95776805e-04]], Action: [[1.         0.96636677 1.         1.         1.         1.        ]], Reward: [1.6016397],Reward_sum: 80.49341583251953, Done: [False]
==========
t: 62, State: [[ 1.57507426e-01  1.19369098e+00  1.86647676e-01  1.58257845e-02
   1.49419081e-02  8.20389625e-01  3.25074980e-02  2.27615934e-02
   8.22045070e-01  6.32735923e-01 -9.86017414e-02  5.30376128e-01
   1.11205036e-02 -6.74012622e-03  1.16262964e-04 -1.13063322e-02
  -4.64995673e-03  4.35816236e-04]], Action: [[1.         0.95974874 1.         1.         1.         1.        ]], Reward: [1.6183413],Reward_sum: 82.11175537109375, Done: [False]
==========
t: 63, State: [[ 1.62637754e-01  1.19288104e+00  1.90947886e-01  1.59164331e-02
   1.48819533e-02  8.20390499e-01  3.24153526e-02  2.27236994e-02
   8.22048708e-01  6.49937388e-01 -1.03936165e-01  5.44853381e-01
   1.14344662e-02 -7.83423754e-03  7.57390768e-05 -1.16431601e-02
  -4.78651665e-03  4.79767324e-04]], Action: [[1.         0.95270485 1.         1.         1.         1.        ]], Reward: [1.6353834],Reward_sum: 83.74713897705078, Done: [False]
==========
t: 64, State: [[ 1.67907077e-01  1.19202732e+00  1.95365271e-01  1.60095917e-02
   1.48133553e-02  8.20391055e-01  3.23205322e-02  2.26847237e-02
   8.22052711e-01  6.67487978e-01 -1.09548772e-01  5.59677466e-01
   1.17423169e-02 -8.87915295e-03  3.52591480e-05 -1.19706761e-02
  -4.91853869e-03  5.27330178e-04]], Action: [[1.         0.94522035 1.         1.         1.         1.        ]], Reward: [1.652772],Reward_sum: 85.39990997314453, Done: [False]
==========
t: 65, State: [[ 1.73318215e-01  1.19112756e+00  1.99902613e-01  1.61052340e-02
   1.47364327e-02  8.20391298e-01  3.22230883e-02  2.26446918e-02
   8.22057104e-01  6.85393647e-01 -1.15447251e-01  5.74847384e-01
   1.20526893e-02 -9.88849017e-03 -1.59133269e-07 -1.22970117e-02
  -5.05036242e-03  5.76046166e-04]], Action: [[1.         0.93727905 1.         1.         1.         1.        ]], Reward: [1.6705136],Reward_sum: 87.07042694091797, Done: [False]
==========
t: 66, State: [[ 1.78874018e-01  1.19017961e+00  2.04562526e-01  1.62035414e-02
   1.46515477e-02  8.20391414e-01  3.21228918e-02  2.26035195e-02
   8.22061829e-01  7.03656869e-01 -1.21582914e-01  5.90317137e-01
   1.24116370e-02 -1.08370392e-02  8.99540033e-06 -1.26624003e-02
  -5.20672636e-03  6.06930666e-04]], Action: [[1.        0.9288637 1.        1.        1.        1.       ]], Reward: [1.6886126],Reward_sum: 88.75904083251953, Done: [False]
==========
t: 67, State: [[ 1.84577373e-01  1.18918159e+00  2.09347359e-01  1.63049584e-02
   1.45591341e-02  8.20391721e-01  3.20195555e-02  2.25609786e-02
   8.22066744e-01  7.22285740e-01 -1.27975391e-01  6.06090051e-01
   1.28196220e-02 -1.17505032e-02  3.95831947e-05 -1.30743070e-02
  -5.38826641e-03  6.26111074e-04]], Action: [[1.        0.9199705 1.        1.        1.        1.       ]], Reward: [1.7070731],Reward_sum: 90.46611022949219, Done: [False]
==========
t: 68, State: [[ 1.90431245e-01  1.18813123e+00  2.14259647e-01  1.64098069e-02
   1.44593284e-02  8.20392275e-01  3.19127524e-02  2.25169065e-02
   8.22071801e-01  7.41289553e-01 -1.34673000e-01  6.22193195e-01
   1.32603255e-02 -1.26603092e-02  6.68389724e-05 -1.35217570e-02
  -5.58603282e-03  6.43827700e-04]], Action: [[1.        0.9105819 1.        1.        1.        1.       ]], Reward: [1.7259048],Reward_sum: 92.1920166015625, Done: [False]
==========
t: 69, State: [[ 1.96438665e-01  1.18702595e+00  2.19302118e-01  1.65183114e-02
   1.43520715e-02  8.20393012e-01  3.18022298e-02  2.24711946e-02
   8.22077007e-01  7.60676693e-01 -1.41713285e-01  6.38647852e-01
   1.37248656e-02 -1.35854472e-02  8.35378875e-05 -1.39969168e-02
  -5.79500022e-03  6.63835528e-04]], Action: [[1.         0.90066725 1.         1.         1.         1.        ]], Reward: [1.7451164],Reward_sum: 93.9371337890625, Done: [False]
==========
t: 70, State: [[ 2.02602733e-01  1.18586288e+00  2.24477658e-01  1.66306424e-02
   1.42371790e-02  8.20393846e-01  3.16877880e-02  2.24237651e-02
   8.22082384e-01  7.80455408e-01 -1.49126503e-01  6.55472148e-01
   1.42081213e-02 -1.45388151e-02  8.94630971e-05 -1.44942020e-02
  -6.01239155e-03  6.86757661e-04]], Action: [[1.         0.89019525 1.         1.         1.         1.        ]], Reward: [1.764716],Reward_sum: 95.70185089111328, Done: [False]
==========
t: 71, State: [[ 2.08926332e-01  1.18463907e+00  2.29788789e-01  1.67472723e-02
   1.41148952e-02  8.20372554e-01  3.15690536e-02  2.23744240e-02
   8.22087899e-01  8.00570642e-01 -1.56906386e-01  6.72565166e-01
   1.47835521e-02 -1.54272274e-02 -4.75095401e-03 -1.50629189e-02
  -6.26758570e-03  7.00217706e-04]], Action: [[1.        0.8791335 0.9898801 1.        1.        1.       ]], Reward: [1.7846972],Reward_sum: 97.48654174804688, Done: [False]
==========
t: 72, State: [[ 2.15411886e-01  1.18335167e+00  2.35237164e-01  1.68692457e-02
   1.39865582e-02  8.20265409e-01  3.14452155e-02  2.23227314e-02
   8.22093414e-01  8.20964506e-01 -1.65031641e-01  6.89812651e-01
   1.55202529e-02 -1.60873735e-02 -1.97790083e-02 -1.57623133e-02
  -6.59215331e-03  6.90144643e-04]], Action: [[1.        0.8678634 0.9620284 1.        1.        1.       ]], Reward: [1.8050156],Reward_sum: 99.29155731201172, Done: [False]
==========
t: 73, State: [[ 2.22062098e-01  1.18199770e+00  2.40824803e-01  1.69972688e-02
   1.38535237e-02  8.20024097e-01  3.13155172e-02  2.22683402e-02
   8.22098816e-01  8.41747496e-01 -1.73560077e-01  7.07404427e-01
   1.62822079e-02 -1.66168459e-02 -3.75135533e-02 -1.65175586e-02
  -6.93659720e-03  6.74303116e-04]], Action: [[1.         0.85677725 0.9349516  1.         1.         1.        ]], Reward: [1.8256683],Reward_sum: 101.11722564697266, Done: [False]
==========
t: 74, State: [[ 2.28880273e-01  1.18057375e+00  2.46554768e-01  1.71314292e-02
   1.37160499e-02  8.19640227e-01  3.11796183e-02  2.22111498e-02
   8.22104087e-01  8.62450512e-01 -1.82710567e-01  7.24236986e-01
   1.80292682e-02 -1.62658141e-02 -5.41675401e-02 -1.80253224e-02
  -7.58024827e-03  7.07969835e-04]], Action: [[1.         0.84515    0.90705514 1.         1.         1.        ]], Reward: [1.8467348],Reward_sum: 102.96395874023438, Done: [False]
==========
t: 75, State: [[ 2.35846902e-01  1.17906991e+00  2.52375180e-01  1.73143871e-02
   1.36067986e-02  8.19147597e-01  3.10027675e-02  2.21369637e-02
   8.22109995e-01  8.82208813e-01 -1.92360111e-01  7.37703219e-01
   2.21008713e-02 -1.53421790e-02 -6.96202057e-02 -2.20220842e-02
  -9.27693238e-03  5.18991560e-04]], Action: [[1.        0.8330371 0.8784111 1.        1.        1.       ]], Reward: [1.8653631],Reward_sum: 104.8293228149414, Done: [False]
==========
t: 76, State: [[ 2.42998406e-01  1.17749483e+00  2.58364072e-01  1.74835399e-02
   1.34689430e-02  8.18512835e-01  3.08305606e-02  2.20640330e-02
   8.22113010e-01  9.05716706e-01 -2.01613288e-01  7.59641322e-01
   2.02523415e-02 -1.81130302e-02 -8.48730397e-02 -2.09884512e-02
  -8.92353046e-03  3.02714071e-04]], Action: [[1.         0.82192177 0.8505297  1.         1.         1.        ]], Reward: [1.8885391],Reward_sum: 106.71786499023438, Done: [False]
==========
t: 77, State: [[ 0.25032259  1.17583871  0.26449032  0.01767083  0.01333477  0.81777732
   0.03064229  0.02198431  0.8221023   0.92584126 -0.21239442  0.77299312
   0.02569022 -0.01541753 -0.09553477 -0.02548469 -0.01077647 -0.00259686]], Action: [[1.         0.80662715 0.8155477  1.         1.         0.9938307 ]], Reward: [1.910219],Reward_sum: 108.62808227539062, Done: [False]
==========
t: 78, State: [[ 0.25782884  1.17410097  0.27076994  0.01786195  0.01318794  0.81693821
   0.03044787  0.02190303  0.82199768  0.95021701 -0.2224589   0.79576091
   0.02330328 -0.01899749 -0.10859296 -0.02391307 -0.00994371 -0.02076099]], Action: [[1.         0.79418385 0.78503823 1.         1.         0.9584393 ]], Reward: [1.933116],Reward_sum: 110.56119537353516, Done: [False]
==========
t: 79, State: [[ 0.26551248  1.17227589  0.27718812  0.01806991  0.01304518  0.81601699
   0.03023935  0.02181743  0.82171841  0.97285329 -0.23349858  0.81373859
   0.0247261  -0.01937682 -0.12018692 -0.02530842 -0.01038526 -0.04516218]], Action: [[1.         0.78034693 0.74667567 1.         1.         0.9201983 ]], Reward: [1.9554418],Reward_sum: 112.51664733886719, Done: [False]
==========
t: 80, State: [[ 0.27338863  1.17036195  0.2837755   0.01827086  0.012889    0.81500044
   0.03003483  0.02173394  0.82124194  0.99523573 -0.24541501  0.83071633
   0.02758229 -0.01712835 -0.12786608 -0.02750261 -0.01128945 -0.06923978]], Action: [[1.         0.7686379  0.71038795 1.         1.         0.88295376]], Reward: [1.9796442],Reward_sum: 114.49629211425781, Done: [False]
==========
t: 81, State: [[ 0.28145583  1.16835257  0.29052376  0.01847476  0.01273113  0.81390933
   0.0298267   0.02164845  0.82057947  1.02011693 -0.25754065  0.85292569
   0.02655042 -0.01841849 -0.13731339 -0.02683364 -0.01112859 -0.09124205]], Action: [[1.         0.7557444  0.67306435 1.         1.         0.8448893 ]], Reward: [2.0036614],Reward_sum: 116.49995422363281, Done: [False]
==========
t: 82, State: [[ 0.28971597  1.16624208  0.29743228  0.01868623  0.0125726   0.81274726
   0.02961155  0.02155904  0.81974509  1.0458021  -0.27024726  0.87631885
   0.02494677 -0.02120379 -0.14866057 -0.02584026 -0.01087245 -0.11199538]], Action: [[1.         0.7397544  0.6302957  1.         1.         0.80257356]], Reward: [2.027929],Reward_sum: 118.52788543701172, Done: [False]
==========
t: 83, State: [[ 0.29817461  1.16402554  0.3045024   0.01888859  0.0124088   0.81150562
   0.02938464  0.02146384  0.81874978  1.07041918 -0.28391084  0.89507289
   0.02335057 -0.02119438 -0.1582698  -0.02863492 -0.01213775 -0.13124327]], Action: [[0.9862112  0.72264844 0.58521855 1.         1.         0.7574739 ]], Reward: [2.0529187],Reward_sum: 120.58080291748047, Done: [False]
==========
t: 84, State: [[ 0.30683085  1.16169817  0.31171176  0.01905755  0.01224255  0.81018753
   0.02913542  0.0213314   0.81760991  1.09576051 -0.29794748  0.91280912
   0.01629337 -0.02264239 -0.16831729 -0.03062937 -0.01901641 -0.14807205]], Action: [[0.96364653 0.7052581  0.5403183  1.         0.97656435 0.7116268 ]], Reward: [2.077852],Reward_sum: 122.65865325927734, Done: [False]
==========
t: 85, State: [[ 0.31568545  1.15925588  0.31904616  0.01916999  0.01206994  0.80879488
   0.02887031  0.02111311  0.81633892  1.12041541 -0.31263076  0.92744739
   0.00894926 -0.02345246 -0.17739532 -0.03234526 -0.03239201 -0.16383783]], Action: [[0.94270766 0.6869306  0.49226323 1.         0.93530446 0.66163284]], Reward: [2.1029103],Reward_sum: 124.76156616210938, Done: [False]
==========
t: 86, State: [[ 0.32474256  1.15669364  0.32650922  0.01921825  0.0118855   0.8073293
   0.02860122  0.02078343  0.81494409  1.14558035 -0.32808967  0.94308224
   0.00201826 -0.02422158 -0.18536627 -0.03303835 -0.04690035 -0.17873392]], Action: [[0.9239783  0.6697232  0.4442631  1.         0.89459866 0.60921323]], Reward: [2.1284678],Reward_sum: 126.8900375366211, Done: [False]
==========
t: 87, State: [[ 0.33400293  1.15400548  0.33409093  0.01920134  0.01168792  0.80579859
   0.02831141  0.02034484  0.81343273  1.17128879 -0.34417996  0.9576398
  -0.00689203 -0.02652948 -0.193456   -0.03700623 -0.0595272  -0.19271843]], Action: [[0.90498066 0.6515371  0.39431965 0.9802259  0.8526968  0.5544656 ]], Reward: [2.1541514],Reward_sum: 129.044189453125, Done: [False]
==========
t: 88, State: [[ 0.34347081  1.15118593  0.34178419  0.01910695  0.01146636  0.80420076
   0.02797528  0.01981447  0.81181371  1.19752603 -0.36099865  0.97150446
  -0.01697621 -0.03003575 -0.2019136  -0.04404054 -0.06986168 -0.20546778]], Action: [[0.8859248  0.6322567  0.34189487 0.9503655  0.809141   0.4981648 ]], Reward: [2.1803772],Reward_sum: 131.2245635986328, Done: [False]
==========
t: 89, State: [[ 0.35315097  1.14822851  0.34959084  0.01893285  0.01121426  0.80253312
   0.02757818  0.01920803  0.81009698  1.22441195 -0.37869937  0.98632876
  -0.02665046 -0.03405645 -0.21068068 -0.05191749 -0.07852069 -0.21699799]], Action: [[0.8664819  0.61180365 0.2872995  0.91965014 0.7638132  0.44036585]], Reward: [2.2071898],Reward_sum: 133.43174743652344, Done: [False]
==========
t: 90, State: [[ 0.36304563  1.14512557  0.35751359  0.01869064  0.0109343   0.80079825
   0.02711268  0.01853519  0.80829121  1.25105235 -0.39740044  1.0003822
  -0.03365775 -0.03681648 -0.21849715 -0.06117797 -0.08652948 -0.22758747]], Action: [[0.8460635  0.59008944 0.23081137 0.88750285 0.7167293  0.3807259 ]], Reward: [2.2342684],Reward_sum: 135.666015625, Done: [False]
==========
t: 91, State: [[ 0.37316831  1.14186957  0.36558645  0.0183738   0.01061306  0.79898791
   0.02659465  0.01780975  0.80640439  1.27801804 -0.41730845  1.01584368
  -0.03844167 -0.0379403  -0.2239672  -0.06999201 -0.09368849 -0.23683416]], Action: [[0.8254266  0.56819683 0.17443512 0.8555429  0.66847223 0.32036573]], Reward: [2.2630196],Reward_sum: 137.9290313720703, Done: [False]
==========
t: 92, State: [[ 0.38351906  1.13845084  0.37381331  0.0180039   0.01026336  0.79711809
   0.02602333  0.01703554  0.80444564  1.30741879 -0.43821646  1.03754773
  -0.04551151 -0.04217093 -0.23159506 -0.07529885 -0.09901305 -0.245309  ]], Action: [[0.8041084  0.5449494  0.11693672 0.8230773  0.6188408  0.2587489 ]], Reward: [2.2917588],Reward_sum: 140.22079467773438, Done: [False]
==========
t: 93, State: [[ 0.39410066  1.13486051  0.38220019  0.01758928  0.00988721  0.79518714
   0.02539754  0.0162169   0.80241551  1.33926894 -0.46006347  1.06460277
  -0.05643393 -0.05054089 -0.24386142 -0.07809845 -0.10256619 -0.25464573]], Action: [[0.780169   0.51887584 0.05442373 0.7853633  0.5671925  0.19302157]], Reward: [2.3208435],Reward_sum: 142.54164123535156, Done: [False]
==========
t: 94, State: [[ 0.40490537  1.13110195  0.39073292  0.0171389   0.00951033  0.79159905
   0.02470803  0.01535365  0.80030111  1.36491417 -0.47826915  1.07653772
  -0.05657521 -0.0451523  -0.67502749 -0.08965761 -0.10991333 -0.26712859]], Action: [[ 0.7536627   0.49067262 -0.01303423  0.7418607   0.51373816  0.12302693]], Reward: [2.3489497],Reward_sum: 144.89059448242188, Done: [False]
==========
t: 95, State: [[ 0.41593025  1.12720929  0.39930669  0.01652874  0.0091653   0.78494923
   0.02386713  0.01440397  0.79794896  1.39004563 -0.49740639  1.06974974
  -0.08517541 -0.03780376 -0.95351225 -0.11833599 -0.1245638  -0.3076736 ]], Action: [[ 0.64842975  0.49467787  0.00132384  0.63833183  0.41808552 -0.00899484]], Reward: [2.3768635],Reward_sum: 147.2674560546875, Done: [False]
==========
t: 96, State: [[ 0.42711202  1.12321214  0.40773655  0.01570092  0.00887744  0.77530546
   0.02285991  0.01341928  0.79192529  1.40556099 -0.50243317  1.04205618
  -0.11453732 -0.03329638 -1.44816404 -0.12905699 -0.11936232 -1.19254858]], Action: [[ 0.58515     0.48966202 -0.01381289  0.57238734  0.34251207 -0.11038128]], Reward: [2.3966813],Reward_sum: 149.6641387939453, Done: [False]
==========
t: 97, State: [[ 0.43840116  1.11919059  0.41583955  0.01454589  0.00881879  0.76334294
   0.02171666  0.01251322  0.77755067  1.41865233 -0.5026118   0.99345045
  -0.16694585  0.01035048 -1.58000086 -0.14733227 -0.10502308 -2.40015214]], Action: [[ 0.46843094  0.6687689   0.01864411  0.4422626   0.28868636 -0.15465951]], Reward: [2.4101722],Reward_sum: 152.07431030273438, Done: [False]
==========
t: 98, State: [[ 0.44985399  1.11511028  0.42379982  0.013091    0.00916464  0.74964315
   0.02051609  0.01172723  0.75654527  1.44662849 -0.51735174  1.00538342
  -0.19280707  0.06425737 -1.89700361 -0.14545414 -0.08970861 -2.85745645]], Action: [[ 0.45685282  0.83957976  0.01121167  0.39122167  0.3105166  -0.07089486]], Reward: [2.430436],Reward_sum: 154.50474548339844, Done: [False]
==========
t: 99, State: [[ 0.46151404  1.11093798  0.43180456  0.01149858  0.00981188  0.73386041
   0.01935144  0.01104844  0.73068601  1.46913763 -0.52556554  1.00011273
  -0.19990929  0.0910154  -2.06075158 -0.14153983 -0.07902334 -3.60938427]], Action: [[ 0.39833704  0.86894166  0.01826803  0.34841776  0.26863647 -0.10463791]], Reward: [2.4563873],Reward_sum: 156.9611358642578, Done: [False]
==========
t: 100, State: [[ 0.47339523  1.10665874  0.43992014  0.0099151   0.01059863  0.71709763
   0.01828479  0.01042138  0.70060479  1.50132742 -0.54442256  1.03071244
  -0.19157126  0.10180892 -2.12786148 -0.12402356 -0.07626614 -3.91423062]], Action: [[ 0.38273624  0.9246878   0.03453053  0.34573507  0.25389767 -0.05452851]], Reward: [2.4839592],Reward_sum: 159.44509887695312, Done: [False]
==========
t: 101, State: [[ 0.48550301  1.10226898  0.44818611  0.0084347   0.01141862  0.69806073
   0.01733764  0.00982191  0.6667961   1.52576169 -0.55308093  1.03716962
  -0.17516595  0.1011336  -2.62863886 -0.11164063 -0.07239374 -4.53986634]], Action: [[ 0.35002032  0.91898745 -0.01015884  0.31229293  0.21367383 -0.08735377]], Reward: [2.5123549],Reward_sum: 161.95745849609375, Done: [False]
==========
t: 102, State: [[ 0.49784785  1.0977604   0.4565679   0.00702252  0.01220079  0.67920698
   0.01647404  0.00924503  0.62894228  1.55948976 -0.57438792  1.0579411
  -0.16997707  0.09553148 -2.04846946 -0.10433499 -0.07111932 -4.92204632]], Action: [[ 0.2968045   0.97748274  0.09005104  0.30363512  0.20208079 -0.06419075]], Reward: [2.541916],Reward_sum: 164.49937438964844, Done: [False]
==========
t: 103, State: [[ 0.51041953  1.09313079  0.46508583  0.00580266  0.01291985  0.65752717
   0.01570174  0.00864043  0.58807962  1.58531173 -0.58320693  1.07664551
  -0.13852797  0.08083438 -3.41789116 -0.08622587 -0.07640036 -5.30341751]], Action: [[ 0.32605076  0.9147001  -0.08388919  0.28249764  0.14686199 -0.05431921]], Reward: [2.570406],Reward_sum: 167.06976318359375, Done: [False]
==========
t: 104, State: [[ 5.23240822e-01  1.08837047e+00  4.73638630e-01  4.51228100e-03
   1.35345477e-02  6.36815706e-01  1.49018438e-02  8.05131413e-03
   5.43128181e-01  1.62142976e+00 -6.06714857e-01  1.06765249e+00
  -1.81575779e-01  7.09440284e-02 -1.78342356e+00 -1.08095149e-01
  -6.99259300e-02 -5.93727857e+00]], Action: [[ 0.1980302   1.          0.18440199  0.26340306  0.16674252 -0.09175745]], Reward: [2.6014824],Reward_sum: 169.67124938964844, Done: [False]
==========
t: 105, State: [[ 5.36321267e-01  1.08350923e+00  4.82334847e-01  3.27726450e-03
   1.40018357e-02  6.11950711e-01  1.42068047e-02  7.45049342e-03
   4.94284900e-01  1.64823346e+00 -6.09123400e-01  1.10372998e+00
  -1.28951621e-01  4.82149325e-02 -4.42198456e+00 -6.96151811e-02
  -7.76662283e-02 -6.28112955e+00]], Action: [[ 0.30572078  0.87971324 -0.18733455  0.22767818  0.0677515  -0.04167355]], Reward: [2.634095],Reward_sum: 172.3053436279297, Done: [False]
==========
t: 106, State: [[ 5.49637404e-01  1.07831254e+00  4.91375111e-01  2.54187108e-03
   1.44571298e-02  5.92025247e-01  1.32485835e-02  6.70982244e-03
   4.53725873e-01  1.69791041e+00 -7.03327395e-01  1.22514481e+00
  -8.26471447e-02  4.53958177e-02 -9.53128808e-01 -1.57568528e-01
  -1.07073605e-01 -2.97872434e+00]], Action: [[ 0.10753368  1.          0.32656145  0.25076294  0.15219493 -0.06726105]], Reward: [2.6633084],Reward_sum: 174.96865844726562, Done: [False]
==========
t: 107, State: [[ 5.63530835e-01  1.07358826e+00  5.01537158e-01  2.17265635e-03
   1.47207246e-02  5.42493423e-01  1.17849025e-02  5.83080400e-03
   4.34899644e-01  1.76881798e+00 -4.96203381e-01  1.32205728e+00
  -2.46531903e-02  1.53326354e-02 -1.00000000e+01 -1.91691794e-01
  -1.05048872e-01 -1.85881962e+00]], Action: [[ 0.23486961  0.5872862  -0.8206129  -0.01183321 -0.17009299 -0.69301355]], Reward: [2.735096],Reward_sum: 177.70375061035156, Done: [False]
==========
t: 108, State: [[ 5.77493642e-01  1.06917979e+00  5.10890358e-01  1.49874009e-03
   1.42701747e-02  4.79117268e-01  8.39732430e-03  5.02268477e-03
   4.28813331e-01  1.72289792e+00 -6.07909434e-01  1.00569580e+00
  -1.95854523e-01 -1.13648370e-01 -4.02850851e+00 -6.63455983e-01
  -9.39641873e-02  1.76048983e-01]], Action: [[-0.261224    0.3275191   0.5751331   0.20327346  0.08802933 -0.2890037 ]], Reward: [2.7447119],Reward_sum: 180.44845581054688, Done: [False]
==========
t: 109, State: [[ 5.91567981e-01  1.06485995e+00  5.20269144e-01  4.14308798e-04
   1.28700845e-02  4.56163425e-01  4.64031716e-03  3.87899951e-03
   4.28028448e-01  1.79229287e+00 -4.70348542e-01  1.31201550e+00
  -8.35232548e-02 -2.13450013e-01 -2.02945485e+00 -3.10220445e-01
  -1.72541854e-01 -4.11052679e-01]], Action: [[ 0.03646831  0.12342029 -0.3508339   0.15660849 -0.3965252  -1.        ]], Reward: [2.757971],Reward_sum: 183.2064208984375, Done: [False]
==========
t: 110, State: [[ 6.06176898e-01  1.06204584e+00  5.31420773e-01 -1.76587017e-04
   1.14130811e-02  4.40783153e-01  2.85025235e-03  2.67386500e-03
   4.19978683e-01  1.85768048e+00 -2.31794111e-01  1.46119924e+00
  -6.00741300e-02 -1.51628138e-01 -1.98212371e+00 -1.51078824e-01
  -1.23584552e-01 -1.62050040e+00]], Action: [[ 0.08936021  0.22934562 -0.84758025 -0.07555656 -0.42886394 -1.        ]], Reward: [2.824146],Reward_sum: 186.0305633544922, Done: [False]
==========
t: 111, State: [[ 6.21033556e-01  1.06139845e+00  5.40554991e-01 -3.86716545e-03
   1.07384711e-02  4.22220460e-01 -1.15271286e-03  1.97249206e-03
   4.01816651e-01  1.85610207e+00  7.06866113e-02  8.30844588e-01
  -8.32805484e-01 -2.96519286e-02 -2.74291861e+00 -8.30641856e-01
  -5.80544534e-02 -2.92756815e+00]], Action: [[-0.01830147  0.3729213  -0.94646335 -0.23501475 -0.3983438  -1.        ]], Reward: [2.8548331],Reward_sum: 188.88540649414062, Done: [False]
==========
t: 112, State: [[ 6.36241460e-01  1.06256834e+00  5.50487970e-01 -6.88718382e-03
   1.08361662e-02  3.97020452e-01 -2.83477442e-03 -4.66760616e-04
   3.75616933e-01  1.94539043e+00  2.21998150e-01  1.65484950e+00
   9.38857063e-02  4.48907437e-02 -3.59887348e+00  4.15956704e-01
  -5.47206445e-01 -3.64351380e+00]], Action: [[ 0.09402119  0.66218334 -0.6657896  -0.03530718 -0.3584916  -0.81068933]], Reward: [2.8993104],Reward_sum: 191.7847137451172, Done: [False]
==========
t: 113, State: [[ 6.51491184e-01  1.06538522e+00  5.55260074e-01 -1.57536073e-02
   1.15768141e-02  3.65652869e-01 -1.28888241e-02  2.91633747e-03
   3.39770859e-01  1.84984522e+00  4.94802170e-01 -3.35436900e-01
  -2.11730778e+00  1.19741240e-01 -4.30987464e+00 -2.35946932e+00
   6.36169739e-01 -5.00029937e+00]], Action: [[-0.20131648  0.5890494  -0.51811767 -0.27949786 -0.20750673 -0.9822004 ]], Reward: [2.9044738],Reward_sum: 194.68919372558594, Done: [False]
==========
t: 114, State: [[ 6.67001852e-01  1.06924157e+00  5.68238486e-01 -1.41830213e-02
   1.24653186e-02  3.27011998e-01 -3.18026513e-03 -1.15906370e-02
   3.06683002e-01  2.02524975e+00  4.66411559e-01  3.57068304e+00
   2.50250021e+00  1.02583930e-01 -5.34386425e+00  4.77101168e+00
  -4.24127582e+00 -3.33753815e+00]], Action: [[ 0.1803929   1.         -0.50611174  0.41792476 -0.50734    -0.30947107]], Reward: [2.937017],Reward_sum: 197.62620544433594, Done: [False]
==========
t: 115, State: [[ 0.68267614  1.07425889  0.58174491 -0.01127155  0.0136755   0.2818225
   0.00919814 -0.0279909   0.26840942  1.89562889  0.79179435 -0.17608007
  -1.73801572  0.18540271 -5.96533092 -1.63896078  0.11005085 -6.1870096 ]], Action: [[-0.5150727   0.45198062 -0.62471104 -0.24202003  0.01706793 -1.        ]], Reward: [2.9573672],Reward_sum: 200.5835723876953, Done: [False]
==========
t: 116, State: [[ 6.97772530e-01  1.08017341e+00  5.82328860e-01 -2.23149679e-02
   1.48422270e-02  2.42497901e-01  8.35540401e-04 -3.16898461e-02
   2.23979405e-01  1.87533685e+00  6.89052764e-01  2.51589524e-01
  -1.11271177e+00  1.13037211e-01 -3.86503743e+00 -5.65525995e-01
  -9.64978557e-01 -5.00015006e+00]], Action: [[ 0.10954604  1.          0.16273198  0.49822795 -0.19805853 -0.03006808]], Reward: [2.8857222],Reward_sum: 203.46929931640625, Done: [False]
==========
t: 117, State: [[ 7.13272024e-01  1.08547497e+00  5.89499930e-01 -2.49799267e-02
   1.55698744e-02  2.06818540e-01  1.71405412e-03 -3.80269865e-02
   1.81370411e-01  1.98702527e+00  6.44586020e-01  1.29830084e+00
   1.58952855e-01  7.69889944e-02 -5.03087424e+00  4.00326274e-01
  -4.17361851e-01 -5.69879580e+00]], Action: [[ 0.16861509  1.         -0.05402016  0.21926226 -0.06967092 -0.5067299 ]], Reward: [2.9360957],Reward_sum: 206.4053955078125, Done: [False]
==========
t: 118, State: [[ 7.28973317e-01  1.09071355e+00  5.93907358e-01 -3.08005748e-02
   1.61812163e-02  1.72320085e-01 -5.82407241e-03 -3.34749881e-02
   1.32613182e-01  1.93836237e+00  6.64458377e-01 -1.92875809e-01
  -1.61062821e+00  7.39159368e-02 -3.59533695e+00 -2.27927154e+00
   1.55027507e+00 -6.48485016e+00]], Action: [[-0.21066198  0.85604817  0.12627572 -0.06301969  0.00613428 -0.48482996]], Reward: [2.9616294],Reward_sum: 209.3670196533203, Done: [False]
==========
t: 119, State: [[ 7.44379967e-01  1.09625074e+00  6.02310214e-01 -3.05590672e-02
   1.65398794e-02  1.15449314e-01  2.68536247e-03 -5.02970438e-02
   9.44279923e-02  1.89775292e+00  7.26763512e-01  2.03031163e+00
   1.36936994e+00  2.88652207e-02 -1.00000000e+01  3.98283218e+00
  -5.51956078e+00 -3.16532334e+00]], Action: [[-0.08654773  0.8044123  -0.50353616  0.33802956 -0.8241894  -0.06538666]], Reward: [2.9241252],Reward_sum: 212.29115295410156, Done: [False]
==========
t: 120, State: [[  0.75961176   1.10222691   0.61199319  -0.02740792   0.01676376
    0.02171872   0.01927805  -0.07789497   0.05896018   1.90832927
    0.76974814   0.417041    -0.52374553   0.03194289 -10.
    0.22647407  -1.4671769   -5.60333009]], Action: [[-0.3969335   0.49953696 -0.22553056  0.13349223  0.4251594  -0.4045826 ]], Reward: [2.9031534],Reward_sum: 215.19430541992188, Done: [False]
==========
t: 121, State: [[ 7.74559226e-01  1.10769971e+00  6.10590522e-01 -3.78685418e-02
   1.69003740e-02 -3.22050581e-02  1.27893121e-02 -8.39637794e-02
   1.47992544e-02  1.82943814e+00  5.97445894e-01 -7.70400910e-01
  -2.11392360e+00  3.27068899e-03 -2.16388152e+00 -1.85272097e+00
  -6.46370679e-02 -5.42569326e+00]], Action: [[-0.3505448   0.8939438   0.6719637   0.19000834  0.21025802 -0.03638036]], Reward: [2.8669784],Reward_sum: 218.061279296875, Done: [False]
==========
t: 122, State: [[ 7.89304888e-01  1.11309773e+00  6.06382300e-01 -5.10991279e-02
   1.72136324e-02 -7.59844526e-02  3.23941485e-03 -8.83075435e-02
  -3.89855677e-02  1.85487887e+00  7.54656411e-01 -3.47839715e-01
  -1.25821740e+00  6.61502789e-02 -1.00000000e+01 -6.62164115e-01
  -8.93947273e-01 -7.12849903e+00]], Action: [[ 0.28088516  1.         -0.6811104   0.3361305  -0.50126594 -0.55564487]], Reward: [2.840992],Reward_sum: 220.9022674560547, Done: [False]
==========
t: 123, State: [[ 8.04123937e-01  1.11803309e+00  6.05345501e-01 -5.99148460e-02
   1.74340350e-02 -1.22855615e-01 -1.55938765e-04 -9.70314069e-02
  -8.14803373e-02  1.85203125e+00  4.76029238e-01  1.18810681e-01
  -9.29191061e-01 -4.84870495e-03 -1.65403202e+00 -1.53594446e-01
  -1.24314261e+00 -3.34878818e+00]], Action: [[-0.1316731   1.          0.6016766   0.4459349   0.22330892  0.27895474]], Reward: [2.850675],Reward_sum: 223.75294494628906, Done: [False]
==========
t: 124, State: [[ 8.19517586e-01  1.12282100e+00  6.08867498e-01 -6.27097807e-02
   1.77007795e-02 -1.86803568e-01  1.18849832e-03 -1.02459789e-01
  -1.54780387e-01  1.98506400e+00  7.23018004e-01  6.13158447e-01
   8.53831308e-02  6.79787087e-02 -1.00000000e+01  1.98615407e-01
   4.80267313e-02 -1.00000000e+01]], Action: [[ 0.18805955  0.8829635  -0.85428846 -0.12038387 -0.2727239  -1.        ]], Reward: [2.9215724],Reward_sum: 226.6745147705078, Done: [False]
==========
t: 125, State: [[ 8.35246351e-01  1.12716739e+00  6.13667063e-01 -6.42276570e-02
   1.76613891e-02 -2.45023737e-01  1.87714704e-03 -1.03473976e-01
  -2.23553922e-01  1.95073309e+00  3.63962580e-01  5.75746565e-01
  -5.18921875e-01 -6.38979164e-02 -2.47597530e-01 -4.11507669e-02
  -3.50431618e-01 -6.14120947e+00]], Action: [[-0.19405064  1.          1.          0.3027297   0.26700243  0.38172498]], Reward: [2.9637494],Reward_sum: 229.6382598876953, Done: [False]
==========
t: 126, State: [[ 8.50854879e-01  1.13112426e+00  6.17018783e-01 -6.75891702e-02
   1.75101147e-02 -2.99747336e-01  1.77638277e-03 -1.06339391e-01
  -2.77188207e-01  1.94879475e+00  6.26701272e-01  2.54769131e-01
  -3.00306821e-01  1.88776807e-02 -1.00000000e+01  1.07388218e-02
  -3.69484518e-01 -7.30488121e+00]], Action: [[ 0.07307623  0.6693276  -0.9015522  -0.12487234 -0.44886124 -0.6884696 ]], Reward: [2.9491088],Reward_sum: 232.58737182617188, Done: [False]
==========
t: 127, State: [[ 8.66108798e-01  1.13536722e+00  6.14879175e-01 -7.63325646e-02
   1.75454349e-02 -3.68123829e-01 -4.58554686e-03 -1.07106667e-01
  -3.30625224e-01  1.86640879e+00  4.33492977e-01 -7.95118043e-01
  -1.91594124e+00 -9.14921539e-03 -3.60123475e+00 -1.61236758e+00
   1.81428369e-01 -6.11357454e+00]], Action: [[-0.32362863  1.          0.669847    0.18958926  0.16011333  0.05674056]], Reward: [2.9051216],Reward_sum: 235.49249267578125, Done: [False]
==========
t: 128, State: [[ 8.81407686e-01  1.13917275e+00  6.18630602e-01 -7.77958876e-02
   1.76833458e-02 -4.30471564e-01  2.74654392e-03 -1.19433411e-01
  -3.80126019e-01  1.94541585e+00  5.23901771e-01  1.53269664e+00
   1.33178915e+00  4.31043415e-02 -1.00000000e+01  3.12839206e+00
  -3.08666598e+00 -6.30621525e+00]], Action: [[ 0.05319273  1.         -0.5131748   0.25426188 -0.56916285 -0.6061199 ]], Reward: [2.9103389],Reward_sum: 238.40283203125, Done: [False]
==========
t: 129, State: [[ 8.96204862e-01  1.14414967e+00  6.10957907e-01 -9.07116704e-02
   1.83125518e-02 -5.24962387e-01 -5.49184773e-03 -1.23020126e-01
  -4.39005399e-01  1.75237911e+00  7.18248398e-01 -3.43405085e+00
  -4.53355096e+00  1.03553468e-01 -1.00000000e+01 -5.15166887e+00
   2.14095168e+00 -8.37013375e+00]], Action: [[-0.68185973  0.65154827 -0.01221583 -0.21654625  0.31866658 -0.54990137]], Reward: [2.8483064],Reward_sum: 241.25115966796875, Done: [False]
==========
t: 130, State: [[  0.91113982   1.14975941   0.60442194  -0.09904849   0.0189198
   -0.66388242  -0.01091151  -0.12622293  -0.50401864   1.98382411
    0.6857448    1.7734601    2.37293346   0.05112173 -10.
    3.74865219  -2.90615243  -7.93854601]], Action: [[ 0.30561092  1.         -0.68115324  0.4916023  -0.46179682 -0.35341263]], Reward: [2.8647325],Reward_sum: 244.11587524414062, Done: [False]
==========
t: 131, State: [[  0.92605674   1.15587129   0.59639845  -0.10738281   0.01951701
   -0.79934191  -0.01739049  -0.12688363  -0.57700822   1.74126416
    0.82358447  -3.80731799  -4.53235553   0.07039887 -10.
   -5.41165114   2.71216969 -10.        ]], Action: [[-0.7221024   0.7053563   0.05662439 -0.259243    0.3400869  -0.42518058]], Reward: [2.8632293],Reward_sum: 246.9791259765625, Done: [False]
==========
t: 132, State: [[ 0.9406888   1.16133168  0.58573602 -0.12130616  0.01888792 -0.8678945
  -0.02434205 -0.13164436 -0.65188881  1.92170448  0.55448767  1.14368919
   1.06586238 -0.18108142 -5.21970475  3.68480558 -3.86789379 -9.41880406]], Action: [[ 0.26183993  1.         -0.6049181   0.5822981  -0.62800103 -0.22257689]], Reward: [2.8267903],Reward_sum: 249.805908203125, Done: [False]
==========
t: 133, State: [[  0.95576822   1.16588288   0.58163142  -0.13013136   0.01811775
   -0.89062685  -0.02029036  -0.13837021  -0.76286015   1.85538139
    0.60053234  -2.13686664  -3.19300339  -0.02406452  -0.95960178
   -2.58713927   1.79007044 -10.        ]], Action: [[-0.31024605  1.          0.00391746 -0.21963094  0.3242247  -0.5528337 ]], Reward: [2.8833716],Reward_sum: 252.68930053710938, Done: [False]
==========
t: 134, State: [[ 9.70721627e-01  1.17001229e+00  5.81016013e-01 -1.34870622e-01
   1.55816983e-02 -8.91478771e-01 -4.98826449e-03 -1.59316635e-01
  -8.51658929e-01  1.87449044e+00  4.17197309e-01  1.95433529e+00
   1.93624461e+00 -5.18502022e-01  5.48716672e-01  6.42660889e+00
  -7.23543849e+00 -6.93496018e+00]], Action: [[ 0.0972541   0.3665683  -0.9554837   0.50214964 -0.83577526 -0.3077767 ]], Reward: [2.8670743],Reward_sum: 255.55636596679688, Done: [False]
==========
t: 135, State: [[ 0.98557688  1.17251391  0.58940671 -0.13041615  0.01266556 -0.86081238
   0.03079511 -0.20690652 -0.88695705  1.85061317  0.21458044  0.28189474
  -0.63491012 -0.24029607  7.02418474  2.72535316 -4.69136825 -2.38004778]], Action: [[ 0.3821214   1.          0.37942535 -0.18331786  0.2021512  -1.        ]], Reward: [2.8545423],Reward_sum: 258.410888671875, Done: [False]
==========
t: 136, State: [[ 1.00049826  1.17388811  0.58961926 -0.13721515  0.01152948 -0.818028
   0.04538775 -0.23748194 -0.89567027  1.88807862  0.12784394 -0.11615934
  -0.93265001 -0.06823275  3.82338909  1.09007974 -2.99003706 -0.0773081 ]], Action: [[ 0.87875354  1.         -0.15641187  0.51972413 -0.08770879 -1.        ]], Reward: [2.862098],Reward_sum: 261.2729797363281, Done: [False]
==========
t: 137, State: [[ 1.01566545  1.1746545   0.58765722 -0.14484579  0.01082068 -0.79746438
   0.05014655 -0.25757459 -0.89148478  1.90879797  0.05995217 -0.30593037
  -0.9120365  -0.10710134  1.55179558  0.20035377 -2.05872492  0.96967164]], Action: [[ 0.7964276   0.548914   -0.81073433  0.42076463 -0.20484082 -1.        ]], Reward: [2.893087],Reward_sum: 264.1660461425781, Done: [False]
==========
t: 138, State: [[ 1.03098397  1.17487138  0.58460395 -0.15194023  0.00949343 -0.79073274
   0.04909632 -0.27127024 -0.88195581  1.92349342 -0.00804454 -0.40504166
  -0.79767284 -0.2481501   0.27894194 -0.38263666 -1.39275977  1.33230627]], Action: [[ 0.680758    0.23855618 -1.          0.01445319 -0.2081516  -1.        ]], Reward: [2.9122512],Reward_sum: 267.07830810546875, Done: [False]
==========
t: 139, State: [[ 1.04614501  1.17469549  0.58009171 -0.15748411  0.00420534 -0.79113722
   0.04461909 -0.28281805 -0.87103334  1.86774621 -0.03714219 -0.68809774
  -0.53534474 -1.10655728 -0.30072203 -0.68217892 -1.51451332  1.3583176 ]], Action: [[ 0.50363576  0.06258211 -1.         -0.16619046 -0.30783856 -1.        ]], Reward: [2.8927495],Reward_sum: 269.9710388183594, Done: [False]
==========
t: 140, State: [[ 1.06126281  1.1739876   0.57522158 -0.16165834 -0.00289301 -0.794753
   0.03857335 -0.29315122 -0.86069792  1.91248972 -0.14031621 -0.50763408
  -0.475178   -0.68813011 -0.55656162 -0.79436714 -1.08438356  1.21088416]], Action: [[ 0.53586936  0.31725922 -1.         -0.22305147 -0.16018094 -1.        ]], Reward: [2.8872616],Reward_sum: 272.8583068847656, Done: [False]
==========
t: 141, State: [[ 1.07631507  1.17267234  0.56996098 -0.16618571 -0.00881312 -0.79943248
   0.03224297 -0.30478633 -0.85170313  1.85087809 -0.18921759 -0.79545824
  -0.63922027 -0.80114823 -0.59270162 -0.77055397 -1.83068471  1.03162156]], Action: [[ 0.35278407  0.15120211 -1.         -0.24178185 -0.3666224  -1.        ]], Reward: [2.879193],Reward_sum: 275.7375183105469, Done: [False]
==========
t: 142, State: [[ 1.09127492  1.17072593  0.56441493 -0.1713749  -0.01277307 -0.80411223
   0.02645473 -0.31910417 -0.84428543  1.88924813 -0.29743208 -0.58740851
  -0.65219769 -0.19358471 -0.56516792 -0.67062435 -1.75225863  0.82565595]], Action: [[ 0.5177969   0.3605235  -1.         -0.24567486 -0.21891297 -1.        ]], Reward: [2.8674746],Reward_sum: 278.60498046875, Done: [False]
==========
t: 143, State: [[ 1.10617748  1.16811187  0.55894925 -0.17694077 -0.01453886 -0.80827123
   0.02159279 -0.33615382 -0.83836535  1.83631084 -0.3565871  -0.77814286
  -0.73861131 -0.24783254 -0.47299083 -0.54552836 -2.5077847   0.65693756]], Action: [[ 0.40962836  0.19860607 -1.         -0.2472892  -0.38581318 -1.        ]], Reward: [2.8604033],Reward_sum: 281.46539306640625, Done: [False]
==========
t: 144, State: [[ 1.12102663  1.16481176  0.55362    -0.18292036 -0.01391771 -0.8117691
   0.0177202  -0.35601537 -0.83377395  1.87586935 -0.46839924 -0.55614391
  -0.75859375  0.402778   -0.39960084 -0.42569908 -2.45706045  0.49702928]], Action: [[ 0.53911483  0.38107    -1.         -0.22906943 -0.23368914 -1.        ]], Reward: [2.8536005],Reward_sum: 284.3190002441406, Done: [False]
==========
t: 145, State: [[ 1.13580221  1.16082526  0.5484134  -0.1891375  -0.01125322 -0.81456148
   0.01482719 -0.37874238 -0.83026327  1.81783087 -0.52876166 -0.74783222
  -0.80005465  0.26639801 -0.30218813 -0.30430938 -3.2181035   0.38374624]], Action: [[ 0.43085888  0.19517222 -1.         -0.19208367 -0.4025643  -1.        ]], Reward: [2.8445244],Reward_sum: 287.16351318359375, Done: [False]
==========
t: 146, State: [[ 1.15052233  1.1561319   0.54344069 -0.19545084 -0.00657522 -0.81675834
   0.01280911 -0.40396774 -0.82764034  1.86194743 -0.64447551 -0.49949233
  -0.78345035  0.90378776 -0.24711079 -0.20647106 -3.08645512  0.27753561]], Action: [[ 0.5658114   0.3906205  -1.         -0.14845215 -0.22800474 -1.        ]], Reward: [2.8374681],Reward_sum: 290.0009765625, Done: [False]
==========
t: 147, State: [[ 1.16520412e+00  1.15070859e+00  5.38786495e-01 -2.01819115e-01
   2.23488295e-04 -8.18431635e-01  1.15379724e-02 -4.31352874e-01
  -8.25690965e-01  1.80765112e+00 -7.11194721e-01 -6.67058009e-01
  -8.02561313e-01  7.77916554e-01 -1.74559409e-01 -1.18583300e-01
  -3.75186306e+00  2.11700264e-01]], Action: [[ 0.4599565   0.21229935 -1.         -0.1124443  -0.40224463 -1.        ]], Reward: [2.8327935],Reward_sum: 292.83380126953125, Done: [False]
==========
t: 148, State: [[ 1.17967397  1.1447016   0.53419212 -0.20605154  0.00451739 -0.81960046
   0.01094973 -0.46099344 -0.8242744   1.81084585 -0.79160695 -0.48614235
  -0.28277034  0.33707175 -0.12199846 -0.03796147 -3.65479752  0.1466072 ]], Action: [[ 0.58160114  0.3734614  -1.         -0.05674946 -0.25125515 -1.        ]], Reward: [2.8061874],Reward_sum: 295.63995361328125, Done: [False]
==========
t: 149, State: [[ 1.19415515  1.13803714  0.53067394 -0.20710027  0.0063245  -0.8204337
   0.01066459 -0.49008728 -0.82328644  1.81010771 -0.87524309 -0.39235129
   0.01093511  0.13525333 -0.08862314 -0.03340776 -3.61871827  0.10300076]], Action: [[ 0.54659647  0.49395272 -1.         -0.13682564 -0.26134044 -1.        ]], Reward: [2.8075168],Reward_sum: 298.4474792480469, Done: [False]
==========
t: 150, State: [[ 1.20926731e+00  1.13082639e+00  5.28392304e-01 -2.06664495e-01
  -9.71074628e-04 -8.21796652e-01  1.01463872e-02 -5.17951064e-01
  -8.22650653e-01  1.97122378e+00 -9.31175037e-01 -1.68389984e-01
   1.60940694e-02 -1.68638384e+00 -2.10460548e-01 -8.84266064e-02
  -3.34990222e+00  6.00520734e-02]], Action: [[ 0.5290349   0.56511027 -1.         -0.1769066  -0.27377003 -1.        ]], Reward: [2.8863149],Reward_sum: 301.33380126953125, Done: [False]
==========
t: 151, State: [[ 1.22561114  1.12284658  0.52534305 -0.21322601 -0.0122606  -0.82388786
   0.00436337 -0.54073601 -0.82225926  2.10825083 -1.07062863 -0.57375317
  -1.64645029 -0.98842375 -0.29102439 -1.3109485  -2.38949707  0.04080693]], Action: [[ 0.52986     0.7867052  -1.         -0.46594727 -0.16853268 -1.        ]], Reward: [3.0398335],Reward_sum: 304.3736267089844, Done: [False]
==========
t: 152, State: [[ 1.24241651  1.11415343  0.5189659  -0.22876321 -0.02213748 -0.82530342
  -0.0074793  -0.56194769 -0.8219337   2.08992935 -1.10655457 -1.01242983
  -2.24005558 -1.3915632  -0.08365618 -1.63507959 -2.92415217  0.04003018]], Action: [[ 0.40327445  0.26686138 -1.         -0.4901594  -0.46074253 -1.        ]], Reward: [3.0979853],Reward_sum: 307.47161865234375, Done: [False]
==========
t: 153, State: [[ 1.25917372  1.1049828   0.50993821 -0.24865899 -0.03309788 -0.82567186
  -0.02193716 -0.5857275  -0.82164811  2.09653798 -1.18917112 -1.2366117
  -2.723106   -1.31774808 -0.01841996 -1.9638593  -3.03333668  0.03195968]], Action: [[ 0.4838858   0.35337952 -1.         -0.51061255 -0.35053104 -1.        ]], Reward: [3.0919077],Reward_sum: 310.56353759765625, Done: [False]
==========
t: 154, State: [[ 1.2760527   1.0951122   0.50106938 -0.26938292 -0.04422226 -0.82558319
  -0.03634864 -0.61107582 -0.82143365  2.12185596 -1.27986898 -0.97768845
  -2.45370635 -1.44788296  0.0318207  -1.63399751 -3.30773722  0.02241359]], Action: [[ 0.51598775  0.31406242 -1.         -0.46476603 -0.3301856  -1.        ]], Reward: [3.1071835],Reward_sum: 313.67071533203125, Done: [False]
==========
t: 155, State: [[ 1.29298319  1.08444557  0.49236248 -0.29101597 -0.05455822 -0.82542837
  -0.05082821 -0.63785766 -0.8212642   2.10975784 -1.38804189 -1.1954418
  -2.94826675 -1.13404238  0.00816022 -1.98130439 -3.38937776  0.01976724]], Action: [[ 0.4981617   0.37188163 -1.         -0.5288297  -0.3394724  -1.        ]], Reward: [3.11353],Reward_sum: 316.78424072265625, Done: [False]
==========
t: 156, State: [[ 1.30997131  1.07294946  0.48468047 -0.31218032 -0.06445184 -0.82520372
  -0.06416087 -0.66648068 -0.82114068  2.13754011 -1.48583174 -0.72731841
  -2.34813808 -1.33146705  0.04313976 -1.35884915 -3.75954891  0.01163866]], Action: [[ 0.5286914   0.29917464 -1.         -0.44641894 -0.3345601  -1.        ]], Reward: [3.120835],Reward_sum: 319.9050598144531, Done: [False]
==========
t: 157, State: [[ 1.32702464e+00  1.06058372e+00  4.78136919e-01 -3.33107054e-01
  -7.31931861e-02 -8.25062772e-01 -7.62225052e-02 -6.97074495e-01
  -8.21043972e-01  2.12541601e+00 -1.60626601e+00 -9.06696416e-01
  -2.87981028e+00 -8.58364473e-01 -2.77839556e-03 -1.65688536e+00
  -3.88548383e+00  1.20270955e-02]], Action: [[ 0.5062401   0.40919963 -1.         -0.52830577 -0.36099178 -1.        ]], Reward: [3.1288333],Reward_sum: 323.03387451171875, Done: [False]
==========
t: 158, State: [[ 1.34414334  1.04733979  0.47296487 -0.35357398 -0.08073935 -0.82489245
  -0.08658925 -0.73000442 -0.82097554  2.15515581 -1.70414954 -0.3910849
  -2.24742176 -1.0195789   0.04090089 -0.94835371 -4.33375335  0.00542194]], Action: [[ 0.5266597   0.30786642 -1.         -0.4367547  -0.3714894  -1.        ]], Reward: [3.1371362],Reward_sum: 326.1710205078125, Done: [False]
==========
t: 159, State: [[ 1.36146878  1.03320721  0.47069256 -0.37191443 -0.08707531 -0.82471795
  -0.09318643 -0.76596611 -0.82093253  2.17622319 -1.82929511 -0.17768121
  -2.33898335 -0.56554949  0.00696215 -0.70734779 -4.64813711  0.00501729]], Action: [[ 0.52673304  0.43771628 -1.         -0.47288525 -0.39228576 -1.        ]], Reward: [3.1628327],Reward_sum: 329.3338623046875, Done: [False]
==========
t: 160, State: [[ 1.37908003e+00  1.01809197e+00  4.72512966e-01 -3.87494352e-01
  -9.07666640e-02 -8.24568048e-01 -9.42310597e-02 -8.05976783e-01
  -8.20905106e-01  2.22031093e+00 -1.95547736e+00  6.52072527e-01
  -1.53996193e+00 -2.60782846e-01  2.18877695e-02  4.81297617e-01
  -5.38250737e+00  2.88397105e-03]], Action: [[ 0.53380024  0.39361706 -1.         -0.38337052 -0.42971122 -1.        ]], Reward: [3.1986349],Reward_sum: 332.53253173828125, Done: [False]
==========
t: 161, State: [[ 1.39750059  1.00189523  0.48406997 -0.39371924 -0.09199707 -0.82432028
  -0.08260658 -0.85129823 -0.82093698  2.38972734 -2.09062124  2.21288274
  -0.05015111 -0.09259102  0.04372431  2.3703375  -5.89923394 -0.01004574]], Action: [[ 0.6032777   0.50601864 -1.         -0.26355213 -0.34469676 -1.        ]], Reward: [3.299762],Reward_sum: 335.832275390625, Done: [False]
==========
t: 162, State: [[ 1.41693006  0.98446984  0.50115673 -0.39831369 -0.08815295 -0.82451019
  -0.06745593 -0.89455531 -0.82102833  2.46488488 -2.26744118  2.07082862
  -1.07539879  1.04420677 -0.07817769  1.44488015 -4.94145875 -0.01151621]], Action: [[ 0.5744487   0.61166763 -1.         -0.5064901  -0.09515038 -1.        ]], Reward: [3.4257138],Reward_sum: 339.25799560546875, Done: [False]
==========
t: 163, State: [[ 1.43675626e+00  9.66038387e-01  5.21250891e-01 -4.01859831e-01
  -8.21930127e-02 -8.24346317e-01 -4.98856221e-02 -9.38528560e-01
  -8.21088362e-01  2.49293628e+00 -2.34107271e+00  2.94165126e+00
   1.61251237e-01  4.79143249e-01  9.87790980e-02  2.91559041e+00
  -6.01938835e+00 -4.82594149e-03]], Action: [[ 0.43329954  0.19239321 -1.         -0.30207562 -0.6069772  -1.        ]], Reward: [3.475591],Reward_sum: 342.73358154296875, Done: [False]
==========
t: 164, State: [[ 1.45667836e+00  9.46703163e-01  5.42465973e-01 -4.05998085e-01
  -7.39536599e-02 -8.24035405e-01 -3.17453003e-02 -9.83727532e-01
  -8.21117092e-01  2.48632473e+00 -2.49377100e+00  2.37097372e+00
  -1.21451464e+00  1.71158362e+00  1.94129944e-03  1.63623495e+00
  -5.29581421e+00 -2.14803327e-03]], Action: [[ 0.4968896   0.47461352 -1.         -0.54841983 -0.19600837 -1.        ]], Reward: [3.4874508],Reward_sum: 346.2210388183594, Done: [False]
==========
t: 165, State: [[ 1.47656519e+00  9.26526663e-01  5.64785338e-01 -4.09957327e-01
  -6.43390005e-02 -8.23328843e-01 -1.25161715e-02 -1.03102084e+00
  -8.21117456e-01  2.48791054e+00 -2.55046495e+00  3.19311401e+00
   1.81969568e-01  7.48695765e-01  1.58702463e-01  3.12774811e+00
  -6.48590417e+00  9.27456543e-04]], Action: [[ 0.3882545   0.08223347 -1.         -0.2883458  -0.7137686  -1.        ]], Reward: [3.4831042],Reward_sum: 349.70416259765625, Done: [False]
==========
t: 166, State: [[ 1.49639112e+00  9.05572789e-01  5.87994024e-01 -4.13197906e-01
  -5.54449386e-02 -8.22705634e-01  7.37349405e-03 -1.08013512e+00
  -8.21113607e-01  2.45770525e+00 -2.68693389e+00  2.50064847e+00
  -1.15683174e+00  1.63403569e+00  2.04769796e-02  1.69860594e+00
  -5.76276905e+00  1.62822735e-03]], Action: [[ 0.49345168  0.41403598 -1.         -0.5351395  -0.21898784 -1.        ]], Reward: [3.4754915],Reward_sum: 353.17962646484375, Done: [False]
==========
t: 167, State: [[ 1.51543448  0.88389377  0.60396433 -0.42630085 -0.04375349 -0.82236948
   0.01634994 -1.12759396 -0.8210334   2.31660638 -2.73210388  1.58303385
  -2.02202013  1.27744256  0.0682041   0.65056682 -6.1035952   0.01465336]], Action: [[ 0.39896625  0.11705219 -1.         -0.31070167 -0.69154066 -1.        ]], Reward: [3.3776717],Reward_sum: 356.55731201171875, Done: [False]
==========
t: 168, State: [[ 1.53355163  0.86179566  0.61448701 -0.44460617 -0.03425237 -0.82174315
   0.01926113 -1.17823464 -0.82090074  2.20390447 -2.79772081  1.08563619
  -2.48362279  1.10470385  0.0673197   0.13832702 -6.59459492  0.01821944]], Action: [[ 0.42548254  0.17131045 -1.         -0.22829194 -0.7287508  -1.        ]], Reward: [3.2618513],Reward_sum: 359.81915283203125, Done: [False]
==========
t: 169, State: [[ 1.55099273  0.83909192  0.62249285 -0.46542868 -0.02554901 -0.8211548
   0.01926921 -1.23214713 -0.82078118  2.16097271 -2.87868159  0.94808697
  -2.68928201  1.06955187  0.07962487 -0.10578881 -6.87620794  0.01154047]], Action: [[ 0.46978584  0.23539802 -1.         -0.19551982 -0.6680555  -1.        ]], Reward: [3.1773765],Reward_sum: 362.9965515136719, Done: [False]
==========
t: 170, State: [[ 1.56811395e+00  8.15683583e-01  6.30072572e-01 -4.87183043e-01
  -1.68316359e-02 -8.20606271e-01  1.79691485e-02 -1.28825700e+00
  -8.20709350e-01  2.12566240e+00 -2.97297216e+00  9.70550068e-01
  -2.73033385e+00  1.09899476e+00  6.45620579e-02 -2.04518368e-01
  -7.13362373e+00  6.11541622e-03]], Action: [[ 0.4816819   0.25626948 -1.         -0.19258834 -0.6554002  -1.        ]], Reward: [3.1373873],Reward_sum: 366.1339416503906, Done: [False]
==========
t: 171, State: [[ 1.58498432e+00  7.91487812e-01  6.38273122e-01 -5.08856375e-01
  -7.73346661e-03 -8.20194782e-01  1.62107143e-02 -1.34629455e+00
  -8.20675495e-01  2.10116438e+00 -3.07463359e+00  1.10028111e+00
  -2.67902352e+00  1.15839158e+00  4.89214001e-02 -2.29382181e-01
  -7.34812783e+00  1.89356177e-03]], Action: [[ 0.4867306   0.27093336 -1.         -0.18897535 -0.65381783 -1.        ]], Reward: [3.106023],Reward_sum: 369.239990234375, Done: [False]
==========
t: 172, State: [[ 1.60167957e+00  7.66475206e-01  6.47769950e-01 -5.29821435e-01
   1.75746585e-03 -8.19880302e-01  1.44090657e-02 -1.40595376e+00
  -8.20668326e-01  2.07362070e+00 -3.16934186e+00  1.28031770e+00
  -2.46156770e+00  1.05489654e+00  4.91116661e-02 -2.15504559e-01
  -7.54954546e+00 -6.42654701e-04]], Action: [[ 0.48179817  0.27565256 -1.         -0.19039603 -0.66825527 -1.        ]], Reward: [3.084115],Reward_sum: 372.3240966796875, Done: [False]
==========
t: 173, State: [[ 1.61816061e+00  7.40886579e-01  6.58760877e-01 -5.47224788e-01
   7.44274787e-03 -8.19337133e-01  1.27792345e-02 -1.46698466e+00
  -8.20683294e-01  2.03419052e+00 -3.23518411e+00  1.46724927e+00
  -1.89951135e+00  4.26659280e-01  5.27535865e-02 -1.87711149e-01
  -7.73795429e+00 -1.68441096e-03]], Action: [[ 0.47049317  0.29060993 -1.         -0.20635651 -0.6843285  -1.        ]], Reward: [3.0573132],Reward_sum: 375.38140869140625, Done: [False]
==========
t: 174, State: [[ 1.63446555e+00  7.14713090e-01  6.71524820e-01 -5.60794087e-01
   9.46465897e-03 -8.18765407e-01  1.12413839e-02 -1.52901412e+00
  -8.20712643e-01  2.04153774e+00 -3.31072550e+00  1.73385321e+00
  -1.49652072e+00  1.12585597e-01  7.89512627e-02 -1.91838211e-01
  -7.76937113e+00 -4.98048103e-03]], Action: [[ 0.46574968  0.35481623 -1.         -0.26545322 -0.6658397  -1.        ]], Reward: [3.0352619],Reward_sum: 378.4166259765625, Done: [False]
==========
t: 175, State: [[ 1.65066709e+00  6.87866002e-01  6.86395205e-01 -5.71264581e-01
   9.67918282e-03 -8.18335504e-01  9.67430733e-03 -1.59169078e+00
  -8.20746878e-01  2.02342761e+00 -3.40035285e+00  2.00578083e+00
  -1.13723091e+00 -3.97229067e-02  4.95800037e-02 -1.99260939e-01
  -7.86177036e+00 -4.63357270e-03]], Action: [[ 0.44635567  0.37479398 -1.         -0.33250856 -0.6858756  -1.        ]], Reward: [3.0222716],Reward_sum: 381.43890380859375, Done: [False]
==========
t: 176, State: [[ 1.66678248e+00  6.60286042e-01  7.03655547e-01 -5.78968488e-01
   9.07639539e-03 -8.18073405e-01  8.04593251e-03 -1.65490113e+00
  -8.20780938e-01  2.00841727e+00 -3.49588982e+00  2.32321105e+00
  -7.86102196e-01 -1.02111307e-01  2.04286769e-02 -2.03956198e-01
  -7.93048764e+00 -4.20343780e-03]], Action: [[ 0.43485427  0.391888   -1.         -0.38426793 -0.6948641  -1.        ]], Reward: [3.01145],Reward_sum: 384.45037841796875, Done: [False]
==========
t: 177, State: [[ 1.68270514e+00  6.31967907e-01  7.22604138e-01 -5.85003680e-01
   8.18668806e-03 -8.18001279e-01  5.00856825e-03 -1.71828637e+00
  -8.20803684e-01  1.97067766e+00 -3.58456738e+00  2.41928260e+00
  -7.16395738e-01 -1.16518107e-01 -3.84493374e-03 -5.58852992e-01
  -7.91260363e+00 -1.77709680e-03]], Action: [[ 0.41739258  0.39538315 -1.         -0.4338042  -0.71390265 -1.        ]], Reward: [2.9873042],Reward_sum: 387.4376525878906, Done: [False]
==========
t: 178, State: [[ 1.69818195e+00  6.02986141e-01  7.41550359e-01 -5.91304718e-01
   7.25679684e-03 -8.18115626e-01 -1.91338931e-03 -1.78159104e+00
  -8.20798350e-01  1.90077056e+00 -3.66051417e+00  2.30949070e+00
  -8.79331380e-01 -1.14135912e-01 -2.00814112e-02 -1.20125626e+00
  -7.89180480e+00  2.26881488e-03]], Action: [[ 0.38403782  0.36636254 -1.         -0.45446783 -0.7802543  -1.        ]], Reward: [2.9315047],Reward_sum: 390.3691711425781, Done: [False]
==========
t: 179, State: [[ 1.71298271e+00  5.73455290e-01  7.59092492e-01 -5.99435456e-01
   6.36537190e-03 -8.18335773e-01 -1.46985835e-02 -1.84486875e+00
  -8.20760624e-01  1.80250732e+00 -3.72129270e+00  2.06723385e+00
  -1.17563395e+00 -1.07285159e-01 -3.02402900e-02 -2.02909286e+00
  -7.90152184e+00  6.11955141e-03]], Action: [[ 0.34433463  0.32274124 -1.         -0.45890343 -0.8619018  -1.        ]], Reward: [2.846919],Reward_sum: 393.2160949707031, Done: [False]
==========
t: 180, State: [[ 1.72685788e+00  5.43521640e-01  7.73888383e-01 -6.10744621e-01
   5.54407726e-03 -8.18629478e-01 -3.52773821e-02 -1.90821241e+00
  -8.20694398e-01  1.67162465e+00 -3.76098991e+00  1.61437962e+00
  -1.69331437e+00 -9.77701917e-02 -3.52998187e-02 -3.16749639e+00
  -7.89639939e+00  9.21237983e-03]], Action: [[ 0.29788372  0.2790687  -1.         -0.4728191  -0.9394503  -1.        ]], Reward: [2.7311227],Reward_sum: 395.94720458984375, Done: [False]
==========
t: 181, State: [[ 1.73952696e+00  5.13396288e-01  7.83390501e-01 -6.28112550e-01
   4.81982826e-03 -8.18922595e-01 -6.74397513e-02 -1.97100837e+00
  -8.20607757e-01  1.49282100e+00 -3.77003376e+00  7.81576092e-01
  -2.61089003e+00 -8.30758990e-02 -4.33066215e-02 -4.86290310e+00
  -7.80082012e+00  1.12811292e-02]], Action: [[ 0.23276773  0.23173583 -1.         -0.50497425 -1.         -1.        ]], Reward: [2.5802717],Reward_sum: 398.5274658203125, Done: [False]
==========
t: 182, State: [[ 1.75083625e+00  4.83200272e-01  7.86988575e-01 -6.52017162e-01
   4.16581115e-03 -8.19248424e-01 -1.12551912e-01 -2.03286760e+00
  -8.20540798e-01  1.33175384e+00 -3.77835514e+00  1.39424278e-01
  -3.32456632e+00 -7.85190824e-02 -4.36978694e-02 -6.40277279e+00
  -7.66261348e+00  5.33254714e-03]], Action: [[ 0.1926138   0.18895814 -1.         -0.4347937  -1.         -1.        ]], Reward: [2.4104004],Reward_sum: 400.9378662109375, Done: [False]
==========
t: 183, State: [[ 1.76094368e+00  4.52928515e-01  7.86723159e-01 -6.80172634e-01
   3.57947919e-03 -8.19590926e-01 -1.68562955e-01 -2.09371764e+00
  -8.20542000e-01  1.19397369e+00 -3.78843590e+00 -1.90369128e-01
  -3.68479517e+00 -6.72536133e-02 -4.48468700e-02 -7.59668843e+00
  -7.54374505e+00 -5.03183189e-03]], Action: [[ 0.14177102  0.19224742 -1.         -0.3337769  -1.         -1.        ]], Reward: [2.2602603],Reward_sum: 403.19818115234375, Done: [False]
==========
t: 184, State: [[ 1.77154906e+00  4.24653689e-01  7.88029019e-01 -7.00629450e-01
  -3.78369386e-03 -8.20269498e-01 -2.26995645e-01 -2.15289273e+00
  -8.20543214e-01  1.51235459e+00 -3.20819759e+00  5.86537962e-01
  -1.19747812e+00 -1.85104606e+00 -1.16695819e-01 -6.87486826e+00
  -7.21287515e+00  9.73471582e-03]], Action: [[ 0.15979528  0.2337097  -1.         -0.28363562 -1.         -1.        ]], Reward: [2.3225107],Reward_sum: 405.52069091796875, Done: [False]
==========
t: 185, State: [[ 1.78373073  0.40047088  0.7876495  -0.71439653 -0.01876093 -0.82159529
  -0.29211017 -2.20706372 -0.82035939  1.48005156 -2.90821843 -0.75088913
  -2.49112888 -1.75425545 -0.20040912 -9.56217684 -6.35656571  0.02868524]], Action: [[ 0.14403349  0.35895398 -1.         -0.5863153  -1.         -1.        ]], Reward: [2.5192153],Reward_sum: 408.0399169921875, Done: [False]
==========
t: 186, State: [[ 1.79532171e+00  3.76994376e-01  7.83051591e-01 -7.33917902e-01
  -3.05028148e-02 -8.23184910e-01 -3.71154709e-01 -2.25714053e+00
  -8.20233914e-01  1.40233323e+00 -2.97190722e+00 -3.78798014e-01
  -2.30410017e+00 -1.45311972e+00 -2.23875782e-01 -1.00000000e+01
  -6.18356712e+00  2.91327737e-03]], Action: [[ 0.3705382   0.45971742 -1.         -0.41613793 -1.         -1.        ]], Reward: [2.4453511],Reward_sum: 410.4852600097656, Done: [False]
==========
t: 187, State: [[  1.80619165   0.35292909   0.78124475  -0.75230881  -0.03975057
   -0.82477504  -0.45594125  -2.30546963  -0.82028728   1.31466176
   -3.04325514  -0.06307422  -2.26105002  -0.92368817  -0.17744707
  -10.          -5.88473943  -0.01494674]], Action: [[ 0.36368048  0.44511834 -1.         -0.4206311  -1.         -1.        ]], Reward: [2.355235],Reward_sum: 412.8404846191406, Done: [False]
==========
t: 188, State: [[  1.81643733   0.32835711   0.78291536  -0.76830947  -0.04692628
   -0.82607408  -0.54629344  -2.35139771  -0.82046527   1.24824271
   -3.0987667    0.48083641  -1.7491586   -0.83188631  -0.14136385
  -10.          -5.57593593  -0.0284417 ]], Action: [[ 0.35607332  0.40507728 -1.         -0.38114148 -1.         -1.        ]], Reward: [2.2772734],Reward_sum: 415.1177673339844, Done: [False]
==========
t: 189, State: [[  1.82602988   0.30339844   0.78788065  -0.78146789  -0.05328365
   -0.82710365  -0.64309645  -2.3940689   -0.82072236   1.15117875
   -3.1400618    0.76215999  -1.55454655  -0.69904358  -0.11029099
  -10.          -5.06795849  -0.03540285]], Action: [[ 0.32266927  0.38634554 -1.         -0.40946996 -1.         -1.        ]], Reward: [2.195648],Reward_sum: 417.31341552734375, Done: [False]
==========
t: 190, State: [[  1.83486162   0.27816861   0.79528471  -0.79260559  -0.05877827
   -0.82784513  -0.74804641  -2.43229319  -0.82102816   1.05755065
   -3.16589472   1.09506661  -1.22966976  -0.6417728   -0.07201918
  -10.          -4.46863679  -0.04061944]], Action: [[ 0.31049368  0.35813302 -1.         -0.39921355 -1.         -1.        ]], Reward: [2.1005838],Reward_sum: 419.41400146484375, Done: [False]
==========
t: 191, State: [[  1.84290582   0.25281879   0.80523284  -0.80093723  -0.06428559
   -0.828303    -0.86118716  -2.46529528  -0.8213658    0.95451107
   -3.1689542    1.4022235   -0.8456862   -0.70380513  -0.03836421
  -10.          -3.76593512  -0.04343593]], Action: [[ 0.28887147  0.3250099  -1.         -0.40100765 -1.         -1.        ]], Reward: [2.0021749],Reward_sum: 421.4161376953125, Done: [False]
==========
t: 192, State: [[  1.85005564   0.22757019   0.81734132  -0.80613473  -0.07081378
   -0.82852129  -0.98291935  -2.49224632  -0.82171544   0.83326541
   -3.13908885   1.64511097  -0.41468264  -0.9536069   -0.01798331
  -10.          -2.96242189  -0.04371553]], Action: [[ 0.25903332  0.28805634 -1.         -0.41065562 -1.         -1.        ]], Reward: [1.8904091],Reward_sum: 423.3065490722656, Done: [False]
==========
t: 193, State: [[  1.85616405   0.2027497    0.83081423  -0.80834844  -0.07895511
   -0.82847354  -1.11378933  -2.51233115  -0.8220562    0.69333308
   -3.06008402   1.75569297  -0.05526826  -1.19793705   0.01424888
  -10.          -2.05660528  -0.04130065]], Action: [[ 0.21831045  0.24791068 -1.         -0.42857772 -1.         -1.        ]], Reward: [1.7602577],Reward_sum: 425.0668029785156, Done: [False]
==========
t: 194, State: [[  1.86132673   0.17907543   0.84610751  -0.80498069  -0.09140276
   -0.82812854  -1.25174835  -2.52610175  -0.82238593   0.71876602
   -2.5980495    2.83959708   2.45563408  -2.67983727   0.08488363
  -10.          -2.28630154  -0.05092088]], Action: [[ 0.18257621  0.19163299 -1.         -0.41869956 -1.         -1.        ]], Reward: [1.6420901],Reward_sum: 426.7088928222656, Done: [False]
==========
t: 195, State: [[  1.86822591   0.16397652   0.87840316  -0.76210355  -0.12487067
   -0.82730461  -1.36639918  -2.55652184  -0.82291487   0.95535604
   -1.30324518   4.84757014   7.4915906   -5.26383814   0.10201111
  -10.          -4.86036148  -0.07594377]], Action: [[-0.03650163  0.24759    -1.         -0.51244736 -1.         -1.        ]], Reward: [1.8590727],Reward_sum: 428.5679626464844, Done: [False]
==========
t: 196, State: [[  1.87482307   0.15826464   0.90881456  -0.70706816  -0.16766718
   -0.82733492  -1.48613768  -2.59782346  -0.82351207   0.67396199
   -0.18614611   2.54056639   5.84270774  -5.24977231  -0.09069452
  -10.          -5.19684746  -0.07308925]], Action: [[-0.46772084  0.33440986 -1.         -0.8210459  -1.         -1.        ]], Reward: [1.8206395],Reward_sum: 430.38861083984375, Done: [False]
==========
t: 197, State: [[  1.87993362   0.15880247   0.92586897  -0.66537712  -0.20387103
   -0.82844678  -1.63252606  -2.63488858  -0.82433363   0.59311579
    0.28560074   1.61967984   4.07467375  -3.30312176  -0.22933903
  -10.          -3.53650868  -0.16284496]], Action: [[-0.11365446  0.4857572  -1.         -0.48234928 -1.         -1.        ]], Reward: [1.6353372],Reward_sum: 432.0239562988281, Done: [False]
==========
t: 198, State: [[  1.88496173   0.16133407   0.94374865  -0.63091759  -0.22318942
   -0.83003834  -1.79381053  -2.65432058  -0.82576877   0.64677936
    0.3405032    2.86650952   4.73978305  -1.87316369  -0.16133836
  -10.          -1.43412051  -0.16461264]], Action: [[ 0.1448168   0.40701047 -1.         -0.12045385 -1.         -1.        ]], Reward: [1.6253129],Reward_sum: 433.6492614746094, Done: [False]
==========
t: 199, State: [[  1.889553     0.1653423    0.96434661  -0.59556028  -0.23661836
   -0.83092458  -1.96559126  -2.65942499  -0.82668098   0.52646831
    0.68406121   2.30087683   4.20635028  -1.52059116  -0.04392481
  -10.           0.08818034  -0.06846119]], Action: [[-0.15838954  0.19525966 -1.         -0.31889743 -1.         -1.        ]], Reward: [1.5707445],Reward_sum: 435.2200012207031, Done: [False]
==========
Walker2d - Steps: 200, Return: 435.2200012207031, State: [[  1.889553     0.1653423    0.96434661  -0.59556028  -0.23661836
   -0.83092458  -1.96559126  -2.65942499  -0.82668098   0.52646831
    0.68406121   2.30087683   4.20635028  -1.52059116  -0.04392481
  -10.           0.08818034  -0.06846119]]
rewards_demo [  1.2269704   2.435505    3.5720005   4.682744    5.761096    6.816375
   7.875525    8.9184475   9.942545   11.05882    12.25882    13.455558
  14.628363   15.883355   17.1891     18.514233   19.867928   21.182432
  22.476286   23.772821   25.069288   26.36448    27.657524   28.946682
  30.185354   31.381416   32.563057   33.742958   34.92756    36.12008
  37.322132   38.53452    39.75761    40.99151    42.236225   43.491787
  44.75827    46.035805   47.32455    48.624676   49.93635    51.259747
  52.595028   53.942364   55.301933   56.67392    58.05851    59.455906
  60.866314   62.28995    63.72704    65.17781    66.64252    68.1214
  69.61472    71.12274    72.64568    74.18377    75.737274   77.3065
  78.89178    80.493416   82.111755   83.74714    85.39991    87.07043
  88.75904    90.46611    92.19202    93.93713    95.70185    97.48655
  99.291565  101.11723   102.96397   104.82933   106.71787   108.62809
 110.5612    112.51665   114.49629   116.499954  118.527885  120.5808
 122.65865   124.761566  126.89004   129.04419   131.22456   133.43175
 135.66602   137.92903   140.2208    142.54164   144.8906    147.26746
 149.66414   152.07431   154.50475   156.96114   159.4451    161.95746
 164.49937   167.06978   169.67126   172.30536   174.96867   177.70377
 180.44847   183.20644   186.03058   188.8854    191.78471   194.6892
 197.6262    200.58357   203.4693    206.4054    209.36702   212.29114
 215.19429   218.06126   220.90225   223.75293   226.6745    229.63824
 232.58736   235.49248   238.40282   241.25113   244.11586   246.9791
 249.8059    252.68927   255.55635   258.4109    261.27298   264.16608
 267.07834   269.9711    272.85837   275.73755   278.605     281.46542
 284.31903   287.16354   290.001     292.8338    295.63998   298.4475
 301.33383   304.37366   307.47165   310.56357   313.67075   316.78427
 319.90512   323.03397   326.1711    329.33395   332.5326    335.83237
 339.2581    342.73367   346.22113   349.70422   353.17972   356.5574
 359.81924   362.9966    366.134     369.24002   372.32413   375.38144
 378.4167    381.43896   384.4504    387.4377    390.36923   393.21616
 395.94727   398.52753   400.93793   403.19818   405.5207    408.03992
 410.48526   412.84048   415.11777   417.31342   419.414     421.41617
 423.30658   425.06683   426.70892   428.568     430.38864   432.024
 433.6493    435.22003  ]

Iteration 1 Trajectory Generation:
  Execution time (LAX scan): 302.1676 seconds
  Total reward: -18.1680
  Total steps: 100
  Average reward per step: -0.1817

  First 3 states (first 6 dims):
    Step 0: [ 0.00182352  1.24553821 -0.0027964  -0.00315628 -0.00324094  0.00312095]
    Step 1: [-0.00124654  1.24570475 -0.04438493 -0.06098802  0.0181912  -0.0466771 ]
    Step 2: [-0.01235289  1.24476027 -0.15878497 -0.19546658  0.03200238 -0.18515362]

  Last 3 states (first 6 dims):
    Step 97: [-0.48043198  0.49262169 -3.89786572 -2.3709343   0.06202559 -0.78484691]
    Step 98: [-0.47361505  0.47844741 -3.9532688  -2.42723233  0.1202876  -0.68126723]
    Step 99: [-0.46414447  0.46775048 -4.04560611 -2.49616056  0.13692695 -0.61710034]

  Validity checks:
    NaN values: No
    Inf values: No
