2025-12-01 12:08:57.809224: E external/local_xla/xla/stream_executor/cuda/cuda_fft.cc:477] Unable to register cuFFT factory: Attempting to register factory for plugin cuFFT when one has already been registered
WARNING: All log messages before absl::InitializeLog() is called are written to STDERR
E0000 00:00:1764608938.041925   36460 cuda_dnn.cc:8310] Unable to register cuDNN factory: Attempting to register factory for plugin cuDNN when one has already been registered
E0000 00:00:1764608938.107051   36460 cuda_blas.cc:1418] Unable to register cuBLAS factory: Attempting to register factory for plugin cuBLAS when one has already been registered
Traceback (most recent call last):
  File "/ocean/projects/cis250114p/pghanem/IRL_Radar_big/main.py", line 328, in <module>
    states_d,actions_d,rewards_demo,env = demo_generator.generate_demo(args.seed)
  File "/ocean/projects/cis250114p/pghanem/IRL_Radar_big/utils/helpers.py", line 190, in generate_demo
    states,actions,rewards,env = self.generate_gymnasium_demo(self.env_name,max_frames=self.max_frames,seed=seed)
  File "/ocean/projects/cis250114p/pghanem/IRL_Radar_big/utils/helpers.py", line 236, in generate_gymnasium_demo
    gym.make(actual_env_name, exclude_current_positions_from_observation=True),
  File "/jet/home/pghanem/.conda/envs/rirl/lib/python3.10/site-packages/gymnasium/envs/registration.py", line 802, in make
    env = env_creator(**env_spec_kwargs)
  File "/jet/home/pghanem/.conda/envs/rirl/lib/python3.10/site-packages/gymnasium/envs/mujoco/swimmer_v4.py", line 170, in __init__
    MujocoEnv.__init__(
  File "/jet/home/pghanem/.conda/envs/rirl/lib/python3.10/site-packages/gymnasium/envs/mujoco/mujoco_env.py", line 360, in __init__
    super().__init__(
  File "/jet/home/pghanem/.conda/envs/rirl/lib/python3.10/site-packages/gymnasium/envs/mujoco/mujoco_env.py", line 72, in __init__
    self.model, self.data = self._initialize_simulation()
  File "/jet/home/pghanem/.conda/envs/rirl/lib/python3.10/site-packages/gymnasium/envs/mujoco/mujoco_env.py", line 380, in _initialize_simulation
    model = mujoco.MjModel.from_xml_path(self.fullpath)
ValueError: XML Error: Schema violation: unrecognized attribute: 'collision'
Element 'option', line 3

